1784035314.7900021 [INFO] [launch]: All log files can be found below /home/gsing/2026Gsing/2026_Gsing-second_ROS/logs/ros/2026-07-14-21-21-54-784570-gsing-6991
1784035314.7906303 [INFO] [launch]: Default logging verbosity is set to INFO
1784035315.3663335 [INFO] [static_transform_publisher-1]: process started with pid [7119]
1784035315.3669682 [INFO] [static_transform_publisher-2]: process started with pid [7120]
1784035315.3675160 [INFO] [static_transform_publisher-3]: process started with pid [7121]
1784035315.3679831 [INFO] [static_transform_publisher-4]: process started with pid [7122]
1784035315.3747065 [INFO] [map_server-5]: process started with pid [7123]
1784035315.3785052 [INFO] [rviz2-6]: process started with pid [7124]
1784035320.6277516 [INFO] [controller_server-7]: process started with pid [7300]
1784035320.6459670 [INFO] [planner_server-8]: process started with pid [7301]
1784035320.6467481 [INFO] [behavior_server-9]: process started with pid [7302]
1784035320.6472301 [INFO] [bt_navigator-10]: process started with pid [7303]
1784035320.6476967 [INFO] [waypoint_follower-11]: process started with pid [7304]
1784035320.6481063 [INFO] [lifecycle_manager-12]: process started with pid [7305]
1784035320.6728175 [INFO] [goal_pose_to_nav2-13]: process started with pid [7306]
1784035320.6733155 [INFO] [costmap_to_grid-14]: process started with pid [7307]
1784035368.6515486 [INFO] [controller_server-7]: process has finished cleanly [pid 7300]
1784035369.2327030 [INFO] [planner_server-8]: process has finished cleanly [pid 7301]
1784035369.3040519 [INFO] [rviz2-6]: process has finished cleanly [pid 7124]
1784035369.8540070 [INFO] [bt_navigator-10]: process has finished cleanly [pid 7303]
