1784101018.4258754 [INFO] [launch]: All log files can be found below /home/gsing/2026_Gsing-second_ROS/logs/ros/2026-07-15-15-36-58-424266-gsing-KPADLU4-12849
1784101018.4261706 [INFO] [launch]: Default logging verbosity is set to INFO
1784101018.5432439 [INFO] [fastlio_mapping-1]: process started with pid [12939]
1784101018.5438731 [INFO] [env-2]: process started with pid [12941]
1784101018.5442102 [INFO] [env-3]: process started with pid [12943]
1784101018.5445054 [INFO] [pcd_to_pointcloud-4]: process started with pid [12945]
1784101020.0046985 [ERROR] [pcd_to_pointcloud-4]: process has died [pid 12945, exit code -6, cmd '/opt/ros/humble/lib/pcl_ros/pcd_to_pointcloud --ros-args -r __node:=map_publisher --params-file /tmp/launch_params_hrify8g8 -r cloud_pcd:=/cloud_pcd'].
1784101020.1127241 [ERROR] [env-2]: process has died [pid 12941, exit code 1, cmd 'env PATH=/usr/bin:/bin:/usr/sbin:/sbin /home/gsing/2026_Gsing-second_ROS/fastlio2_v2/install/fast_lio_localization/lib/fast_lio_localization/global_localization --ros-args -r __node:=global_localization -p map_voxel_size:=0.01
...
 -p scan_voxel_size:=0.02
...
 -p freq_localization:=2.0
...
 -p freq_global_map:=0.25
...
 -p localization_threshold:=0.85
...
 -p fov:=6.28319
...
 -p fov_far:=300
...
 --params-file /tmp/launch_params_v8f6i_5u --params-file /tmp/launch_params_rkgtd1hg'].
