[INFO] [1784033219.741532117] [behavior_server]: 
	behavior_server lifecycle node launched. 
	Waiting on external lifecycle transitions to activate
	See https://design.ros2.org/articles/node_lifecycle.html for more information.
[INFO] [1784033223.383806785] [behavior_server]: Configuring
[INFO] [1784033223.526521476] [behavior_server]: Creating behavior plugin spin of type nav2_behaviors::Spin
[INFO] [1784033223.547960733] [behavior_server]: Creating behavior plugin backup of type nav2_behaviors::BackUp
[INFO] [1784033223.557227423] [behavior_server]: Creating behavior plugin drive_on_heading of type nav2_behaviors::DriveOnHeading
[INFO] [1784033223.567240306] [behavior_server]: Creating behavior plugin wait of type nav2_behaviors::Wait
[INFO] [1784033223.680997384] [behavior_server]: Configuring spin
[INFO] [1784033223.829236181] [behavior_server]: Configuring backup
[INFO] [1784033223.942318375] [behavior_server]: Configuring drive_on_heading
[INFO] [1784033223.995708995] [behavior_server]: Configuring wait
[INFO] [1784033228.307260597] [behavior_server]: Activating
[INFO] [1784033228.307418985] [behavior_server]: Activating spin
[INFO] [1784033228.307478771] [behavior_server]: Activating backup
[INFO] [1784033228.307526710] [behavior_server]: Activating drive_on_heading
[INFO] [1784033228.307574985] [behavior_server]: Activating wait
[INFO] [1784033228.307639656] [behavior_server]: Creating bond (behavior_server) to lifecycle manager.
[INFO] [1784033260.781211301] [behavior_server]: Deactivating
[INFO] [1784033260.781315195] [behavior_server]: Destroying bond (behavior_server) to lifecycle manager.
