[INFO] [1784030635.737916210] [behavior_server]: 
	behavior_server lifecycle node launched. 
	Waiting on external lifecycle transitions to activate
	See https://design.ros2.org/articles/node_lifecycle.html for more information.
[INFO] [1784030640.358122172] [behavior_server]: Configuring
[INFO] [1784030640.442136233] [behavior_server]: Creating behavior plugin spin of type nav2_behaviors::Spin
[INFO] [1784030640.515043552] [behavior_server]: Creating behavior plugin backup of type nav2_behaviors::BackUp
[INFO] [1784030640.530382019] [behavior_server]: Creating behavior plugin drive_on_heading of type nav2_behaviors::DriveOnHeading
[INFO] [1784030640.540593547] [behavior_server]: Creating behavior plugin wait of type nav2_behaviors::Wait
[INFO] [1784030640.642936094] [behavior_server]: Configuring spin
[INFO] [1784030640.898731595] [behavior_server]: Configuring backup
[INFO] [1784030641.051553749] [behavior_server]: Configuring drive_on_heading
[INFO] [1784030641.176283522] [behavior_server]: Configuring wait
[INFO] [1784030645.971866994] [behavior_server]: Activating
[INFO] [1784030645.971965810] [behavior_server]: Activating spin
[INFO] [1784030645.972055349] [behavior_server]: Activating backup
[INFO] [1784030645.972105729] [behavior_server]: Activating drive_on_heading
[INFO] [1784030645.972155953] [behavior_server]: Activating wait
[INFO] [1784030645.972210401] [behavior_server]: Creating bond (behavior_server) to lifecycle manager.
[INFO] [1784030677.836130899] [behavior_server]: Deactivating
[INFO] [1784030677.836252083] [behavior_server]: Destroying bond (behavior_server) to lifecycle manager.
