[INFO] [1784035552.590273035] [bt_navigator]: 
	bt_navigator lifecycle node launched. 
	Waiting on external lifecycle transitions to activate
	See https://design.ros2.org/articles/node_lifecycle.html for more information.
[INFO] [1784035552.656436911] [bt_navigator]: Creating
[INFO] [1784035555.278842539] [bt_navigator]: Configuring
[INFO] [1784035555.369965462] [bt_navigator]: Creating navigator id navigate_to_pose of type nav2_bt_navigator::NavigateToPoseNavigator
[WARN] [1784035555.457761808] [bt_navigator]: Error_code parameters were not set. Using default values of: follow_path_error_code compute_path_error_code
Make sure these match your BT and there are not other sources of error codes youreported to your application
[INFO] [1784035556.387096720] [bt_navigator]: Creating navigator id navigate_through_poses of type nav2_bt_navigator::NavigateThroughPosesNavigator
[INFO] [1784035557.578131174] [bt_navigator]: Activating
[INFO] [1784035558.740524129] [bt_navigator]: Creating bond (bt_navigator) to lifecycle manager.
[INFO] [1784035571.936997286] [bt_navigator]: Begin navigating from current location (0.36, -0.07) to (0.67, 0.11)
[INFO] [1784035571.966859309] [bt_navigator]: Received goal preemption request
[INFO] [1784035571.972006083] [bt_navigator]: Begin navigating from current location (0.36, -0.07) to (0.67, 0.11)
[WARN] [1784035576.109610120] [bt_navigator_navigate_to_pose_rclcpp_node]: Timed out while waiting for action server to acknowledge goal request for follow_path
[WARN] [1784035576.110513730] [bt_navigator]: [navigate_to_pose] [ActionServer] Aborting handle.
[ERROR] [1784035576.124007843] [bt_navigator]: Goal failed
[INFO] [1784035585.672817311] [bt_navigator]: Deactivating
[INFO] [1784035585.672943595] [bt_navigator]: Destroying bond (bt_navigator) to lifecycle manager.
[INFO] [1784035586.317286930] [rclcpp]: signal_handler(SIGINT/SIGTERM)
[INFO] [1784035586.317439375] [bt_navigator]: Running Nav2 LifecycleNode rcl preshutdown (bt_navigator)
[INFO] [1784035586.317650625] [bt_navigator]: Cleaning up
[INFO] [1784035586.823161531] [bt_navigator]: Completed Cleaning up
[INFO] [1784035586.823371580] [bt_navigator]: Destroying bond (bt_navigator) to lifecycle manager.
