[INFO] [1783985542.946990227] [bt_navigator]: 
	bt_navigator lifecycle node launched. 
	Waiting on external lifecycle transitions to activate
	See https://design.ros2.org/articles/node_lifecycle.html for more information.
[INFO] [1783985542.947818214] [bt_navigator]: Creating
[INFO] [1783985543.033535485] [bt_navigator]: Configuring
[INFO] [1783985543.036700938] [bt_navigator]: Creating navigator id navigate_to_pose of type nav2_bt_navigator::NavigateToPoseNavigator
[WARN] [1783985543.040511155] [bt_navigator]: Error_code parameters were not set. Using default values of: follow_path_error_code compute_path_error_code
Make sure these match your BT and there are not other sources of error codes youreported to your application
[INFO] [1783985543.076621525] [bt_navigator]: Creating navigator id navigate_through_poses of type nav2_bt_navigator::NavigateThroughPosesNavigator
[INFO] [1783985543.611204507] [bt_navigator]: Activating
[INFO] [1783985543.631370420] [bt_navigator]: Creating bond (bt_navigator) to lifecycle manager.
[INFO] [1783985550.756162429] [bt_navigator]: Begin navigating from current location (0.20, 0.12) to (0.49, 0.02)
[INFO] [1783985550.766533347] [bt_navigator]: Received goal preemption request
[INFO] [1783985550.766738137] [bt_navigator]: Begin navigating from current location (0.20, 0.12) to (0.49, 0.02)
[INFO] [1783985553.916568449] [bt_navigator]: Goal succeeded
[INFO] [1783985582.198291356] [bt_navigator]: Begin navigating from current location (0.36, 0.07) to (0.56, 0.01)
[INFO] [1783985582.208661701] [bt_navigator]: Received goal preemption request
[INFO] [1783985582.208834009] [bt_navigator]: Begin navigating from current location (0.36, 0.07) to (0.56, 0.01)
[INFO] [1783985582.248623476] [bt_navigator]: Goal succeeded
