[INFO] [1784039171.681342891] [bt_navigator]: 
	bt_navigator lifecycle node launched. 
	Waiting on external lifecycle transitions to activate
	See https://design.ros2.org/articles/node_lifecycle.html for more information.
[INFO] [1784039171.836994345] [bt_navigator]: Creating
[INFO] [1784039175.066052137] [bt_navigator]: Configuring
[INFO] [1784039175.146927744] [bt_navigator]: Creating navigator id navigate_to_pose of type nav2_bt_navigator::NavigateToPoseNavigator
[WARN] [1784039175.223574397] [bt_navigator]: Error_code parameters were not set. Using default values of: follow_path_error_code compute_path_error_code
Make sure these match your BT and there are not other sources of error codes youreported to your application
[INFO] [1784039176.616443712] [bt_navigator]: Creating navigator id navigate_through_poses of type nav2_bt_navigator::NavigateThroughPosesNavigator
[INFO] [1784039178.071718340] [bt_navigator]: Activating
[INFO] [1784039178.890671428] [bt_navigator]: Creating bond (bt_navigator) to lifecycle manager.
[INFO] [1784039188.899441456] [bt_navigator]: Begin navigating from current location (0.26, -0.02) to (0.73, 0.14)
[WARN] [1784039188.945901052] [bt_navigator_navigate_to_pose_rclcpp_node]: Timed out while waiting for action server to acknowledge goal request for compute_path_to_pose
[WARN] [1784039188.964929805] [bt_navigator]: [navigate_to_pose] [ActionServer] Aborting handle.
[ERROR] [1784039188.971702898] [bt_navigator]: Goal failed
[INFO] [1784039188.972001819] [bt_navigator]: Begin navigating from current location (0.26, -0.02) to (0.73, 0.14)
[WARN] [1784039189.007657551] [bt_navigator_navigate_to_pose_rclcpp_node]: Timed out while waiting for action server to acknowledge goal request for compute_path_to_pose
[WARN] [1784039189.025150327] [bt_navigator]: [navigate_to_pose] [ActionServer] Aborting handle.
[ERROR] [1784039189.026282464] [bt_navigator]: Goal failed
[INFO] [1784039221.606506066] [bt_navigator]: Deactivating
[INFO] [1784039221.606627300] [bt_navigator]: Destroying bond (bt_navigator) to lifecycle manager.
[INFO] [1784039222.010411540] [rclcpp]: signal_handler(SIGINT/SIGTERM)
[INFO] [1784039222.010597387] [bt_navigator]: Running Nav2 LifecycleNode rcl preshutdown (bt_navigator)
[INFO] [1784039222.010756908] [bt_navigator]: Cleaning up
[INFO] [1784039222.675988568] [bt_navigator]: Completed Cleaning up
[INFO] [1784039222.676215558] [bt_navigator]: Destroying bond (bt_navigator) to lifecycle manager.
