[INFO] [1784044420.617523798] [bt_navigator]: 
	bt_navigator lifecycle node launched. 
	Waiting on external lifecycle transitions to activate
	See https://design.ros2.org/articles/node_lifecycle.html for more information.
[INFO] [1784044420.680765243] [bt_navigator]: Creating
[INFO] [1784044423.705308786] [bt_navigator]: Configuring
[INFO] [1784044423.892173309] [bt_navigator]: Creating navigator id navigate_to_pose of type nav2_bt_navigator::NavigateToPoseNavigator
[WARN] [1784044424.051479583] [bt_navigator]: Error_code parameters were not set. Using default values of: follow_path_error_code compute_path_error_code
Make sure these match your BT and there are not other sources of error codes youreported to your application
[INFO] [1784044425.663481633] [bt_navigator]: Creating navigator id navigate_through_poses of type nav2_bt_navigator::NavigateThroughPosesNavigator
[INFO] [1784044427.842793907] [bt_navigator]: Activating
[INFO] [1784044429.789272713] [bt_navigator]: Creating bond (bt_navigator) to lifecycle manager.
[INFO] [1784044452.564717970] [bt_navigator]: Begin navigating from current location (0.00, 0.00) to (0.86, 0.01)
[WARN] [1784044452.619273180] [bt_navigator_navigate_to_pose_rclcpp_node]: Timed out while waiting for action server to acknowledge goal request for follow_path
[WARN] [1784044452.620927321] [bt_navigator]: [navigate_to_pose] [ActionServer] Aborting handle.
[ERROR] [1784044452.621553970] [bt_navigator]: Goal failed
[INFO] [1784044452.631335958] [bt_navigator]: Begin navigating from current location (0.00, 0.00) to (0.86, 0.01)
[WARN] [1784044472.272291706] [bt_navigator_navigate_to_pose_rclcpp_node]: Timed out while waiting for action server to acknowledge goal request for compute_path_to_pose
[INFO] [1784044472.571979586] [bt_navigator]: Deactivating
[WARN] [1784044472.572068884] [bt_navigator]: [navigate_to_pose] [ActionServer] Requested to deactivate server but goal is still executing. Should check if action server is running before deactivating.
[WARN] [1784044472.609815755] [bt_navigator]: [navigate_to_pose] [ActionServer] Aborting handle.
[INFO] [1784044472.621095085] [bt_navigator]: Goal canceled
[WARN] [1784044472.621198976] [bt_navigator]: [navigate_to_pose] [ActionServer] Stopping the thread per request.
[INFO] [1784044472.630741330] [bt_navigator]: Destroying bond (bt_navigator) to lifecycle manager.
[INFO] [1784044473.596863386] [rclcpp]: signal_handler(SIGINT/SIGTERM)
[INFO] [1784044473.597066031] [bt_navigator]: Running Nav2 LifecycleNode rcl preshutdown (bt_navigator)
[INFO] [1784044473.597240845] [bt_navigator]: Cleaning up
[INFO] [1784044474.473416095] [bt_navigator]: Completed Cleaning up
[INFO] [1784044474.477503856] [bt_navigator]: Destroying bond (bt_navigator) to lifecycle manager.
