[INFO] [1784030368.917193276] [bt_navigator]: 
	bt_navigator lifecycle node launched. 
	Waiting on external lifecycle transitions to activate
	See https://design.ros2.org/articles/node_lifecycle.html for more information.
[INFO] [1784030369.010905963] [bt_navigator]: Creating
[INFO] [1784030373.812275460] [bt_navigator]: Configuring
[INFO] [1784030373.960767869] [bt_navigator]: Creating navigator id navigate_to_pose of type nav2_bt_navigator::NavigateToPoseNavigator
[WARN] [1784030374.144097295] [bt_navigator]: Error_code parameters were not set. Using default values of: follow_path_error_code compute_path_error_code
Make sure these match your BT and there are not other sources of error codes youreported to your application
[INFO] [1784030375.890421324] [bt_navigator]: Creating navigator id navigate_through_poses of type nav2_bt_navigator::NavigateThroughPosesNavigator
[INFO] [1784030377.918891938] [bt_navigator]: Activating
[INFO] [1784030379.324228861] [bt_navigator]: Creating bond (bt_navigator) to lifecycle manager.
[INFO] [1784030409.286900704] [bt_navigator]: Begin navigating from current location (0.00, 0.00) to (0.51, -0.11)
[INFO] [1784030409.302663203] [bt_navigator]: Received goal preemption request
[INFO] [1784030409.303459498] [bt_navigator]: Begin navigating from current location (0.00, 0.00) to (0.51, -0.11)
[WARN] [1784030419.652431524] [bt_navigator_navigate_to_pose_rclcpp_node]: Timed out while waiting for action server to acknowledge goal request for compute_path_to_pose
[ERROR] [1784030419.690142741] [bt_navigator_navigate_to_pose_rclcpp_node]: Failed to cancel action server for follow_path
[ERROR] [1784030419.716067399] [bt_navigator_navigate_to_pose_rclcpp_node]: Failed to get result for follow_path in node halt!
[WARN] [1784030419.716595390] [bt_navigator]: [navigate_to_pose] [ActionServer] Aborting handle.
[ERROR] [1784030419.729939256] [bt_navigator]: Goal failed
[INFO] [1784030422.044041560] [bt_navigator]: Deactivating
[INFO] [1784030422.044164309] [bt_navigator]: Destroying bond (bt_navigator) to lifecycle manager.
[INFO] [1784030422.660319737] [rclcpp]: signal_handler(SIGINT/SIGTERM)
[INFO] [1784030422.660549470] [bt_navigator]: Running Nav2 LifecycleNode rcl preshutdown (bt_navigator)
[INFO] [1784030422.660824355] [bt_navigator]: Cleaning up
[INFO] [1784030423.608897561] [bt_navigator]: Completed Cleaning up
[INFO] [1784030423.609301447] [bt_navigator]: Destroying bond (bt_navigator) to lifecycle manager.
