[INFO] [1784055280.181392653] [bt_navigator]: 
	bt_navigator lifecycle node launched. 
	Waiting on external lifecycle transitions to activate
	See https://design.ros2.org/articles/node_lifecycle.html for more information.
[INFO] [1784055280.221656496] [bt_navigator]: Creating
[INFO] [1784055283.159818897] [bt_navigator]: Configuring
[INFO] [1784055283.308700163] [bt_navigator]: Creating navigator id navigate_to_pose of type nav2_bt_navigator::NavigateToPoseNavigator
[WARN] [1784055283.417955455] [bt_navigator]: Error_code parameters were not set. Using default values of: follow_path_error_code compute_path_error_code
Make sure these match your BT and there are not other sources of error codes youreported to your application
[INFO] [1784055284.477102079] [bt_navigator]: Creating navigator id navigate_through_poses of type nav2_bt_navigator::NavigateThroughPosesNavigator
[INFO] [1784055285.525817381] [bt_navigator]: Activating
[INFO] [1784055286.473305347] [bt_navigator]: Creating bond (bt_navigator) to lifecycle manager.
[INFO] [1784055312.416619598] [bt_navigator]: Begin navigating from current location (0.27, -0.00) to (0.80, 0.22)
[WARN] [1784055342.628961650] [bt_navigator]: [navigate_to_pose] [ActionServer] Aborting handle.
[ERROR] [1784055342.634233388] [bt_navigator]: Goal failed
[INFO] [1784055343.067871156] [bt_navigator]: Deactivating
[INFO] [1784055343.068010094] [bt_navigator]: Destroying bond (bt_navigator) to lifecycle manager.
[INFO] [1784055343.568131977] [rclcpp]: signal_handler(SIGINT/SIGTERM)
[INFO] [1784055343.568303486] [bt_navigator]: Running Nav2 LifecycleNode rcl preshutdown (bt_navigator)
[INFO] [1784055343.568484152] [bt_navigator]: Cleaning up
[INFO] [1784055343.997134008] [bt_navigator]: Completed Cleaning up
[INFO] [1784055343.997326063] [bt_navigator]: Destroying bond (bt_navigator) to lifecycle manager.
