[INFO] [1784053972.489556952] [bt_navigator]: 
	bt_navigator lifecycle node launched. 
	Waiting on external lifecycle transitions to activate
	See https://design.ros2.org/articles/node_lifecycle.html for more information.
[INFO] [1784053972.524202118] [bt_navigator]: Creating
[INFO] [1784053974.817333624] [bt_navigator]: Configuring
[INFO] [1784053974.952516472] [bt_navigator]: Creating navigator id navigate_to_pose of type nav2_bt_navigator::NavigateToPoseNavigator
[WARN] [1784053975.164382090] [bt_navigator]: Error_code parameters were not set. Using default values of: follow_path_error_code compute_path_error_code
Make sure these match your BT and there are not other sources of error codes youreported to your application
[INFO] [1784053976.785477415] [bt_navigator]: Creating navigator id navigate_through_poses of type nav2_bt_navigator::NavigateThroughPosesNavigator
[INFO] [1784053978.084528242] [bt_navigator]: Activating
[INFO] [1784053979.019303810] [bt_navigator]: Creating bond (bt_navigator) to lifecycle manager.
[INFO] [1784053992.617448933] [bt_navigator]: Begin navigating from current location (0.33, 0.08) to (0.64, -0.07)
[INFO] [1784054010.136277007] [bt_navigator]: Goal succeeded
[INFO] [1784054042.551269632] [bt_navigator]: Deactivating
[INFO] [1784054042.552528336] [bt_navigator]: Destroying bond (bt_navigator) to lifecycle manager.
[INFO] [1784054043.162567311] [rclcpp]: signal_handler(SIGINT/SIGTERM)
[INFO] [1784054043.162715974] [bt_navigator]: Running Nav2 LifecycleNode rcl preshutdown (bt_navigator)
[INFO] [1784054043.162887703] [bt_navigator]: Cleaning up
[INFO] [1784054043.927638192] [bt_navigator]: Completed Cleaning up
[INFO] [1784054043.927944723] [bt_navigator]: Destroying bond (bt_navigator) to lifecycle manager.
