[INFO] [1784052105.307254133] [bt_navigator]: 
	bt_navigator lifecycle node launched. 
	Waiting on external lifecycle transitions to activate
	See https://design.ros2.org/articles/node_lifecycle.html for more information.
[INFO] [1784052105.316062283] [bt_navigator]: Creating
[INFO] [1784052109.495416425] [bt_navigator]: Configuring
[INFO] [1784052109.588885536] [bt_navigator]: Creating navigator id navigate_to_pose of type nav2_bt_navigator::NavigateToPoseNavigator
[WARN] [1784052109.681980040] [bt_navigator]: Error_code parameters were not set. Using default values of: follow_path_error_code compute_path_error_code
Make sure these match your BT and there are not other sources of error codes youreported to your application
[INFO] [1784052110.934583779] [bt_navigator]: Creating navigator id navigate_through_poses of type nav2_bt_navigator::NavigateThroughPosesNavigator
[INFO] [1784052112.427231896] [bt_navigator]: Activating
[INFO] [1784052113.384032727] [bt_navigator]: Creating bond (bt_navigator) to lifecycle manager.
[INFO] [1784052136.559870534] [bt_navigator]: Begin navigating from current location (0.32, 0.03) to (0.58, -0.03)
[INFO] [1784052136.597784074] [bt_navigator]: Received goal preemption request
[INFO] [1784052136.600039742] [bt_navigator]: Begin navigating from current location (0.32, 0.03) to (0.58, -0.03)
[WARN] [1784052136.622417120] [bt_navigator_navigate_to_pose_rclcpp_node]: Timed out while waiting for action server to acknowledge goal request for compute_path_to_pose
[WARN] [1784052136.639006180] [bt_navigator]: [navigate_to_pose] [ActionServer] Aborting handle.
[ERROR] [1784052136.640070636] [bt_navigator]: Goal failed
[INFO] [1784052160.744983250] [bt_navigator]: Deactivating
[INFO] [1784052160.753096206] [bt_navigator]: Destroying bond (bt_navigator) to lifecycle manager.
[INFO] [1784052160.830185447] [rclcpp]: signal_handler(SIGINT/SIGTERM)
[INFO] [1784052160.830340023] [bt_navigator]: Running Nav2 LifecycleNode rcl preshutdown (bt_navigator)
[INFO] [1784052160.830485921] [bt_navigator]: Destroying bond (bt_navigator) to lifecycle manager.
