[INFO] [1783984053.997530509] [controller_server]: 
	controller_server lifecycle node launched. 
	Waiting on external lifecycle transitions to activate
	See https://design.ros2.org/articles/node_lifecycle.html for more information.
[INFO] [1783984053.999372638] [controller_server]: Creating controller server
[INFO] [1783984054.001346506] [local_costmap.local_costmap]: 
	local_costmap lifecycle node launched. 
	Waiting on external lifecycle transitions to activate
	See https://design.ros2.org/articles/node_lifecycle.html for more information.
[INFO] [1783984054.001644269] [local_costmap.local_costmap]: Creating Costmap
[INFO] [1783984054.109500410] [controller_server]: Configuring controller interface
[INFO] [1783984054.109521496] [controller_server]: getting progress checker plugins..
[INFO] [1783984054.109812516] [controller_server]: getting goal checker plugins..
[INFO] [1783984054.110795548] [controller_server]: Controller frequency set to 20.0000Hz
[INFO] [1783984054.110841734] [local_costmap.local_costmap]: Configuring
[INFO] [1783984054.118638177] [local_costmap.local_costmap]: Using plugin "static_layer"
[INFO] [1783984054.122451851] [local_costmap.local_costmap]: Subscribing to the map topic (/map) with transient local durability
[INFO] [1783984054.126894229] [local_costmap.local_costmap]: Initialized plugin "static_layer"
[INFO] [1783984054.140073341] [controller_server]: Created progress_checker : progress_checker of type nav2_controller::SimpleProgressChecker
[INFO] [1783984054.142868469] [controller_server]: Controller Server has progress_checker  progress checkers available.
[INFO] [1783984054.144900175] [controller_server]: Created goal checker : goal_checker of type nav2_controller::SimpleGoalChecker
[INFO] [1783984054.146019061] [controller_server]: Controller Server has goal_checker  goal checkers available.
[INFO] [1783984054.146793982] [controller_server]: Created controller : FollowPath of type nav2_regulated_pure_pursuit_controller::RegulatedPurePursuitController
[INFO] [1783984054.153103160] [controller_server]: Controller Server has FollowPath  controllers available.
[INFO] [1783984054.259453822] [local_costmap.local_costmap]: StaticLayer: Resizing costmap to 104 X 70 at 0.050000 m/pix
[INFO] [1783984054.361134994] [controller_server]: Activating
[INFO] [1783984054.361169984] [local_costmap.local_costmap]: Activating
[INFO] [1783984054.361179054] [local_costmap.local_costmap]: Checking transform
[INFO] [1783984054.361305876] [local_costmap.local_costmap]: start
[INFO] [1783984054.411448549] [controller_server]: Activating controller: FollowPath of type regulated_pure_pursuit_controller::RegulatedPurePursuitController
[INFO] [1783984054.411491774] [controller_server]: Creating bond (controller_server) to lifecycle manager.
[INFO] [1783984059.021711429] [controller_server]: Received a goal, begin computing control effort.
[WARN] [1783984059.021752016] [controller_server]: No goal checker was specified in parameter 'current_goal_checker'. Server will use only plugin loaded goal_checker . This warning will appear once.
[WARN] [1783984059.021763819] [controller_server]: No progress checker was specified in parameter 'current_progress_checker'. Server will use only plugin loaded progress_checker . This warning will appear once.
[INFO] [1783984060.071853342] [controller_server]: Passing new path to controller.
[INFO] [1783984061.122275067] [controller_server]: Passing new path to controller.
[INFO] [1783984062.121930747] [controller_server]: Passing new path to controller.
[INFO] [1783984063.171852558] [controller_server]: Passing new path to controller.
[INFO] [1783984063.172050816] [controller_server]: Reached the goal!
