[INFO] [1784087116.025528132] [controller_server]: 
	controller_server lifecycle node launched. 
	Waiting on external lifecycle transitions to activate
	See https://design.ros2.org/articles/node_lifecycle.html for more information.
[INFO] [1784087116.169620077] [controller_server]: Creating controller server
[INFO] [1784087116.373683448] [local_costmap.local_costmap]: 
	local_costmap lifecycle node launched. 
	Waiting on external lifecycle transitions to activate
	See https://design.ros2.org/articles/node_lifecycle.html for more information.
[INFO] [1784087116.389769542] [local_costmap.local_costmap]: Creating Costmap
[INFO] [1784087116.424267865] [controller_server]: Configuring controller interface
[INFO] [1784087116.424389574] [controller_server]: getting progress checker plugins..
[INFO] [1784087116.424741861] [controller_server]: getting goal checker plugins..
[INFO] [1784087116.435748775] [controller_server]: Controller frequency set to 20.0000Hz
[INFO] [1784087116.435930804] [local_costmap.local_costmap]: Configuring
[INFO] [1784087116.477086622] [local_costmap.local_costmap]: Using plugin "static_layer"
[INFO] [1784087116.511559903] [local_costmap.local_costmap]: Subscribing to the map topic (/map) with transient local durability
[INFO] [1784087116.525139717] [local_costmap.local_costmap]: Initialized plugin "static_layer"
[INFO] [1784087116.765905657] [controller_server]: Created progress_checker : progress_checker of type nav2_controller::SimpleProgressChecker
[INFO] [1784087116.773527895] [controller_server]: Controller Server has progress_checker  progress checkers available.
[INFO] [1784087116.779137888] [controller_server]: Created goal checker : goal_checker of type nav2_controller::SimpleGoalChecker
[INFO] [1784087116.783954356] [controller_server]: Controller Server has goal_checker  goal checkers available.
[INFO] [1784087116.807819423] [controller_server]: Created controller : FollowPath of type nav2_regulated_pure_pursuit_controller::RegulatedPurePursuitController
[INFO] [1784087116.903580692] [controller_server]: Controller Server has FollowPath  controllers available.
[INFO] [1784087119.575719108] [local_costmap.local_costmap]: StaticLayer: Resizing static layer to 95 X 56 at 0.050000 m/pix
[INFO] [1784087119.710855722] [controller_server]: Activating
[INFO] [1784087119.710986479] [local_costmap.local_costmap]: Activating
[INFO] [1784087119.711031272] [local_costmap.local_costmap]: Checking transform
[INFO] [1784087119.711403550] [local_costmap.local_costmap]: start
[INFO] [1784087119.763514182] [controller_server]: Activating controller: FollowPath of type regulated_pure_pursuit_controller::RegulatedPurePursuitController
[INFO] [1784087119.763634835] [controller_server]: Creating bond (controller_server) to lifecycle manager.
[INFO] [1784087123.196127803] [controller_server]: Received a goal, begin computing control effort.
[WARN] [1784087123.196290538] [controller_server]: No goal checker was specified in parameter 'current_goal_checker'. Server will use only plugin loaded goal_checker . This warning will appear once.
[WARN] [1784087123.197962799] [controller_server]: No progress checker was specified in parameter 'current_progress_checker'. Server will use only plugin loaded progress_checker . This warning will appear once.
[INFO] [1784087124.248271094] [controller_server]: Passing new path to controller.
[INFO] [1784087125.298509435] [controller_server]: Passing new path to controller.
[INFO] [1784087125.553299917] [controller_server]: Reached the goal!
[INFO] [1784087177.137989086] [controller_server]: Received a goal, begin computing control effort.
[INFO] [1784087177.138662384] [controller_server]: Reached the goal!
