[INFO] [1784131205.048198670] [controller_server]: 
	controller_server lifecycle node launched. 
	Waiting on external lifecycle transitions to activate
	See https://design.ros2.org/articles/node_lifecycle.html for more information.
[INFO] [1784131205.053017928] [controller_server]: Creating controller server
[INFO] [1784131205.129211649] [local_costmap.local_costmap]: 
	local_costmap lifecycle node launched. 
	Waiting on external lifecycle transitions to activate
	See https://design.ros2.org/articles/node_lifecycle.html for more information.
[INFO] [1784131205.143835674] [local_costmap.local_costmap]: Creating Costmap
[INFO] [1784131205.394398734] [controller_server]: Configuring controller interface
[INFO] [1784131205.394670986] [controller_server]: getting goal checker plugins..
[INFO] [1784131205.394822079] [controller_server]: Controller frequency set to 20.0000Hz
[INFO] [1784131205.394868578] [local_costmap.local_costmap]: Configuring
[INFO] [1784131205.405116370] [local_costmap.local_costmap]: Using plugin "static_layer"
[INFO] [1784131205.425916151] [local_costmap.local_costmap]: Subscribing to the map topic (/map) with transient local durability
[INFO] [1784131205.430751160] [local_costmap.local_costmap]: Initialized plugin "static_layer"
[INFO] [1784131205.469580353] [controller_server]: Created progress_checker : progress_checker of type nav2_controller::SimpleProgressChecker
[INFO] [1784131205.477014135] [controller_server]: Created goal checker : goal_checker of type nav2_controller::SimpleGoalChecker
[INFO] [1784131205.480469930] [controller_server]: Controller Server has goal_checker  goal checkers available.
[INFO] [1784131205.484313973] [controller_server]: Created controller : FollowPath of type nav2_regulated_pure_pursuit_controller::RegulatedPurePursuitController
[INFO] [1784131205.511416058] [controller_server]: Controller Server has FollowPath  controllers available.
[INFO] [1784131206.106852773] [local_costmap.local_costmap]: StaticLayer: Resizing static layer to 125 X 89 at 0.050000 m/pix
[INFO] [1784131206.224945367] [controller_server]: Activating
[INFO] [1784131206.225000018] [local_costmap.local_costmap]: Activating
[INFO] [1784131206.225021001] [local_costmap.local_costmap]: Checking transform
[INFO] [1784131206.225145464] [local_costmap.local_costmap]: start
[INFO] [1784131206.375468623] [controller_server]: Activating controller: FollowPath of type regulated_pure_pursuit_controller::RegulatedPurePursuitController
[INFO] [1784131206.376573215] [controller_server]: Creating bond (controller_server) to lifecycle manager.
[INFO] [1784131208.441084048] [controller_server]: Received a goal, begin computing control effort.
[WARN] [1784131208.441185477] [controller_server]: No goal checker was specified in parameter 'current_goal_checker'. Server will use only plugin loaded goal_checker . This warning will appear once.
[INFO] [1784131209.492976096] [controller_server]: Passing new path to controller.
[INFO] [1784131210.491789135] [controller_server]: Passing new path to controller.
[INFO] [1784131211.542587193] [controller_server]: Passing new path to controller.
[INFO] [1784131212.541380235] [controller_server]: Passing new path to controller.
[INFO] [1784131212.944384807] [controller_server]: Reached the goal!
[INFO] [1784131224.346595722] [rclcpp]: signal_handler(SIGINT/SIGTERM)
[INFO] [1784131224.346668074] [controller_server]: Running Nav2 LifecycleNode rcl preshutdown (controller_server)
[INFO] [1784131224.346757467] [controller_server]: Deactivating
[INFO] [1784131224.346787026] [controller_server]: Deactivating controller: FollowPath of type regulated_pure_pursuit_controller::RegulatedPurePursuitController
[INFO] [1784131224.346824784] [local_costmap.local_costmap]: Deactivating
[INFO] [1784131224.436465831] [controller_server]: Destroying bond (controller_server) to lifecycle manager.
[INFO] [1784131224.452345363] [controller_server]: Cleaning up
[INFO] [1784131224.453174669] [controller_server]: Cleaning up controller: FollowPath of type regulated_pure_pursuit_controller::RegulatedPurePurs