[INFO] [1784028822.563328415] [controller_server]: 
	controller_server lifecycle node launched. 
	Waiting on external lifecycle transitions to activate
	See https://design.ros2.org/articles/node_lifecycle.html for more information.
[INFO] [1784028822.610712951] [controller_server]: Creating controller server
[INFO] [1784028823.000954687] [local_costmap.local_costmap]: 
	local_costmap lifecycle node launched. 
	Waiting on external lifecycle transitions to activate
	See https://design.ros2.org/articles/node_lifecycle.html for more information.
[INFO] [1784028823.008628273] [local_costmap.local_costmap]: Creating Costmap
[INFO] [1784028823.428381237] [controller_server]: Configuring controller interface
[INFO] [1784028823.428507002] [controller_server]: getting progress checker plugins..
[INFO] [1784028823.429287810] [controller_server]: getting goal checker plugins..
[INFO] [1784028823.438147843] [controller_server]: Controller frequency set to 20.0000Hz
[INFO] [1784028823.438514588] [local_costmap.local_costmap]: Configuring
[INFO] [1784028823.494096857] [local_costmap.local_costmap]: Using plugin "static_layer"
[INFO] [1784028823.540977991] [local_costmap.local_costmap]: Subscribing to the map topic (/map) with transient local durability
[INFO] [1784028823.552088982] [local_costmap.local_costmap]: Initialized plugin "static_layer"
[INFO] [1784028823.798493926] [controller_server]: Created progress_checker : progress_checker of type nav2_controller::SimpleProgressChecker
[INFO] [1784028823.806689602] [controller_server]: Controller Server has progress_checker  progress checkers available.
[INFO] [1784028823.811181379] [controller_server]: Created goal checker : goal_checker of type nav2_controller::SimpleGoalChecker
[INFO] [1784028823.819604080] [controller_server]: Controller Server has goal_checker  goal checkers available.
[INFO] [1784028823.830672841] [controller_server]: Created controller : FollowPath of type nav2_regulated_pure_pursuit_controller::RegulatedPurePursuitController
[INFO] [1784028823.931302960] [controller_server]: Controller Server has FollowPath  controllers available.
[INFO] [1784028826.613726717] [local_costmap.local_costmap]: StaticLayer: Resizing costmap to 57 X 42 at 0.050000 m/pix
[INFO] [1784028826.739133916] [controller_server]: Activating
[INFO] [1784028826.739298312] [local_costmap.local_costmap]: Activating
[INFO] [1784028826.739349957] [local_costmap.local_costmap]: Checking transform
[INFO] [1784028826.739748529] [local_costmap.local_costmap]: start
[INFO] [1784028826.791070907] [controller_server]: Activating controller: FollowPath of type regulated_pure_pursuit_controller::RegulatedPurePursuitController
[INFO] [1784028826.791198783] [controller_server]: Creating bond (controller_server) to lifecycle manager.
