[INFO] [1784033218.704296956] [controller_server]: 
	controller_server lifecycle node launched. 
	Waiting on external lifecycle transitions to activate
	See https://design.ros2.org/articles/node_lifecycle.html for more information.
[INFO] [1784033218.839679653] [controller_server]: Creating controller server
[INFO] [1784033219.288995342] [local_costmap.local_costmap]: 
	local_costmap lifecycle node launched. 
	Waiting on external lifecycle transitions to activate
	See https://design.ros2.org/articles/node_lifecycle.html for more information.
[INFO] [1784033219.365623499] [local_costmap.local_costmap]: Creating Costmap
[INFO] [1784033220.636676784] [controller_server]: Configuring controller interface
[INFO] [1784033220.636771775] [controller_server]: getting progress checker plugins..
[INFO] [1784033220.637517719] [controller_server]: getting goal checker plugins..
[INFO] [1784033220.638525855] [controller_server]: Controller frequency set to 20.0000Hz
[INFO] [1784033220.638716341] [local_costmap.local_costmap]: Configuring
[INFO] [1784033220.790654443] [local_costmap.local_costmap]: Using plugin "static_layer"
[INFO] [1784033220.991445708] [local_costmap.local_costmap]: Subscribing to the map topic (/map) with transient local durability
[INFO] [1784033221.019150732] [local_costmap.local_costmap]: Initialized plugin "static_layer"
[INFO] [1784033221.405132817] [controller_server]: Created progress_checker : progress_checker of type nav2_controller::SimpleProgressChecker
[INFO] [1784033221.426215812] [controller_server]: Controller Server has progress_checker  progress checkers available.
[INFO] [1784033221.432895537] [controller_server]: Created goal checker : goal_checker of type nav2_controller::SimpleGoalChecker
[INFO] [1784033221.448143125] [controller_server]: Controller Server has goal_checker  goal checkers available.
[INFO] [1784033221.468856875] [controller_server]: Created controller : FollowPath of type nav2_regulated_pure_pursuit_controller::RegulatedPurePursuitController
[INFO] [1784033221.696236829] [controller_server]: Controller Server has FollowPath  controllers available.
[INFO] [1784033227.333745953] [local_costmap.local_costmap]: StaticLayer: Resizing costmap to 57 X 42 at 0.050000 m/pix
[INFO] [1784033227.477784291] [controller_server]: Activating
[INFO] [1784033227.477948754] [local_costmap.local_costmap]: Activating
[INFO] [1784033227.478001110] [local_costmap.local_costmap]: Checking transform
[INFO] [1784033227.479706729] [local_costmap.local_costmap]: start
[INFO] [1784033227.631626152] [controller_server]: Activating controller: FollowPath of type regulated_pure_pursuit_controller::RegulatedPurePursuitController
[INFO] [1784033227.631830415] [controller_server]: Creating bond (controller_server) to lifecycle manager.
[INFO] [1784033260.365363742] [rclcpp]: signal_handler(SIGINT/SIGTERM)
[INFO] [1784033260.365834154] [controller_server]: Running Nav2 LifecycleNode rcl preshutdown (controller_server)
[INFO] [1784033260.366046106] [controller_server]: Deactivating
[INFO] [1784033260.366125970] [controller_server]: Deactivating controller: FollowPath of type regulated_pure_pursuit_controller::RegulatedPurePursuitController
[INFO] [1784033260.366208331] [local_costmap.local_costmap]: Deactivating
[INFO] [1784033260.382265871] [controller_server]: Destroying bond (controller_server) to lifecycle manager.
[INFO] [1784033260.395559235] [controller_server]: Cleaning up
[INFO] [1784033260.395693458] [controller_server]: Cleaning up controller: FollowPath of type regulated_pure_pursuit_controller::RegulatedPurePursuitController
[INFO] [1784033260.402420208] [local_costmap.local_costmap]: Cleaning up
[INFO] [1784033260.754136878] [controller_server]: Destroying bond (controller_server) to lifecycle manager.
