[INFO] [1783989076.895524131] [controller_server]: 
	controller_server lifecycle node launched. 
	Waiting on external lifecycle transitions to activate
	See https://design.ros2.org/articles/node_lifecycle.html for more information.
[INFO] [1783989076.899945811] [controller_server]: Creating controller server
[INFO] [1783989076.903345436] [local_costmap.local_costmap]: 
	local_costmap lifecycle node launched. 
	Waiting on external lifecycle transitions to activate
	See https://design.ros2.org/articles/node_lifecycle.html for more information.
[INFO] [1783989076.903830089] [local_costmap.local_costmap]: Creating Costmap
[INFO] [1783989077.033207842] [controller_server]: Configuring controller interface
[INFO] [1783989077.033236083] [controller_server]: getting progress checker plugins..
[INFO] [1783989077.033655539] [controller_server]: getting goal checker plugins..
[INFO] [1783989077.033891533] [controller_server]: Controller frequency set to 20.0000Hz
[INFO] [1783989077.033934042] [local_costmap.local_costmap]: Configuring
[INFO] [1783989077.039699713] [local_costmap.local_costmap]: Using plugin "static_layer"
[INFO] [1783989077.047604335] [local_costmap.local_costmap]: Subscribing to the map topic (/map) with transient local durability
[INFO] [1783989077.048647655] [local_costmap.local_costmap]: Initialized plugin "static_layer"
[INFO] [1783989077.065784470] [controller_server]: Created progress_checker : progress_checker of type nav2_controller::SimpleProgressChecker
[INFO] [1783989077.066621721] [controller_server]: Controller Server has progress_checker  progress checkers available.
[INFO] [1783989077.067393098] [controller_server]: Created goal checker : goal_checker of type nav2_controller::SimpleGoalChecker
[INFO] [1783989077.067835669] [controller_server]: Controller Server has goal_checker  goal checkers available.
[INFO] [1783989077.069790165] [controller_server]: Created controller : FollowPath of type nav2_regulated_pure_pursuit_controller::RegulatedPurePursuitController
[INFO] [1783989077.078830938] [controller_server]: Controller Server has FollowPath  controllers available.
[INFO] [1783989077.401819569] [local_costmap.local_costmap]: StaticLayer: Resizing costmap to 91 X 54 at 0.050000 m/pix
[INFO] [1783989077.505133838] [controller_server]: Activating
[INFO] [1783989077.505176768] [local_costmap.local_costmap]: Activating
[INFO] [1783989077.505196176] [local_costmap.local_costmap]: Checking transform
[INFO] [1783989077.505294875] [local_costmap.local_costmap]: Timed out waiting for transform from base_link to odom to become available, tf error: Lookup would require extrapolation into the future.  Requested time 1783989077.447212 but the latest data is at time 0.000000, when looking up transform from frame [base_link] to frame [odom]
[INFO] [1783989078.005319604] [local_costmap.local_costmap]: Timed out waiting for transform from base_link to odom to become available, tf error: Lookup would require extrapolation into the future.  Requested time 1783989077.947069 but the latest data is at time 0.000000, when looking up transform from frame [base_link] to frame [odom]
[INFO] [1783989078.505314785] [local_costmap.local_costmap]: Timed out waiting for transform from base_link to odom to become available, tf error: Lookup would require extrapolation into the future.  Requested time 1783989078.447717 but the latest data is at time 0.000000, when looking up transform from frame [base_link] to frame [odom]
[INFO] [1783989079.005303083] [local_costmap.local_costmap]: Timed out waiting for transform from base_link to odom to become available, tf error: Lookup would require extrapolation into the future.  Requested time 1783989078.947416 but the latest data is at time 0.000000, when looking up transform from frame [base_link] to frame [odom]
[INFO] [1783989079.505300064] [local_costmap.local_costmap]: Timed out waiting for transform from base_link to odom to become available, tf error: Lookup would require extrapolation into the future.  Requested time 1783989079.457732 but the latest data is at time 0.000000, when looking up transform from frame [base_link] to frame [odom]
[INFO] [1783989080.005308329] [local_costmap.local_costmap]: Timed out waiting for transform from base_link to odom to become available, tf error: Lookup would require extrapolation into the future.  Requested time 1783989079.957556 but the latest data is at time 0.000000, when looking up transform from frame [base_link] to frame [odom]
[INFO] [1783989080.505320085] [local_costmap.local_costmap]: Timed out waiting for transform from base_link to odom to become available, tf error: Lookup would require extrapolation into the future.  Requested time 1783989080.457555 but the latest data is at time 0.000000, when looking up transform from frame [base_link] to frame [odom]
[INFO] [1783989081.005342389] [local_costmap.local_costmap]: Timed out waiting for transform from base_link to odom to become available, tf error: Lookup would require extrapolation into the future.  Requested time 1783989080.959672 but the latest data is at time 0.000000, when looking up transform from frame [base_link] to frame [odom]
[INFO] [1783989081.505382599] [local_costmap.local_costmap]: Timed out waiting for transform from base_link to odom to become available, tf error: Lookup would require extrapolation into the future.  Requested time 1783989081.458068 but the latest data is at time 0.000000, when looking up transform from frame [base_link] to frame [odom]
[INFO] [1783989082.005308106] [local_costmap.local_costmap]: Timed out waiting for transform from base_link to odom to become available, tf error: Lookup would require extrapolation into the future.  Requested time 1783989081.958700 but the latest data is at time 0.000000, when looking up transform from frame [base_link] to frame [odom]
[INFO] [1783989082.505460304] [local_costmap.local_costmap]: Timed out waiting for transform from base_link to odom to become available, tf error: Lookup would require extrapolation into the future.  Requested time 1783989082.458558 but the latest data is at time 0.000000, when looking up transform from frame [base_link] to frame [odom]
[INFO] [1783989083.005309303] [local_costmap.local_costmap]: Timed out waiting for transform from base_link to odom to become available, tf error: Lookup would require extrapolation into the future.  Requested time 1783989082.958358 but the latest data is at time 0.000000, when looking up transform from frame [base_link] to frame [odom]
[INFO] [1783989083.505312997] [local_costmap.local_costmap]: Timed out waiting for transform from base_link to odom to become available, tf error: Lookup would require extrapolation into the future.  Requested time 1783989083.457706 but the latest data is at time 0.000000, when looking up transform from frame [base_link] to frame [odom]
[INFO] [1783989084.005315630] [local_costmap.local_costmap]: Timed out waiting for transform from base_link to odom to become available, tf error: Lookup would require extrapolation into the future.  Requested time 1783989083.958026 but the latest data is at time 0.000000, when looking up transform from frame [base_link] to frame [odom]
[INFO] [1783989084.505325083] [local_costmap.local_costmap]: Timed out waiting for transform from base_link to odom to become available, tf error: Lookup would require extrapolation into the future.  Requested time 1783989084.468987 but the latest data is at time 0.000000, when looking up transform from frame [base_link] to frame [odom]
[INFO] [1783989085.005325624] [local_costmap.local_costmap]: Timed out waiting for transform from base_link to odom to become available, tf error: Lookup would require extrapolation into the future.  Requested time 1783989084.968817 but the latest data is at time 0.000000, when looking up transform from frame [base_link] to frame [odom]
[INFO] [1783989085.505322127] [local_costmap.local_costmap]: Timed out waiting for transform from base_link to odom to become available, tf error: Lookup would require extrapolation into the future.  Requested time 1783989085.468004 but the latest data is at time 0.000000, when looking up transform from frame [base_link] to frame [odom]
[INFO] [1783989086.005308056] [local_costmap.local_costmap]: Timed out waiting for transform from base_link to odom to become available, tf error: Lookup would require extrapolation into the future.  Requested time 1783989085.967897 but the latest data is at time 0.000000, when looking up transform from frame [base_link] to frame [odom]
[INFO] [1783989086.505431635] [local_costmap.local_costmap]: Timed out waiting for transform from base_link to odom to become available, tf error: Lookup would require extrapolation into the future.  Requested time 1783989086.469240 but the latest data is at time 0.000000, when looking up transform from frame [base_link] to frame [odom]
[INFO] [1783989087.005309356] [local_costmap.local_costmap]: Timed out waiting for transform from base_link to odom to become available, tf error: Lookup would require extrapolation into the future.  Requested time 1783989086.969357 but the latest data is at time 0.000000, when looking up transform from frame [base_link] to frame [odom]
[INFO] [1783989087.505460635] [local_costmap.local_costmap]: Timed out waiting for transform from base_link to odom to become available, tf error: Lookup would require extrapolation into the future.  Requested time 1783989087.468275 but the latest data is at time 0.000000, when looking up transform from frame [base_link] to frame [odom]
[INFO] [1783989088.005309764] [local_costmap.local_costmap]: Timed out waiting for transform from base_link to odom to become available, tf error: Lookup would require extrapolation into the future.  Requested time 1783989087.970146 but the latest data is at time 0.000000, when looking up transform from frame [base_link] to frame [odom]
[INFO] [1783989088.505312161] [local_costmap.local_costmap]: Timed out waiting for transform from base_link to odom to become available, tf error: Lookup would require extrapolation into the future.  Requested time 1783989088.468950 but the latest data is at time 0.000000, when looking up transform from frame [base_link] to frame [odom]
[INFO] [1783989089.005320307] [local_costmap.local_costmap]: Timed out waiting for transform from base_link to odom to become available, tf error: Lookup would require extrapolation into the future.  Requested time 1783989088.799610 but the latest data is at time 0.000000, when looking up transform from frame [base_link] to frame [odom]
[INFO] [1783989089.505324365] [local_costmap.local_costmap]: Timed out waiting for transform from base_link to odom to become available, tf error: Lookup would require extrapolation into the future.  Requested time 1783989088.799610 but the latest data is at time 0.000000, when looking up transform from frame [base_link] to frame [odom]
[INFO] [1783989090.005476497] [local_costmap.local_costmap]: Timed out waiting for transform from base_link to odom to become available, tf error: Lookup would require extrapolation into the future.  Requested time 1783989088.799610 but the latest data is at time 0.000000, when looking up transform from frame [base_link] to frame [odom]
[INFO] [1783989090.505333590] [local_costmap.local_costmap]: Timed out waiting for transform from base_link to odom to become available, tf error: Lookup would require extrapolation into the future.  Requested time 1783989088.799610 but the latest data is at time 0.000000, when looking up transform from frame [base_link] to frame [odom]
[INFO] [1783989091.005343235] [local_costmap.local_costmap]: Timed out waiting for transform from base_link to odom to become available, tf error: Lookup would require extrapolation into the future.  Requested time 1783989088.799610 but the latest data is at time 0.000000, when looking up transform from frame [base_link] to frame [odom]
[INFO] [1783989091.505331607] [local_costmap.local_costmap]: Timed out waiting for transform from base_link to odom to become available, tf error: Lookup would require extrapolation into the future.  Requested time 1783989088.799610 but the latest data is at time 0.000000, when looking up transform from frame [base_link] to frame [odom]
