[INFO] [1784043421.521833474] [controller_server]: 
	controller_server lifecycle node launched. 
	Waiting on external lifecycle transitions to activate
	See https://design.ros2.org/articles/node_lifecycle.html for more information.
[INFO] [1784043421.683870870] [controller_server]: Creating controller server
[INFO] [1784043421.781922429] [local_costmap.local_costmap]: 
	local_costmap lifecycle node launched. 
	Waiting on external lifecycle transitions to activate
	See https://design.ros2.org/articles/node_lifecycle.html for more information.
[INFO] [1784043421.788513409] [local_costmap.local_costmap]: Creating Costmap
[INFO] [1784043421.835586517] [controller_server]: Configuring controller interface
[INFO] [1784043421.835699994] [controller_server]: getting progress checker plugins..
[INFO] [1784043421.836070893] [controller_server]: getting goal checker plugins..
[INFO] [1784043421.836584285] [controller_server]: Controller frequency set to 20.0000Hz
[INFO] [1784043421.836775753] [local_costmap.local_costmap]: Configuring
[INFO] [1784043422.012923863] [local_costmap.local_costmap]: Using plugin "static_layer"
[INFO] [1784043422.123946907] [local_costmap.local_costmap]: Subscribing to the map topic (/map) with transient local durability
[INFO] [1784043422.139028604] [local_costmap.local_costmap]: Initialized plugin "static_layer"
[INFO] [1784043422.334809955] [controller_server]: Created progress_checker : progress_checker of type nav2_controller::SimpleProgressChecker
[INFO] [1784043422.335911372] [controller_server]: Controller Server has progress_checker  progress checkers available.
[INFO] [1784043422.342152213] [controller_server]: Created goal checker : goal_checker of type nav2_controller::SimpleGoalChecker
[INFO] [1784043422.349798420] [controller_server]: Controller Server has goal_checker  goal checkers available.
[INFO] [1784043422.355384203] [controller_server]: Created controller : FollowPath of type nav2_regulated_pure_pursuit_controller::RegulatedPurePursuitController
[INFO] [1784043422.387974145] [controller_server]: Controller Server has FollowPath  controllers available.
[INFO] [1784043427.183304077] [local_costmap.local_costmap]: StaticLayer: Resizing costmap to 57 X 42 at 0.050000 m/pix
[INFO] [1784043427.336479999] [controller_server]: Activating
[INFO] [1784043427.336675727] [local_costmap.local_costmap]: Activating
[INFO] [1784043427.336727977] [local_costmap.local_costmap]: Checking transform
[INFO] [1784043427.337313469] [local_costmap.local_costmap]: start
[INFO] [1784043427.387887146] [controller_server]: Activating controller: FollowPath of type regulated_pure_pursuit_controller::RegulatedPurePursuitController
[INFO] [1784043427.388030252] [controller_server]: Creating bond (controller_server) to lifecycle manager.
[INFO] [1784043452.973852796] [rclcpp]: signal_handler(SIGINT/SIGTERM)
[INFO] [1784043452.974099766] [controller_server]: Running Nav2 LifecycleNode rcl preshutdown (controller_server)
[INFO] [1784043452.974290719] [controller_server]: Deactivating
[INFO] [1784043452.974375466] [controller_server]: Deactivating controller: FollowPath of type regulated_pure_pursuit_controller::RegulatedPurePursuitController
[INFO] [1784043452.974456938] [local_costmap.local_costmap]: Deactivating
[INFO] [1784043453.038568836] [controller_server]: Destroying bond (controller_server) to lifecycle manager.
[INFO] [1784043453.055489662] [controller_server]: Cleaning up
[INFO] [1784043453.055832493] [controller_server]: Cleaning up controller: FollowPath of type regulated_pure_pursuit_controller::RegulatedPurePursuitController
[INFO] [1784043453.056152919] [local_costmap.local_costmap]: Cleaning up
[INFO] [1784043453.329117552] [controller_server]: Destroying bond (controller_server) to lifecycle manager.
