[INFO] [1784084114.988972226] [controller_server]: 
	controller_server lifecycle node launched. 
	Waiting on external lifecycle transitions to activate
	See https://design.ros2.org/articles/node_lifecycle.html for more information.
[INFO] [1784084115.143803946] [controller_server]: Creating controller server
[INFO] [1784084115.373888463] [local_costmap.local_costmap]: 
	local_costmap lifecycle node launched. 
	Waiting on external lifecycle transitions to activate
	See https://design.ros2.org/articles/node_lifecycle.html for more information.
[INFO] [1784084115.388535829] [local_costmap.local_costmap]: Creating Costmap
[INFO] [1784084115.931158962] [controller_server]: Configuring controller interface
[INFO] [1784084115.931237112] [controller_server]: getting progress checker plugins..
[INFO] [1784084115.935075624] [controller_server]: getting goal checker plugins..
[INFO] [1784084115.937789912] [controller_server]: Controller frequency set to 20.0000Hz
[INFO] [1784084115.940765802] [local_costmap.local_costmap]: Configuring
[INFO] [1784084116.034575306] [local_costmap.local_costmap]: Using plugin "static_layer"
[INFO] [1784084116.123785306] [local_costmap.local_costmap]: Subscribing to the map topic (/map) with transient local durability
[INFO] [1784084116.138507439] [local_costmap.local_costmap]: Initialized plugin "static_layer"
[INFO] [1784084116.317312535] [controller_server]: Created progress_checker : progress_checker of type nav2_controller::SimpleProgressChecker
[INFO] [1784084116.322802038] [controller_server]: Controller Server has progress_checker  progress checkers available.
[INFO] [1784084116.327272714] [controller_server]: Created goal checker : goal_checker of type nav2_controller::SimpleGoalChecker
[INFO] [1784084116.333787464] [controller_server]: Controller Server has goal_checker  goal checkers available.
[INFO] [1784084116.346538082] [controller_server]: Created controller : FollowPath of type nav2_regulated_pure_pursuit_controller::RegulatedPurePursuitController
[INFO] [1784084116.408351992] [controller_server]: Controller Server has FollowPath  controllers available.
[INFO] [1784084118.609495592] [local_costmap.local_costmap]: StaticLayer: Resizing static layer to 95 X 56 at 0.050000 m/pix
[INFO] [1784084118.729090089] [controller_server]: Activating
[INFO] [1784084118.729204872] [local_costmap.local_costmap]: Activating
[INFO] [1784084118.729247205] [local_costmap.local_costmap]: Checking transform
[INFO] [1784084118.729384594] [local_costmap.local_costmap]: Timed out waiting for transform from base_link to map to become available, tf error: Could not find a connection between 'map' and 'base_link' because they are not part of the same tree.Tf has two or more unconnected trees.
[INFO] [1784084119.229482232] [local_costmap.local_costmap]: Timed out waiting for transform from base_link to map to become available, tf error: Could not find a connection between 'map' and 'base_link' because they are not part of the same tree.Tf has two or more unconnected trees.
[INFO] [1784084119.729463310] [local_costmap.local_costmap]: Timed out waiting for transform from base_link to map to become available, tf error: Could not find a connection between 'map' and 'base_link' because they are not part of the same tree.Tf has two or more unconnected trees.
[INFO] [1784084120.229450241] [local_costmap.local_costmap]: Timed out waiting for transform from base_link to map to become available, tf error: Could not find a connection between 'map' and 'base_link' because they are not part of the same tree.Tf has two or more unconnected trees.
[INFO] [1784084120.729438019] [local_costmap.local_costmap]: Timed out waiting for transform from base_link to map to become available, tf error: Could not find a connection between 'map' and 'base_link' because they are not part of the same tree.Tf has two or more unconnected trees.
[INFO] [1784084121.229433734] [local_costmap.local_costmap]: Timed out waiting for transform from base_link to map to become available, tf error: Could not find a connection between 'map' and 'base_link' because they are not part of the same tree.Tf has two or more unconnected trees.
[INFO] [1784084121.729438188] [local_costmap.local_costmap]: Timed out waiting for transform from base_link to map to become available, tf error: Could not find a connection between 'map' and 'base_link' because they are not part of the same tree.Tf has two or more unconnected trees.
[INFO] [1784084122.229408810] [local_costmap.local_costmap]: Timed out waiting for transform from base_link to map to become available, tf error: Could not find a connection between 'map' and 'base_link' because they are not part of the same tree.Tf has two or more unconnected trees.
[INFO] [1784084122.729480452] [local_costmap.local_costmap]: Timed out waiting for transform from base_link to map to become available, tf error: Could not find a connection between 'map' and 'base_link' because they are not part of the same tree.Tf has two or more unconnected trees.
[INFO] [1784084123.229603753] [local_costmap.local_costmap]: Timed out waiting for transform from base_link to map to become available, tf error: Could not find a connection between 'map' and 'base_link' because they are not part of the same tree.Tf has two or more unconnected trees.
[INFO] [1784084123.729433081] [local_costmap.local_costmap]: Timed out waiting for transform from base_link to map to become available, tf error: Could not find a connection between 'map' and 'base_link' because they are not part of the same tree.Tf has two or more unconnected trees.
[INFO] [1784084124.229505272] [local_costmap.local_costmap]: Timed out waiting for transform from base_link to map to become available, tf error: Could not find a connection between 'map' and 'base_link' because they are not part of the same tree.Tf has two or more unconnected trees.
[INFO] [1784084124.729483669] [local_costmap.local_costmap]: Timed out waiting for transform from base_link to map to become available, tf error: Could not find a connection between 'map' and 'base_link' because they are not part of the same tree.Tf has two or more unconnected trees.
[INFO] [1784084125.229450364] [local_costmap.local_costmap]: Timed out waiting for transform from base_link to map to become available, tf error: Could not find a connection between 'map' and 'base_link' because they are not part of the same tree.Tf has two or more unconnected trees.
[INFO] [1784084125.729447466] [local_costmap.local_costmap]: Timed out waiting for transform from base_link to map to become available, tf error: Could not find a connection between 'map' and 'base_link' because they are not part of the same tree.Tf has two or more unconnected trees.
[INFO] [1784084126.229503669] [local_costmap.local_costmap]: Timed out waiting for transform from base_link to map to become available, tf error: Could not find a connection between 'map' and 'base_link' because they are not part of the same tree.Tf has two or more unconnected trees.
[INFO] [1784084126.729447605] [local_costmap.local_costmap]: Timed out waiting for transform from base_link to map to become available, tf error: Could not find a connection between 'map' and 'base_link' because they are not part of the same tree.Tf has two or more unconnected trees.
[INFO] [1784084127.229717768] [local_costmap.local_costmap]: Timed out waiting for transform from base_link to map to become available, tf error: Could not find a connection between 'map' and 'base_link' because they are not part of the same tree.Tf has two or more unconnected trees.
[INFO] [1784084127.492096215] [rclcpp]: signal_handler(SIGINT/SIGTERM)
[INFO] [1784084127.492290927] [controller_server]: Running Nav2 LifecycleNode rcl preshutdown (controller_server)
[INFO] [1784084127.492463164] [controller_server]: Destroying bond (controller_server) to lifecycle manager.
