[INFO] [1784083341.941444134] [controller_server]: 
	controller_server lifecycle node launched. 
	Waiting on external lifecycle transitions to activate
	See https://design.ros2.org/articles/node_lifecycle.html for more information.
[INFO] [1784083342.162947718] [controller_server]: Creating controller server
[INFO] [1784083342.389141492] [local_costmap.local_costmap]: 
	local_costmap lifecycle node launched. 
	Waiting on external lifecycle transitions to activate
	See https://design.ros2.org/articles/node_lifecycle.html for more information.
[INFO] [1784083342.408082078] [local_costmap.local_costmap]: Creating Costmap
[INFO] [1784083342.681420457] [controller_server]: Configuring controller interface
[INFO] [1784083342.681499461] [controller_server]: getting progress checker plugins..
[INFO] [1784083342.683278820] [controller_server]: getting goal checker plugins..
[INFO] [1784083342.687722142] [controller_server]: Controller frequency set to 20.0000Hz
[INFO] [1784083342.691095207] [local_costmap.local_costmap]: Configuring
[INFO] [1784083342.794141587] [local_costmap.local_costmap]: Using plugin "static_layer"
[INFO] [1784083342.942498515] [local_costmap.local_costmap]: Subscribing to the map topic (/map) with transient local durability
[INFO] [1784083342.961293078] [local_costmap.local_costmap]: Initialized plugin "static_layer"
[INFO] [1784083343.186101126] [controller_server]: Created progress_checker : progress_checker of type nav2_controller::SimpleProgressChecker
[INFO] [1784083343.190664864] [controller_server]: Controller Server has progress_checker  progress checkers available.
[INFO] [1784083343.198301971] [controller_server]: Created goal checker : goal_checker of type nav2_controller::SimpleGoalChecker
[INFO] [1784083343.209928034] [controller_server]: Controller Server has goal_checker  goal checkers available.
[INFO] [1784083343.230347074] [controller_server]: Created controller : FollowPath of type nav2_regulated_pure_pursuit_controller::RegulatedPurePursuitController
[INFO] [1784083343.283183194] [controller_server]: Controller Server has FollowPath  controllers available.
[INFO] [1784083347.124850878] [local_costmap.local_costmap]: StaticLayer: Resizing static layer to 95 X 56 at 0.050000 m/pix
[INFO] [1784083347.276795957] [controller_server]: Activating
[INFO] [1784083347.276945347] [local_costmap.local_costmap]: Activating
[INFO] [1784083347.277010329] [local_costmap.local_costmap]: Checking transform
[INFO] [1784083347.277350918] [local_costmap.local_costmap]: start
[INFO] [1784083347.333420065] [controller_server]: Activating controller: FollowPath of type regulated_pure_pursuit_controller::RegulatedPurePursuitController
[INFO] [1784083347.333542788] [controller_server]: Creating bond (controller_server) to lifecycle manager.
[INFO] [1784083381.768571293] [controller_server]: Received a goal, begin computing control effort.
[WARN] [1784083381.768731363] [controller_server]: No goal checker was specified in parameter 'current_goal_checker'. Server will use only plugin loaded goal_checker . This warning will appear once.
[WARN] [1784083381.768793672] [controller_server]: No progress checker was specified in parameter 'current_progress_checker'. Server will use only plugin loaded progress_checker . This warning will appear once.
[INFO] [1784083382.828371490] [controller_server]: Passing new path to controller.
[INFO] [1784083383.571424820] [controller_server]: Reached the goal!
[INFO] [1784083422.186713818] [controller_server]: Received a goal, begin computing control effort.
[INFO] [1784083423.237096459] [controller_server]: Passing new path to controller.
[INFO] [1784083424.239593257] [controller_server]: Passing new path to controller.
[INFO] [1784083424.591934603] [controller_server]: Reached the goal!
[INFO] [1784083440.820113846] [controller_server]: Received a goal, begin computing control effort.
[INFO] [1784083441.521243159] [controller_server]: Reached the goal!
[INFO] [1784083446.233819764] [controller_server]: Received a goal, begin computing control effort.
[INFO] [1784083447.289254415] [controller_server]: Passing new path to controller.
[INFO] [1784083448.140052170] [controller_server]: Reached the goal!
