[INFO] [1784039170.983961619] [controller_server]: 
	controller_server lifecycle node launched. 
	Waiting on external lifecycle transitions to activate
	See https://design.ros2.org/articles/node_lifecycle.html for more information.
[INFO] [1784039171.095763276] [controller_server]: Creating controller server
[INFO] [1784039171.639136850] [local_costmap.local_costmap]: 
	local_costmap lifecycle node launched. 
	Waiting on external lifecycle transitions to activate
	See https://design.ros2.org/articles/node_lifecycle.html for more information.
[INFO] [1784039171.678869295] [local_costmap.local_costmap]: Creating Costmap
[INFO] [1784039172.016327421] [controller_server]: Configuring controller interface
[INFO] [1784039172.016402550] [controller_server]: getting progress checker plugins..
[INFO] [1784039172.016859493] [controller_server]: getting goal checker plugins..
[INFO] [1784039172.017304317] [controller_server]: Controller frequency set to 20.0000Hz
[INFO] [1784039172.026203188] [local_costmap.local_costmap]: Configuring
[INFO] [1784039172.211532373] [local_costmap.local_costmap]: Using plugin "static_layer"
[INFO] [1784039172.463140714] [local_costmap.local_costmap]: Subscribing to the map topic (/map) with transient local durability
[INFO] [1784039172.514946582] [local_costmap.local_costmap]: Initialized plugin "static_layer"
[INFO] [1784039173.076191120] [controller_server]: Created progress_checker : progress_checker of type nav2_controller::SimpleProgressChecker
[INFO] [1784039173.096650063] [controller_server]: Controller Server has progress_checker  progress checkers available.
[INFO] [1784039173.119927837] [controller_server]: Created goal checker : goal_checker of type nav2_controller::SimpleGoalChecker
[INFO] [1784039173.143752837] [controller_server]: Controller Server has goal_checker  goal checkers available.
[INFO] [1784039173.217117283] [controller_server]: Created controller : FollowPath of type nav2_regulated_pure_pursuit_controller::RegulatedPurePursuitController
[INFO] [1784039173.475878763] [controller_server]: Controller Server has FollowPath  controllers available.
[INFO] [1784039177.009412495] [local_costmap.local_costmap]: StaticLayer: Resizing costmap to 56 X 42 at 0.050000 m/pix
[INFO] [1784039177.221222848] [controller_server]: Activating
[INFO] [1784039177.221335667] [local_costmap.local_costmap]: Activating
[INFO] [1784039177.221378720] [local_costmap.local_costmap]: Checking transform
[INFO] [1784039177.221882083] [local_costmap.local_costmap]: start
[INFO] [1784039177.275666838] [controller_server]: Activating controller: FollowPath of type regulated_pure_pursuit_controller::RegulatedPurePursuitController
[INFO] [1784039177.275817790] [controller_server]: Creating bond (controller_server) to lifecycle manager.
[INFO] [1784039221.318039699] [rclcpp]: signal_handler(SIGINT/SIGTERM)
[INFO] [1784039221.318274309] [controller_server]: Running Nav2 LifecycleNode rcl preshutdown (controller_server)
[INFO] [1784039221.318461979] [controller_server]: Deactivating
[INFO] [1784039221.318571899] [controller_server]: Deactivating controller: FollowPath of type regulated_pure_pursuit_controller::RegulatedPurePursuitController
[INFO] [1784039221.318655265] [local_costmap.local_costmap]: Deactivating
[INFO] [1784039221.323623819] [controller_server]: Destroying bond (controller_server) to lifecycle manager.
[INFO] [1784039221.340849741] [controller_server]: Cleaning up
[INFO] [1784039221.340981078] [controller_server]: Cleaning up controller: FollowPath of type regulated_pure_pursuit_controller::RegulatedPurePursuitController
[INFO] [1784039221.361313257] [local_costmap.local_costmap]: Cleaning up
[INFO] [1784039221.570148945] [controller_server]: Destroying bond (controller_server) to lifecycle manager.
