[INFO] [1783989212.756934871] [controller_server]: 
	controller_server lifecycle node launched. 
	Waiting on external lifecycle transitions to activate
	See https://design.ros2.org/articles/node_lifecycle.html for more information.
[INFO] [1783989212.762285072] [controller_server]: Creating controller server
[INFO] [1783989212.780199482] [local_costmap.local_costmap]: 
	local_costmap lifecycle node launched. 
	Waiting on external lifecycle transitions to activate
	See https://design.ros2.org/articles/node_lifecycle.html for more information.
[INFO] [1783989212.781129760] [local_costmap.local_costmap]: Creating Costmap
[INFO] [1783989212.946697993] [controller_server]: Configuring controller interface
[INFO] [1783989212.946740554] [controller_server]: getting progress checker plugins..
[INFO] [1783989212.947066822] [controller_server]: getting goal checker plugins..
[INFO] [1783989212.947413415] [controller_server]: Controller frequency set to 20.0000Hz
[INFO] [1783989212.947463049] [local_costmap.local_costmap]: Configuring
[INFO] [1783989212.961626973] [local_costmap.local_costmap]: Using plugin "static_layer"
[INFO] [1783989212.982293738] [local_costmap.local_costmap]: Subscribing to the map topic (/map) with transient local durability
[INFO] [1783989212.984962015] [local_costmap.local_costmap]: Initialized plugin "static_layer"
[INFO] [1783989213.007865362] [controller_server]: Created progress_checker : progress_checker of type nav2_controller::SimpleProgressChecker
[INFO] [1783989213.008387154] [controller_server]: Controller Server has progress_checker  progress checkers available.
[INFO] [1783989213.009082730] [controller_server]: Created goal checker : goal_checker of type nav2_controller::SimpleGoalChecker
[INFO] [1783989213.009703967] [controller_server]: Controller Server has goal_checker  goal checkers available.
[INFO] [1783989213.011347776] [controller_server]: Created controller : FollowPath of type nav2_regulated_pure_pursuit_controller::RegulatedPurePursuitController
[INFO] [1783989213.017897188] [controller_server]: Controller Server has FollowPath  controllers available.
[INFO] [1783989213.177694704] [local_costmap.local_costmap]: StaticLayer: Resizing costmap to 91 X 54 at 0.050000 m/pix
[INFO] [1783989213.280412842] [controller_server]: Activating
[INFO] [1783989213.280450539] [local_costmap.local_costmap]: Activating
[INFO] [1783989213.280464287] [local_costmap.local_costmap]: Checking transform
[INFO] [1783989213.280544106] [local_costmap.local_costmap]: Timed out waiting for transform from base_link to odom to become available, tf error: Lookup would require extrapolation into the future.  Requested time 1783989213.228932 but the latest data is at time 0.000000, when looking up transform from frame [base_link] to frame [odom]
[INFO] [1783989213.780568964] [local_costmap.local_costmap]: Timed out waiting for transform from base_link to odom to become available, tf error: Lookup would require extrapolation into the future.  Requested time 1783989213.726610 but the latest data is at time 0.000000, when looking up transform from frame [base_link] to frame [odom]
[INFO] [1783989214.280776908] [local_costmap.local_costmap]: Timed out waiting for transform from base_link to odom to become available, tf error: Lookup would require extrapolation into the future.  Requested time 1783989214.227604 but the latest data is at time 0.000000, when looking up transform from frame [base_link] to frame [odom]
[INFO] [1783989214.780562631] [local_costmap.local_costmap]: Timed out waiting for transform from base_link to odom to become available, tf error: Lookup would require extrapolation into the future.  Requested time 1783989214.727153 but the latest data is at time 0.000000, when looking up transform from frame [base_link] to frame [odom]
[INFO] [1783989215.280559199] [local_costmap.local_costmap]: Timed out waiting for transform from base_link to odom to become available, tf error: Lookup would require extrapolation into the future.  Requested time 1783989215.227867 but the latest data is at time 0.000000, when looking up transform from frame [base_link] to frame [odom]
[INFO] [1783989215.780566561] [local_costmap.local_costmap]: Timed out waiting for transform from base_link to odom to become available, tf error: Lookup would require extrapolation into the future.  Requested time 1783989215.727165 but the latest data is at time 0.000000, when looking up transform from frame [base_link] to frame [odom]
[INFO] [1783989216.280568936] [local_costmap.local_costmap]: Timed out waiting for transform from base_link to odom to become available, tf error: Lookup would require extrapolation into the future.  Requested time 1783989216.226822 but the latest data is at time 0.000000, when looking up transform from frame [base_link] to frame [odom]
[INFO] [1783989216.780569894] [local_costmap.local_costmap]: Timed out waiting for transform from base_link to odom to become available, tf error: Lookup would require extrapolation into the future.  Requested time 1783989216.726756 but the latest data is at time 0.000000, when looking up transform from frame [base_link] to frame [odom]
[INFO] [1783989217.280563825] [local_costmap.local_costmap]: Timed out waiting for transform from base_link to odom to become available, tf error: Lookup would require extrapolation into the future.  Requested time 1783989217.226878 but the latest data is at time 0.000000, when looking up transform from frame [base_link] to frame [odom]
[INFO] [1783989217.780669656] [local_costmap.local_costmap]: Timed out waiting for transform from base_link to odom to become available, tf error: Lookup would require extrapolation into the future.  Requested time 1783989217.727597 but the latest data is at time 0.000000, when looking up transform from frame [base_link] to frame [odom]
[INFO] [1783989218.280561312] [local_costmap.local_costmap]: Timed out waiting for transform from base_link to odom to become available, tf error: Lookup would require extrapolation into the future.  Requested time 1783989218.228066 but the latest data is at time 0.000000, when looking up transform from frame [base_link] to frame [odom]
[INFO] [1783989218.780578543] [local_costmap.local_costmap]: Timed out waiting for transform from base_link to odom to become available, tf error: Lookup would require extrapolation into the future.  Requested time 1783989218.726774 but the latest data is at time 0.000000, when looking up transform from frame [base_link] to frame [odom]
[INFO] [1783989219.280569886] [local_costmap.local_costmap]: Timed out waiting for transform from base_link to odom to become available, tf error: Lookup would require extrapolation into the future.  Requested time 1783989219.227645 but the latest data is at time 0.000000, when looking up transform from frame [base_link] to frame [odom]
[INFO] [1783989219.780546376] [local_costmap.local_costmap]: Timed out waiting for transform from base_link to odom to become available, tf error: Lookup would require extrapolation into the future.  Requested time 1783989219.727223 but the latest data is at time 0.000000, when looking up transform from frame [base_link] to frame [odom]
[INFO] [1783989220.280568567] [local_costmap.local_costmap]: Timed out waiting for transform from base_link to odom to become available, tf error: Lookup would require extrapolation into the future.  Requested time 1783989220.237375 but the latest data is at time 0.000000, when looking up transform from frame [base_link] to frame [odom]
[INFO] [1783989220.780570814] [local_costmap.local_costmap]: Timed out waiting for transform from base_link to odom to become available, tf error: Lookup would require extrapolation into the future.  Requested time 1783989220.726845 but the latest data is at time 0.000000, when looking up transform from frame [base_link] to frame [odom]
[INFO] [1783989221.280662819] [local_costmap.local_costmap]: Timed out waiting for transform from base_link to odom to become available, tf error: Lookup would require extrapolation into the future.  Requested time 1783989221.227285 but the latest data is at time 0.000000, when looking up transform from frame [base_link] to frame [odom]
[INFO] [1783989221.780578512] [local_costmap.local_costmap]: Timed out waiting for transform from base_link to odom to become available, tf error: Lookup would require extrapolation into the future.  Requested time 1783989221.737333 but the latest data is at time 0.000000, when looking up transform from frame [base_link] to frame [odom]
[INFO] [1783989222.280584660] [local_costmap.local_costmap]: Timed out waiting for transform from base_link to odom to become available, tf error: Lookup would require extrapolation into the future.  Requested time 1783989222.237084 but the latest data is at time 0.000000, when looking up transform from frame [base_link] to frame [odom]
[INFO] [1783989222.780580457] [local_costmap.local_costmap]: Timed out waiting for transform from base_link to odom to become available, tf error: Lookup would require extrapolation into the future.  Requested time 1783989222.727071 but the latest data is at time 0.000000, when looking up transform from frame [base_link] to frame [odom]
[INFO] [1783989223.280576411] [local_costmap.local_costmap]: Timed out waiting for transform from base_link to odom to become available, tf error: Lookup would require extrapolation into the future.  Requested time 1783989223.237094 but the latest data is at time 0.000000, when looking up transform from frame [base_link] to frame [odom]
[INFO] [1783989223.780569425] [local_costmap.local_costmap]: Timed out waiting for transform from base_link to odom to become available, tf error: Lookup would require extrapolation into the future.  Requested time 1783989223.738085 but the latest data is at time 0.000000, when looking up transform from frame [base_link] to frame [odom]
[INFO] [1783989224.280566588] [local_costmap.local_costmap]: Timed out waiting for transform from base_link to odom to become available, tf error: Lookup would require extrapolation into the future.  Requested time 1783989224.237084 but the latest data is at time 0.000000, when looking up transform from frame [base_link] to frame [odom]
[INFO] [1783989224.780566068] [local_costmap.local_costmap]: Timed out waiting for transform from base_link to odom to become available, tf error: Lookup would require extrapolation into the future.  Requested time 1783989224.737130 but the latest data is at time 0.000000, when looking up transform from frame [base_link] to frame [odom]
[INFO] [1783989225.280566345] [local_costmap.local_costmap]: Timed out waiting for transform from base_link to odom to become available, tf error: Lookup would require extrapolation into the future.  Requested time 1783989225.237117 but the latest data is at time 0.000000, when looking up transform from frame [base_link] to frame [odom]
[INFO] [1783989225.780713928] [local_costmap.local_costmap]: Timed out waiting for transform from base_link to odom to become available, tf error: Lookup would require extrapolation into the future.  Requested time 1783989225.737266 but the latest data is at time 0.000000, when looking up transform from frame [base_link] to frame [odom]
[INFO] [1783989226.280571676] [local_costmap.local_costmap]: Timed out waiting for transform from base_link to odom to become available, tf error: Lookup would require extrapolation into the future.  Requested time 1783989226.238501 but the latest data is at time 0.000000, when looking up transform from frame [base_link] to frame [odom]
[INFO] [1783989226.780658630] [local_costmap.local_costmap]: Timed out waiting for transform from base_link to odom to become available, tf error: Lookup would require extrapolation into the future.  Requested time 1783989226.737170 but the latest data is at time 0.000000, when looking up transform from frame [base_link] to frame [odom]
[INFO] [1783989227.280539245] [local_costmap.local_costmap]: Timed out waiting for transform from base_link to odom to become available, tf error: Lookup would require extrapolation into the future.  Requested time 1783989227.237509 but the latest data is at time 0.000000, when looking up transform from frame [base_link] to frame [odom]
[INFO] [1783989227.780672334] [local_costmap.local_costmap]: Timed out waiting for transform from base_link to odom to become available, tf error: Lookup would require extrapolation into the future.  Requested time 1783989227.737370 but the latest data is at time 0.000000, when looking up transform from frame [base_link] to frame [odom]
[INFO] [1783989228.280568065] [local_costmap.local_costmap]: Timed out waiting for transform from base_link to odom to become available, tf error: Lookup would require extrapolation into the future.  Requested time 1783989228.237106 but the latest data is at time 0.000000, when looking up transform from frame [base_link] to frame [odom]
[INFO] [1783989228.780583053] [local_costmap.local_costmap]: Timed out waiting for transform from base_link to odom to become available, tf error: Lookup would require extrapolation into the future.  Requested time 1783989228.737661 but the latest data is at time 0.000000, when looking up transform from frame [base_link] to frame [odom]
[INFO] [1783989229.280565684] [local_costmap.local_costmap]: Timed out waiting for transform from base_link to odom to become available, tf error: Lookup would require extrapolation into the future.  Requested time 1783989229.237039 but the latest data is at time 0.000000, when looking up transform from frame [base_link] to frame [odom]
[INFO] [1783989229.780565909] [local_costmap.local_costmap]: Timed out waiting for transform from base_link to odom to become available, tf error: Lookup would require extrapolation into the future.  Requested time 1783989229.737350 but the latest data is at time 0.000000, when looking up transform from frame [base_link] to frame [odom]
[INFO] [1783989230.280571287] [local_costmap.local_costmap]: Timed out waiting for transform from base_link to odom to become available, tf error: Lookup would require extrapolation into the future.  Requested time 1783989230.247390 but the latest data is at time 0.000000, when looking up transform from frame [base_link] to frame [odom]
[INFO] [1783989230.780570999] [local_costmap.local_costmap]: Timed out waiting for transform from base_link to odom to become available, tf error: Lookup would require extrapolation into the future.  Requested time 1783989230.737061 but the latest data is at time 0.000000, when looking up transform from frame [base_link] to frame [odom]
[INFO] [1783989231.280570752] [local_costmap.local_costmap]: Timed out waiting for transform from base_link to odom to become available, tf error: Lookup would require extrapolation into the future.  Requested time 1783989231.247636 but the latest data is at time 0.000000, when looking up transform from frame [base_link] to frame [odom]
[INFO] [1783989231.780683327] [local_costmap.local_costmap]: Timed out waiting for transform from base_link to odom to become available, tf error: Lookup would require extrapolation into the future.  Requested time 1783989231.747521 but the latest data is at time 0.000000, when looking up transform from frame [base_link] to frame [odom]
[INFO] [1783989232.280568374] [local_costmap.local_costmap]: Timed out waiting for transform from base_link to odom to become available, tf error: Lookup would require extrapolation into the future.  Requested time 1783989232.247626 but the latest data is at time 0.000000, when looking up transform from frame [base_link] to frame [odom]
[INFO] [1783989232.780572645] [local_costmap.local_costmap]: Timed out waiting for transform from base_link to odom to become available, tf error: Lookup would require extrapolation into the future.  Requested time 1783989232.747203 but the latest data is at time 0.000000, when looking up transform from frame [base_link] to frame [odom]
[INFO] [1783989233.280571231] [local_costmap.local_costmap]: Timed out waiting for transform from base_link to odom to become available, tf error: Lookup would require extrapolation into the future.  Requested time 1783989233.247800 but the latest data is at time 0.000000, when looking up transform from frame [base_link] to frame [odom]
[INFO] [1783989233.780569317] [local_costmap.local_costmap]: Timed out waiting for transform from base_link to odom to become available, tf error: Lookup would require extrapolation into the future.  Requested time 1783989233.747104 but the latest data is at time 0.000000, when looking up transform from frame [base_link] to frame [odom]
[INFO] [1783989234.280568372] [local_costmap.local_costmap]: Timed out waiting for transform from base_link to odom to become available, tf error: Lookup would require extrapolation into the future.  Requested time 1783989234.247051 but the latest data is at time 0.000000, when looking up transform from frame [base_link] to frame [odom]
[INFO] [1783989234.780647642] [local_costmap.local_costmap]: Timed out waiting for transform from base_link to odom to become available, tf error: Lookup would require extrapolation into the future.  Requested time 1783989234.747516 but the latest data is at time 0.000000, when looking up transform from frame [base_link] to frame [odom]
[INFO] [1783989235.280568006] [local_costmap.local_costmap]: Timed out waiting for transform from base_link to odom to become available, tf error: Lookup would require extrapolation into the future.  Requested time 1783989235.247448 but the latest data is at time 0.000000, when looking up transform from frame [base_link] to frame [odom]
[INFO] [1783989235.780679495] [local_costmap.local_costmap]: Timed out waiting for transform from base_link to odom to become available, tf error: Lookup would require extrapolation into the future.  Requested time 1783989235.747650 but the latest data is at time 0.000000, when looking up transform from frame [base_link] to frame [odom]
[INFO] [1783989236.280579943] [local_costmap.local_costmap]: Timed out waiting for transform from base_link to odom to become available, tf error: Lookup would require extrapolation into the future.  Requested time 1783989236.257076 but the latest data is at time 0.000000, when looking up transform from frame [base_link] to frame [odom]
[INFO] [1783989236.780590190] [local_costmap.local_costmap]: Timed out waiting for transform from base_link to odom to become available, tf error: Lookup would require extrapolation into the future.  Requested time 1783989236.757864 but the latest data is at time 0.000000, when looking up transform from frame [base_link] to frame [odom]
[INFO] [1783989237.280582783] [local_costmap.local_costmap]: Timed out waiting for transform from base_link to odom to become available, tf error: Lookup would require extrapolation into the future.  Requested time 1783989237.257150 but the latest data is at time 0.000000, when looking up transform from frame [base_link] to frame [odom]
[INFO] [1783989237.780570082] [local_costmap.local_costmap]: Timed out waiting for transform from base_link to odom to become available, tf error: Lookup would require extrapolation into the future.  Requested time 1783989237.757322 but the latest data is at time 0.000000, when looking up transform from frame [base_link] to frame [odom]
[INFO] [1783989238.280582387] [local_costmap.local_costmap]: Timed out waiting for transform from base_link to odom to become available, tf error: Lookup would require extrapolation into the future.  Requested time 1783989238.258191 but the latest data is at time 0.000000, when looking up transform from frame [base_link] to frame [odom]
[INFO] [1783989238.780582671] [local_costmap.local_costmap]: Timed out waiting for transform from base_link to odom to become available, tf error: Lookup would require extrapolation into the future.  Requested time 1783989238.757072 but the latest data is at time 0.000000, when looking up transform from frame [base_link] to frame [odom]
[INFO] [1783989239.280563740] [local_costmap.local_costmap]: Timed out waiting for transform from base_link to odom to become available, tf error: Lookup would require extrapolation into the future.  Requested time 1783989239.258468 but the latest data is at time 0.000000, when looking up transform from frame [base_link] to frame [odom]
[INFO] [1783989239.780596338] [local_costmap.local_costmap]: Timed out waiting for transform from base_link to odom to become available, tf error: Lookup would require extrapolation into the future.  Requested time 1783989239.757509 but the latest data is at time 0.000000, when looking up transform from frame [base_link] to frame [odom]
[INFO] [1783989240.280568646] [local_costmap.local_costmap]: Timed out waiting for transform from base_link to odom to become available, tf error: Lookup would require extrapolation into the future.  Requested time 1783989240.267540 but the latest data is at time 0.000000, when looking up transform from frame [base_link] to frame [odom]
[INFO] [1783989240.780567487] [local_costmap.local_costmap]: Timed out waiting for transform from base_link to odom to become available, tf error: Lookup would require extrapolation into the future.  Requested time 1783989240.767349 but the latest data is at time 0.000000, when looking up transform from frame [base_link] to frame [odom]
[INFO] [1783989241.280569676] [local_costmap.local_costmap]: Timed out waiting for transform from base_link to odom to become available, tf error: Lookup would require extrapolation into the future.  Requested time 1783989241.267264 but the latest data is at time 0.000000, when looking up transform from frame [base_link] to frame [odom]
[INFO] [1783989241.780570263] [local_costmap.local_costmap]: Timed out waiting for transform from base_link to odom to become available, tf error: Lookup would require extrapolation into the future.  Requested time 1783989241.767299 but the latest data is at time 0.000000, when looking up transform from frame [base_link] to frame [odom]
[INFO] [1783989242.280569587] [local_costmap.local_costmap]: Timed out waiting for transform from base_link to odom to become available, tf error: Lookup would require extrapolation into the future.  Requested time 1783989242.268267 but the latest data is at time 0.000000, when looking up transform from frame [base_link] to frame [odom]
[INFO] [1783989242.780562101] [local_costmap.local_costmap]: Timed out waiting for transform from base_link to odom to become available, tf error: Lookup would require extrapolation into the future.  Requested time 1783989242.767588 but the latest data is at time 0.000000, when looking up transform from frame [base_link] to frame [odom]
[INFO] [1783989243.280566837] [local_costmap.local_costmap]: Timed out waiting for transform from base_link to odom to become available, tf error: Lookup would require extrapolation into the future.  Requested time 1783989243.267353 but the latest data is at time 0.000000, when looking up transform from frame [base_link] to frame [odom]
[INFO] [1783989243.780591563] [local_costmap.local_costmap]: Timed out waiting for transform from base_link to odom to become available, tf error: Lookup would require extrapolation into the future.  Requested time 1783989243.767608 but the latest data is at time 0.000000, when looking up transform from frame [base_link] to frame [odom]
[INFO] [1783989244.281635525] [local_costmap.local_costmap]: Timed out waiting for transform from base_link to odom to become available, tf error: Lookup would require extrapolation into the future.  Requested time 1783989244.267518 but the latest data is at time 0.000000, when looking up transform from frame [base_link] to frame [odom]
[INFO] [1783989244.780573053] [local_costmap.local_costmap]: Timed out waiting for transform from base_link to odom to become available, tf error: Lookup would require extrapolation into the future.  Requested time 1783989244.777621 but the latest data is at time 1783989244.770255, when looking up transform from frame [base_link] to frame [odom]
[INFO] [1783989245.280581672] [local_costmap.local_costmap]: Timed out waiting for transform from base_link to odom to become available, tf error: Lookup would require extrapolation into the future.  Requested time 1783989245.277388 but the latest data is at time 1783989245.270226, when looking up transform from frame [base_link] to frame [odom]
[INFO] [1783989245.780578762] [local_costmap.local_costmap]: Timed out waiting for transform from base_link to odom to become available, tf error: Lookup would require extrapolation into the future.  Requested time 1783989245.777496 but the latest data is at time 1783989245.770234, when looking up transform from frame [base_link] to frame [odom]
[INFO] [1783989246.280591717] [local_costmap.local_costmap]: Timed out waiting for transform from base_link to odom to become available, tf error: Lookup would require extrapolation into the future.  Requested time 1783989246.197371 but the latest data is at time 0.000000, when looking up transform from frame [base_link] to frame [odom]
[INFO] [1783989246.780578625] [local_costmap.local_costmap]: Timed out waiting for transform from base_link to odom to become available, tf error: Lookup would require extrapolation into the future.  Requested time 1783989246.778528 but the latest data is at time 1783989246.770278, when looking up transform from frame [base_link] to frame [odom]
[INFO] [1783989247.280569623] [local_costmap.local_costmap]: Timed out waiting for transform from base_link to odom to become available, tf error: Lookup would require extrapolation into the future.  Requested time 1783989247.277107 but the latest data is at time 1783989247.270323, when looking up transform from frame [base_link] to frame [odom]
[INFO] [1783989247.780584694] [local_costmap.local_costmap]: Timed out waiting for transform from base_link to odom to become available, tf error: Lookup would require extrapolation into the future.  Requested time 1783989247.697687 but the latest data is at time 0.000000, when looking up transform from frame [base_link] to frame [odom]
[INFO] [1783989248.280581645] [local_costmap.local_costmap]: Timed out waiting for transform from base_link to odom to become available, tf error: Lookup would require extrapolation into the future.  Requested time 1783989248.197634 but the latest data is at time 0.000000, when looking up transform from frame [base_link] to frame [odom]
[INFO] [1783989248.780571172] [local_costmap.local_costmap]: Timed out waiting for transform from base_link to odom to become available, tf error: Lookup would require extrapolation into the future.  Requested time 1783989248.707462 but the latest data is at time 0.000000, when looking up transform from frame [base_link] to frame [odom]
[INFO] [1783989249.280580750] [local_costmap.local_costmap]: Timed out waiting for transform from base_link to odom to become available, tf error: Lookup would require extrapolation into the future.  Requested time 1783989249.197361 but the latest data is at time 0.000000, when looking up transform from frame [base_link] to frame [odom]
[INFO] [1783989249.780581117] [local_costmap.local_costmap]: Timed out waiting for transform from base_link to odom to become available, tf error: Lookup would require extrapolation into the future.  Requested time 1783989249.697671 but the latest data is at time 0.000000, when looking up transform from frame [base_link] to frame [odom]
[INFO] [1783989250.280582823] [local_costmap.local_costmap]: Timed out waiting for transform from base_link to odom to become available, tf error: Lookup would require extrapolation into the future.  Requested time 1783989250.207428 but the latest data is at time 0.000000, when looking up transform from frame [base_link] to frame [odom]
[INFO] [1783989250.780590228] [local_costmap.local_costmap]: Timed out waiting for transform from base_link to odom to become available, tf error: Lookup would require extrapolation into the future.  Requested time 1783989250.707396 but the latest data is at time 0.000000, when looking up transform from frame [base_link] to frame [odom]
[INFO] [1783989251.280578473] [local_costmap.local_costmap]: Timed out waiting for transform from base_link to odom to become available, tf error: Lookup would require extrapolation into the future.  Requested time 1783989251.207213 but the latest data is at time 0.000000, when looking up transform from frame [base_link] to frame [odom]
[INFO] [1783989251.780570162] [local_costmap.local_costmap]: Timed out waiting for transform from base_link to odom to become available, tf error: Lookup would require extrapolation into the future.  Requested time 1783989251.717587 but the latest data is at time 0.000000, when looking up transform from frame [base_link] to frame [odom]
[INFO] [1783989252.280570915] [local_costmap.local_costmap]: Timed out waiting for transform from base_link to odom to become available, tf error: Lookup would require extrapolation into the future.  Requested time 1783989252.207117 but the latest data is at time 0.000000, when looking up transform from frame [base_link] to frame [odom]
[INFO] [1783989252.780567617] [local_costmap.local_costmap]: Timed out waiting for transform from base_link to odom to become available, tf error: Lookup would require extrapolation into the future.  Requested time 1783989252.707463 but the latest data is at time 0.000000, when looking up transform from frame [base_link] to frame [odom]
[INFO] [1783989253.280565372] [local_costmap.local_costmap]: Timed out waiting for transform from base_link to odom to become available, tf error: Lookup would require extrapolation into the future.  Requested time 1783989253.217379 but the latest data is at time 0.000000, when looking up transform from frame [base_link] to frame [odom]
[INFO] [1783989253.780568369] [local_costmap.local_costmap]: Timed out waiting for transform from base_link to odom to become available, tf error: Lookup would require extrapolation into the future.  Requested time 1783989253.717775 but the latest data is at time 0.000000, when looking up transform from frame [base_link] to frame [odom]
[INFO] [1783989254.280579938] [local_costmap.local_costmap]: Timed out waiting for transform from base_link to odom to become available, tf error: Lookup would require extrapolation into the future.  Requested time 1783989254.217521 but the latest data is at time 0.000000, when looking up transform from frame [base_link] to frame [odom]
[INFO] [1783989254.780571282] [local_costmap.local_costmap]: Timed out waiting for transform from base_link to odom to become available, tf error: Lookup would require extrapolation into the future.  Requested time 1783989254.717704 but the latest data is at time 0.000000, when looking up transform from frame [base_link] to frame [odom]
[INFO] [1783989255.280568366] [local_costmap.local_costmap]: Timed out waiting for transform from base_link to odom to become available, tf error: Lookup would require extrapolation into the future.  Requested time 1783989255.217457 but the latest data is at time 0.000000, when looking up transform from frame [base_link] to frame [odom]
[INFO] [1783989255.780583466] [local_costmap.local_costmap]: Timed out waiting for transform from base_link to odom to become available, tf error: Lookup would require extrapolation into the future.  Requested time 1783989255.717409 but the latest data is at time 0.000000, when looking up transform from frame [base_link] to frame [odom]
[INFO] [1783989256.280563834] [local_costmap.local_costmap]: Timed out waiting for transform from base_link to odom to become available, tf error: Lookup would require extrapolation into the future.  Requested time 1783989256.218009 but the latest data is at time 0.000000, when looking up transform from frame [base_link] to frame [odom]
[INFO] [1783989256.780754529] [local_costmap.local_costmap]: Timed out waiting for transform from base_link to odom to become available, tf error: Lookup would require extrapolation into the future.  Requested time 1783989256.717507 but the latest data is at time 0.000000, when looking up transform from frame [base_link] to frame [odom]
[INFO] [1783989257.280564567] [local_costmap.local_costmap]: Timed out waiting for transform from base_link to odom to become available, tf error: Lookup would require extrapolation into the future.  Requested time 1783989257.227329 but the latest data is at time 0.000000, when looking up transform from frame [base_link] to frame [odom]
[INFO] [1783989257.780567721] [local_costmap.local_costmap]: Timed out waiting for transform from base_link to odom to become available, tf error: Lookup would require extrapolation into the future.  Requested time 1783989257.717641 but the latest data is at time 0.000000, when looking up transform from frame [base_link] to frame [odom]
[INFO] [1783989258.280567167] [local_costmap.local_costmap]: Timed out waiting for transform from base_link to odom to become available, tf error: Lookup would require extrapolation into the future.  Requested time 1783989258.218035 but the latest data is at time 0.000000, when looking up transform from frame [base_link] to frame [odom]
[INFO] [1783989258.780591544] [local_costmap.local_costmap]: Timed out waiting for transform from base_link to odom to become available, tf error: Lookup would require extrapolation into the future.  Requested time 1783989258.727727 but the latest data is at time 0.000000, when looking up transform from frame [base_link] to frame [odom]
[INFO] [1783989259.280563541] [local_costmap.local_costmap]: Timed out waiting for transform from base_link to odom to become available, tf error: Lookup would require extrapolation into the future.  Requested time 1783989259.227211 but the latest data is at time 0.000000, when looking up transform from frame [base_link] to frame [odom]
[INFO] [1783989259.780701815] [local_costmap.local_costmap]: Timed out waiting for transform from base_link to odom to become available, tf error: Lookup would require extrapolation into the future.  Requested time 1783989259.727883 but the latest data is at time 0.000000, when looking up transform from frame [base_link] to frame [odom]
[INFO] [1783989260.280565866] [local_costmap.local_costmap]: Timed out waiting for transform from base_link to odom to become available, tf error: Lookup would require extrapolation into the future.  Requested time 1783989260.227356 but the latest data is at time 0.000000, when looking up transform from frame [base_link] to frame [odom]
[INFO] [1783989260.780585297] [local_costmap.local_costmap]: Timed out waiting for transform from base_link to odom to become available, tf error: Lookup would require extrapolation into the future.  Requested time 1783989260.727434 but the latest data is at time 0.000000, when looking up transform from frame [base_link] to frame [odom]
[INFO] [1783989261.280568716] [local_costmap.local_costmap]: Timed out waiting for transform from base_link to odom to become available, tf error: Lookup would require extrapolation into the future.  Requested time 1783989261.228156 but the latest data is at time 0.000000, when looking up transform from frame [base_link] to frame [odom]
[INFO] [1783989261.780544034] [local_costmap.local_costmap]: Timed out waiting for transform from base_link to odom to become available, tf error: Lookup would require extrapolation into the future.  Requested time 1783989261.728760 but the latest data is at time 0.000000, when looking up transform from frame [base_link] to frame [odom]
[INFO] [1783989262.280654767] [local_costmap.local_costmap]: Timed out waiting for transform from base_link to odom to become available, tf error: Lookup would require extrapolation into the future.  Requested time 1783989262.147957 but the latest data is at time 0.000000, when looking up transform from frame [base_link] to frame [odom]
