[INFO] [1784033542.773147258] [lifecycle_manager_navigation]: Creating
[INFO] [1784033542.942742438] [lifecycle_manager_navigation]: [34m[1mCreating and initializing lifecycle service clients[0m[0m
[INFO] [1784033543.784973350] [lifecycle_manager_navigation]: [34m[1mStarting managed nodes bringup...[0m[0m
[INFO] [1784033543.786154473] [lifecycle_manager_navigation]: [34m[1mConfiguring map_server[0m[0m
[INFO] [1784033544.046784649] [lifecycle_manager_navigation]: [34m[1mConfiguring controller_server[0m[0m
[INFO] [1784033545.458491281] [lifecycle_manager_navigation]: [34m[1mConfiguring planner_server[0m[0m
[INFO] [1784033546.348189953] [lifecycle_manager_navigation]: [34m[1mConfiguring behavior_server[0m[0m
[INFO] [1784033547.309947977] [lifecycle_manager_navigation]: [34m[1mConfiguring bt_navigator[0m[0m
[INFO] [1784033549.316639584] [lifecycle_manager_navigation]: [34m[1mConfiguring waypoint_follower[0m[0m
[INFO] [1784033549.642707851] [lifecycle_manager_navigation]: [34m[1mActivating map_server[0m[0m
[INFO] [1784033549.778062435] [lifecycle_manager_navigation]: Server map_server connected with bond.
[INFO] [1784033549.778182645] [lifecycle_manager_navigation]: [34m[1mActivating controller_server[0m[0m
[INFO] [1784033550.005861578] [lifecycle_manager_navigation]: Server controller_server connected with bond.
[INFO] [1784033550.006015053] [lifecycle_manager_navigation]: [34m[1mActivating planner_server[0m[0m
[INFO] [1784033550.226316172] [lifecycle_manager_navigation]: Server planner_server connected with bond.
[INFO] [1784033550.226534882] [lifecycle_manager_navigation]: [34m[1mActivating behavior_server[0m[0m
[INFO] [1784033550.427536491] [lifecycle_manager_navigation]: Server behavior_server connected with bond.
[INFO] [1784033550.427641628] [lifecycle_manager_navigation]: [34m[1mActivating bt_navigator[0m[0m
[INFO] [1784033551.675621998] [lifecycle_manager_navigation]: Server bt_navigator connected with bond.
[INFO] [1784033551.675783850] [lifecycle_manager_navigation]: [34m[1mActivating waypoint_follower[0m[0m
[INFO] [1784033551.862079090] [lifecycle_manager_navigation]: Server waypoint_follower connected with bond.
[INFO] [1784033551.862173714] [lifecycle_manager_navigation]: [34m[1mManaged nodes are active[0m[0m
[INFO] [1784033551.862223313] [lifecycle_manager_navigation]: [34m[1mCreating bond timer...[0m[0m
