[INFO] [1784124998.133753191] [lifecycle_manager_navigation]: Creating
[INFO] [1784124998.210802098] [lifecycle_manager_navigation]: [34m[1mCreating and initializing lifecycle service clients[0m[0m
[INFO] [1784124998.259816558] [lifecycle_manager_navigation]: [34m[1mStarting managed nodes bringup...[0m[0m
[INFO] [1784124998.259893730] [lifecycle_manager_navigation]: [34m[1mConfiguring map_server[0m[0m
[INFO] [1784124998.331826315] [lifecycle_manager_navigation]: [34m[1mConfiguring controller_server[0m[0m
[INFO] [1784124998.538578694] [lifecycle_manager_navigation]: [34m[1mConfiguring planner_server[0m[0m
[INFO] [1784124998.717158446] [lifecycle_manager_navigation]: [34m[1mConfiguring behavior_server[0m[0m
[INFO] [1784124998.955232357] [lifecycle_manager_navigation]: [34m[1mConfiguring bt_navigator[0m[0m
[INFO] [1784124999.144132011] [lifecycle_manager_navigation]: [34m[1mConfiguring waypoint_follower[0m[0m
[INFO] [1784124999.198407587] [lifecycle_manager_navigation]: [34m[1mActivating map_server[0m[0m
[INFO] [1784124999.326065597] [lifecycle_manager_navigation]: Server map_server connected with bond.
[INFO] [1784124999.326150021] [lifecycle_manager_navigation]: [34m[1mActivating controller_server[0m[0m
[INFO] [1784124999.547960692] [lifecycle_manager_navigation]: Server controller_server connected with bond.
[INFO] [1784124999.548026023] [lifecycle_manager_navigation]: [34m[1mActivating planner_server[0m[0m
[INFO] [1784124999.723941035] [lifecycle_manager_navigation]: Server planner_server connected with bond.
[INFO] [1784124999.724008189] [lifecycle_manager_navigation]: [34m[1mActivating behavior_server[0m[0m
[INFO] [1784124999.834851634] [lifecycle_manager_navigation]: Server behavior_server connected with bond.
[INFO] [1784124999.834971299] [lifecycle_manager_navigation]: [34m[1mActivating bt_navigator[0m[0m
[INFO] [1784125000.182985534] [lifecycle_manager_navigation]: Server bt_navigator connected with bond.
[INFO] [1784125000.183076207] [lifecycle_manager_navigation]: [34m[1mActivating waypoint_follower[0m[0m
[INFO] [1784125000.298274888] [lifecycle_manager_navigation]: Server waypoint_follower connected with bond.
[INFO] [1784125000.298329791] [lifecycle_manager_navigation]: [34m[1mManaged nodes are active[0m[0m
[INFO] [1784125000.298346843] [lifecycle_manager_navigation]: [34m[1mCreating bond timer...[0m[0m
[INFO] [1784125056.906860012] [rclcpp]: signal_handler(SIGINT/SIGTERM)
[INFO] [1784125056.906946724] [lifecycle_manager_navigation]: Running Nav2 LifecycleManager rcl preshutdown (lifecycle_manager_navigation)
[INFO] [1784125056.906992974] [lifecycle_manager_navigation]: [34m[1mTerminating bond timer...[0m[0m
