[INFO] [1784033982.838074537] [lifecycle_manager_navigation]: Creating
[INFO] [1784033983.558211468] [lifecycle_manager_navigation]: [34m[1mCreating and initializing lifecycle service clients[0m[0m
[INFO] [1784033983.961146004] [lifecycle_manager_navigation]: [34m[1mStarting managed nodes bringup...[0m[0m
[INFO] [1784033983.961297651] [lifecycle_manager_navigation]: [34m[1mConfiguring map_server[0m[0m
[INFO] [1784033984.270737472] [lifecycle_manager_navigation]: [34m[1mConfiguring controller_server[0m[0m
[INFO] [1784033984.841825830] [lifecycle_manager_navigation]: [34m[1mConfiguring planner_server[0m[0m
[INFO] [1784033985.648237616] [lifecycle_manager_navigation]: [34m[1mConfiguring behavior_server[0m[0m
[INFO] [1784033986.040915929] [lifecycle_manager_navigation]: [34m[1mConfiguring bt_navigator[0m[0m
[INFO] [1784033987.979204859] [lifecycle_manager_navigation]: [34m[1mConfiguring waypoint_follower[0m[0m
[INFO] [1784033988.386290688] [lifecycle_manager_navigation]: [34m[1mActivating map_server[0m[0m
[INFO] [1784033988.561213234] [lifecycle_manager_navigation]: Server map_server connected with bond.
[INFO] [1784033988.561311539] [lifecycle_manager_navigation]: [34m[1mActivating controller_server[0m[0m
[INFO] [1784033988.843245505] [lifecycle_manager_navigation]: Server controller_server connected with bond.
[INFO] [1784033988.843386640] [lifecycle_manager_navigation]: [34m[1mActivating planner_server[0m[0m
[INFO] [1784033989.358410256] [lifecycle_manager_navigation]: Server planner_server connected with bond.
[INFO] [1784033989.358510302] [lifecycle_manager_navigation]: [34m[1mActivating behavior_server[0m[0m
[INFO] [1784033989.576084051] [lifecycle_manager_navigation]: Server behavior_server connected with bond.
[INFO] [1784033989.576197801] [lifecycle_manager_navigation]: [34m[1mActivating bt_navigator[0m[0m
[INFO] [1784033990.807486455] [lifecycle_manager_navigation]: Server bt_navigator connected with bond.
[INFO] [1784033990.807602749] [lifecycle_manager_navigation]: [34m[1mActivating waypoint_follower[0m[0m
[INFO] [1784033990.941421209] [lifecycle_manager_navigation]: Server waypoint_follower connected with bond.
[INFO] [1784033990.941525731] [lifecycle_manager_navigation]: [34m[1mManaged nodes are active[0m[0m
[INFO] [1784033990.941575196] [lifecycle_manager_navigation]: [34m[1mCreating bond timer...[0m[0m
