[INFO] [1784053972.466306835] [lifecycle_manager_navigation]: Creating
[INFO] [1784053972.645644856] [lifecycle_manager_navigation]: [34m[1mCreating and initializing lifecycle service clients[0m[0m
[INFO] [1784053972.769503418] [lifecycle_manager_navigation]: [34m[1mStarting managed nodes bringup...[0m[0m
[INFO] [1784053972.769675442] [lifecycle_manager_navigation]: [34m[1mConfiguring map_server[0m[0m
[INFO] [1784053972.974651107] [lifecycle_manager_navigation]: [34m[1mConfiguring controller_server[0m[0m
[INFO] [1784053973.744114396] [lifecycle_manager_navigation]: [34m[1mConfiguring planner_server[0m[0m
[INFO] [1784053974.003085901] [lifecycle_manager_navigation]: [34m[1mConfiguring behavior_server[0m[0m
[INFO] [1784053974.809432652] [lifecycle_manager_navigation]: [34m[1mConfiguring bt_navigator[0m[0m
[INFO] [1784053977.064254151] [lifecycle_manager_navigation]: [34m[1mConfiguring waypoint_follower[0m[0m
[INFO] [1784053977.334386400] [lifecycle_manager_navigation]: [34m[1mActivating map_server[0m[0m
[INFO] [1784053977.473040022] [lifecycle_manager_navigation]: Server map_server connected with bond.
[INFO] [1784053977.473148228] [lifecycle_manager_navigation]: [34m[1mActivating controller_server[0m[0m
[INFO] [1784053977.705312593] [lifecycle_manager_navigation]: Server controller_server connected with bond.
[INFO] [1784053977.705421303] [lifecycle_manager_navigation]: [34m[1mActivating planner_server[0m[0m
[INFO] [1784053977.921814137] [lifecycle_manager_navigation]: Server planner_server connected with bond.
[INFO] [1784053977.921912134] [lifecycle_manager_navigation]: [34m[1mActivating behavior_server[0m[0m
[INFO] [1784053978.079279164] [lifecycle_manager_navigation]: Server behavior_server connected with bond.
[INFO] [1784053978.079377763] [lifecycle_manager_navigation]: [34m[1mActivating bt_navigator[0m[0m
[INFO] [1784053979.160878078] [lifecycle_manager_navigation]: Server bt_navigator connected with bond.
[INFO] [1784053979.161040548] [lifecycle_manager_navigation]: [34m[1mActivating waypoint_follower[0m[0m
[INFO] [1784053979.307868316] [lifecycle_manager_navigation]: Server waypoint_follower connected with bond.
[INFO] [1784053979.307979357] [lifecycle_manager_navigation]: [34m[1mManaged nodes are active[0m[0m
[INFO] [1784053979.308868607] [lifecycle_manager_navigation]: [34m[1mCreating bond timer...[0m[0m
[INFO] [1784054042.309261641] [lifecycle_manager_navigation]: [34m[1mHave not received a heartbeat from controller_server.[0m[0m
[ERROR] [1784054042.309402982] [lifecycle_manager_navigation]: CRITICAL FAILURE: SERVER controller_server IS DOWN after not receiving a heartbeat for 4000 ms. Shutting down related nodes.
[INFO] [1784054042.309538059] [lifecycle_manager_navigation]: [34m[1mTerminating bond timer...[0m[0m
[INFO] [1784054042.309585645] [lifecycle_manager_navigation]: [34m[1mResetting managed nodes...[0m[0m
[INFO] [1784054042.309625430] [lifecycle_manager_navigation]: [34m[1mDeactivating waypoint_follower[0m[0m
[INFO] [1784054042.538459876] [lifecycle_manager_navigation]: [34m[1mDeactivating bt_navigator[0m[0m
[INFO] [1784054042.800967711] [lifecycle_manager_navigation]: [34m[1mDeactivating behavior_server[0m[0m
[INFO] [1784054043.030122978] [lifecycle_manager_navigation]: [34m[1mDeactivating planner_server[0m[0m
[INFO] [1784054043.738447502] [rclcpp]: signal_handler(SIGINT/SIGTERM)
[INFO] [1784054043.738767678] [lifecycle_manager_navigation]: Running Nav2 LifecycleManager rcl preshutdown (lifecycle_manager_navigation)
[ERROR] [1784054045.046481040] [lifecycle_manager_navigation]: Failed to change state for node: planner_server. Exception: planner_server/get_state service client: async_send_request failed.
[INFO] [1784054045.048238333] [lifecycle_manager_navigation]: [34m[1mManaged nodes have been reset[0m[0m
