[INFO] [1784102377.080387192] [map_server]: 
	map_server lifecycle node launched. 
	Waiting on external lifecycle transitions to activate
	See https://design.ros2.org/articles/node_lifecycle.html for more information.
[INFO] [1784102377.081048687] [map_server]: Creating
[INFO] [1784102382.394460520] [map_server]: Configuring
[INFO] [1784102382.394559796] [map_io]: Loading yaml file: /home/gsing/2026_Gsing-second_ROS/map/map.yaml
[INFO] [1784102382.395814976] [map_io]: resolution: 0.05
[INFO] [1784102382.395843552] [map_io]: origin[0]: -0.131
[INFO] [1784102382.395852468] [map_io]: origin[1]: -2.121
[INFO] [1784102382.395859983] [map_io]: origin[2]: 0
[INFO] [1784102382.395867317] [map_io]: free_thresh: 0.196
[INFO] [1784102382.395874562] [map_io]: occupied_thresh: 0.65
[INFO] [1784102382.395882672] [map_io]: mode: trinary
[INFO] [1784102382.395891107] [map_io]: negate: 0
[INFO] [1784102382.423946705] [map_io]: Loading image_file: /home/gsing/2026_Gsing-second_ROS/map/map.pgm
[INFO] [1784102382.450259390] [map_io]: Read map /home/gsing/2026_Gsing-second_ROS/map/map.pgm: 125 X 89 map @ 0.05 m/cell
[INFO] [1784102383.280281179] [map_server]: Activating
[INFO] [1784102383.280864622] [map_server]: Creating bond (map_server) to lifecycle manager.
[INFO] [1784102423.967599893] [rclcpp]: signal_handler(SIGINT/SIGTERM)
[INFO] [1784102423.967698264] [map_server]: Running Nav2 LifecycleNode rcl preshutdown (map_server)
[INFO] [1784102423.967781635] [map_server]: Deactivating
[INFO] [1784102423.967807895] [map_server]: Destroying bond (map_server) to lifecycle manager.
[INFO] [1784102424.009022920] [map_server]: Cleaning up
[INFO] [1784102424.009108290] [map_server]: Destroying bond (map_server) to lifecycle manager.
