[INFO] [1784110794.066475829] [map_server]: 
	map_server lifecycle node launched. 
	Waiting on external lifecycle transitions to activate
	See https://design.ros2.org/articles/node_lifecycle.html for more information.
[INFO] [1784110794.071388259] [map_server]: Creating
[INFO] [1784110800.003952270] [map_server]: Configuring
[INFO] [1784110800.004225703] [map_io]: Loading yaml file: /home/gsing/2026_Gsing-second_ROS/map/map.yaml
[INFO] [1784110800.005738861] [map_io]: resolution: 0.05
[INFO] [1784110800.005778255] [map_io]: origin[0]: -0.131
[INFO] [1784110800.005788213] [map_io]: origin[1]: -2.121
[INFO] [1784110800.005796148] [map_io]: origin[2]: 0
[INFO] [1784110800.005803991] [map_io]: free_thresh: 0.196
[INFO] [1784110800.005811857] [map_io]: occupied_thresh: 0.65
[INFO] [1784110800.005820038] [map_io]: mode: trinary
[INFO] [1784110800.005829004] [map_io]: negate: 0
[INFO] [1784110800.018733364] [map_io]: Loading image_file: /home/gsing/2026_Gsing-second_ROS/map/map.pgm
[INFO] [1784110800.026093600] [map_io]: Read map /home/gsing/2026_Gsing-second_ROS/map/map.pgm: 125 X 89 map @ 0.05 m/cell
[INFO] [1784110801.528491439] [map_server]: Activating
[INFO] [1784110801.529015071] [map_server]: Creating bond (map_server) to lifecycle manager.
[INFO] [1784110837.191726342] [rclcpp]: signal_handler(SIGINT/SIGTERM)
[INFO] [1784110837.191884195] [map_server]: Running Nav2 LifecycleNode rcl preshutdown (map_server)
[INFO] [1784110837.208211635] [map_server]: Deactivating
[INFO] [1784110837.217054895] [map_server]: Destroying bond (map_server) to lifecycle manager.
[INFO] [1784110837.245240457] [map_server]: Cleaning up
[INFO] [1784110837.245328516] [map_server]: Destroying bond (map_server) to lifecycle manager.
