[INFO] [1784060193.801046952] [map_server]: 
	map_server lifecycle node launched. 
	Waiting on external lifecycle transitions to activate
	See https://design.ros2.org/articles/node_lifecycle.html for more information.
[INFO] [1784060193.805434156] [map_server]: Creating
[INFO] [1784060200.210787930] [map_server]: Configuring
[INFO] [1784060200.210957540] [map_io]: Loading yaml file: /home/gsing/2026Gsing/2026_Gsing-second_ROS/map/PCD31.yaml
[INFO] [1784060200.213073885] [map_io]: resolution: 0.05
[INFO] [1784060200.213135746] [map_io]: origin[0]: -0.006
[INFO] [1784060200.213164894] [map_io]: origin[1]: -1.132
[INFO] [1784060200.213189519] [map_io]: origin[2]: 0
[INFO] [1784060200.213214419] [map_io]: free_thresh: 0.196
[INFO] [1784060200.213239799] [map_io]: occupied_thresh: 0.65
[INFO] [1784060200.213267604] [map_io]: mode: trinary
[INFO] [1784060200.213291472] [map_io]: negate: 0
[INFO] [1784060200.251459124] [map_io]: Loading image_file: /home/gsing/2026Gsing/2026_Gsing-second_ROS/map/PCD31.pgm
[INFO] [1784060200.266176067] [map_io]: Read map /home/gsing/2026Gsing/2026_Gsing-second_ROS/map/PCD31.pgm: 55 X 42 map @ 0.05 m/cell
[INFO] [1784060204.841059050] [map_server]: Activating
[INFO] [1784060204.846540790] [map_server]: Creating bond (map_server) to lifecycle manager.
[WARN] [1784060439.033620622] [rcl_lifecycle]: No transition matching 1 found for current state active
[WARN] [1784060439.033682424] [rcl_lifecycle]: No transition matching 1 found for current state active
[ERROR] [1784060439.039841811] [map_server]: Unable to start transition 1 from current state active: Transition is not registered., at ./src/rcl_lifecycle.c:355
