[INFO] [1784109830.905589635] [map_server]: 
	map_server lifecycle node launched. 
	Waiting on external lifecycle transitions to activate
	See https://design.ros2.org/articles/node_lifecycle.html for more information.
[INFO] [1784109830.906722572] [map_server]: Creating
[INFO] [1784109836.552738992] [map_server]: Configuring
[INFO] [1784109836.552855344] [map_io]: Loading yaml file: /home/gsing/2026_Gsing-second_ROS/map/map.yaml
[INFO] [1784109836.555213518] [map_io]: resolution: 0.05
[INFO] [1784109836.555244165] [map_io]: origin[0]: -0.131
[INFO] [1784109836.555254154] [map_io]: origin[1]: -2.121
[INFO] [1784109836.555262578] [map_io]: origin[2]: 0
[INFO] [1784109836.555270424] [map_io]: free_thresh: 0.196
[INFO] [1784109836.555278231] [map_io]: occupied_thresh: 0.65
[INFO] [1784109836.555288030] [map_io]: mode: trinary
[INFO] [1784109836.555297753] [map_io]: negate: 0
[INFO] [1784109836.572453074] [map_io]: Loading image_file: /home/gsing/2026_Gsing-second_ROS/map/map.pgm
[INFO] [1784109836.580189035] [map_io]: Read map /home/gsing/2026_Gsing-second_ROS/map/map.pgm: 125 X 89 map @ 0.05 m/cell
[INFO] [1784109837.802718460] [map_server]: Activating
[INFO] [1784109837.806316594] [map_server]: Creating bond (map_server) to lifecycle manager.
[INFO] [1784109929.168062475] [rclcpp]: signal_handler(SIGINT/SIGTERM)
[INFO] [1784109929.168177808] [map_server]: Running Nav2 LifecycleNode rcl preshutdown (map_server)
[INFO] [1784109929.168262572] [map_server]: Deactivating
[INFO] [1784109929.168291794] [map_server]: Destroying bond (map_server) to lifecycle manager.
[INFO] [1784109929.212702366] [map_server]: Cleaning up
[INFO] [1784109929.212782189] [map_server]: Destroying bond (map_server) to lifecycle manager.
