[INFO] [1784110120.908371816] [map_server]: 
	map_server lifecycle node launched. 
	Waiting on external lifecycle transitions to activate
	See https://design.ros2.org/articles/node_lifecycle.html for more information.
[INFO] [1784110120.909044877] [map_server]: Creating
[INFO] [1784110126.891140294] [map_server]: Configuring
[INFO] [1784110126.892080914] [map_io]: Loading yaml file: /home/gsing/2026_Gsing-second_ROS/map/map.yaml
[INFO] [1784110126.896716165] [map_io]: resolution: 0.05
[INFO] [1784110126.897273906] [map_io]: origin[0]: -0.131
[INFO] [1784110126.897309230] [map_io]: origin[1]: -2.121
[INFO] [1784110126.897319042] [map_io]: origin[2]: 0
[INFO] [1784110126.897328185] [map_io]: free_thresh: 0.196
[INFO] [1784110126.897336854] [map_io]: occupied_thresh: 0.65
[INFO] [1784110126.897350334] [map_io]: mode: trinary
[INFO] [1784110126.897361592] [map_io]: negate: 0
[INFO] [1784110126.904168619] [map_io]: Loading image_file: /home/gsing/2026_Gsing-second_ROS/map/map.pgm
[INFO] [1784110126.923798769] [map_io]: Read map /home/gsing/2026_Gsing-second_ROS/map/map.pgm: 125 X 89 map @ 0.05 m/cell
[INFO] [1784110128.272352060] [map_server]: Activating
[INFO] [1784110128.275522255] [map_server]: Creating bond (map_server) to lifecycle manager.
[INFO] [1784110149.293443545] [rclcpp]: signal_handler(SIGINT/SIGTERM)
[INFO] [1784110149.293608449] [map_server]: Running Nav2 LifecycleNode rcl preshutdown (map_server)
[INFO] [1784110149.307052398] [map_server]: Deactivating
[INFO] [1784110149.307149468] [map_server]: Destroying bond (map_server) to lifecycle manager.
[INFO] [1784110149.347512034] [map_server]: Cleaning up
[INFO] [1784110149.347619705] [map_server]: Destroying bond (map_server) to lifecycle manager.
