[INFO] [1784101457.618801288] [map_server]: 
	map_server lifecycle node launched. 
	Waiting on external lifecycle transitions to activate
	See https://design.ros2.org/articles/node_lifecycle.html for more information.
[INFO] [1784101457.619000431] [map_server]: Creating
[INFO] [1784101463.099952529] [map_server]: Configuring
[INFO] [1784101463.100109706] [map_io]: Loading yaml file: /home/gsing/2026_Gsing-second_ROS/map/map.yaml
[INFO] [1784101463.100900234] [map_io]: resolution: 0.05
[INFO] [1784101463.100922827] [map_io]: origin[0]: -0.131
[INFO] [1784101463.100933452] [map_io]: origin[1]: -2.121
[INFO] [1784101463.101091047] [map_io]: origin[2]: 0
[INFO] [1784101463.101342979] [map_io]: free_thresh: 0.196
[INFO] [1784101463.101355443] [map_io]: occupied_thresh: 0.65
[INFO] [1784101463.101367167] [map_io]: mode: trinary
[INFO] [1784101463.101867665] [map_io]: negate: 0
[INFO] [1784101463.102941758] [map_io]: Loading image_file: /home/gsing/2026_Gsing-second_ROS/map/map.pgm
[INFO] [1784101463.107421562] [map_io]: Read map /home/gsing/2026_Gsing-second_ROS/map/map.pgm: 125 X 89 map @ 0.05 m/cell
[INFO] [1784101523.270667481] [rclcpp]: signal_handler(SIGINT/SIGTERM)
[INFO] [1784101523.270808767] [map_server]: Running Nav2 LifecycleNode rcl preshutdown (map_server)
[INFO] [1784101523.270898428] [map_server]: Cleaning up
[INFO] [1784101523.270983317] [map_server]: Destroying bond (map_server) to lifecycle manager.
