[INFO] [1784030368.703401563] [planner_server]: 
	planner_server lifecycle node launched. 
	Waiting on external lifecycle transitions to activate
	See https://design.ros2.org/articles/node_lifecycle.html for more information.
[INFO] [1784030368.753112252] [planner_server]: Creating
[INFO] [1784030369.018517275] [global_costmap.global_costmap]: 
	global_costmap lifecycle node launched. 
	Waiting on external lifecycle transitions to activate
	See https://design.ros2.org/articles/node_lifecycle.html for more information.
[INFO] [1784030369.036403141] [global_costmap.global_costmap]: Creating Costmap
[INFO] [1784030371.686699126] [planner_server]: Configuring
[INFO] [1784030371.687653142] [global_costmap.global_costmap]: Configuring
[INFO] [1784030371.860558955] [global_costmap.global_costmap]: Using plugin "static_layer"
[INFO] [1784030371.938459852] [global_costmap.global_costmap]: Subscribing to the map topic (/map) with transient local durability
[INFO] [1784030371.991125460] [global_costmap.global_costmap]: Initialized plugin "static_layer"
[INFO] [1784030372.507413452] [planner_server]: Created global planner plugin GridBased of type nav2_navfn_planner::NavfnPlanner
[INFO] [1784030372.507638137] [planner_server]: Configuring plugin GridBased of type NavfnPlanner
[INFO] [1784030372.550986950] [planner_server]: Planner Server has GridBased  planners available.
[INFO] [1784030376.810082807] [global_costmap.global_costmap]: StaticLayer: Resizing costmap to 57 X 42 at 0.050000 m/pix
[INFO] [1784030377.223652291] [planner_server]: Activating
[INFO] [1784030377.223771114] [global_costmap.global_costmap]: Activating
[INFO] [1784030377.223816408] [global_costmap.global_costmap]: Checking transform
[INFO] [1784030377.227467241] [global_costmap.global_costmap]: start
[INFO] [1784030377.579427289] [planner_server]: Activating plugin GridBased of type NavfnPlanner
[INFO] [1784030377.594144244] [planner_server]: Creating bond (planner_server) to lifecycle manager.
[INFO] [1784030422.225501901] [rclcpp]: signal_handler(SIGINT/SIGTERM)
[INFO] [1784030422.225648253] [planner_server]: Running Nav2 LifecycleNode rcl preshutdown (planner_server)
[INFO] [1784030422.225816382] [planner_server]: Deactivating
[INFO] [1784030422.225925465] [global_costmap.global_costmap]: Deactivating
[WARN] [1784030422.352630790] [rcl_lifecycle]: No transition matching 4 found for current state deactivating
[WARN] [1784030422.352689645] [rcl_lifecycle]: No transition matching 4 found for current state deactivating
[ERROR] [1784030422.352723722] [planner_server]: Unable to start transition 4 from current state deactivating: Transition is not registered., at ./src/rcl_lifecycle.c:355
[INFO] [1784030422.561942863] [planner_server]: Deactivating plugin GridBased of type NavfnPlanner
[INFO] [1784030422.562165096] [planner_server]: Destroying bond (planner_server) to lifecycle manager.
[INFO] [1784030422.584210413] [planner_server]: Cleaning up
[INFO] [1784030422.825377977] [global_costmap.global_costmap]: Cleaning up
[INFO] [1784030422.942246851] [planner_server]: Cleaning up plugin GridBased of type NavfnPlanner
[INFO] [1784030422.944364227] [planner_server]: Destroying plugin GridBased of type NavfnPlanner
[INFO] [1784030423.199771490] [planner_server]: Destroying bond (planner_server) to lifecycle manager.
