[INFO] [1784028821.486703320] [planner_server]: 
	planner_server lifecycle node launched. 
	Waiting on external lifecycle transitions to activate
	See https://design.ros2.org/articles/node_lifecycle.html for more information.
[INFO] [1784028821.739893158] [planner_server]: Creating
[INFO] [1784028821.860741050] [global_costmap.global_costmap]: 
	global_costmap lifecycle node launched. 
	Waiting on external lifecycle transitions to activate
	See https://design.ros2.org/articles/node_lifecycle.html for more information.
[INFO] [1784028821.901911250] [global_costmap.global_costmap]: Creating Costmap
[INFO] [1784028824.003480632] [planner_server]: Configuring
[INFO] [1784028824.003602844] [global_costmap.global_costmap]: Configuring
[INFO] [1784028824.063300035] [global_costmap.global_costmap]: Using plugin "static_layer"
[INFO] [1784028824.106257983] [global_costmap.global_costmap]: Subscribing to the map topic (/map) with transient local durability
[INFO] [1784028824.111890977] [global_costmap.global_costmap]: Initialized plugin "static_layer"
[INFO] [1784028824.248272435] [planner_server]: Created global planner plugin GridBased of type nav2_navfn_planner::NavfnPlanner
[INFO] [1784028824.253589769] [planner_server]: Configuring plugin GridBased of type NavfnPlanner
[INFO] [1784028824.271547102] [planner_server]: Planner Server has GridBased  planners available.
[INFO] [1784028826.615076671] [global_costmap.global_costmap]: StaticLayer: Resizing costmap to 57 X 42 at 0.050000 m/pix
[INFO] [1784028826.925069706] [planner_server]: Activating
[INFO] [1784028826.925180959] [global_costmap.global_costmap]: Activating
[INFO] [1784028826.925263355] [global_costmap.global_costmap]: Checking transform
[INFO] [1784028826.925612070] [global_costmap.global_costmap]: start
[INFO] [1784028826.979429255] [planner_server]: Activating plugin GridBased of type NavfnPlanner
[INFO] [1784028826.987161223] [planner_server]: Creating bond (planner_server) to lifecycle manager.
