[INFO] [1784062481.587373169] [planner_server]: 
	planner_server lifecycle node launched. 
	Waiting on external lifecycle transitions to activate
	See https://design.ros2.org/articles/node_lifecycle.html for more information.
[INFO] [1784062481.655510050] [planner_server]: Creating
[INFO] [1784062481.719213861] [global_costmap.global_costmap]: 
	global_costmap lifecycle node launched. 
	Waiting on external lifecycle transitions to activate
	See https://design.ros2.org/articles/node_lifecycle.html for more information.
[INFO] [1784062481.738459732] [global_costmap.global_costmap]: Creating Costmap
[INFO] [1784062483.164605284] [planner_server]: Configuring
[INFO] [1784062483.164791083] [global_costmap.global_costmap]: Configuring
[INFO] [1784062483.336390570] [global_costmap.global_costmap]: Using plugin "static_layer"
[INFO] [1784062483.419534982] [global_costmap.global_costmap]: Subscribing to the map topic (/map) with transient local durability
[INFO] [1784062483.451746884] [global_costmap.global_costmap]: Initialized plugin "static_layer"
[INFO] [1784062483.592663096] [planner_server]: Created global planner plugin GridBased of type nav2_navfn_planner::NavfnPlanner
[INFO] [1784062483.592784279] [planner_server]: Configuring plugin GridBased of type NavfnPlanner
[INFO] [1784062483.598470094] [planner_server]: Planner Server has GridBased  planners available.
[INFO] [1784062486.751080085] [global_costmap.global_costmap]: StaticLayer: Resizing costmap to 55 X 42 at 0.050000 m/pix
[INFO] [1784062487.164917812] [planner_server]: Activating
[INFO] [1784062487.165068894] [global_costmap.global_costmap]: Activating
[INFO] [1784062487.165114051] [global_costmap.global_costmap]: Checking transform
[INFO] [1784062487.165468090] [global_costmap.global_costmap]: start
[WARN] [1784062487.504600534] [nav2_costmap_2d]: Robot is out of bounds of the costmap
[INFO] [1784062487.517920686] [planner_server]: Activating plugin GridBased of type NavfnPlanner
[INFO] [1784062487.519510466] [planner_server]: Creating bond (planner_server) to lifecycle manager.
[INFO] [1784062617.895767719] [rclcpp]: signal_handler(SIGINT/SIGTERM)
[INFO] [1784062617.896005515] [planner_server]: Running Nav2 LifecycleNode rcl preshutdown (planner_server)
[INFO] [1784062617.896232966] [planner_server]: Deactivating
[INFO] [1784062617.896338479] [global_costmap.global_costmap]: Deactivating
[INFO] [1784062618.175171259] [planner_server]: Deactivating plugin GridBased of type NavfnPlanner
[INFO] [1784062618.175287943] [planner_server]: Destroying bond (planner_server) to lifecycle manager.
[INFO] [1784062618.199853944] [planner_server]: Cleaning up
[INFO] [1784062618.370655400] [global_costmap.global_costmap]: Cleaning up
[INFO] [1784062618.415854084] [planner_server]: Cleaning up plugin GridBased of type NavfnPlanner
[INFO] [1784062618.416122790] [planner_server]: Destroying plugin GridBased of type NavfnPlanner
[INFO] [1784062618.590933367] [planner_server]: Destroying bond (planner_server) to lifecycle manager.
