[INFO] [1784052105.773482737] [planner_server]: 
	planner_server lifecycle node launched. 
	Waiting on external lifecycle transitions to activate
	See https://design.ros2.org/articles/node_lifecycle.html for more information.
[INFO] [1784052105.892967874] [planner_server]: Creating
[INFO] [1784052106.300667089] [global_costmap.global_costmap]: 
	global_costmap lifecycle node launched. 
	Waiting on external lifecycle transitions to activate
	See https://design.ros2.org/articles/node_lifecycle.html for more information.
[INFO] [1784052106.317241189] [global_costmap.global_costmap]: Creating Costmap
[INFO] [1784052107.759961133] [planner_server]: Configuring
[INFO] [1784052107.760082818] [global_costmap.global_costmap]: Configuring
[INFO] [1784052107.874837467] [global_costmap.global_costmap]: Using plugin "static_layer"
[INFO] [1784052108.022956160] [global_costmap.global_costmap]: Subscribing to the map topic (/map) with transient local durability
[INFO] [1784052108.057745518] [global_costmap.global_costmap]: Initialized plugin "static_layer"
[INFO] [1784052108.596901916] [planner_server]: Created global planner plugin GridBased of type nav2_navfn_planner::NavfnPlanner
[INFO] [1784052108.611002207] [planner_server]: Configuring plugin GridBased of type NavfnPlanner
[INFO] [1784052108.616488140] [planner_server]: Planner Server has GridBased  planners available.
[INFO] [1784052111.547555238] [global_costmap.global_costmap]: StaticLayer: Resizing costmap to 57 X 41 at 0.050000 m/pix
[INFO] [1784052112.048979351] [planner_server]: Activating
[INFO] [1784052112.049112594] [global_costmap.global_costmap]: Activating
[INFO] [1784052112.049156680] [global_costmap.global_costmap]: Checking transform
[INFO] [1784052112.049540083] [global_costmap.global_costmap]: start
[INFO] [1784052112.104592877] [planner_server]: Activating plugin GridBased of type NavfnPlanner
[INFO] [1784052112.126725735] [planner_server]: Creating bond (planner_server) to lifecycle manager.
[INFO] [1784052160.523886238] [rclcpp]: signal_handler(SIGINT/SIGTERM)
[INFO] [1784052160.524013148] [planner_server]: Running Nav2 LifecycleNode rcl preshutdown (planner_server)
[INFO] [1784052160.524199758] [planner_server]: Deactivating
[INFO] [1784052160.524410167] [global_costmap.global_costmap]: Deactivating
[INFO] [1784052160.717978215] [planner_server]: Deactivating plugin GridBased of type NavfnPlanner
[INFO] [1784052160.718098524] [planner_server]: Destroying bond (planner_server) to lifecycle manager.
[INFO] [1784052160.731781578] [planner_server]: Cleaning up
[INFO] [1784052160.880973771] [global_costmap.global_costmap]: Cleaning up
[INFO] [1784052160.931057197] [planner_server]: Cleaning up plugin GridBased of type NavfnPlanner
[INFO] [1784052160.931730829] [planner_server]: Destroying plugin GridBased of type NavfnPlanner
[INFO] [1784052161.014164567] [planner_server]: Destroying bond (planner_server) to lifecycle manager.
