[INFO] [1783991399.959300431] [planner_server]: 
	planner_server lifecycle node launched. 
	Waiting on external lifecycle transitions to activate
	See https://design.ros2.org/articles/node_lifecycle.html for more information.
[INFO] [1783991399.960505931] [planner_server]: Creating
[INFO] [1783991399.968114272] [global_costmap.global_costmap]: 
	global_costmap lifecycle node launched. 
	Waiting on external lifecycle transitions to activate
	See https://design.ros2.org/articles/node_lifecycle.html for more information.
[INFO] [1783991399.968360441] [global_costmap.global_costmap]: Creating Costmap
[INFO] [1783991400.017745596] [planner_server]: Configuring
[INFO] [1783991400.017779364] [global_costmap.global_costmap]: Configuring
[INFO] [1783991400.021705050] [global_costmap.global_costmap]: Using plugin "static_layer"
[INFO] [1783991400.024835577] [global_costmap.global_costmap]: Subscribing to the map topic (/map) with transient local durability
[INFO] [1783991400.025599344] [global_costmap.global_costmap]: Initialized plugin "static_layer"
[INFO] [1783991400.034472648] [planner_server]: Created global planner plugin GridBased of type nav2_navfn_planner::NavfnPlanner
[INFO] [1783991400.034501145] [planner_server]: Configuring plugin GridBased of type NavfnPlanner
[INFO] [1783991400.034912624] [planner_server]: Planner Server has GridBased  planners available.
[INFO] [1783991400.214786468] [global_costmap.global_costmap]: StaticLayer: Resizing costmap to 87 X 56 at 0.050000 m/pix
[INFO] [1783991400.471916367] [planner_server]: Activating
[INFO] [1783991400.471967903] [global_costmap.global_costmap]: Activating
[INFO] [1783991400.471979193] [global_costmap.global_costmap]: Checking transform
[INFO] [1783991400.472129399] [global_costmap.global_costmap]: start
[INFO] [1783991400.522275941] [planner_server]: Activating plugin GridBased of type NavfnPlanner
[INFO] [1783991400.523277843] [planner_server]: Creating bond (planner_server) to lifecycle manager.
