[INFO] [1784082338.085506405] [test_move]: ============================================================
[INFO] [1784082338.088456236] [test_move]:   纯轮足底盘运动测试工具
[INFO] [1784082338.091126369] [test_move]: ============================================================
[INFO] [1784082338.097310294] [test_move]: 
[INFO] [1784082338.100723213] [test_move]: 【安全须知】
[INFO] [1784082338.103581152] [test_move]:   确保底盘周围 2m 内无人员/障碍物！
[INFO] [1784082338.106643481] [test_move]:   随时可按 Ctrl+C 急停
[INFO] [1784082338.110121263] [test_move]: 
[INFO] [1784082338.117796836] [test_move]:   交互模式 — 输入命令:
[INFO] [1784082338.121185284] [test_move]:     1~2  → 速度预设 (自动开门)
[INFO] [1784082338.127288135] [test_move]:     s    → 停止
[INFO] [1784082338.138057124] [test_move]:     直接输 vx wz → 自定义速度 (自动开门)
[INFO] [1784082338.142587542] [test_move]: 
[INFO] [1784082346.101943769] [test_move]: [AUTO] cmd=1 (0x1)
[INFO] [1784082346.103966155] [test_move]:   → 门禁已开，现在可以发送速度指令
[INFO] [1784082346.106653588] [test_move]: [VEL] vx=+0.400  wz=+0.000  state=1(FORWARD)
[INFO] [1784082350.227924069] [test_move]: [VEL] vx=+0.000  wz=+0.000  state=0(IDLE)
[INFO] [1784082352.402473220] [test_move]: [AUTO] cmd=1 (0x1)
[INFO] [1784082352.408822390] [test_move]:   → 门禁已开，现在可以发送速度指令
[INFO] [1784082352.419602470] [test_move]: [VEL] vx=-0.200  wz=+0.000  state=2(BACKWARD)
[INFO] [1784082356.267813276] [test_move]: [VEL] vx=+0.000  wz=+0.000  state=0(IDLE)
[INFO] [1784082359.381015905] [test_move]: [AUTO] cmd=1 (0x1)
[INFO] [1784082359.393313242] [test_move]:   → 门禁已开，现在可以发送速度指令
[INFO] [1784082359.407978402] [test_move]: [VEL] vx=+0.200  wz=+0.000  state=1(FORWARD)
[INFO] [1784082367.806722651] [test_move]: [VEL] vx=+0.000  wz=+0.000  state=0(IDLE)
