[INFO] [1783984048.263729666] [box_pick_node]: BoxPickNode 已启动
[INFO] [1783984048.263916177] [box_pick_node]: ⏳ 等待 8 秒让节点就绪...
[INFO] [1783984057.731138530] [box_pick_node]: ✅ ICP 初始化为 (0,0,0) X正向
[INFO] [1783984059.001152586] [box_pick_node]: [目标] 收到 Nav2 Goal: (0.463, -0.066) yaw=-0.140
[INFO] [1783984063.229458865] [box_pick_node]: [自动到达] 到达目标 (0.46, -0.07) 当前位置 (0.392, -0.002) 距离=0.095m
[INFO] [1783984063.229650832] [box_pick_node]: ============================================================
[INFO] [1783984063.229799524] [box_pick_node]: [开始] 状态: DETECTING → DETECTING，启动 cube_detector.py
[INFO] [1783984063.229935576] [box_pick_node]: ============================================================
[INFO] [1783984063.230147246] [box_pick_node]: [停止] 已发送停止指令
[INFO] [1783984063.230810503] [box_pick_node]: [CUBE] cube_detector PID=62051 → /home/hyper/program/2026_Gsing-second_ROS/logs/vision/2026-07-14_070743_cube_detector.log
[INFO] [1783984063.231404794] [box_pick_node]: [检测] 等待 cube_detector 数据（最多 15 秒）...
[INFO] [1783984067.732575182] [box_pick_node]: [检测] 第9/30 帧收到数据
[INFO] [1783984067.732806361] [box_pick_node]: [原始] 雷达系坐标: x=0.174  y=0.246  z=0.226  xy距离=0.301m
[INFO] [1783984067.732974443] [box_pick_node]: [变换] 机械臂系(未补偿): x=-0.336  y=0.246  z=-0.424  距离=0.594m
[INFO] [1783984067.733136977] [box_pick_node]: [补偿] 加半高后: x=-0.211  y=0.246  z=-0.424
[INFO] [1783984067.733307220] [box_pick_node]: [ROS侧] 轴边界+IK检查: 通过
[INFO] [1783984067.733476710] [box_pick_node]: [STM32] 补偿后检查: 通过
[INFO] [1783984067.733646779] [box_pick_node]: → 判定: 可达，直接抓取
[INFO] [1783984067.733763463] [box_pick_node]: [抓取] ✓ 可达，启动 catch.py
[INFO] [1783984067.733874858] [box_pick_node]: [抓取] catch.py 流程: 稳定检测(3-5s) → AUTO_CMD推进 → 发坐标 → 自动退出
[INFO] [1783984067.734711745] [box_pick_node]: [CATCH] catch.py PID=62107 → /home/hyper/program/2026_Gsing-second_ROS/logs/arm/2026-07-14_070747_catch.log
[INFO] [1783984067.735192448] [box_pick_node]: [抓取] 等待 catch.py (PID=62107) 完成...
[INFO] [1783984088.342018449] [box_pick_node]: [抓取] catch.py 已正常退出
[INFO] [1783984088.842461295] [box_pick_node]: [抓取] ✅ 抓取流程完成，回到 IDLE
[INFO] [1783984089.106966866] [box_pick_node]: [CUBE] 已停止
[INFO] [1783984089.107226775] [box_pick_node]: [CATCH] 已停止
[INFO] [1783984089.107419779] [box_pick_node]: [结束] 已回到 IDLE，可开始下一箱
