[INFO] [1784020627.598104680] [test_move]: ============================================================
[INFO] [1784020627.602433278] [test_move]:   纯轮足底盘运动测试工具
[INFO] [1784020627.615875670] [test_move]: ============================================================
[INFO] [1784020627.620386949] [test_move]: 
[INFO] [1784020627.625075829] [test_move]: 【安全须知】
[INFO] [1784020627.633348892] [test_move]:   确保底盘周围 2m 内无人员/障碍物！
[INFO] [1784020627.637276414] [test_move]:   随时可按 Ctrl+C 急停
[INFO] [1784020627.647020414] [test_move]: 
[INFO] [1784020627.652605673] [test_move]:   交互模式 — 输入命令:
[INFO] [1784020627.655661853] [test_move]:     1~2  → 速度预设 (自动开门)
[INFO] [1784020627.662140837] [test_move]:     s    → 停止
[INFO] [1784020627.669301049] [test_move]:     直接输 vx wz → 自定义速度 (自动开门)
[INFO] [1784020627.676065121] [test_move]: 
[INFO] [1784020640.449523642] [test_move]: [AUTO] cmd=1 (0x1)
[INFO] [1784020640.456941834] [test_move]:   → 门禁已开，现在可以发送速度指令
[INFO] [1784020640.460475076] [test_move]: [VEL] vx=+0.200  wz=+0.000  state=1(FORWARD)
[INFO] [1784020647.778573770] [test_move]: [VEL] vx=+0.000  wz=+0.000  state=0(IDLE)
[INFO] [1784020650.377570767] [test_move]: [AUTO] cmd=1 (0x1)
[INFO] [1784020650.380540344] [test_move]:   → 门禁已开，现在可以发送速度指令
[INFO] [1784020650.391072387] [test_move]: [VEL] vx=+0.200  wz=+0.000  state=1(FORWARD)
[INFO] [1784020653.039374754] [test_move]: [AUTO] cmd=1 (0x1)
[INFO] [1784020653.050225142] [test_move]:   → 门禁已开，现在可以发送速度指令
[INFO] [1784020653.074033639] [test_move]: [VEL] vx=+0.200  wz=+0.000  state=1(FORWARD)
[INFO] [1784020657.985053390] [test_move]: [AUTO] cmd=1 (0x1)
[INFO] [1784020658.018064082] [test_move]:   → 门禁已开，现在可以发送速度指令
[INFO] [1784020658.032301084] [test_move]: [VEL] vx=+0.400  wz=+0.000  state=1(FORWARD)
[INFO] [1784020660.122974631] [test_move]: [AUTO] cmd=1 (0x1)
[INFO] [1784020660.127577939] [test_move]:   → 门禁已开，现在可以发送速度指令
[INFO] [1784020660.132942630] [test_move]: [VEL] vx=+0.200  wz=+0.000  state=1(FORWARD)
[INFO] [1784020660.914329788] [test_move]: [VEL] vx=+0.000  wz=+0.000  state=0(IDLE)
