[INFO] [1784008115.697024304] [test_move]: ============================================================
[INFO] [1784008115.697224400] [test_move]:   纯轮足底盘运动测试工具
[INFO] [1784008115.697363170] [test_move]: ============================================================
[INFO] [1784008115.697502751] [test_move]: 
[INFO] [1784008115.697648493] [test_move]: 【安全须知】
[INFO] [1784008115.697792685] [test_move]:   确保底盘周围 2m 内无人员/障碍物！
[INFO] [1784008115.697933956] [test_move]:   随时可按 Ctrl+C 急停
[INFO] [1784008115.698080200] [test_move]: 
[INFO] [1784008115.698232527] [test_move]:   交互模式 — 输入命令:
[INFO] [1784008115.698390963] [test_move]:     1~2  → 速度预设 (自动开门)
[INFO] [1784008115.698550236] [test_move]:     s    → 停止
[INFO] [1784008115.698717563] [test_move]:     直接输 vx wz → 自定义速度 (自动开门)
[INFO] [1784008115.698884382] [test_move]: 
[INFO] [1784008140.423418676] [test_move]: [AUTO] cmd=1 (0x1)
[INFO] [1784008140.423737522] [test_move]:   → 门禁已开，现在可以发送速度指令
[INFO] [1784008140.424170592] [test_move]: [VEL] vx=+0.200  wz=+0.000  state=1(FORWARD)
[INFO] [1784008144.833530524] [test_move]: [VEL] vx=+0.000  wz=+0.000  state=0(IDLE)
[INFO] [1784008148.113730201] [test_move]: [AUTO] cmd=1 (0x1)
[INFO] [1784008148.113868583] [test_move]:   → 门禁已开，现在可以发送速度指令
[INFO] [1784008148.114051207] [test_move]: [VEL] vx=-0.200  wz=+0.000  state=2(BACKWARD)
[INFO] [1784008152.191017823] [test_move]: [VEL] vx=+0.000  wz=+0.000  state=0(IDLE)
[INFO] [1784008164.999481333] [test_move]: [AUTO] cmd=1 (0x1)
[INFO] [1784008164.999951675] [test_move]:   → 门禁已开，现在可以发送速度指令
[INFO] [1784008165.000556991] [test_move]: [VEL] vx=+0.200  wz=+0.000  state=1(FORWARD)
[INFO] [1784008168.796436891] [test_move]: [VEL] vx=+0.000  wz=+0.000  state=0(IDLE)
