[INFO] [1784055283.214698384] [global_localization]: Waiting for global map...
[INFO] [1784055283.233466288] [global_localization]: Loading map: /home/gsing/2026Gsing/2026_Gsing-second_ROS/map/PCD30.pcd, voxel_size=0.008
[INFO] [1784055283.561533229] [global_localization]: Map loaded: raw=304574 pts
[INFO] [1784055284.119203331] [global_localization]: Map downsampled: 111185 pts
[INFO] [1784055284.124826920] [global_localization]: Global map received.
[INFO] [1784055284.769540600] [global_localization]: Waiting for initial pose...
[INFO] [1784055285.175539715] [global_localization]: Waiting for initial pose...
[INFO] [1784055285.695200360] [global_localization]: Waiting for initial pose...
[INFO] [1784055286.223316592] [global_localization]: Waiting for initial pose...
[INFO] [1784055286.717230944] [global_localization]: Waiting for initial pose...
[INFO] [1784055287.196291314] [global_localization]: Waiting for initial pose...
[INFO] [1784055287.662432187] [global_localization]: Waiting for initial pose...
[INFO] [1784055288.166874048] [global_localization]: Waiting for initial pose...
[INFO] [1784055288.660920009] [global_localization]: Waiting for initial pose...
[INFO] [1784055289.190323906] [global_localization]: Waiting for initial pose...
[INFO] [1784055289.203377651] [global_localization]: _auto_init_if_needed: initialized=False cur_scan=✓
[WARN] [1784055289.224663503] [global_localization]: No /initialpose received within 5s — auto-initializing at (0, 0) facing X+
[WARN] [1784055289.255600635] [global_localization]: No odometry yet, skip odom transform in crop
[INFO] [1784055289.378333294] [global_localization]: ICP input: scan=49275 pts, map_FOV=111185 pts
[INFO] [1784055307.875280227] [global_localization]: ICP fitness: coarse=1.000, fine=0.993, threshold=0.9
[INFO] [1784055307.881452320] [global_localization]: map→odom: x=0.171 y=0.025 z=-0.098
[WARN] [1784055307.916986741] [global_localization]: No odometry yet, skip odom transform in crop
[INFO] [1784055307.957701257] [global_localization]: ICP input: scan=4773 pts, map_FOV=111185 pts
[INFO] [1784055308.795785209] [global_localization]: ICP fitness: coarse=1.000, fine=0.991, threshold=0.9
[INFO] [1784055308.798803713] [global_localization]: map→odom: x=0.212 y=-0.004 z=-0.133
[INFO] [1784055308.806937516] [global_localization]: _auto_init_if_needed: initialized=True cur_scan=✓
[WARN] [1784055308.819694196] [global_localization]: No odometry yet, skip odom transform in crop
[INFO] [1784055308.852279826] [global_localization]: ICP input: scan=4906 pts, map_FOV=111185 pts
[INFO] [1784055310.783232715] [global_localization]: ICP fitness: coarse=1.000, fine=1.000, threshold=0.9
[INFO] [1784055310.811907077] [global_localization]: map→odom: x=0.228 y=0.031 z=-0.086
[WARN] [1784055310.909522914] [global_localization]: No odometry yet, skip odom transform in crop
[INFO] [1784055311.078231598] [global_localization]: ICP input: scan=5068 pts, map_FOV=111185 pts
[INFO] [1784055311.972267748] [global_localization]: ICP fitness: coarse=1.000, fine=0.992, threshold=0.9
[INFO] [1784055311.976076412] [global_localization]: map→odom: x=0.268 y=-0.001 z=-0.055
[WARN] [1784055311.991328638] [global_localization]: No odometry yet, skip odom transform in crop
[INFO] [1784055312.022837389] [global_localization]: ICP input: scan=4917 pts, map_FOV=111185 pts
[INFO] [1784055312.985811303] [global_localization]: ICP fitness: coarse=1.000, fine=0.996, threshold=0.9
[INFO] [1784055312.990768425] [global_localization]: map→odom: x=0.278 y=-0.018 z=-0.080
[WARN] [1784055313.008839079] [global_localization]: No odometry yet, skip odom transform in crop
[INFO] [1784055313.054729205] [global_localization]: ICP input: scan=5000 pts, map_FOV=111185 pts
[INFO] [1784055314.023041341] [global_localization]: ICP fitness: coarse=1.000, fine=0.997, threshold=0.9
[INFO] [1784055314.026119958] [global_localization]: map→odom: x=0.293 y=-0.031 z=-0.071
[WARN] [1784055314.040162973] [global_localization]: No odometry yet, skip odom transform in crop
[INFO] [1784055314.086330276] [global_localization]: ICP input: scan=4824 pts, map_FOV=111185 pts
[INFO] [1784055315.013878645] [global_localization]: ICP fitness: coarse=1.000, fine=0.987, threshold=0.9
[INFO] [1784055315.016709712] [global_localization]: map→odom: x=0.316 y=-0.029 z=-0.099
[WARN] [1784055315.033738488] [global_localization]: No odometry yet, skip odom transform in crop
[INFO] [1784055315.059074578] [global_localization]: ICP input: scan=4981 pts, map_FOV=111185 pts
[INFO] [1784055316.775800842] [global_localization]: ICP fitness: coarse=1.000, fine=1.000, threshold=0.9
[INFO] [1784055316.788726888] [global_localization]: map→odom: x=0.290 y=0.028 z=-0.072
[WARN] [1784055316.806930248] [global_localization]: No odometry yet, skip odom transform in crop
[INFO] [1784055316.844462143] [global_localization]: ICP input: scan=4950 pts, map_FOV=111185 pts
[INFO] [1784055319.095739857] [global_localization]: ICP fitness: coarse=1.000, fine=0.998, threshold=0.9
[INFO] [1784055319.102651161] [global_localization]: map→odom: x=0.323 y=0.019 z=-0.062
[WARN] [1784055319.125297612] [global_localization]: No odometry yet, skip odom transform in crop
[INFO] [1784055319.199691431] [global_localization]: ICP input: scan=5063 pts, map_FOV=111185 pts
[INFO] [1784055321.419198250] [global_localization]: ICP fitness: coarse=1.000, fine=0.988, threshold=0.9
[INFO] [1784055321.426155109] [global_localization]: map→odom: x=0.345 y=0.060 z=-0.056
[WARN] [1784055321.446155263] [global_localization]: No odometry yet, skip odom transform in crop
[INFO] [1784055321.486376933] [global_localization]: ICP input: scan=4983 pts, map_FOV=111185 pts
[INFO] [1784055323.065494202] [global_localization]: ICP fitness: coarse=1.000, fine=0.987, threshold=0.9
[INFO] [1784055323.087913284] [global_localization]: map→odom: x=0.408 y=0.043 z=-0.069
[WARN] [1784055323.171857948] [global_localization]: No odometry yet, skip odom transform in crop
[INFO] [1784055323.233344669] [global_localization]: ICP input: scan=4824 pts, map_FOV=111185 pts
[INFO] [1784055325.776719935] [global_localization]: ICP fitness: coarse=1.000, fine=0.994, threshold=0.9
[INFO] [1784055325.785923830] [global_localization]: map→odom: x=0.445 y=0.045 z=-0.079
[WARN] [1784055325.829271245] [global_localization]: No odometry yet, skip odom transform in crop
[INFO] [1784055325.894462185] [global_localization]: ICP input: scan=4823 pts, map_FOV=111185 pts
[INFO] [1784055331.212877156] [global_localization]: ICP fitness: coarse=1.000, fine=0.978, threshold=0.9
[INFO] [1784055331.218543112] [global_localization]: map→odom: x=0.481 y=-0.030 z=-0.102
[WARN] [1784055331.237368575] [global_localization]: No odometry yet, skip odom transform in crop
[INFO] [1784055331.276078392] [global_localization]: ICP input: scan=4729 pts, map_FOV=111185 pts
[INFO] [1784055336.402588480] [global_localization]: ICP fitness: coarse=1.000, fine=0.964, threshold=0.9
[INFO] [1784055336.416870925] [global_localization]: map→odom: x=0.415 y=-0.021 z=-0.065
[WARN] [1784055336.467487476] [global_localization]: No odometry yet, skip odom transform in crop
[INFO] [1784055336.630716924] [global_localization]: ICP input: scan=5030 pts, map_FOV=111185 pts
