[INFO] [1783988649.055320540] [global_localization]: Waiting for global map...
[INFO] [1783988649.055742838] [global_localization]: Loading map: /home/hyper/program/2026_Gsing-second_ROS/map/PCD25.pcd, voxel_size=0.01
[INFO] [1783988649.305659427] [global_localization]: Map loaded: raw=342595 pts, downsampled=71865 pts
[INFO] [1783988649.306059816] [global_localization]: Global map received.
[INFO] [1783988649.811056605] [global_localization]: Waiting for initial pose...
[INFO] [1783988650.311935256] [global_localization]: Waiting for initial pose...
[INFO] [1783988650.811422647] [global_localization]: Waiting for initial pose...
[INFO] [1783988651.311162952] [global_localization]: Waiting for initial pose...
[INFO] [1783988651.811464878] [global_localization]: Waiting for initial pose...
[INFO] [1783988652.311105275] [global_localization]: Waiting for initial pose...
[INFO] [1783988652.811051544] [global_localization]: Waiting for initial pose...
[INFO] [1783988653.311079605] [global_localization]: Waiting for initial pose...
[INFO] [1783988653.811858958] [global_localization]: Waiting for initial pose...
[INFO] [1783988654.311388456] [global_localization]: Waiting for initial pose...
[INFO] [1783988654.810958623] [global_localization]: Waiting for initial pose...
[INFO] [1783988655.311502456] [global_localization]: Waiting for initial pose...
[INFO] [1783988655.811382619] [global_localization]: Waiting for initial pose...
[INFO] [1783988656.311869404] [global_localization]: Waiting for initial pose...
[INFO] [1783988656.811108358] [global_localization]: Waiting for initial pose...
[INFO] [1783988657.311488770] [global_localization]: Waiting for initial pose...
[INFO] [1783988657.811684779] [global_localization]: Waiting for initial pose...
[INFO] [1783988658.311798099] [global_localization]: Waiting for initial pose...
[INFO] [1783988658.811845581] [global_localization]: Waiting for initial pose...
[INFO] [1783988659.311439415] [global_localization]: Waiting for initial pose...
[INFO] [1783988659.811536768] [global_localization]: Waiting for initial pose...
[INFO] [1783988660.311366274] [global_localization]: Waiting for initial pose...
[INFO] [1783988660.811966469] [global_localization]: Waiting for initial pose...
[INFO] [1783988661.311984631] [global_localization]: Waiting for initial pose...
[INFO] [1783988661.811504119] [global_localization]: Waiting for initial pose...
[INFO] [1783988662.311660142] [global_localization]: Waiting for initial pose...
[INFO] [1783988662.811550864] [global_localization]: Waiting for initial pose...
[INFO] [1783988663.311025214] [global_localization]: Waiting for initial pose...
[INFO] [1783988663.812177941] [global_localization]: Waiting for initial pose...
[INFO] [1783988664.311425482] [global_localization]: Waiting for initial pose...
[INFO] [1783988664.811409092] [global_localization]: Waiting for initial pose...
[INFO] [1783988665.311501409] [global_localization]: Waiting for initial pose...
[INFO] [1783988665.811466257] [global_localization]: Waiting for initial pose...
[INFO] [1783988666.312264392] [global_localization]: Waiting for initial pose...
[INFO] [1783988666.811439087] [global_localization]: Waiting for initial pose...
[INFO] [1783988667.311453760] [global_localization]: Waiting for initial pose...
[INFO] [1783988667.811067594] [global_localization]: Waiting for initial pose...
[INFO] [1783988668.311430697] [global_localization]: Waiting for initial pose...
[INFO] [1783988668.811607670] [global_localization]: Waiting for initial pose...
[INFO] [1783988669.311405129] [global_localization]: Waiting for initial pose...
[INFO] [1783988669.811619148] [global_localization]: Waiting for initial pose...
[INFO] [1783988670.311792137] [global_localization]: Waiting for initial pose...
[INFO] [1783988670.811534757] [global_localization]: Waiting for initial pose...
[INFO] [1783988671.311705366] [global_localization]: Waiting for initial pose...
[INFO] [1783988671.811513832] [global_localization]: Waiting for initial pose...
[INFO] [1783988672.311338715] [global_localization]: Waiting for initial pose...
[INFO] [1783988672.811625511] [global_localization]: Waiting for initial pose...
[INFO] [1783988673.311367295] [global_localization]: Waiting for initial pose...
[INFO] [1783988673.811538046] [global_localization]: Waiting for initial pose...
[INFO] [1783988674.311626343] [global_localization]: Waiting for initial pose...
[INFO] [1783988674.811849101] [global_localization]: Waiting for initial pose...
[INFO] [1783988675.311527867] [global_localization]: Waiting for initial pose...
[INFO] [1783988675.811549430] [global_localization]: Waiting for initial pose...
[INFO] [1783988676.311569272] [global_localization]: Waiting for initial pose...
[INFO] [1783988676.811004834] [global_localization]: Waiting for initial pose...
[INFO] [1783988677.311503262] [global_localization]: Waiting for initial pose...
[INFO] [1783988677.811536794] [global_localization]: Waiting for initial pose...
[INFO] [1783988678.311500666] [global_localization]: Waiting for initial pose...
[INFO] [1783988678.811253427] [global_localization]: Waiting for initial pose...
[INFO] [1783988679.311425608] [global_localization]: Waiting for initial pose...
[INFO] [1783988679.811630776] [global_localization]: Waiting for initial pose...
[INFO] [1783988680.311527684] [global_localization]: Waiting for initial pose...
[INFO] [1783988680.811784174] [global_localization]: Waiting for initial pose...
[INFO] [1783988681.311074970] [global_localization]: Waiting for initial pose...
[INFO] [1783988681.811540780] [global_localization]: Waiting for initial pose...
[INFO] [1783988682.312301061] [global_localization]: Waiting for initial pose...
[INFO] [1783988682.811649075] [global_localization]: Waiting for initial pose...
[INFO] [1783988683.311479378] [global_localization]: Waiting for initial pose...
[INFO] [1783988683.811458573] [global_localization]: Waiting for initial pose...
[INFO] [1783988684.311492141] [global_localization]: Waiting for initial pose...
[INFO] [1783988684.811791480] [global_localization]: Waiting for initial pose...
[INFO] [1783988685.311497403] [global_localization]: Waiting for initial pose...
[INFO] [1783988685.811492500] [global_localization]: Waiting for initial pose...
[INFO] [1783988686.311927590] [global_localization]: Waiting for initial pose...
[INFO] [1783988686.811013914] [global_localization]: Waiting for initial pose...
[INFO] [1783988687.311132158] [global_localization]: Waiting for initial pose...
[INFO] [1783988687.811462396] [global_localization]: Waiting for initial pose...
[INFO] [1783988688.311653748] [global_localization]: Waiting for initial pose...
[INFO] [1783988688.812161590] [global_localization]: Waiting for initial pose...
[INFO] [1783988689.311009253] [global_localization]: Waiting for initial pose...
[INFO] [1783988689.811167274] [global_localization]: Waiting for initial pose...
[INFO] [1783988690.311465343] [global_localization]: Waiting for initial pose...
[INFO] [1783988690.811063405] [global_localization]: Waiting for initial pose...
[INFO] [1783988691.313065367] [global_localization]: Waiting for initial pose...
[INFO] [1783988691.811514762] [global_localization]: Waiting for initial pose...
[INFO] [1783988692.311026499] [global_localization]: Waiting for initial pose...
[INFO] [1783988692.811663617] [global_localization]: Waiting for initial pose...
[INFO] [1783988693.311724796] [global_localization]: Waiting for initial pose...
[INFO] [1783988693.811468979] [global_localization]: Waiting for initial pose...
[INFO] [1783988694.311434734] [global_localization]: Waiting for initial pose...
[INFO] [1783988694.811891565] [global_localization]: Waiting for initial pose...
[INFO] [1783988695.311054696] [global_localization]: Waiting for initial pose...
[INFO] [1783988695.811477690] [global_localization]: Waiting for initial pose...
[INFO] [1783988696.311567289] [global_localization]: Waiting for initial pose...
[INFO] [1783988696.811125130] [global_localization]: Waiting for initial pose...
[INFO] [1783988697.311869771] [global_localization]: Waiting for initial pose...
[INFO] [1783988697.811497417] [global_localization]: Waiting for initial pose...
[INFO] [1783988698.311631961] [global_localization]: Waiting for initial pose...
[INFO] [1783988698.811528061] [global_localization]: Waiting for initial pose...
