[INFO] [1784133672.061119535] [cmd_vel_chassis_serial]: Leg debug CSV logging enabled: /home/gsing/2026_Gsing-second_ROS/logs/serial/2026-07-16_004109_leg.csv
[INFO] [1784133672.063919990] [cmd_vel_chassis_serial]: Opened /dev/ttyACM0 @ 115200, cmd_vel=/cmd_vel, send=50.0Hz
[INFO] [1784133672.079962081] [cmd_vel_chassis_serial]: Publishing STM32 arm events on /vision/arm_event
[ERROR] [1784133672.088160192] [cmd_vel_chassis_serial]: Serial read failed: device reports readiness to read but returned no data (device disconnected or multiple access on port?); commands paused until reconnect
[INFO] [1784133673.104819954] [cmd_vel_chassis_serial]: Reconnected /dev/ttyACM0; sending 10 zero-speed frames
[INFO] [1784133673.105495609] [cmd_vel_chassis_serial]: send source=reconnect_zero vx=0.000 wz=0.000
[INFO] [1784133673.221951860] [cmd_vel_chassis_serial]: [LEG_DEBUG] can1[tx=4836/0 rec=146/146/0 bo=0] can2[tx=4836/0 rec=146/146/0 bo=0 hal=0x0] | 
[INFO] [1784133673.305656656] [cmd_vel_chassis_serial]: send source=vision_stop vx=0.000 wz=0.000
[WARN] [1784133673.342247843] [cmd_vel_chassis_serial]: Drop STM32 frame: checksum expected=0x9A got=0x00
[WARN] [1784133673.534826196] [cmd_vel_chassis_serial]: Drop STM32 frame: checksum expected=0x83 got=0x00
[ERROR] [1784133673.569658034] [cmd_vel_chassis_serial]: Serial read failed: device reports readiness to read but returned no data (device disconnected or multiple access on port?); commands paused until reconnect
[INFO] [1784133674.587149340] [cmd_vel_chassis_serial]: Reconnected /dev/ttyACM0; sending 10 zero-speed frames
[INFO] [1784133674.587871451] [cmd_vel_chassis_serial]: send source=reconnect_zero vx=0.000 wz=0.000
[WARN] [1784133674.704460701] [cmd_vel_chassis_serial]: Drop STM32 frame: checksum expected=0x7E got=0x00
[INFO] [1784133674.784463327] [cmd_vel_chassis_serial]: send source=vision_stop vx=0.000 wz=0.000
[WARN] [1784133674.785233136] [cmd_vel_chassis_serial]: Drop STM32 frame: checksum expected=0x58 got=0x00
[INFO] [1784133674.826536732] [cmd_vel_chassis_serial]: [LEG_DEBUG] att=1/1/1 mode=1 proj=1 raw=-1.4/+0.1 zero=-1.3/-0.1 wheels[RF=+0/-0rpm I=+0.0/+0.0A ok=1 LF=-0/+0rpm I=-0.0/-0.0A ok=1 LR=-0/+0rpm I=-0.0/+0.0A ok=1 RR=+0/-0rpm I=+0.0/-0.0A ok=1] can1[tx=4852/0 rec=147/147/0 bo=0] can2[tx=4852/0 rec=147/147/0 bo=0 hal=0x0] | L0 ST ty/ay=25.0/25.3 ey=-0.3 Fy=+34 tdp=0.00 sag=0.00 xa=0.00 tauK=-1.0 ; L1 ST ty/ay=25.0/25.3 ey=-0.3 Fy=+39 tdp=0.00 sag=0.00 xa=0.00 tauK=+1.1
[WARN] [1784133674.846719640] [cmd_vel_chassis_serial]: Drop STM32 frame: checksum expected=0xC9 got=0x1C
[WARN] [1784133675.196211123] [cmd_vel_chassis_serial]: Drop STM32 frame: checksum expected=0x9C got=0x00
[INFO] [1784133675.344869253] [cmd_vel_chassis_serial]: send source=stop vx=0.000 wz=0.000
[INFO] [1784133675.348770859] [cmd_vel_chassis_serial]: [LEG_DEBUG] vx=+0.11 wz=-0.52 stride=2.79 lift=2.36 roll=-0.1 pitch=+0.3 comp=0.05 att=1/1/1 mode=1 proj=1 raw=-1.5/+0.2 zero=-1.3/-0.1 ctl=m0/s0 gait=1 zero=0 age=17ms to=0 wheels[RF=+0/-0rpm I=+0.0/+0.0A ok=1 LF=-0/-0rpm I=-0.0/-0.0A ok=1 LR=-0/+0rpm I=-0.0/+0.0A ok=1 RR=+0/-0rpm I=+0.0/+0.1A ok=1] can1[tx=4946/0 rec=150/150/0 bo=0] can2[tx=4946/0 rec=150/150/0 bo=0 hal=0x0] | L0 ST ty/ay=25.0/25.3 ey=-0.3 Fy=+34 tdp=0.00 sag=0.00 xa=0.00 tauK=-1.0 ; L1 ST ty/ay=25.0/25.3 ey=-0.3 Fy=+39 tdp=0.00 sag=0.00 xa=0.00 tauK=+1.1 ; L2 ST ty/ay=25.0/24.9 ey=+0.1 Fy=+51 tdp=0.00 sag=0.00 xa=0.00 tauK=-1.5 ; L3 ST ty/ay=25.0/25.5 ey=-0.5 Fy=+35 tdp=0.00 sag=0.00 xa=0.00 tauK=+0.9
[INFO] [1784133675.868617422] [cmd_vel_chassis_serial]: [LEG_DEBUG] vx=+0.11 wz=-0.52 stride=2.79 lift=2.36 roll=-0.1 pitch=+0.3 comp=0.05 att=1/1/1 mode=1 proj=1 raw=-1.4/+0.2 zero=-1.3/-0.1 ctl=m0/s0 gait=1 zero=0 age=13ms to=0 wheels[RF=+0/-0rpm I=+0.0/-0.1A ok=1 LF=-0/+0rpm I=-0.0/+0.0A ok=1 LR=-0/+0rpm I=-0.0/+0.0A ok=1 RR=+0/-0rpm I=+0.0/-0.0A ok=1] can1[tx=4978/0 rec=151/151/0 bo=0] can2[tx=4978/0 rec=151/151/0 bo=0 hal=0x0] | L0 ST ty/ay=25.0/25.3 ey=-0.3 Fy=+34 tdp=0.00 sag=0.00 xa=0.00 tauK=-1.0 ; L1 ST ty/ay=25.0/25.3 ey=-0.3 Fy=+38 tdp=0.00 sag=0.00 xa=0.00 tauK=+1.1 ; L2 ST ty/ay=25.0/24.9 ey=+0.1 Fy=+51 tdp=0.00 sag=0.00 xa=0.00 tauK=-1.5 ; L3 ST ty/ay=25.0/25.5 ey=-0.5 Fy=+35 tdp=0.00 sag=0.00 xa=0.00 tauK=+1.0
[WARN] [1784133675.869538150] [cmd_vel_chassis_serial]: Drop STM32 frame: checksum expected=0x73 got=0x00
[WARN] [1784133676.047367983] [cmd_vel_chassis_serial]: Drop STM32 frame: checksum expected=0xD3 got=0x01
[ERROR] [1784133676.168754497] [cmd_vel_chassis_serial]: Serial read failed: device reports readiness to read but returned no data (device disconnected or multiple access on port?); commands paused until reconnect
[INFO] [1784133677.185734593] [cmd_vel_chassis_serial]: Reconnected /dev/ttyACM0; sending 10 zero-speed frames
[INFO] [1784133677.186355060] [cmd_vel_chassis_serial]: send source=reconnect_zero vx=0.000 wz=0.000
[WARN] [1784133677.294540821] [cmd_vel_chassis_serial]: Drop STM32 frame: checksum expected=0x46 got=0x00
[WARN] [1784133677.387311971] [cmd_vel_chassis_serial]: Drop STM32 frame: checksum expected=0x90 got=0x30
[INFO] [1784133677.389579158] [cmd_vel_chassis_serial]: send source=stop vx=0.000 wz=0.000
[INFO] [1784133677.394490690] [cmd_vel_chassis_serial]: [LEG_DEBUG] vx=+0.11 wz=-0.52 stride=2.79 lift=2.36 roll=-0.2 pitch=+0.3 comp=0.05 att=1/1/1 mode=1 proj=1 raw=-1.5/+0.2 zero=-1.3/-0.1 ctl=m0/s0 gait=1 zero=0 age=26ms to=0 wheels[RF=+0/-0rpm I=+0.0/-0.1A ok=1 LF=-0/+0rpm I=-0.0/+0.0A ok=1 LR=-0/+0rpm I=-0.0/+0.0A ok=1 RR=+0/-0rpm I=+0.0/-0.0A ok=1] can1[tx=4978/0 rec=151/151/0 bo=0] can2[tx=4978/0 rec=151/151/0 bo=0 hal=0x0] | L0 ST ty/ay=25.0/25.3 ey=-0.3 Fy=+34 tdp=0.00 sag=0.00 xa=0.00 tauK=-1.0 ; L1 ST ty/ay=25.0/25.3 ey=-0.3 Fy=+39 tdp=0.00 sag=0.00 xa=0.00 tauK=+1.1 ; L2 ST ty/ay=25.0/24.9 ey=+0.1 Fy=+51 tdp=0.00 sag=0.00 xa=0.00 tauK=-1.5 ; L3 ST ty/ay=25.0/25.5 ey=-0.5 Fy=+35 tdp=0.00 sag=0.00 xa=0.00 tauK=+1.0
[INFO] [1784133677.918411802] [cmd_vel_chassis_serial]: [LEG_DEBUG] vx=+0.11 wz=-0.52 stride=2.79 lift=2.36 roll=-0.2 pitch=+0.3 comp=0.05 att=1/1/1 mode=1 proj=1 raw=-1.5/+0.2 zero=-1.3/-0.1 ctl=m0/s0 gait=1 zero=0 age=18ms to=0 wheels[RF=+0/-0rpm I=+0.0/+0.0A ok=1 LF=-0/+0rpm I=-0.0/+0.0A ok=1 LR=-0/+0rpm I=-0.0/-0.0A ok=1 RR=+0/-0rpm I=+0.0/-0.0A ok=1] can1[tx=5122/0 rec=155/155/0 bo=0] can2[tx=5122/0 rec=155/155/0 bo=0 hal=0x0] | L0 ST ty/ay=25.0/25.3 ey=-0.3 Fy=+34 tdp=0.00 sag=0.00 xa=0.00 tauK=-1.0 ; L1 ST ty/ay=25.0/25.3 ey=-0.3 Fy=+39 tdp=0.00 sag=0.00 xa=0.00 tauK=+1.1 ; L2 ST ty/ay=25.0/24.9 ey=+0.1 Fy=+51 tdp=0.00 sag=0.00 xa=0.00 tauK=-1.5 ; L3 ST ty/ay=25.0/25.5 ey=-0.5 Fy=+34 tdp=0.00 sag=0.00 xa=0.00 tauK=+0.9
[INFO] [1784133678.440264678] [cmd_vel_chassis_serial]: [LEG_DEBUG] vx=+0.11 wz=-0.52 stride=2.79 lift=2.36 roll=-0.2 pitch=+0.3 comp=0.05 att=1/1/1 mode=1 proj=1 raw=-1.5/+0.2 zero=-1.3/-0.1 ctl=m0/s0 gait=1 zero=0 age=18ms to=0 wheels[RF=+0/-0rpm I=+0.0/+0.0A ok=1 LF=-0/+0rpm I=-0.0/+0.0A ok=1 LR=-0/+0rpm I=-0.0/-0.1A ok=1 RR=+0/-0rpm I=+0.0/-0.0A ok=1] can1[tx=5168/0 rec=157/157/0 bo=0] can2[tx=5168/0 rec=157/157/0 bo=0 hal=0x0] | L0 ST ty/ay=25.0/25.3 ey=-0.3 Fy=+34 tdp=0.00 sag=0.00 xa=0.00 tauK=-1.0 ; L1 ST ty/ay=25.0/25.3 ey=-0.3 Fy=+38 tdp=0.00 sag=0.00 xa=0.00 tauK=+1.1 ; L2 ST ty/ay=25.0/24.9 ey=+0.1 Fy=+51 tdp=0.00 sag=0.00 xa=0.00 tauK=-1.5 ; L3 ST ty/ay=25.0/25.5 ey=-0.5 Fy=+34 tdp=0.00 sag=0.00 xa=0.00 tauK=+0.9
[INFO] [1784133679.098982837] [cmd_vel_chassis_serial]: [LEG_DEBUG] vx=+0.11 wz=-0.52 stride=2.79 lift=2.36 roll=-0.2 pitch=+0.3 comp=0.05 att=1/1/1 mode=1 proj=1 raw=-1.5/+0.2 zero=-1.3/-0.1 ctl=m0/s0 gait=1 zero=0 age=18ms to=0 wheels[RF=+0/-0rpm I=+0.0/+0.0A ok=1 LF=-0/+0rpm I=-0.0/+0.1A ok=1 LR=-0/+0rpm I=-0.0/-0.1A ok=1 RR=+0/-0rpm I=+0.0/+0.1A ok=1] can1[tx=5184/0 rec=157/157/0 bo=0] can2[tx=5184/0 rec=157/157/0 bo=0 hal=0x0] | L0 ST ty/ay=25.0/25.3 ey=-0.3 Fy=+34 tdp=0.00 sag=0.00 xa=0.00 tauK=-1.0 ; L1 ST ty/ay=25.0/25.3 ey=-0.3 Fy=+38 tdp=0.00 sag=0.00 xa=0.00 tauK=+1.1 ; L2 ST ty/ay=25.0/24.9 ey=+0.1 Fy=+51 tdp=0.00 sag=0.00 xa=0.00 tauK=-1.5 ; L3 ST ty/ay=25.0/25.5 ey=-0.5 Fy=+35 tdp=0.00 sag=0.00 xa=0.00 tauK=+1.0
[WARN] [1784133679.139742431] [cmd_vel_chassis_serial]: Drop STM32 frame: checksum expected=0xA5 got=0x00
[INFO] [1784133679.444652728] [cmd_vel_chassis_serial]: send source=vision_stop vx=0.000 wz=0.000
[INFO] [1784133679.617349947] [cmd_vel_chassis_serial]: [LEG_DEBUG] vx=+0.11 wz=-0.52 stride=2.79 lift=2.36 roll=-0.2 pitch=+0.3 comp=0.05 att=1/1/1 mode=1 proj=1 raw=-1.5/+0.2 zero=-1.3/-0.1 ctl=m0/s0 gait=1 zero=0 age=18ms to=0 wheels[RF=+0/-0rpm I=+0.0/+0.0A ok=1 LF=-0/+0rpm I=-0.0/+0.1A ok=1 LR=-0/+0rpm I=-0.0/-0.1A ok=1 RR=+0/-0rpm I=+0.0/+0.1A ok=1] can1[tx=5184/0 rec=157/157/0 bo=0] can2[tx=5184/0 rec=157/157/0 bo=0 hal=0x0] | L0 ST ty/ay=25.0/25.3 ey=-0.3 Fy=+34 tdp=0.00 sag=0.00 xa=0.00 tauK=-1.0 ; L1 ST ty/ay=25.0/25.3 ey=-0.3 Fy=+39 tdp=0.00 sag=0.00 xa=0.00 tauK=+1.1 ; L2 ST ty/ay=25.0/24.9 ey=+0.1 Fy=+51 tdp=0.00 sag=0.00 xa=0.00 tauK=-1.5 ; L3 ST ty/ay=25.0/25.5 ey=-0.5 Fy=+35 tdp=0.00 sag=0.00 xa=0.00 tauK=+1.0
[WARN] [1784133679.634325144] [cmd_vel_chassis_serial]: Drop STM32 frame: checksum expected=0xA1 got=0x00
[WARN] [1784133679.850343809] [cmd_vel_chassis_serial]: Drop STM32 frame: checksum expected=0xFC got=0x00
[WARN] [1784133680.015430941] [cmd_vel_chassis_serial]: Drop STM32 frame: checksum expected=0x02 got=0x80
[INFO] [1784133680.120713886] [cmd_vel_chassis_serial]: [LEG_DEBUG] vx=+0.11 wz=-0.52 stride=2.79 lift=2.36 roll=-0.2 pitch=+0.3 comp=0.05 att=1/1/1 mode=1 proj=1 raw=-1.5/+0.2 zero=-1.3/-0.1 ctl=m0/s0 gait=1 zero=0 age=23ms to=0 wheels[RF=+0/-0rpm I=+0.0/+0.0A ok=1 LF=-0/+0rpm I=-0.0/-0.0A ok=1 LR=-0/+0rpm I=-0.0/-0.1A ok=1 RR=+0/-0rpm I=+0.0/-0.0A ok=1] can1[tx=5184/0 rec=157/157/0 bo=0] can2[tx=5184/0 rec=157/157/0 bo=0 hal=0x0] | L0 ST ty/ay=25.0/25.3 ey=-0.3 Fy=+34 tdp=0.00 sag=0.00 xa=0.00 tauK=-1.0 ; L1 ST ty/ay=25.0/25.3 ey=-0.3 Fy=+39 tdp=0.00 sag=0.00 xa=0.00 tauK=+1.1 ; L2 ST ty/ay=25.0/24.9 ey=+0.1 Fy=+51 tdp=0.00 sag=0.00 xa=0.00 tauK=-1.5 ; L3 ST ty/ay=25.0/25.5 ey=-0.5 Fy=+35 tdp=0.00 sag=0.00 xa=0.00 tauK=+1.0
[INFO] [1784133680.753286427] [cmd_vel_chassis_serial]: [LEG_DEBUG] vx=+0.11 wz=-0.52 stride=2.79 lift=2.36 roll=-0.2 pitch=+0.3 comp=0.05 att=1/1/1 mode=1 proj=1 raw=-1.5/+0.1 zero=-1.3/-0.1 ctl=m0/s0 gait=1 zero=0 age=23ms to=0 wheels[RF=+0/-0rpm I=+0.0/+0.0A ok=1 LF=-0/+0rpm I=-0.0/+0.0A ok=1 LR=-0/+0rpm I=-0.0/+0.1A ok=1 RR=+0/-0rpm I=+0.0/+0.1A ok=1] can1[tx=5296/0 rec=160/160/0 bo=0] can2[tx=5296/0 rec=160/160/0 bo=0 hal=0x0] | L0 ST ty/ay=25.0/25.3 ey=-0.3 Fy=+34 tdp=0.00 sag=0.00 xa=0.00 tauK=-1.0 ; L1 ST ty/ay=25.0/25.3 ey=-0.3 Fy=+38 tdp=0.00 sag=0.00 xa=0.00 tauK=+1.1 ; L2 ST ty/ay=25.0/24.9 ey=+0.1 Fy=+51 tdp=0.00 sag=0.00 xa=0.00 tauK=-1.5 ; L3 ST ty/ay=25.0/25.5 ey=-0.5 Fy=+35 tdp=0.00 sag=0.00 xa=0.00 tauK=+1.0
[WARN] [1784133680.856277460] [cmd_vel_chassis_serial]: Drop STM32 frame: checksum expected=0xF6 got=0x00
[WARN] [1784133680.977176640] [cmd_vel_chassis_serial]: Drop STM32 frame: checksum expected=0x7B got=0x00
[INFO] [1784133681.268357658] [cmd_vel_chassis_serial]: [LEG_DEBUG] vx=+0.11 wz=-0.52 stride=2.79 lift=2.36 roll=-0.1 pitch=+0.3 comp=0.05 att=1/1/1 mode=1 proj=1 raw=-1.5/+0.2 zero=-1.3/-0.1 ctl=m0/s0 gait=1 zero=0 age=22ms to=0 wheels[RF=+0/-0rpm I=+0.0/+0.0A ok=1 LF=-0/+0rpm I=-0.0/+0.0A ok=1 LR=-0/+0rpm I=-0.0/+0.1A ok=1 RR=+0/-0rpm I=+0.0/+0.1A ok=1] can1[tx=5344/0 rec=162/162/0 bo=0] can2[tx=5344/0 rec=162/162/0 bo=0 hal=0x0] | L0 ST ty/ay=25.0/25.3 ey=-0.3 Fy=+34 tdp=0.00 sag=0.00 xa=0.00 tauK=-1.0 ; L1 ST ty/ay=25.0/25.3 ey=-0.3 Fy=+38 tdp=0.00 sag=0.00 xa=0.00 tauK=+1.1 ; L2 ST ty/ay=25.0/24.9 ey=+0.1 Fy=+51 tdp=0.00 sag=0.00 xa=0.00 tauK=-1.5 ; L3 ST ty/ay=25.0/25.5 ey=-0.5 Fy=+35 tdp=0.00 sag=0.00 xa=0.00 tauK=+1.0
[WARN] [1784133681.283634877] [cmd_vel_chassis_serial]: Drop STM32 frame: checksum expected=0xE7 got=0x00
[WARN] [1784133681.318114650] [cmd_vel_chassis_serial]: Drop STM32 frame: checksum expected=0xE7 got=0x00
[WARN] [1784133681.736724807] [cmd_vel_chassis_serial]: Drop STM32 frame: checksum expected=0x01 got=0x00
[INFO] [1784133681.789996419] [cmd_vel_chassis_serial]: [LEG_DEBUG] vx=+0.11 wz=-0.52 stride=2.79 lift=2.36 roll=-0.2 pitch=+0.3 comp=0.05 att=1/1/1 mode=1 proj=1 raw=-1.5/+0.2 zero=-1.3/-0.1 ctl=m0/s0 gait=1 zero=0 age=15ms to=0 wheels[RF=+0/-0rpm I=+0.0/-0.0A ok=1 LF=-0/+0rpm I=-0.0/+0.0A ok=1 LR=-0/+0rpm I=-0.0/+0.1A ok=1 RR=+0/-0rpm I=+0.0/-0.0A ok=1] can1[tx=5374/0 rec=163/163/0 bo=0] can2[tx=5374/0 rec=163/163/0 bo=0 hal=0x0] | L0 ST ty/ay=25.0/25.3 ey=-0.3 Fy=+34 tdp=0.00 sag=0.00 xa=0.00 tauK=-1.0 ; L1 ST ty/ay=25.0/25.3 ey=-0.3 Fy=+38 tdp=0.00 sag=0.00 xa=0.00 tauK=+1.1 ; L2 ST ty/ay=25.0/24.9 ey=+0.1 Fy=+51 tdp=0.00 sag=0.00 xa=0.00 tauK=-1.5 ; L3 ST ty/ay=25.0/25.5 ey=-0.5 Fy=+34 tdp=0.00 sag=0.00 xa=0.00 tauK=+0.9
[INFO] [1784133682.044518385] [cmd_vel_chassis_serial]: send source=vision vx=0.200 wz=0.000
[ERROR] [1784133682.160874074] [cmd_vel_chassis_serial]: Serial read failed: device reports readiness to read but returned no data (device disconnected or multiple access on port?); commands paused until reconnect
[INFO] [1784133683.165791660] [cmd_vel_chassis_serial]: Reconnected /dev/ttyACM0; sending 10 zero-speed frames
[INFO] [1784133683.169034183] [cmd_vel_chassis_serial]: send source=reconnect_zero vx=0.000 wz=0.000
[WARN] [1784133683.206238136] [cmd_vel_chassis_serial]: Drop STM32 frame: checksum expected=0xF6 got=0x00
[WARN] [1784133683.276885146] [cmd_vel_chassis_serial]: Drop STM32 frame: checksum expected=0x61 got=0x1D
[ERROR] [1784133683.328704049] [cmd_vel_chassis_serial]: Serial read failed: device reports readiness to read but returned no data (device disconnected or multiple access on port?); commands paused until reconnect
[INFO] [1784133684.344915489] [cmd_vel_chassis_serial]: Reconnected /dev/ttyACM0; sending 10 zero-speed frames
[ERROR] [1784133684.452446996] [cmd_vel_chassis_serial]: Serial read failed: device reports readiness to read but returned no data (device disconnected or multiple access on port?); commands paused until reconnect
[INFO] [1784133685.464873082] [cmd_vel_chassis_serial]: Reconnected /dev/ttyACM0; sending 10 zero-speed frames
[ERROR] [1784133685.568484989] [cmd_vel_chassis_serial]: Serial read failed: device reports readiness to read but returned no data (device disconnected or multiple access on port?); commands paused until reconnect
[INFO] [1784133686.585062383] [cmd_vel_chassis_serial]: Reconnected /dev/ttyACM0; sending 10 zero-speed frames
[WARN] [1784133686.698491351] [cmd_vel_chassis_serial]: Drop STM32 frame: checksum expected=0x7B got=0x00
[WARN] [1784133686.734508386] [cmd_vel_chassis_serial]: Drop STM32 frame: checksum expected=0xF8 got=0x00
[WARN] [1784133686.766167472] [cmd_vel_chassis_serial]: Drop STM32 frame: checksum expected=0xBF got=0x00
[INFO] [1784133686.786287565] [cmd_vel_chassis_serial]: send source=vision_stop vx=0.000 wz=0.000
[WARN] [1784133686.816155071] [cmd_vel_chassis_serial]: Drop STM32 frame: checksum expected=0x70 got=0x00
[ERROR] [1784133686.852818817] [cmd_vel_chassis_serial]: Serial read failed: device reports readiness to read but returned no data (device disconnected or multiple access on port?); commands paused until reconnect
[INFO] [1784133687.865028928] [cmd_vel_chassis_serial]: Reconnected /dev/ttyACM0; sending 10 zero-speed frames
[INFO] [1784133687.869327788] [cmd_vel_chassis_serial]: send source=reconnect_zero vx=0.000 wz=0.000
[WARN] [1784133687.977088343] [cmd_vel_chassis_serial]: Drop STM32 frame: checksum expected=0x70 got=0x00
[INFO] [1784133688.066157210] [cmd_vel_chassis_serial]: send source=vision_stop vx=0.000 wz=0.000
[INFO] [1784133688.075068420] [cmd_vel_chassis_serial]: [LEG_DEBUG] vx=+0.11 wz=-0.52 stride=2.79 lift=2.36 roll=-0.2 pitch=+0.3 comp=0.05 att=1/1/1 mode=1 proj=1 raw=-1.5/+0.2 zero=-1.3/-0.1 ctl=m0/s0 gait=1 zero=0 age=27ms to=0 wheels[RF=+0/-0rpm I=+0.0/+0.0A ok=1 LF=-0/+0rpm I=-0.0/-0.0A ok=1 LR=-0/+0rpm I=-0.0/+0.0A ok=1 RR=+0/-0rpm I=+0.0/+0.1A ok=1] can1[tx=5390/0 rec=163/163/0 bo=0] can2[tx=5390/0 rec=163/163/0 bo=0 hal=0x0] | L0 ST ty/ay=25.0/25.3 ey=-0.3 Fy=+34 tdp=0.00 sag=0.00 xa=0.00 tauK=-1.0 ; L1 ST ty/ay=25.0/25.3 ey=-0.3 Fy=+39 tdp=0.00 sag=0.00 xa=0.00 tauK=+1.1 ; L2 ST ty/ay=25.0/24.9 ey=+0.1 Fy=+51 tdp=0.00 sag=0.00 xa=0.00 tauK=-1.5 ; L3 ST ty/ay=25.0/25.5 ey=-0.5 Fy=+34 tdp=0.00 sag=0.00 xa=0.00 tauK=+0.9
[WARN] [1784133688.103954425] [cmd_vel_chassis_serial]: Drop STM32 frame: checksum expected=0xB6 got=0x61
[WARN] [1784133688.174041110] [cmd_vel_chassis_serial]: Drop STM32 frame: checksum expected=0x1C got=0xBB
[WARN] [1784133688.178599934] [cmd_vel_chassis_serial]: Drop STM32 frame: checksum expected=0xF6 got=0x00
[WARN] [1784133688.210045904] [cmd_vel_chassis_serial]: Drop STM32 frame: checksum expected=0x79 got=0x41
[WARN] [1784133688.270676840] [cmd_vel_chassis_serial]: Drop STM32 frame: checksum expected=0x7A got=0x00
[WARN] [1784133688.299761928] [cmd_vel_chassis_serial]: Drop STM32 frame: checksum expected=0x7B got=0x00
[WARN] [1784133688.333246903] [cmd_vel_chassis_serial]: Drop STM32 frame: checksum expected=0xD2 got=0x00
[WARN] [1784133688.348809338] [cmd_vel_chassis_serial]: Drop STM32 frame: checksum expected=0x7B got=0x00
[ERROR] [1784133688.366682908] [cmd_vel_chassis_serial]: Serial read failed: device reports readiness to read but returned no data (device disconnected or multiple access on port?); commands paused until reconnect
[INFO] [1784133689.386608211] [cmd_vel_chassis_serial]: Reconnected /dev/ttyACM0; sending 10 zero-speed frames
[INFO] [1784133689.389952844] [cmd_vel_chassis_serial]: send source=reconnect_zero vx=0.000 wz=0.000
[WARN] [1784133689.570303309] [cmd_vel_chassis_serial]: Drop STM32 frame: checksum expected=0xF3 got=0x00
[INFO] [1784133689.585960013] [cmd_vel_chassis_serial]: send source=vision_stop vx=0.000 wz=0.000
[ERROR] [1784133689.669372348] [cmd_vel_chassis_serial]: Serial read failed: device reports readiness to read but returned no data (device disconnected or multiple access on port?); commands paused until reconnect
[INFO] [1784133690.684700295] [cmd_vel_chassis_serial]: Reconnected /dev/ttyACM0; sending 10 zero-speed frames
[INFO] [1784133690.685689760] [cmd_vel_chassis_serial]: send source=reconnect_zero vx=0.000 wz=0.000
[WARN] [1784133690.781360586] [cmd_vel_chassis_serial]: Drop STM32 frame: checksum expected=0xAE got=0x00
[INFO] [1784133690.813089563] [cmd_vel_chassis_serial]: [LEG_DEBUG] vx=+0.11 wz=-0.52 stride=2.79 lift=2.36 roll=-0.2 pitch=+0.3 comp=0.05 att=1/1/1 mode=1 proj=1 raw=-1.5/+0.2 zero=-1.3/-0.1 ctl=m0/s0 gait=1 zero=0 age=15ms to=0 wheels[RF=+0/-0rpm I=+0.0/-0.0A ok=1 LF=-0/+0rpm I=-0.0/-0.0A ok=1 LR=-0/+0rpm I=-0.0/+0.0A ok=1 RR=+0/-0rpm I=+0.0/-0.1A ok=1] can1[tx=5390/0 rec=163/163/0 bo=0] can2[tx=5390/0 rec=163/163/0 bo=0 hal=0x0] | L0 ST ty/ay=25.0/25.3 ey=-0.3 Fy=+34 tdp=0.00 sag=0.00 xa=0.00 tauK=-1.0 ; L1 ST ty/ay=25.0/25.3 ey=-0.3 Fy=+39 tdp=0.00 sag=0.00 xa=0.00 tauK=+1.1 ; L2 ST ty/ay=25.0/24.9 ey=+0.1 Fy=+51 tdp=0.00 sag=0.00 xa=0.00 tauK=-1.5 ; L3 ST ty/ay=25.0/25.5 ey=-0.5 Fy=+34 tdp=0.00 sag=0.00 xa=0.00 tauK=+0.9
[WARN] [1784133690.818392357] [cmd_vel_chassis_serial]: Drop STM32 frame: checksum expected=0x1A got=0xA0
[WARN] [1784133690.861747241] [cmd_vel_chassis_serial]: Drop STM32 frame: checksum expected=0x3A got=0x3F
[INFO] [1784133690.886678748] [cmd_vel_chassis_serial]: send source=vision_stop vx=0.000 wz=0.000
[ERROR] [1784133690.890714748] [cmd_vel_chassis_serial]: Serial read failed: device reports readiness to read but returned no data (device disconnected or multiple access on port?); commands paused until reconnect
[INFO] [1784133691.906244768] [cmd_vel_chassis_serial]: Reconnected /dev/ttyACM0; sending 10 zero-speed frames
[INFO] [1784133691.906880636] [cmd_vel_chassis_serial]: send source=reconnect_zero vx=0.000 wz=0.000
[ERROR] [1784133692.045667224] [cmd_vel_chassis_serial]: Serial read failed: device reports readiness to read but returned no data (device disconnected or multiple access on port?); commands paused until reconnect
[INFO] [1784133693.045483308] [cmd_vel_chassis_serial]: Reconnected /dev/ttyACM0; sending 10 zero-speed frames
[WARN] [1784133693.061399477] [cmd_vel_chassis_serial]: Drop STM32 frame: checksum expected=0x3B got=0x00
[WARN] [1784133693.076660909] [cmd_vel_chassis_serial]: Drop STM32 frame: checksum expected=0xA0 got=0x00
[WARN] [1784133693.137975477] [cmd_vel_chassis_serial]: Drop STM32 frame: checksum expected=0xA0 got=0x00
[WARN] [1784133693.160920106] [cmd_vel_chassis_serial]: Drop STM32 frame: checksum expected=0x43 got=0x5D
[WARN] [1784133693.187995207] [cmd_vel_chassis_serial]: Drop STM32 frame: checksum expected=0x43 got=0x00
[WARN] [1784133693.221792518] [cmd_vel_chassis_serial]: Drop STM32 frame: checksum expected=0xC9 got=0x00
[INFO] [1784133693.244585270] [cmd_vel_chassis_serial]: send source=vision_stop vx=0.000 wz=0.000
[WARN] [1784133693.257578950] [cmd_vel_chassis_serial]: Drop STM32 frame: checksum expected=0x55 got=0x00
[ERROR] [1784133693.308793143] [cmd_vel_chassis_serial]: Serial read failed: device reports readiness to read but returned no data (device disconnected or multiple access on port?); commands paused until reconnect
[INFO] [1784133694.324796452] [cmd_vel_chassis_serial]: Reconnected /dev/ttyACM0; sending 10 zero-speed frames
[INFO] [1784133694.325478746] [cmd_vel_chassis_serial]: send source=reconnect_zero vx=0.000 wz=0.000
[INFO] [1784133694.524517886] [cmd_vel_chassis_serial]: send source=vision_stop vx=0.000 wz=0.000
[INFO] [1784133694.538242829] [cmd_vel_chassis_serial]: [LEG_DEBUG] vx=+0.11 wz=-0.52 stride=2.79 lift=2.36 roll=-0.2 pitch=+0.3 comp=0.05 att=1/1/1 mode=1 proj=1 raw=-1.6/+0.2 zero=-1.3/-0.1 ctl=m0/s0 gait=1 zero=0 age=15ms to=0 wheels[RF=+0/-0rpm I=+0.0/-0.0A ok=1 LF=-0/+0rpm I=-0.0/-0.0A ok=1 LR=-0/+0rpm I=-0.0/+0.0A ok=1 RR=+0/-0rpm I=+0.0/-0.1A ok=1] can1[tx=5390/0 rec=163/163/0 bo=0] can2[tx=5390/0 rec=163/163/0 bo=0 hal=0x0] | L0 ST ty/ay=25.0/25.3 ey=-0.3 Fy=+34 tdp=0.00 sag=0.00 xa=0.00 tauK=-1.0 ; L1 ST ty/ay=25.0/25.3 ey=-0.3 Fy=+39 tdp=0.00 sag=0.00 xa=0.00 tauK=+1.1 ; L2 ST ty/ay=25.0/24.9 ey=+0.1 Fy=+51 tdp=0.00 sag=0.00 xa=0.00 tauK=-1.5 ; L3 ST ty/ay=25.0/25.5 ey=-0.5 Fy=+34 tdp=0.00 sag=0.00 xa=0.00 tauK=+0.9
[WARN] [1784133694.939949555] [cmd_vel_chassis_serial]: Drop STM32 frame: checksum expected=0x55 got=0x00
[WARN] [1784133695.057620981] [cmd_vel_chassis_serial]: Drop STM32 frame: checksum expected=0x0E got=0x4D
[INFO] [1784133695.085857057] [cmd_vel_chassis_serial]: [LEG_DEBUG] vx=+0.20 wz=+0.00 stride=3.02 lift=2.46 roll=-0.3 pitch=+0.3 comp=0.05 att=1/1/1 mode=1 proj=1 raw=-1.6/+0.2 zero=-1.3/-0.1 ctl=m0/s0 gait=1 zero=0 age=25ms to=0 wheels[RF=+0/-0rpm I=+0.0/-0.0A ok=1 LF=-0/+0rpm I=-0.0/+0.0A ok=1 LR=-0/+0rpm I=-0.0/+0.0A ok=1 RR=+0/-0rpm I=+0.0/+0.0A ok=1] can1[tx=6233/0 rec=189/189/0 bo=0] can2[tx=6233/0 rec=189/189/0 bo=0 hal=0x0] | L0 ST ty/ay=25.0/25.4 ey=-0.4 Fy=+32 tdp=0.00 sag=0.00 xa=0.00 tauK=-0.9 ; L1 ST ty/ay=25.0/25.3 ey=-0.3 Fy=+39 tdp=0.00 sag=0.00 xa=0.00 tauK=+1.1 ; L2 ST ty/ay=25.0/25.0 ey=+0.0 Fy=+48 tdp=0.00 sag=0.00 xa=0.00 tauK=-1.4 ; L3 ST ty/ay=25.0/25.5 ey=-0.5 Fy=+34 tdp=0.00 sag=0.00 xa=0.00 tauK=+0.9
[INFO] [1784133695.670831202] [cmd_vel_chassis_serial]: [LEG_DEBUG] vx=+0.20 wz=+0.00 stride=3.02 lift=2.46 roll=-0.3 pitch=+0.3 comp=0.05 att=1/1/1 mode=1 proj=1 raw=-1.6/+0.2 zero=-1.3/-0.1 ctl=m0/s0 gait=1 zero=0 age=20ms to=0 wheels[RF=+0/-0rpm I=+0.0/-0.0A ok=1 LF=-0/+0rpm I=-0.0/+0.0A ok=1 LR=-0/+0rpm I=-0.0/-0.1A ok=1 RR=+0/-0rpm I=+0.0/-0.2A ok=1] can1[tx=6263/0 rec=190/190/0 bo=0] can2[tx=6263/0 rec=190/190/0 bo=0 hal=0x0] | L0 ST ty/ay=25.0/25.4 ey=-0.4 Fy=+31 tdp=0.00 sag=0.00 xa=0.00 tauK=-0.9 ; L1 ST ty/ay=25.0/25.2 ey=-0.2 Fy=+43 tdp=0.00 sag=0.00 xa=0.00 tauK=+1.3 ; L2 ST ty/ay=25.0/25.0 ey=+0.0 Fy=+48 tdp=0.00 sag=0.00 xa=0.00 tauK=-1.4 ; L3 ST ty/ay=25.0/25.4 ey=-0.4 Fy=+37 tdp=0.00 sag=0.00 xa=0.00 tauK=+1.0
[WARN] [1784133695.697888845] [cmd_vel_chassis_serial]: Drop STM32 frame: checksum expected=0x7B got=0x00
[WARN] [1784133695.732375477] [cmd_vel_chassis_serial]: Drop STM32 frame: checksum expected=0xF8 got=0x00
[WARN] [1784133695.876553236] [cmd_vel_chassis_serial]: Drop STM32 frame: checksum expected=0x57 got=0x00
[ERROR] [1784133696.165219336] [cmd_vel_chassis_serial]: Serial read failed: device reports readiness to read but returned no data (device disconnected or multiple access on port?); commands paused until