[INFO] [1784053969.450221665] [global_localization]: Waiting for global map...
[INFO] [1784053969.453287619] [global_localization]: Loading map: /home/gsing/2026Gsing/2026_Gsing-second_ROS/map/PCD29.pcd, voxel_size=0.01
[INFO] [1784053969.576955191] [global_localization]: Map loaded: raw=421761 pts
[INFO] [1784053969.930710907] [global_localization]: Map downsampled: 86331 pts
[INFO] [1784053969.941741435] [global_localization]: Global map received.
[INFO] [1784053970.485957216] [global_localization]: Waiting for initial pose...
[INFO] [1784053971.008858390] [global_localization]: Waiting for initial pose...
[INFO] [1784053971.529447152] [global_localization]: Waiting for initial pose...
[INFO] [1784053971.984396357] [global_localization]: Waiting for initial pose...
[INFO] [1784053972.497369114] [global_localization]: Waiting for initial pose...
[INFO] [1784053972.979635972] [global_localization]: Waiting for initial pose...
[INFO] [1784053973.472433906] [global_localization]: Waiting for initial pose...
[INFO] [1784053974.014063829] [global_localization]: Waiting for initial pose...
[INFO] [1784053974.470101748] [global_localization]: Waiting for initial pose...
[INFO] [1784053974.971341620] [global_localization]: Waiting for initial pose...
[INFO] [1784053974.974532404] [global_localization]: _auto_init_if_needed: initialized=False cur_scan=✓
[WARN] [1784053974.977868658] [global_localization]: No /initialpose received within 5s — auto-initializing at (0, 0) facing X+
[INFO] [1784053975.008674391] [global_localization]: ICP input: scan=48969 pts, map_FOV=86331 pts
[INFO] [1784053981.748297615] [global_localization]: ICP fitness: coarse=1.000, fine=0.982, threshold=0.9
[INFO] [1784053981.751429075] [global_localization]: map→odom: x=0.144 y=0.073 z=-0.071
[INFO] [1784053981.796792692] [global_localization]: ICP input: scan=4873 pts, map_FOV=86331 pts
[INFO] [1784053982.266592381] [global_localization]: ICP fitness: coarse=1.000, fine=0.997, threshold=0.9
[INFO] [1784053982.273740225] [global_localization]: map→odom: x=0.165 y=0.110 z=-0.063
[INFO] [1784053982.283164164] [global_localization]: _auto_init_if_needed: initialized=True cur_scan=✓
[INFO] [1784053982.357070723] [global_localization]: ICP input: scan=4825 pts, map_FOV=86331 pts
[INFO] [1784053983.083620112] [global_localization]: ICP fitness: coarse=1.000, fine=0.989, threshold=0.9
[INFO] [1784053983.086818195] [global_localization]: map→odom: x=0.173 y=0.179 z=-0.061
[INFO] [1784053983.132072642] [global_localization]: ICP input: scan=4854 pts, map_FOV=86331 pts
[INFO] [1784053983.896790830] [global_localization]: ICP fitness: coarse=1.000, fine=0.990, threshold=0.9
[INFO] [1784053983.908146735] [global_localization]: map→odom: x=0.221 y=0.129 z=-0.066
[INFO] [1784053984.077594593] [global_localization]: ICP input: scan=4903 pts, map_FOV=86331 pts
[INFO] [1784053985.302057082] [global_localization]: ICP fitness: coarse=1.000, fine=0.987, threshold=0.9
[INFO] [1784053985.310199347] [global_localization]: map→odom: x=0.247 y=0.130 z=-0.068
[INFO] [1784053985.381195828] [global_localization]: ICP input: scan=5108 pts, map_FOV=86331 pts
[INFO] [1784053986.363378561] [global_localization]: ICP fitness: coarse=1.000, fine=1.000, threshold=0.9
[INFO] [1784053986.375306753] [global_localization]: map→odom: x=0.196 y=0.095 z=-0.075
[INFO] [1784053986.452423244] [global_localization]: ICP input: scan=4887 pts, map_FOV=86331 pts
[INFO] [1784053987.863799309] [global_localization]: ICP fitness: coarse=1.000, fine=0.990, threshold=0.9
[INFO] [1784053987.891821291] [global_localization]: map→odom: x=0.261 y=0.079 z=-0.072
[INFO] [1784053987.962496424] [global_localization]: ICP input: scan=4760 pts, map_FOV=86331 pts
[INFO] [1784053989.220216907] [global_localization]: ICP fitness: coarse=1.000, fine=0.980, threshold=0.9
[INFO] [1784053989.225082206] [global_localization]: map→odom: x=0.323 y=0.133 z=-0.084
[INFO] [1784053989.276326438] [global_localization]: ICP input: scan=4970 pts, map_FOV=86331 pts
[INFO] [1784053991.053252593] [global_localization]: ICP fitness: coarse=1.000, fine=0.990, threshold=0.9
[INFO] [1784053991.088848010] [global_localization]: map→odom: x=0.333 y=0.082 z=-0.073
[INFO] [1784053991.234802312] [global_localization]: ICP input: scan=4993 pts, map_FOV=86331 pts
[INFO] [1784053993.387918013] [global_localization]: ICP fitness: coarse=1.000, fine=0.991, threshold=0.9
[INFO] [1784053993.423749942] [global_localization]: map→odom: x=0.309 y=0.069 z=-0.089
[INFO] [1784053993.640668173] [global_localization]: ICP input: scan=5022 pts, map_FOV=86331 pts
[INFO] [1784053996.286698184] [global_localization]: ICP fitness: coarse=1.000, fine=0.998, threshold=0.9
[INFO] [1784053996.329900009] [global_localization]: map→odom: x=0.296 y=0.086 z=-0.075
[INFO] [1784053996.495503233] [global_localization]: ICP input: scan=4892 pts, map_FOV=86331 pts
[INFO] [1784053998.905664951] [global_localization]: ICP fitness: coarse=1.000, fine=0.982, threshold=0.9
[INFO] [1784053998.923769399] [global_localization]: map→odom: x=0.282 y=0.069 z=-0.061
[INFO] [1784053999.106690549] [global_localization]: ICP input: scan=4942 pts, map_FOV=86331 pts
[INFO] [1784053999.864776621] [global_localization]: ICP fitness: coarse=1.000, fine=0.989, threshold=0.9
[INFO] [1784053999.868175690] [global_localization]: map→odom: x=0.259 y=0.122 z=-0.030
[INFO] [1784053999.914785817] [global_localization]: ICP input: scan=4818 pts, map_FOV=86331 pts
[INFO] [1784054000.436341179] [global_localization]: ICP fitness: coarse=1.000, fine=0.986, threshold=0.9
[INFO] [1784054000.440320623] [global_localization]: map→odom: x=0.328 y=0.140 z=-0.060
[INFO] [1784054000.490617472] [global_localization]: ICP input: scan=4913 pts, map_FOV=86331 pts
[INFO] [1784054001.013147200] [global_localization]: ICP fitness: coarse=1.000, fine=1.000, threshold=0.9
[INFO] [1784054001.016539265] [global_localization]: map→odom: x=0.304 y=0.103 z=-0.051
[INFO] [1784054001.071965863] [global_localization]: ICP input: scan=4947 pts, map_FOV=86331 pts
[INFO] [1784054002.484045335] [global_localization]: ICP fitness: coarse=1.000, fine=0.981, threshold=0.9
[INFO] [1784054002.493921220] [global_localization]: map→odom: x=0.349 y=0.062 z=-0.068
[INFO] [1784054002.567925646] [global_localization]: ICP input: scan=4929 pts, map_FOV=86331 pts
[INFO] [1784054004.939469317] [global_localization]: ICP fitness: coarse=1.000, fine=0.989, threshold=0.9
[INFO] [1784054004.961979735] [global_localization]: map→odom: x=0.390 y=0.016 z=-0.076
[INFO] [1784054005.164970575] [global_localization]: ICP input: scan=4777 pts, map_FOV=86331 pts
[INFO] [1784054006.623564667] [global_localization]: ICP fitness: coarse=1.000, fine=0.992, threshold=0.9
[INFO] [1784054006.633075063] [global_localization]: map→odom: x=0.397 y=0.117 z=-0.063
[INFO] [1784054006.682664043] [global_localization]: ICP input: scan=5095 pts, map_FOV=86331 pts
[INFO] [1784054008.219665601] [global_localization]: ICP fitness: coarse=1.000, fine=0.985, threshold=0.9
[INFO] [1784054008.231388471] [global_localization]: map→odom: x=0.442 y=0.063 z=-0.092
[INFO] [1784054008.331945548] [global_localization]: ICP input: scan=4867 pts, map_FOV=86331 pts
[INFO] [1784054009.779806189] [global_localization]: ICP fitness: coarse=1.000, fine=0.980, threshold=0.9
[INFO] [1784054009.783183659] [global_localization]: map→odom: x=0.560 y=0.058 z=-0.061
[INFO] [1784054009.823950837] [global_localization]: ICP input: scan=4842 pts, map_FOV=86331 pts
[INFO] [1784054011.754541747] [global_localization]: ICP fitness: coarse=1.000, fine=0.997, threshold=0.9
[INFO] [1784054011.758297803] [global_localization]: map→odom: x=0.601 y=0.158 z=-0.071
[INFO] [1784054011.805357819] [global_localization]: ICP input: scan=4988 pts, map_FOV=86331 pts
[INFO] [1784054013.419211042] [global_localization]: ICP fitness: coarse=1.000, fine=0.990, threshold=0.9
[INFO] [1784054013.434544128] [global_localization]: map→odom: x=0.720 y=0.154 z=-0.050
[INFO] [1784054013.505260931] [global_localization]: ICP input: scan=4961 pts, map_FOV=86331 pts
[INFO] [1784054014.376783106] [global_localization]: ICP fitness: coarse=1.000, fine=0.999, threshold=0.9
[INFO] [1784054014.380588661] [global_localization]: map→odom: x=0.739 y=0.158 z=-0.066
[INFO] [1784054014.420100613] [global_localization]: ICP input: scan=4775 pts, map_FOV=86331 pts
[INFO] [1784054016.804775659] [global_localization]: ICP fitness: coarse=1.000, fine=0.997, threshold=0.9
[INFO] [1784054016.813353326] [global_localization]: map→odom: x=0.755 y=0.163 z=-0.091
[INFO] [1784054016.884801925] [global_localization]: ICP input: scan=4924 pts, map_FOV=86331 pts
[INFO] [1784054018.350300467] [global_localization]: ICP fitness: coarse=1.000, fine=0.995, threshold=0.9
[INFO] [1784054018.354511293] [global_localization]: map→odom: x=0.816 y=0.141 z=-0.074
[INFO] [1784054018.403513188] [global_localization]: ICP input: scan=5025 pts, map_FOV=86331 pts
[INFO] [1784054019.979286813] [global_localization]: ICP fitness: coarse=1.000, fine=1.000, threshold=0.9
[INFO] [1784054019.987947266] [global_localization]: map→odom: x=0.811 y=0.146 z=-0.056
[INFO] [1784054020.095847174] [global_localization]: ICP input: scan=4907 pts, map_FOV=86331 pts
[INFO] [1784054022.421689109] [global_localization]: ICP fitness: coarse=1.000, fine=0.994, threshold=0.9
[INFO] [1784054022.445215928] [global_localization]: map→odom: x=0.802 y=0.106 z=-0.086
[INFO] [1784054022.606442120] [global_localization]: ICP input: scan=4947 pts, map_FOV=86331 pts
[INFO] [1784054024.094317307] [global_localization]: ICP fitness: coarse=1.000, fine=0.993, threshold=0.9
[INFO] [1784054024.098803293] [global_localization]: map→odom: x=0.862 y=0.098 z=-0.057
[INFO] [1784054024.156255761] [global_localization]: ICP input: scan=4946 pts, map_FOV=86331 pts
[INFO] [1784054024.664746991] [global_localization]: ICP fitness: coarse=1.000, fine=1.000, threshold=0.9
[INFO] [1784054024.668267852] [global_localization]: map→odom: x=0.844 y=0.104 z=-0.064
[INFO] [1784054024.710287986] [global_localization]: ICP input: scan=4999 pts, map_FOV=86331 pts
[INFO] [1784054025.274268625] [global_localization]: ICP fitness: coarse=1.000, fine=0.996, threshold=0.9
[INFO] [1784054025.279495589] [global_localization]: map→odom: x=0.873 y=0.102 z=-0.044
[INFO] [1784054025.328157662] [global_localization]: ICP input: scan=4781 pts, map_FOV=86331 pts
[INFO] [1784054025.865953906] [global_localization]: ICP fitness: coarse=1.000, fine=0.995, threshold=0.9
[INFO] [1784054025.869848057] [global_localization]: map→odom: x=0.927 y=0.063 z=-0.092
[INFO] [1784054025.913604779] [global_localization]: ICP input: scan=4948 pts, map_FOV=86331 pts
[INFO] [1784054026.398343229] [global_localization]: ICP fitness: coarse=1.000, fine=0.996, threshold=0.9
[INFO] [1784054026.401220945] [global_localization]: map→odom: x=0.940 y=0.082 z=-0.033
[INFO] [1784054026.466852928] [global_localization]: ICP input: scan=4852 pts, map_FOV=86331 pts
[INFO] [1784054027.388372995] [global_localization]: ICP fitness: coarse=1.000, fine=1.000, threshold=0.9
[INFO] [1784054027.391929031] [global_localization]: map→odom: x=0.908 y=0.131 z=-0.096
[INFO] [1784054027.431032025] [global_localization]: ICP input: scan=4868 pts, map_FOV=86331 pts
[INFO] [1784054028.062799199] [global_localization]: ICP fitness: coarse=1.000, fine=1.000, threshold=0.9
[INFO] [1784054028.066960616] [global_localization]: map→odom: x=0.892 y=0.112 z=-0.078
[INFO] [1784054028.127040120] [global_localization]: ICP input: scan=4935 pts, map_FOV=86331 pts
[INFO] [1784054028.581700097] [global_localization]: ICP fitness: coarse=1.000, fine=1.000, threshold=0.9
[INFO] [1784054028.593843015] [global_localization]: map→odom: x=0.901 y=0.090 z=-0.059
[INFO] [1784054028.650848590] [global_localization]: ICP input: scan=4964 pts, map_FOV=86331 pts
[INFO] [1784054030.621830923] [global_localization]: ICP fitness: coarse=1.000, fine=1.000, threshold=0.9
[INFO] [1784054030.648787519] [global_localization]: map→odom: x=0.856 y=0.133 z=-0.071
[INFO] [1784054030.719180819] [global_localization]: ICP input: scan=4936 pts, map_FOV=86331 pts
[INFO] [1784054031.548843597] [global_localization]: ICP fitness: coarse=1.000, fine=0.991, threshold=0.9
[INFO] [1784054031.560558470] [global_localization]: map→odom: x=0.962 y=0.029 z=-0.010
[INFO] [1784054031.643700268] [global_localization]: ICP input: scan=4772 pts, map_FOV=86331 pts
[INFO] [1784054033.241550222] [global_localization]: ICP fitness: coarse=1.000, fine=0.993, threshold=0.9
[INFO] [1784054033.251527405] [global_localization]: map→odom: x=1.002 y=0.022 z=-0.074
[INFO] [1784054033.344699484] [global_localization]: ICP input: scan=4911 pts, map_FOV=86331 pts
[INFO] [1784054035.260271221] [global_localization]: ICP fitness: coarse=1.000, fine=0.991, threshold=0.9
[INFO] [1784054035.287558653] [global_localization]: map→odom: x=0.990 y=0.052 z=-0.041
[INFO] [1784054035.361561273] [global_localization]: ICP input: scan=4904 pts, map_FOV=86331 pts
[INFO] [1784054036.484954376] [global_localization]: ICP fitness: coarse=1.000, fine=0.991, threshold=0.9
[INFO] [1784054036.510562266] [global_localization]: map→odom: x=1.025 y=0.006 z=-0.024
[INFO] [1784054036.625570427] [global_localization]: ICP input: scan=4951 pts, map_FOV=86331 pts
[INFO] [1784054037.309781288] [global_localization]: ICP fitness: coarse=1.000, fine=0.998, threshold=0.9
[INFO] [1784054037.315363852] [global_localization]: map→odom: x=1.008 y=0.072 z=-0.067
[INFO] [1784054037.360255602] [global_localization]: ICP input: scan=4984 pts, map_FOV=86331 pts
[INFO] [1784054038.378653770] [global_localization]: ICP fitness: coarse=1.000, fine=0.992, threshold=0.9
[INFO] [1784054038.384257459] [global_localization]: map→odom: x=1.045 y=0.089 z=-0.047
[INFO] [1784054038.430469657] [global_localization]: ICP input: scan=4758 pts, map_FOV=86331 pts
[INFO] [1784054039.793721123] [global_localization]: ICP fitness: coarse=1.000, fine=0.992, threshold=0.9
[INFO] [1784054039.822072331] [global_localization]: map→odom: x=1.035 y=0.063 z=-0.095
[INFO] [1784054039.922427603] [global_localization]: ICP input: scan=4909 pts, map_FOV=86331 pts
[INFO] [1784054041.104329724] [global_localization]: ICP fitness: coarse=1.000, fine=1.000, threshold=0.9
[INFO] [1784054041.124344583] [global_localization]: map→odom: x=1.011 y=0.164 z=-0.085
