[INFO] [1784044426.392384150] [global_localization]: Waiting for global map...
[INFO] [1784044426.416505295] [global_localization]: Loading map: /home/gsing/2026Gsing/2026_Gsing-second_ROS/map/PCD25.pcd, voxel_size=0.01
[INFO] [1784044426.572316696] [global_localization]: Map loaded: raw=329632 pts
[INFO] [1784044427.088420031] [global_localization]: Map downsampled: 89134 pts
[INFO] [1784044427.105242852] [global_localization]: Global map received.
[INFO] [1784044427.695314531] [global_localization]: Waiting for initial pose...
[INFO] [1784044428.190400604] [global_localization]: Waiting for initial pose...
[INFO] [1784044428.718813756] [global_localization]: Waiting for initial pose...
[INFO] [1784044429.197736770] [global_localization]: Waiting for initial pose...
[INFO] [1784044429.705365118] [global_localization]: Waiting for initial pose...
[INFO] [1784044430.200845997] [global_localization]: Waiting for initial pose...
[INFO] [1784044430.706617554] [global_localization]: Waiting for initial pose...
[INFO] [1784044431.212489821] [global_localization]: Waiting for initial pose...
[INFO] [1784044431.699122620] [global_localization]: Waiting for initial pose...
[INFO] [1784044432.192359759] [global_localization]: Waiting for initial pose...
[INFO] [1784044432.199676531] [global_localization]: _auto_init_if_needed: initialized=False cur_scan=✗
[INFO] [1784044432.689701085] [global_localization]: Waiting for initial pose...
[INFO] [1784044433.190609150] [global_localization]: Waiting for initial pose...
[INFO] [1784044433.692691336] [global_localization]: Waiting for initial pose...
[INFO] [1784044434.192526420] [global_localization]: Waiting for initial pose...
[INFO] [1784044434.691746900] [global_localization]: Waiting for initial pose...
[INFO] [1784044435.190194338] [global_localization]: Waiting for initial pose...
[INFO] [1784044435.694978592] [global_localization]: Waiting for initial pose...
[INFO] [1784044436.190122677] [global_localization]: Waiting for initial pose...
[INFO] [1784044436.704490445] [global_localization]: Waiting for initial pose...
[INFO] [1784044437.195714347] [global_localization]: Waiting for initial pose...
[INFO] [1784044437.212922152] [global_localization]: _auto_init_if_needed: initialized=False cur_scan=✗
[INFO] [1784044437.690869962] [global_localization]: Waiting for initial pose...
[INFO] [1784044438.216720409] [global_localization]: Waiting for initial pose...
[INFO] [1784044438.698988100] [global_localization]: Waiting for initial pose...
[INFO] [1784044439.200926411] [global_localization]: Waiting for initial pose...
[INFO] [1784044439.689664681] [global_localization]: Waiting for initial pose...
[INFO] [1784044440.200215097] [global_localization]: Waiting for initial pose...
[INFO] [1784044440.692424921] [global_localization]: Waiting for initial pose...
[INFO] [1784044441.193218980] [global_localization]: Waiting for initial pose...
[INFO] [1784044441.692143512] [global_localization]: Waiting for initial pose...
[INFO] [1784044442.193648140] [global_localization]: Waiting for initial pose...
[INFO] [1784044442.201469935] [global_localization]: _auto_init_if_needed: initialized=False cur_scan=✗
[INFO] [1784044442.691533782] [global_localization]: Waiting for initial pose...
[INFO] [1784044443.190750043] [global_localization]: Waiting for initial pose...
[INFO] [1784044443.690384085] [global_localization]: Waiting for initial pose...
[INFO] [1784044444.191134048] [global_localization]: Waiting for initial pose...
[INFO] [1784044444.696705027] [global_localization]: Waiting for initial pose...
[INFO] [1784044445.200024853] [global_localization]: Waiting for initial pose...
[INFO] [1784044445.699671183] [global_localization]: Waiting for initial pose...
[INFO] [1784044446.200158203] [global_localization]: Waiting for initial pose...
[INFO] [1784044446.692121704] [global_localization]: Waiting for initial pose...
[INFO] [1784044447.192749906] [global_localization]: Waiting for initial pose...
[INFO] [1784044447.197678696] [global_localization]: _auto_init_if_needed: initialized=False cur_scan=✗
[INFO] [1784044447.696527672] [global_localization]: Waiting for initial pose...
[INFO] [1784044448.193899020] [global_localization]: Waiting for initial pose...
[INFO] [1784044448.700994515] [global_localization]: Waiting for initial pose...
[INFO] [1784044449.195616776] [global_localization]: Waiting for initial pose...
[INFO] [1784044449.696946361] [global_localization]: Waiting for initial pose...
[INFO] [1784044450.195993435] [global_localization]: Waiting for initial pose...
[INFO] [1784044450.706236379] [global_localization]: Waiting for initial pose...
[INFO] [1784044451.191007321] [global_localization]: Waiting for initial pose...
[INFO] [1784044451.722590304] [global_localization]: Waiting for initial pose...
[INFO] [1784044452.210678411] [global_localization]: Waiting for initial pose...
[INFO] [1784044452.240257634] [global_localization]: _auto_init_if_needed: initialized=False cur_scan=✗
[INFO] [1784044452.733422815] [global_localization]: Waiting for initial pose...
[INFO] [1784044453.281103361] [global_localization]: Waiting for initial pose...
[INFO] [1784044453.740493237] [global_localization]: Waiting for initial pose...
[INFO] [1784044454.198056875] [global_localization]: Waiting for initial pose...
[INFO] [1784044454.690506731] [global_localization]: Waiting for initial pose...
[INFO] [1784044455.193688621] [global_localization]: Waiting for initial pose...
[INFO] [1784044455.690724761] [global_localization]: Waiting for initial pose...
[INFO] [1784044456.193633208] [global_localization]: Waiting for initial pose...
[INFO] [1784044456.720712188] [global_localization]: Waiting for initial pose...
[INFO] [1784044457.214934734] [global_localization]: Waiting for initial pose...
[INFO] [1784044457.230007417] [global_localization]: _auto_init_if_needed: initialized=False cur_scan=✗
[INFO] [1784044457.699505302] [global_localization]: Waiting for initial pose...
[INFO] [1784044458.189867780] [global_localization]: Waiting for initial pose...
[INFO] [1784044458.699521032] [global_localization]: Waiting for initial pose...
[INFO] [1784044459.228946252] [global_localization]: Waiting for initial pose...
[INFO] [1784044459.714060298] [global_localization]: Waiting for initial pose...
[INFO] [1784044460.196548809] [global_localization]: Waiting for initial pose...
[INFO] [1784044460.692665150] [global_localization]: Waiting for initial pose...
[INFO] [1784044461.193079570] [global_localization]: Waiting for initial pose...
[INFO] [1784044461.691063961] [global_localization]: Waiting for initial pose...
[INFO] [1784044462.190743071] [global_localization]: Waiting for initial pose...
[INFO] [1784044462.196295267] [global_localization]: _auto_init_if_needed: initialized=False cur_scan=✗
[INFO] [1784044462.721186416] [global_localization]: Waiting for initial pose...
[INFO] [1784044463.193583346] [global_localization]: Waiting for initial pose...
[INFO] [1784044463.715690595] [global_localization]: Waiting for initial pose...
[INFO] [1784044464.221664342] [global_localization]: Waiting for initial pose...
[INFO] [1784044464.712091459] [global_localization]: Waiting for initial pose...
[INFO] [1784044465.276193626] [global_localization]: Waiting for initial pose...
[INFO] [1784044465.693448488] [global_localization]: Waiting for initial pose...
[INFO] [1784044466.198371081] [global_localization]: Waiting for initial pose...
[INFO] [1784044466.698038776] [global_localization]: Waiting for initial pose...
[INFO] [1784044467.194189579] [global_localization]: Waiting for initial pose...
[INFO] [1784044467.200253929] [global_localization]: _auto_init_if_needed: initialized=False cur_scan=✗
[INFO] [1784044467.737738726] [global_localization]: Waiting for initial pose...
[INFO] [1784044468.195914662] [global_localization]: Waiting for initial pose...
[INFO] [1784044468.704767358] [global_localization]: Waiting for initial pose...
[INFO] [1784044469.211424287] [global_localization]: Waiting for initial pose...
[INFO] [1784044469.711598196] [global_localization]: Waiting for initial pose...
[INFO] [1784044470.216819096] [global_localization]: Waiting for initial pose...
