[INFO] [1784080172.707818039] [test_move]: ============================================================
[INFO] [1784080172.710048325] [test_move]:   纯轮足底盘运动测试工具
[INFO] [1784080172.712421958] [test_move]: ============================================================
[INFO] [1784080172.719540168] [test_move]: 
[INFO] [1784080172.722341102] [test_move]: 【安全须知】
[INFO] [1784080172.724867791] [test_move]:   确保底盘周围 2m 内无人员/障碍物！
[INFO] [1784080172.727440198] [test_move]:   随时可按 Ctrl+C 急停
[INFO] [1784080172.730343610] [test_move]: 
[INFO] [1784080172.733462408] [test_move]:   交互模式 — 输入命令:
[INFO] [1784080172.741339346] [test_move]:     1~2  → 速度预设 (自动开门)
[INFO] [1784080172.744525922] [test_move]:     s    → 停止
[INFO] [1784080172.748820668] [test_move]:     直接输 vx wz → 自定义速度 (自动开门)
[INFO] [1784080172.752022007] [test_move]: 
[INFO] [1784080179.954045242] [test_move]: [AUTO] cmd=1 (0x1)
[INFO] [1784080179.967695360] [test_move]:   → 门禁已开，现在可以发送速度指令
[INFO] [1784080179.970321391] [test_move]: [VEL] vx=+0.200  wz=+0.000  state=1(FORWARD)
[INFO] [1784080187.152066661] [test_move]: [VEL] vx=+0.000  wz=+0.000  state=0(IDLE)
[INFO] [1784080193.223570314] [test_move]: [AUTO] cmd=1 (0x1)
[INFO] [1784080193.229461905] [test_move]:   → 门禁已开，现在可以发送速度指令
[INFO] [1784080193.243216092] [test_move]: [VEL] vx=-0.200  wz=+0.000  state=2(BACKWARD)
[INFO] [1784080197.068945890] [test_move]: [VEL] vx=+0.000  wz=+0.000  state=0(IDLE)
[INFO] [1784080200.066056833] [test_move]: [AUTO] cmd=1 (0x1)
[INFO] [1784080200.074212064] [test_move]:   → 门禁已开，现在可以发送速度指令
[INFO] [1784080200.086077968] [test_move]: [VEL] vx=+0.200  wz=+0.000  state=1(FORWARD)
[INFO] [1784080204.119905750] [test_move]: [VEL] vx=+0.000  wz=+0.000  state=0(IDLE)
