[INFO] [1784141108.738500513] [open_loop_auto]: ============================================================
[INFO] [1784141108.739036188] [open_loop_auto]:   开环自动控制脚本
[INFO] [1784141108.739507211] [open_loop_auto]:   流程: 开门 → 前进 8.0s → 抓取 → 前进 16.0s → 放置
[INFO] [1784141108.740190192] [open_loop_auto]: ============================================================
[INFO] [1784141113.744943184] [open_loop_auto]: 
[INFO] [1784141113.745335232] [open_loop_auto]: ╔══════════════════════════════════════╗
[INFO] [1784141113.745752678] [open_loop_auto]: ║  步骤 1/5: 开门禁 (AUTO_CMD_START)  ║
[INFO] [1784141113.746106811] [open_loop_auto]: ╚══════════════════════════════════════╝
[INFO] [1784141113.746637568] [open_loop_auto]: [AUTO] START cmd=1 target=0 zone=0
[INFO] [1784141114.047434852] [open_loop_auto]: [OK] 门禁已开
[INFO] [1784141114.047815378] [open_loop_auto]: 
[INFO] [1784141114.048169327] [open_loop_auto]: ╔══════════════════════════════════════╗
[INFO] [1784141114.048514168] [open_loop_auto]: ║  步骤 2/5: 前进 8.0s 接近物资箱  ║
[INFO] [1784141114.048853719] [open_loop_auto]: ╚══════════════════════════════════════╝
[INFO] [1784141114.049215698] [open_loop_auto]: [MOVE] 前进 8.0s @ 0.20m/s
[INFO] [1784141114.049693540] [open_loop_auto]: [VEL] vx=+0.20  wz=+0.00
[INFO] [1784141122.082851245] [open_loop_auto]: [VEL] vx=+0.00  wz=+0.00
[INFO] [1784141122.083265438] [open_loop_auto]: [VEL] 停止
[INFO] [1784141122.083652508] [open_loop_auto]: [OK] 到达物资箱区域
[INFO] [1784141122.084030021] [open_loop_auto]: 
[INFO] [1784141122.084426151] [open_loop_auto]: ╔══════════════════════════════════════╗
[INFO] [1784141122.084822031] [open_loop_auto]: ║  步骤 3/5: 检测并抓取物资箱         ║
[INFO] [1784141122.085162318] [open_loop_auto]: ╚══════════════════════════════════════╝
[INFO] [1784141122.086341937] [open_loop_auto]: [CUBE] PID=3828 → /home/gsing/2026_Gsing-second_ROS/logs/vision/2026-07-16_024522_cube_detector.log
[INFO] [1784141122.086844669] [open_loop_auto]: [抓取] 等待 cube_detector 初始化 (1.5s)...
[INFO] [1784141122.530670932] [open_loop_auto]: [CUBE] [INFO] [1784141122.530070575] [cube_detector]: ============================================================
[INFO] [1784141122.531135946] [open_loop_auto]: [CUBE] [INFO] [1784141122.530538735] [cube_detector]: 3D OBB 立方体检测已启动
[INFO] [1784141122.531538615] [open_loop_auto]: [CUBE] [INFO] [1784141122.530918440] [cube_detector]: 算法: 3D PCA → OBB包围盒 → 均值边长
[INFO] [1784141122.532593266] [open_loop_auto]: [CUBE] [INFO] [1784141122.531289896] [cube_detector]: ============================================================
[INFO] [1784141123.280335193] [open_loop_auto]: [CUBE] [INFO] [1784141123.279745266] [cube_detector]: [累积] 10帧合并为 45877 点
[INFO] [1784141123.589442966] [open_loop_auto]: [CATCH] PID=3842 → /home/gsing/2026_Gsing-second_ROS/logs/arm/2026-07-16_024523_catch.log
[INFO] [1784141123.590271174] [open_loop_auto]: [抓取] 等待 STM32 抓取完成 (PID=3842) 超时 60s...
[INFO] [1784141124.096843048] [open_loop_auto]: [CATCH] [INFO] [1784141124.095911845] [arm_state_machine]: ============================================================
[INFO] [1784141124.098031499] [open_loop_auto]: [CATCH] [INFO] [1784141124.096582332] [arm_state_machine]: Arm State Machine Started (含自动任务状态机推进)
[INFO] [1784141124.098794226] [open_loop_auto]: [CATCH] [INFO] [1784141124.097118777] [arm_state_machine]: State: IDLE
[INFO] [1784141124.101180850] [open_loop_auto]: [CATCH] [INFO] [1784141124.097647264] [arm_state_machine]: ============================================================
[INFO] [1784141124.488162458] [open_loop_auto]: [CUBE] [INFO] [1784141124.487594302] [cube_detector]: [DBG] 原始45877→ROI5670→去地面4138→滤波3066点 → 2聚类(69噪点)
[INFO] [1784141124.494167887] [open_loop_auto]: [CUBE] [INFO] [1784141124.493603195] [cube_detector]:   [淘汰] 聚类中心(0.166,0.201,0.298) 长宽比 3.82 > 3.0 dims=[0.172,0.307,0.656]
[INFO] [1784141124.496331362] [open_loop_auto]: [CUBE] [INFO] [1784141124.495380718] [cube_detector]:   [淘汰] 聚类中心(0.244,-0.398,0.254) 长宽比 3.24 > 3.0 dims=[0.070,0.166,0.227]
[INFO] [1784141124.680621991] [open_loop_auto]: [CUBE] [INFO] [1784141124.680065056] [cube_detector]: [累积] 10帧合并为 45964 点
[INFO] [1784141125.692855335] [open_loop_auto]: [CUBE] [INFO] [1784141125.692207281] [cube_detector]: [DBG] 原始45964→ROI5565→去地面4159→滤波2799点 → 2聚类(92噪点)
[INFO] [1784141125.694557780] [open_loop_auto]: [CUBE] [INFO] [1784141125.694112586] [cube_detector]:   [淘汰] 聚类中心(0.172,0.194,0.301) 长宽比 3.91 > 3.0 dims=[0.171,0.305,0.667]
[INFO] [1784141125.696038161] [open_loop_auto]: [CUBE] [INFO] [1784141125.695580103] [cube_detector]:   [淘汰] 聚类中心(0.242,-0.399,0.256) 长宽比 3.03 > 3.0 dims=[0.075,0.176,0.228]
[INFO] [1784141125.875024555] [open_loop_auto]: [CUBE] [INFO] [1784141125.874428809] [cube_detector]: [累积] 10帧合并为 46262 点
[INFO] [1784141126.886854544] [open_loop_auto]: [CUBE] [INFO] [1784141126.886289848] [cube_detector]: [DBG] 原始46262→ROI5807→去地面4057→滤波2906点 → 2聚类(53噪点)
[INFO] [1784141126.888523337] [open_loop_auto]: [CUBE] [INFO] [1784141126.888071637] [cube_detector]:   [淘汰] 聚类中心(0.165,0.183,0.301) 长宽比 3.96 > 3.0 dims=[0.173,0.308,0.686]
[INFO] [1784141126.889944075] [open_loop_auto]: [CUBE] [INFO] [1784141126.889473197] [cube_detector]:   [淘汰] 边长 0.167m 不在 [0.2, 0.3] 范围 dims=[0.086,0.190,0.224]
[INFO] [1784141127.067043900] [open_loop_auto]: [CUBE] [INFO] [1784141127.066495168] [cube_detector]: [累积] 10帧合并为 46111 点
[INFO] [1784141127.591143125] [open_loop_auto]: [抓取] ⏳ 等待中 4s/60s | 未检测到物资箱...
[INFO] [1784141128.326384419] [open_loop_auto]: [CUBE] [INFO] [1784141128.325833711] [cube_detector]: [DBG] 原始46111→ROI6139→去地面4426→滤波3386点 → 3聚类(74噪点)
[INFO] [1784141128.328083757] [open_loop_auto]: [CUBE] [INFO] [1784141128.327629126] [cube_detector]:   [淘汰] 聚类中心(0.173,0.200,0.296) 长宽比 3.97 > 3.0 dims=[0.171,0.307,0.680]
[INFO] [1784141128.329395604] [open_loop_auto]: [CUBE] [INFO] [1784141128.328960826] [cube_detector]:   [淘汰] 边长 0.052m 不在 [0.2, 0.3] 范围 dims=[0.050,0.057,0.047]
[INFO] [1784141128.330785641] [open_loop_auto]: [CUBE] [INFO] [1784141128.330332250] [cube_detector]:   [淘汰] 聚类中心(0.243,-0.394,0.257) 长宽比 3.13 > 3.0 dims=[0.072,0.179,0.227]
[INFO] [1784141128.509107924] [open_loop_auto]: [CUBE] [INFO] [1784141128.508534298] [cube_detector]: [累积] 10帧合并为 46148 点
[INFO] [1784141129.065966902] [open_loop_auto]: [CATCH] [INFO] [1784141129.065296895] [arm_state_machine]: [STATUS] State: IDLE
[INFO] [1784141130.761678168] [open_loop_auto]: [CUBE] [INFO] [1784141130.761085616] [cube_detector]: [DBG] 原始46148→ROI7587→去地面6038→滤波4390点 → 2聚类(44噪点)
[INFO] [1784141130.763550788] [open_loop_auto]: [CUBE] [INFO] [1784141130.763115788] [cube_detector]:   [淘汰] 聚类中心(0.162,0.184,0.264) 长宽比 4.57 > 3.0 dims=[0.153,0.303,0.699]
[INFO] [1784141130.765125189] [open_loop_auto]: [CUBE] [INFO] [1784141130.764657296] [cube_detector]:   [淘汰] 边长 0.166m 不在 [0.2, 0.3] 范围 dims=[0.089,0.183,0.225]
[INFO] [1784141130.942797485] [open_loop_auto]: [CUBE] [INFO] [1784141130.942218086] [cube_detector]: [累积] 10帧合并为 46181 点
[INFO] [1784141131.593310714] [open_loop_auto]: [抓取] ⏳ 等待中 8s/60s | 未检测到物资箱...
[INFO] [1784141132.962812624] [open_loop_auto]: [CUBE] [INFO] [1784141132.962221552] [cube_detector]: [DBG] 原始46181→ROI7205→去地面5706→滤波4197点 → 3聚类(61噪点)
[INFO] [1784141132.964696677] [open_loop_auto]: [CUBE] [INFO] [1784141132.964228770] [cube_detector]:   [淘汰] 聚类中心(0.160,0.175,0.264) 长宽比 4.30 > 3.0 dims=[0.150,0.307,0.645]
[INFO] [1784141132.966192903] [open_loop_auto]: [CUBE] [INFO] [1784141132.965747567] [cube_detector]:   [淘汰] 边长 0.166m 不在 [0.2, 0.3] 范围 dims=[0.092,0.180,0.226]
[INFO] [1784141133.144413978] [open_loop_auto]: [CUBE] [INFO] [1784141133.143825803] [cube_detector]: [累积] 10帧合并为 46138 点
[INFO] [1784141134.065800744] [open_loop_auto]: [CATCH] [INFO] [1784141134.065188076] [arm_state_machine]: [STATUS] State: IDLE
[INFO] [1784141135.537259238] [open_loop_auto]: [CUBE] [INFO] [1784141135.536685266] [cube_detector]: [DBG] 原始46138→ROI7545→去地面6226→滤波4472点 → 3聚类(117噪点)
[INFO] [1784141135.539382671] [open_loop_auto]: [CUBE] [INFO] [1784141135.538913348] [cube_detector]:   [淘汰] 聚类中心(0.157,0.189,0.250) 长宽比 3.89 > 3.0 dims=[0.154,0.294,0.600]
[INFO] [1784141135.540926499] [open_loop_auto]: [CUBE] [INFO] [1784141135.540518308] [cube_detector]:   [淘汰] 聚类中心(0.247,-0.397,0.257) 长宽比 3.15 > 3.0 dims=[0.071,0.176,0.225]
[INFO] [1784141135.542331384] [open_loop_auto]: [CUBE] [INFO] [1784141135.541922555] [cube_detector]:   [淘汰] 聚类中心(0.167,-0.484,0.273) 长宽比 6.57 > 3.0 dims=[0.013,0.019,0.082]
[INFO] [1784141135.594225592] [open_loop_auto]: [抓取] ⏳ 等待中 12s/60s | 未检测到物资箱...
[INFO] [1784141135.728864448] [open_loop_auto]: [CUBE] [INFO] [1784141135.728236594] [cube_detector]: [累积] 10帧合并为 46070 点
[INFO] [1784141137.636653541] [open_loop_auto]: [CUBE] [INFO] [1784141137.635999218] [cube_detector]: [DBG] 原始46070→ROI7007→去地面5565→滤波3775点 → 4聚类(63噪点)
[INFO] [1784141137.638709219] [open_loop_auto]: [CUBE] [INFO] [1784141137.638192612] [cube_detector]:   [淘汰] 聚类中心(0.167,0.168,0.268) 长宽比 4.06 > 3.0 dims=[0.160,0.285,0.650]
[INFO] [1784141137.640214914] [open_loop_auto]: [CUBE] [INFO] [1784141137.639743796] [cube_detector]:   [淘汰] 边长 0.049m 不在 [0.2, 0.3] 范围 dims=[0.039,0.054,0.053]
[INFO] [1784141137.641736827] [open_loop_auto]: [CUBE] [INFO] [1784141137.641271464] [cube_detector]:   [淘汰] 聚类中心(0.166,-0.489,0.310) 长宽比 6.33 > 3.0 dims=[0.019,0.030,0.118]
[INFO] [1784141137.644526103] [open_loop_auto]: [CUBE] [INFO] [1784141137.643027734] [cube_detector]:   [淘汰] 聚类中心(0.249,-0.392,0.256) 长宽比 3.30 > 3.0 dims=[0.070,0.182,0.229]
[INFO] [1784141137.842084602] [open_loop_auto]: [CUBE] [INFO] [1784141137.841395130] [cube_detector]: [累积] 10帧合并为 46155 点
[INFO] [1784141139.065946718] [open_loop_auto]: [CATCH] [INFO] [1784141139.065291082] [arm_state_machine]: [STATUS] State: IDLE
[INFO] [1784141139.595114404] [open_loop_auto]: [抓取] ⏳ 等待中 16s/60s | 未检测到物资箱...
[INFO] [1784141140.175373123] [open_loop_auto]: [CUBE] [INFO] [1784141140.174676964] [cube_detector]: [DBG] 原始46155→ROI7131→去地面5672→滤波4108点 → 2聚类(77噪点)
[INFO] [1784141140.177672899] [open_loop_auto]: [CUBE] [INFO] [1784141140.177115280] [cube_detector]:   [淘汰] 聚类中心(0.173,0.159,0.273) 长宽比 4.01 > 3.0 dims=[0.159,0.292,0.638]
[INFO] [1784141140.179503487] [open_loop_auto]: [CUBE] [INFO] [1784141140.178938627] [cube_detector]:   [淘汰] 边长 0.161m 不在 [0.2, 0.3] 范围 dims=[0.078,0.175,0.228]
[INFO] [1784141140.396089666] [open_loop_auto]: [CUBE] [INFO] [1784141140.392516743] [cube_detector]: [累积] 10帧合并为 46147 点
[INFO] [1784141142.621260017] [open_loop_auto]: [CUBE] [INFO] [1784141142.620607575] [cube_detector]: [DBG] 原始46147→ROI7044→去地面5573→滤波4028点 → 2聚类(66噪点)
[INFO] [1784141142.623538741] [open_loop_auto]: [CUBE] [INFO] [1784141142.622961884] [cube_detector]:   [淘汰] 聚类中心(0.170,0.166,0.268) 长宽比 4.05 > 3.0 dims=[0.158,0.288,0.639]
[INFO] [1784141142.625597871] [open_loop_auto]: [CUBE] [INFO] [1784141142.624967332] [cube_detector]:   [淘汰] 边长 0.164m 不在 [0.2, 0.3] 范围 dims=[0.084,0.180,0.228]
[INFO] [1784141142.839776613] [open_loop_auto]: [CUBE] [INFO] [1784141142.838996102] [cube_detector]: [累积] 10帧合并为 45799 点
[INFO] [1784141143.598359877] [open_loop_auto]: [抓取] ⏳ 等待中 20s/60s | 未检测到物资箱...
[INFO] [1784141144.066102385] [open_loop_auto]: [CATCH] [INFO] [1784141144.065378265] [arm_state_machine]: [STATUS] State: IDLE
[INFO] [1784141144.907089392] [open_loop_auto]: [CUBE] [INFO] [1784141144.906387495] [cube_detector]: [DBG] 原始45799→ROI6907→去地面5515→滤波3560点 → 2聚类(113噪点)
[INFO] [1784141144.911069297] [open_loop_auto]: [CUBE] [INFO] [1784141144.908809070] [cube_detector]:   [淘汰] 聚类中心(0.168,0.170,0.269) 长宽比 3.93 > 3.0 dims=[0.156,0.293,0.613]
[INFO] [1784141144.912799078] [open_loop_auto]: [CUBE] [INFO] [1784141144.911356775] [cube_detector]:   [淘汰] 聚类中心(0.246,-0.397,0.253) 长宽比 3.21 > 3.0 dims=[0.073,0.176,0.233]
[INFO] [1784141145.119711204] [open_loop_auto]: [CUBE] [INFO] [1784141145.118991188] [cube_detector]: [累积] 10帧合并为 45993 点
[INFO] [1784141147.288042305] [open_loop_auto]: [CUBE] [INFO] [1784141147.287419648] [cube_detector]: [DBG] 原始45993→ROI7141→去地面5776→滤波3665点 → 3聚类(76噪点)
[INFO] [1784141147.290020460] [open_loop_auto]: [CUBE] [INFO] [1784141147.289530291] [cube_detector]:   [淘汰] 聚类中心(0.165,0.198,0.262) 长宽比 3.45 > 3.0 dims=[0.168,0.291,0.580]
[INFO] [1784141147.291646382] [open_loop_auto]: [CUBE] [INFO] [1784141147.291134869] [cube_detector]:   [淘汰] 聚类中心(0.247,-0.397,0.255) 长宽比 3.28 > 3.0 dims=[0.069,0.178,0.226]
[INFO] [1784141147.293668802] [open_loop_auto]: [CUBE] [INFO] [1784141147.292714546] [cube_detector]:   [淘汰] 聚类中心(0.166,-0.492,0.299) 长宽比 5.53 > 3.0 dims=[0.012,0.030,0.067]
[INFO] [1784141147.511571230] [open_loop_auto]: [CUBE] [INFO] [1784141147.510813457] [cube_detector]: [累积] 10帧合并为 46264 点
[INFO] [1784141147.599394208] [open_loop_auto]: [抓取] ⏳ 等待中 24s/60s | 未检测到物资箱...
[INFO] [1784141149.065975462] [open_loop_auto]: [CATCH] [INFO] [1784141149.065292509] [arm_state_machine]: [STATUS] State: IDLE
[INFO] [1784141150.628565864] [open_loop_auto]: [CUBE] [INFO] [1784141150.627825444] [cube_detector]: [DBG] 原始46264→ROI8459→去地面7142→滤波3928点 → 3聚类(81噪点)
[INFO] [1784141150.630967189] [open_loop_auto]: [CUBE] [INFO] [1784141150.630357380] [cube_detector]:   [淘汰] 聚类中心(0.160,0.127,0.252) 长宽比 3.78 > 3.0 dims=[0.151,0.270,0.572]
[INFO] [1784141150.633310197] [open_loop_auto]: [CUBE] [INFO] [1784141150.632262511] [cube_detector]:   [淘汰] 聚类中心(0.009,0.172,0.246) 长宽比 6.35 > 3.0 dims=[0.026,0.083,0.164]
[INFO] [1784141150.638126848] [open_loop_auto]: [CUBE] [INFO] [1784141150.634651765] [cube_detector]:   [淘汰] 边长 0.168m 不在 [0.2, 0.3] 范围 dims=[0.092,0.185,0.226]
[INFO] [1784141150.847195488] [open_loop_auto]: [CUBE] [INFO] [1784141150.846453935] [cube_detector]: [累积] 10帧合并为 45970 点
[INFO] [1784141151.600378924] [open_loop_auto]: [抓取] ⏳ 等待中 28s/60s | 未检测到物资箱...
[INFO] [1784141154.066055095] [open_loop_auto]: [CATCH] [INFO] [1784141154.065341381] [arm_state_machine]: [STATUS] State: IDLE
[INFO] [1784141154.175075219] [open_loop_auto]: [CUBE] [INFO] [1784141154.172577303] [cube_detector]: [DBG] 原始45970→ROI8713→去地面7289→滤波4214点 → 2聚类(55噪点)
[INFO] [1784141154.176242926] [open_loop_auto]: [CUBE] [INFO] [1784141154.175695980] [cube_detector]:   [淘汰] 聚类中心(0.153,0.132,0.255) 长宽比 3.53 > 3.0 dims=[0.157,0.299,0.555]
[INFO] [1784141154.178142995] [open_loop_auto]: [CUBE] [INFO] [1784141154.177613990] [cube_detector]:   [淘汰] 边长 0.167m 不在 [0.2, 0.3] 范围 dims=[0.091,0.189,0.222]
[INFO] [1784141154.383110074] [open_loop_auto]: [CUBE] [INFO] [1784141154.382418337] [cube_detector]: [累积] 10帧合并为 45810 点
[INFO] [1784141155.601630104] [open_loop_auto]: [抓取] ⏳ 等待中 32s/60s | 未检测到物资箱...
[INFO] [1784141157.529951492] [open_loop_auto]: [CUBE] [INFO] [1784141157.529326112] [cube_detector]: [DBG] 原始45810→ROI8537→去地面7307→滤波3892点 → 4聚类(165噪点)
[INFO] [1784141157.533212501] [open_loop_auto]: [CUBE] [INFO] [1784141157.532654122] [cube_detector]:   [淘汰] 聚类中心(0.039,-0.219,0.366) 长宽比 5.12 > 3.0 dims=[0.011,0.048,0.055]
[INFO] [1784141157.534864842] [open_loop_auto]: [CUBE] [INFO] [1784141157.534254523] [cube_detector]:   [淘汰] 边长 0.054m 不在 [0.2, 0.3] 范围 dims=[0.030,0.050,0.083]
[INFO] [1784141157.538054374] [open_loop_auto]: [CUBE] [INFO] [1784141157.536342574] [cube_detector]:   [淘汰] 边长 0.172m 不在 [0.2, 0.3] 范围 dims=[0.098,0.193,0.224]
[INFO] [1784141157.538561442] [open_loop_auto]: [CUBE] [INFO] [1784141157.536870978] [cube_detector]: 检测到 1 个立方体:
[INFO] [1784141157.539010772] [open_loop_auto]: [CUBE] [INFO] [1784141157.537328750] [cube_detector]:   [0] pos=(0.156,0.156,0.242) edge=0.262 mode=三面 dims=[0.149,0.297,0.340] ratio=2.28 xy_dist=0.220
[INFO] [1784141157.543370540] [open_loop_auto]: [检测] 🎯 首次检测到物资箱! 位置: (0.156, 0.156, 0.242) 尺寸: (0.262, 0.262, 0.262)
[INFO] [1784141157.544380431] [open_loop_auto]: [CATCH] [INFO] [1784141157.540896102] [arm_state_machine]: 缓存 #1/10: 原始(0.156, 0.156, 0.242) → 最终(-0.227, 0.156, -0.406)
[INFO] [1784141157.544711724] [open_loop_auto]: [CUBE] [INFO] [1784141157.540258533] [cube_detector]: 已发布: x=0.156 y=0.156 z=0.242 边长=0.262m xy距离=0.220m
[INFO] [1784141157.755054003] [open_loop_auto]: [CUBE] [INFO] [1784141157.754298421] [cube_detector]: [累积] 10帧合并为 45823 点
[INFO] [1784141159.066146536] [open_loop_auto]: [CATCH] [INFO] [1784141159.065332602] [arm_state_machine]: [STATUS] State: IDLE
[INFO] [1784141159.602652741] [open_loop_auto]: [抓取] ⏳ 等待中 36s/60s | 物资箱 @ x=0.156 y=0.156 z=0.242
[INFO] [1784141160.633414993] [open_loop_auto]: [CUBE] [INFO] [1784141160.632866555] [cube_detector]: [DBG] 原始45823→ROI8127→去地面6852→滤波3876点 → 6聚类(162噪点)
[INFO] [1784141160.636381097] [open_loop_auto]: [CUBE] [INFO] [1784141160.635919449] [cube_detector]:   [淘汰] 聚类中心(0.144,-0.177,0.369) 长宽比 6.98 > 3.0 dims=[0.014,0.051,0.098]
[INFO] [1784141160.637790866] [open_loop_auto]: [CUBE] [INFO] [1784141160.637392206] [cube_detector]:   [淘汰] 聚类中心(0.244,-0.398,0.256) 长宽比 3.37 > 3.0 dims=[0.067,0.158,0.225]
[INFO] [1784141160.639158490] [open_loop_auto]: [CUBE] [INFO] [1784141160.638760376] [cube_detector]:   [淘汰] 聚类中心(0.166,-0.486,0.308) 长宽比 6.00 > 3.0 dims=[0.019,0.038,0.115]
[INFO] [1784141160.640795303] [open_loop_auto]: [CUBE] [INFO] [1784141160.640253456] [cube_detector]:   [淘汰] 聚类中心(0.160,0.456,0.344) 长宽比 3.06 > 3.0 dims=[0.020,0.048,0.060]
[INFO] [1784141160.642480542] [open_loop_auto]: [CUBE] [INFO] [1784141160.641942409] [cube_detector]:   [淘汰] 聚类中心(0.256,-0.051,0.357) 长宽比 3.70 > 3.0 dims=[0.040,0.126,0.148]
[INFO] [1784141160.642935920] [open_loop_auto]: [CUBE] [INFO] [1784141160.642388498] [cube_detector]: 检测到 1 个立方体:
[INFO] [1784141160.643383391] [open_loop_auto]: [CUBE] [INFO] [1784141160.642804580] [cube_detector]:   [0] pos=(0.166,0.156,0.243) edge=0.256 mode=三面 dims=[0.136,0.293,0.338] ratio=2.48 xy_dist=0.228
[INFO] [1784141160.644896448] [open_loop_auto]: [检测] 📦 物资箱: x=0.166 y=0.156 z=0.243
[INFO] [1784141160.647332357] [open_loop_auto]: [CUBE] [INFO] [1784141160.643949736] [cube_detector]: 已发布: x=0.166 y=0.156 z=0.243 边长=0.256m xy距离=0.228m
[INFO] [1784141160.647818778] [open_loop_auto]: [CATCH] [INFO] [1784141160.644511805] [arm_state_machine]: 缓存 #2/10: 原始(0.166, 0.156, 0.243) → 最终(-0.228, 0.156, -0.416)
[INFO] [1784141160.833155057] [open_loop_auto]: [CUBE] [INFO] [1784141160.832579576] [cube_detector]: [累积] 10帧合并为 46028 点
[INFO] [1784141163.283701364] [open_loop_auto]: [CUBE] [INFO] [1784141163.283110439] [cube_detector]: [DBG] 原始46028→ROI7944→去地面6598→滤波4122点 → 3聚类(81噪点)
[INFO] [1784141163.285354823] [open_loop_auto]: [CUBE] [INFO] [1784141163.284860697] [cube_detector]:   [淘汰] 聚类中心(0.195,-0.117,0.360) 长宽比 8.16 > 3.0 dims=[0.047,0.124,0.386]
[INFO] [1784141163.288418228] [open_loop_auto]: [CUBE] [INFO] [1784141163.287902071] [cube_detector]:   [淘汰] 边长 0.170m 不在 [0.2, 0.3] 范围 dims=[0.090,0.197,0.223]
[INFO] [1784141163.288873735] [open_loop_auto]: [CUBE] [INFO] [1784141163.288305163] [cube_detector]: 检测到 1 个立方体:
[INFO] [1784141163.290164230] [open_loop_auto]: [CUBE] [INFO] [1784141163.288701184] [cube_detector]:   [0] pos=(0.167,0.151,0.246) edge=0.239 mode=三面 dims=[0.126,0.282,0.310] ratio=2.45 xy_dist=0.225
[INFO] [1784141163.290816474] [open_loop_auto]: [CUBE] [INFO] [1784141163.289813462] [cube_detector]: 已发布: x=0.167 y=0.151 z=0.246 边长=0.239m xy距离=0.225m
[INFO] [1784141163.293202361] [open_loop_auto]: [CATCH] [ERROR] [1784141163.291314372] [arm_state_machine]: ⚠️ 目标超限（X=-0.231m 超限 [-0.23, 0.42]），清除缓存重新采集
[INFO] [1784141163.293700807] [open_loop_auto]: [CATCH]   坐标: (-0.231, 0.151, -0.417) 原始: (0.167, 0.151, 0.246)
[INFO] [1784141163.475612155] [open_loop_auto]: [CUBE] [INFO] [1784141163.475037060] [cube_detector]: [累积] 10帧合并为 45848 点
[INFO] [1784141163.603655499] [open_loop_auto]: [抓取] ⏳ 等待中 40s/60s | 物资箱 @ x=0.167 y=0.151 z=0.246
[INFO] [1784141164.065922099] [open_loop_auto]: [CATCH] [INFO] [1784141164.065243228] [arm_state_machine]: [STATUS] State: IDLE
[INFO] [1784141166.129894619] [open_loop_auto]: [CUBE] [INFO] [1784141166.129324917] [cube_detector]: [DBG] 原始45848→ROI8061→去地面6893→滤波4129点 → 2聚类(158噪点)
[INFO] [1784141166.132969607] [open_loop_auto]: [CUBE] [INFO] [1784141166.132482172] [cube_detector]:   [淘汰] 聚类中心(0.246,-0.400,0.256) 长宽比 3.35 > 3.0 dims=[0.067,0.173,0.223]
[INFO] [1784141166.133384831] [open_loop_auto]: [CUBE] [INFO] [1784141166.132883446] [cube_detector]: 检测到 1 个立方体:
[INFO] [1784141166.133793300] [open_loop_auto]: [CUBE] [INFO] [1784141166.133262121] [cube_detector]:   [0] pos=(0.169,0.134,0.256) edge=0.273 mode=三面 dims=[0.143,0.289,0.387] ratio=2.71 xy_dist=0.216
[INFO] [1784141166.134770292] [open_loop_auto]: [CUBE] [INFO] [1784141166.134246968] [cube_detector]: 已发布: x=0.169 y=0.134 z=0.256 边长=0.273m xy距离=0.216m
[INFO] [1784141166.135574501] [open_loop_auto]: [检测] 📦 物资箱: x=0.169 y=0.134 z=0.256
[INFO] [1784141166.136246994] [open_loop_auto]: [CATCH] [ERROR] [1784141166.134794081] [arm_state_machine]: ⚠️ 目标超限（X=-0.241m 超限 [-0.23, 0.42]），清除缓存重新采集
[INFO] [1784141166.136689638] [open_loop_auto]: [CATCH]   坐标: (-0.241, 0.134, -0.419) 原始: (0.169, 0.134, 0.256)
[INFO] [1784141166.319411097] [open_loop_auto]: [CUBE] [INFO] [1784141166.318799811] [cube_detector]: [累积] 10帧合并为 45950 点
[INFO] [1784141167.604565994] [open_loop_auto]: [抓取] ⏳ 等待中 44s/60s | 物资箱 @ x=0.169 y=0.134 z=0.256
[INFO] [1784141168.734498505] [open_loop_auto]: [CUBE] [INFO] [1784141168.733878845] [cube_detector]: [DBG] 原始45950→ROI7932→去地面6591→滤波3962点 → 2聚类(114噪点)
[INFO] [1784141168.736292452] [open_loop_auto]: [CUBE] [INFO] [1784141168.735845246] [cube_detector]:   [淘汰] 聚类中心(0.170,0.116,0.261) 长宽比 3.13 > 3.0 dims=[0.151,0.290,0.474]
[INFO] [1784141168.737779956] [open_loop_auto]: [CUBE] [INFO] [1784141168.737326015] [cube_detector]:   [淘汰] 边长 0.168m 不在 [0.2, 0.3] 范围 dims=[0.090,0.192,0.223]
[INFO] [1784141168.917631915] [open_loop_auto]: [CUBE] [INFO] [1784141168.917040781] [cube_detector]: [累积] 10帧合并为 46113 点
[INFO] [1784141169.065982798] [open_loop_auto]: [CATCH] [INFO] [1784141169.065282788] [arm_state_machine]: [STATUS] State: IDLE
[INFO] [1784141171.533829627] [open_loop_auto]: [CUBE] [INFO] [1784141171.533253229] [cube_detector]: [DBG] 原始46113→ROI8462→去地面7065→滤波3764点 → 6聚类(135噪点)
[INFO] [1784141171.535369343] [open_loop_auto]: [CUBE] [INFO] [1784141171.534915461] [cube_detector]:   [淘汰] 聚类中心(0.192,-0.124,0.362) 长宽比 8.44 > 3.0 dims=[0.044,0.131,0.370]
[INFO] [1784141171.536772523] [open_loop_auto]: [CUBE] [INFO] [1784141171.536332694] [cube_detector]:   [淘汰] 聚类中心(0.010,0.165,0.245) 长宽比 6.78 > 3.0 dims=[0.021,0.083,0.143]
[INFO] [1784141171.539423874] [open_loop_auto]: [CUBE] [INFO] [1784141171.538930267] [cube_detector]:   [淘汰] 聚类中心(0.247,-0.395,0.257) 长宽比 3.37 > 3.0 dims=[0.068,0.177,0.228]
[INFO] [1784141171.541039381] [open_loop_auto]: [CUBE] [INFO] [1784141171.540457527] [cube_detector]:   [淘汰] 聚类中心(0.164,-0.485,0.306) 长宽比 6.97 > 3.0 dims=[0.015,0.028,0.106]
[INFO] [1784141171.542529087] [open_loop_auto]: [CUBE] [INFO] [1784141171.542002618] [cube_detector]:   [淘汰] 聚类中心(0.158,0.434,0.347) 长宽比 27.56 > 3.0 dims=[0.002,0.044,0.064]
[INFO] [1784141171.542996352] [open_loop_auto]: [CUBE] [INFO] [1784141171.542427482] [cube_detector]: 检测到 1 个立方体:
[INFO] [1784141171.543396670] [open_loop_auto]: [CUBE] [INFO] [1784141171.542879512] [cube_detector]:   [0] pos=(0.172,0.148,0.249) edge=0.235 mode=三面 dims=[0.116,0.283,0.307] ratio=2.65 xy_dist=0.227
[INFO] [1784141171.545170287] [open_loop_auto]: [CATCH] [ERROR] [1784141171.544642459] [arm_state_machine]: ⚠️ 目标超限（X=-0.234m 超限 [-0.23, 0.42]），清除缓存重新采集
[INFO] [1784141171.545583662] [open_loop_auto]: [CATCH]   坐标: (-0.234, 0.148, -0.422) 原始: (0.172, 0.148, 0.249)
[INFO] [1784141171.549277712] [open_loop_auto]: [CUBE] [INFO] [1784141171.543952715] [cube_detector]: 已发布: x=0.172 y=0.148 z=0.249 边长=0.235m xy距离=0.227m
[INFO] [1784141171.605396980] [open_loop_auto]: [抓取] ⏳ 等待中 48s/60s | 物资箱 @ x=0.172 y=0.148 z=0.249
[INFO] [1784141171.730751675] [open_loop_auto]: [CUBE] [INFO] [1784141171.730123528] [cube_detector]: [累积] 10帧合并为 46023 点
[INFO] [1784141174.065814859] [open_loop_auto]: [CATCH] [INFO] [1784141174.065208971] [arm_state_machine]: [STATUS] State: IDLE
[INFO] [1784141174.385371960] [open_loop_auto]: [CUBE] [INFO] [1784141174.384797169] [cube_detector]: [DBG] 原始46023→ROI8368→去地面6952→滤波4118点 → 2聚类(154噪点)
[INFO] [1784141174.387190888] [open_loop_auto]: [CUBE] [INFO] [1784141174.386724863] [cube_detector]:   [淘汰] 聚类中心(0.169,0.123,0.263) 长宽比 3.14 > 3.0 dims=[0.150,0.287,0.470]
[INFO] [1784141174.388645248] [open_loop_auto]: [CUBE] [INFO] [1784141174.388197531] [cube_detector]:   [淘汰] 聚类中心(0.246,-0.395,0.257) 长宽比 3.40 > 3.0 dims=[0.067,0.179,0.227]
[INFO] [1784141174.570534475] [open_loop_auto]: [CUBE] [INFO] [1784141174.569888675] [cube_detector]: [累积] 10帧合并为 45879 点
[INFO] [1784141175.606484014] [open_loop_auto]: [抓取] ⏳ 等待中 52s/60s | 物资箱 @ x=0.172 y=0.148 z=0.249
[INFO] [1784141177.989080893] [open_loop_auto]: [CUBE] [INFO] [1784141177.988481712] [cube_detector]: [DBG] 原始45879→ROI9095→去地面7888→滤波4717点 → 3聚类(115噪点)
[INFO] [1784141177.990538439] [open_loop_auto]: [CUBE] [INFO] [1784141177.990073936] [cube_detector]:   [淘汰] 聚类中心(0.012,0.172,0.247) 长宽比 7.59 > 3.0 dims=[0.021,0.073,0.161]
[INFO] [1784141177.993431898] [open_loop_auto]: [CUBE] [INFO] [1784141177.992958602] [cube_detector]:   [淘汰] 边长 0.165m 不在 [0.2, 0.3] 范围 dims=[0.087,0.184,0.223]
[INFO] [1784141177.993869439] [open_loop_auto]: [CUBE] [INFO] [1784141177.993363564] [cube_detector]: 检测到 1 个立方体:
[INFO] [178414