[INFO] [1784133669.847851595] [test_move]: [定位] pos=(0.367,0.053) v=0.000m/s wz=0.000
[INFO] [1784133669.878021623] [test_move]: ============================================================
[INFO] [1784133669.878596094] [test_move]:   纯轮足底盘运动测试工具
[INFO] [1784133669.879109985] [test_move]: ============================================================
[INFO] [1784133669.882387500] [test_move]: 
[INFO] [1784133669.883698489] [test_move]: 【安全须知】
[INFO] [1784133669.884280116] [test_move]:   确保底盘周围 2m 内无人员/障碍物！
[INFO] [1784133669.888366047] [test_move]:   随时可按 Ctrl+C 急停
[INFO] [1784133669.889073305] [test_move]: 
[INFO] [1784133669.889638454] [test_move]:   交互模式 — 输入命令:
[INFO] [1784133669.890170847] [test_move]:     1~2  → 速度预设 (自动开门)
[INFO] [1784133669.891798039] [test_move]:     s    → 停止
[INFO] [1784133669.893483929] [test_move]:     直接输 vx wz → 自定义速度 (自动开门)
[INFO] [1784133669.894133941] [test_move]: 
[INFO] [1784133670.050059854] [test_move]: [定位] pos=(0.367,0.053) v=0.000m/s wz=0.000 已移动=0.00m
[INFO] [1784133670.252103820] [test_move]: [定位] pos=(0.367,0.053) v=0.000m/s wz=0.000 已移动=0.00m
[INFO] [1784133670.454284823] [test_move]: [定位] pos=(0.367,0.053) v=0.000m/s wz=0.000 已移动=0.00m
[INFO] [1784133670.656428210] [test_move]: [定位] pos=(0.367,0.053) v=0.000m/s wz=0.000 已移动=0.00m
[INFO] [1784133670.858591345] [test_move]: [定位] pos=(0.367,0.053) v=0.000m/s wz=0.000 已移动=0.00m
[INFO] [1784133671.061984161] [test_move]: [定位] pos=(0.367,0.053) v=0.000m/s wz=0.000 已移动=0.00m
[INFO] [1784133671.263894030] [test_move]: [定位] pos=(0.367,0.053) v=0.000m/s wz=0.000 已移动=0.00m
[INFO] [1784133671.466075603] [test_move]: [定位] pos=(0.367,0.053) v=0.000m/s wz=0.000 已移动=0.00m
[INFO] [1784133671.675110012] [test_move]: [定位] pos=(0.367,0.053) v=0.000m/s wz=0.000 已移动=0.00m
[INFO] [1784133671.877757411] [test_move]: [定位] pos=(0.367,0.053) v=0.000m/s wz=0.000 已移动=0.00m
[INFO] [1784133672.082868896] [test_move]: [定位] pos=(0.367,0.053) v=0.000m/s wz=0.000 已移动=0.00m
[INFO] [1784133672.286502155] [test_move]: [定位] pos=(0.367,0.053) v=0.000m/s wz=0.000 已移动=0.00m
[INFO] [1784133672.489313475] [test_move]: [定位] pos=(0.367,0.053) v=0.000m/s wz=0.000 已移动=0.00m
[INFO] [1784133672.693595967] [test_move]: [定位] pos=(0.367,0.053) v=0.000m/s wz=0.000 已移动=0.00m
[INFO] [1784133672.897451071] [test_move]: [定位] pos=(0.367,0.053) v=0.000m/s wz=0.000 已移动=0.00m
[INFO] [1784133673.100317611] [test_move]: [定位] pos=(0.367,0.053) v=0.000m/s wz=0.000 已移动=0.00m
[INFO] [1784133673.305529730] [test_move]: [定位] pos=(0.367,0.053) v=0.000m/s wz=0.000 已移动=0.00m
[INFO] [1784133673.509619493] [test_move]: [定位] pos=(0.367,0.053) v=0.000m/s wz=0.000 已移动=0.00m
[INFO] [1784133673.712510470] [test_move]: [定位] pos=(0.367,0.053) v=0.000m/s wz=0.000 已移动=0.00m
[INFO] [1784133673.917157838] [test_move]: [定位] pos=(0.367,0.053) v=0.000m/s wz=0.000 已移动=0.00m
[INFO] [1784133674.122583910] [test_move]: [定位] pos=(0.367,0.053) v=0.000m/s wz=0.000 已移动=0.00m
[INFO] [1784133674.324801114] [test_move]: [定位] pos=(0.367,0.053) v=0.000m/s wz=0.000 已移动=0.00m
