[INFO] [1784021359.263004875] [cmd_vel_chassis_serial]: Leg debug CSV logging enabled: /home/gsing/2026Gsing/2026_Gsing-second_ROS/logs/serial/2026-07-14_172908_leg.csv
[INFO] [1784021359.272936538] [cmd_vel_chassis_serial]: Opened /dev/ttyACM0 @ 115200, cmd_vel=/cmd_vel, send=50.0Hz
[INFO] [1784021359.306226354] [cmd_vel_chassis_serial]: Publishing STM32 arm events on /vision/arm_event
[INFO] [1784021359.320714659] [cmd_vel_chassis_serial]: [LEG_DEBUG] | L0 ST ty/ay=25.0/25.4 ey=-0.4 Fy=+33 rel=0.00 sag=0.00 tauK=-0.9
[INFO] [1784021359.335840804] [cmd_vel_chassis_serial]: send source=stop vx=0.000 wz=0.000
[INFO] [1784021359.862650332] [cmd_vel_chassis_serial]: [LEG_DEBUG] vx=+0.00 wz=+0.00 stride=3.00 lift=2.45 roll=+0.0 pitch=+0.0 comp=0.00 | L0 ST ty/ay=25.0/25.4 ey=-0.4 Fy=+33 rel=0.00 sag=0.00 tauK=-0.9 ; L1 ST ty/ay=25.0/25.3 ey=-0.3 Fy=+37 rel=0.00 sag=0.00 tauK=+1.0 ; L2 ST ty/ay=25.0/25.1 ey=-0.1 Fy=+44 rel=0.00 sag=0.00 tauK=-1.3 ; L3 ST ty/ay=25.0/25.4 ey=-0.4 Fy=+37 rel=0.00 sag=0.00 tauK=+1.1
[INFO] [1784021360.133462574] [cmd_vel_chassis_serial]: [AUTO] 发送 0x15: cmd=1 target=0 zone=0
[INFO] [1784021360.155747975] [cmd_vel_chassis_serial]: send source=vision vx=0.200 wz=0.000
[INFO] [1784021360.399371180] [cmd_vel_chassis_serial]: [LEG_DEBUG] vx=+0.20 wz=+0.00 stride=3.02 lift=2.46 roll=+0.0 pitch=+0.0 comp=0.00 | L0 ST ty/ay=25.0/25.4 ey=-0.4 Fy=+35 rel=0.00 sag=0.00 tauK=-1.0 ; L1 ST|RES ty/ay=25.0/25.4 ey=-0.4 Fy=+45 rel=0.00 sag=0.34 tauK=+1.2 ; L2 ST ty/ay=25.0/25.1 ey=-0.1 Fy=+47 rel=0.00 sag=0.00 tauK=-1.4 ; L3 ST ty/ay=25.0/25.5 ey=-0.5 Fy=+40 rel=0.00 sag=0.00 tauK=+1.2
[INFO] [1784021360.960870511] [cmd_vel_chassis_serial]: [LEG_DEBUG] vx=+0.20 wz=+0.00 stride=3.02 lift=2.46 roll=+0.0 pitch=+0.0 comp=0.00 | L0 SW ty/ay=23.8/23.7 ey=+0.1 Fy=+0 rel=0.00 sag=0.00 tauK=-0.0 ; L1 SW ty/ay=23.7/24.3 ey=-0.6 Fy=-6 rel=0.00 sag=0.00 tauK=-0.2 ; L2 ST|RES ty/ay=25.0/26.4 ey=-1.4 Fy=+93 rel=0.00 sag=0.85 tauK=-2.4 ; L3 ST ty/ay=25.0/25.8 ey=-0.8 Fy=+88 rel=0.00 sag=0.00 tauK=+2.5
[INFO] [1784021361.178105849] [cmd_vel_chassis_serial]: send source=vision vx=0.200 wz=0.000
[INFO] [1784021361.479241631] [cmd_vel_chassis_serial]: [LEG_DEBUG] vx=+0.20 wz=+0.00 stride=3.02 lift=2.46 roll=+0.0 pitch=+0.0 comp=0.00 | L0 ST ty/ay=25.0/25.8 ey=-0.8 Fy=+89 rel=0.00 sag=0.00 tauK=-2.5 ; L1 ST|RES ty/ay=25.0/26.0 ey=-1.0 Fy=+104 rel=0.00 sag=0.64 tauK=+2.8 ; L2 SW ty/ay=23.3/23.9 ey=-0.5 Fy=-6 rel=0.00 sag=0.00 tauK=+0.2 ; L3 SW ty/ay=23.6/24.0 ey=-0.4 Fy=-3 rel=0.00 sag=0.00 tauK=-0.1
[INFO] [1784021362.032137682] [cmd_vel_chassis_serial]: [LEG_DEBUG] vx=+0.20 wz=+0.00 stride=3.02 lift=2.46 roll=+0.0 pitch=+0.0 comp=0.00 | L0 SW ty/ay=23.3/23.3 ey=+0.0 Fy=-0 rel=0.00 sag=0.00 tauK=+0.0 ; L1 SW ty/ay=23.4/24.2 ey=-0.8 Fy=-10 rel=0.00 sag=0.00 tauK=-0.3 ; L2 ST|RES ty/ay=25.0/26.4 ey=-1.4 Fy=+91 rel=0.00 sag=0.75 tauK=-2.3 ; L3 ST ty/ay=25.0/25.8 ey=-0.8 Fy=+88 rel=0.00 sag=0.00 tauK=+2.6
[INFO] [1784021362.201385094] [cmd_vel_chassis_serial]: send source=vision vx=0.200 wz=0.000
[INFO] [1784021362.550018918] [cmd_vel_chassis_serial]: [LEG_DEBUG] vx=+0.20 wz=+0.00 stride=3.02 lift=2.46 roll=+0.0 pitch=+0.0 comp=0.00 | L0 ST ty/ay=25.0/25.8 ey=-0.8 Fy=+89 rel=0.00 sag=0.00 tauK=-2.5 ; L1 ST|RES ty/ay=25.0/26.5 ey=-1.5 Fy=+83 rel=0.00 sag=0.75 tauK=+2.1 ; L2 SW ty/ay=23.3/24.0 ey=-0.7 Fy=-7 rel=0.00 sag=0.00 tauK=+0.3 ; L3 SW ty/ay=23.7/24.0 ey=-0.3 Fy=-3 rel=0.00 sag=0.00 tauK=-0.1
[INFO] [1784021363.086419673] [cmd_vel_chassis_serial]: [LEG_DEBUG] vx=+0.20 wz=+0.00 stride=3.02 lift=2.46 roll=+0.0 pitch=+0.0 comp=0.00 | L0 SW ty/ay=23.4/23.4 ey=-0.1 Fy=-1 rel=0.00 sag=0.00 tauK=+0.0 ; L1 SW ty/ay=23.6/24.4 ey=-0.9 Fy=-11 rel=0.00 sag=0.00 tauK=-0.4 ; L2 ST|RES ty/ay=25.0/26.5 ey=-1.5 Fy=+84 rel=0.00 sag=0.83 tauK=-2.1 ; L3 ST ty/ay=25.0/25.7 ey=-0.7 Fy=+91 rel=0.00 sag=0.00 tauK=+2.6
[INFO] [1784021363.214514238] [cmd_vel_chassis_serial]: send source=vision vx=0.200 wz=0.000
[INFO] [1784021363.617603259] [cmd_vel_chassis_serial]: [LEG_DEBUG] vx=+0.20 wz=+0.00 stride=3.02 lift=2.46 roll=+0.0 pitch=+0.0 comp=0.00 | L0 ST ty/ay=25.0/25.8 ey=-0.8 Fy=+89 rel=0.00 sag=0.00 tauK=-2.5 ; L1 ST|RES ty/ay=25.0/26.4 ey=-1.4 Fy=+84 rel=0.00 sag=0.75 tauK=+2.2 ; L2 SW ty/ay=23.5/24.2 ey=-0.7 Fy=-8 rel=0.00 sag=0.00 tauK=+0.3 ; L3 SW ty/ay=23.8/24.2 ey=-0.4 Fy=-3 rel=0.00 sag=0.00 tauK=-0.1
[INFO] [1784021364.191072487] [cmd_vel_chassis_serial]: [LEG_DEBUG] vx=+0.20 wz=+0.00 stride=3.02 lift=2.46 roll=+0.0 pitch=+0.0 comp=0.00 | L0 SW ty/ay=23.4/23.6 ey=-0.2 Fy=-2 rel=0.00 sag=0.00 tauK=+0.1 ; L1 SW ty/ay=23.8/24.7 ey=-0.9 Fy=-11 rel=0.00 sag=0.01 tauK=-0.4 ; L2 ST|RES ty/ay=25.0/26.4 ey=-1.4 Fy=+86 rel=0.00 sag=0.82 tauK=-2.2 ; L3 ST ty/ay=25.0/25.7 ey=-0.7 Fy=+89 rel=0.00 sag=0.00 tauK=+2.6
[INFO] [1784021364.218895819] [cmd_vel_chassis_serial]: send source=vision vx=0.200 wz=0.000
[INFO] [1784021364.275854632] [cmd_vel_chassis_serial]: send source=stop vx=0.000 wz=0.000
[INFO] [1784021364.731577959] [cmd_vel_chassis_serial]: [LEG_DEBUG] vx=+0.20 wz=+0.00 stride=3.02 lift=2.46 roll=+0.0 pitch=+0.0 comp=0.00 | L0 ST ty/ay=25.0/25.3 ey=-0.3 Fy=+33 rel=0.00 sag=0.00 tauK=-0.9 ; L1 ST ty/ay=25.0/25.8 ey=-0.8 Fy=+23 rel=0.00 sag=0.00 tauK=+0.6 ; L2 ST ty/ay=25.0/25.0 ey=-0.0 Fy=+45 rel=0.00 sag=0.00 tauK=-1.3 ; L3 ST ty/ay=25.0/25.5 ey=-0.5 Fy=+36 rel=0.00 sag=0.00 tauK=+1.0
[INFO] [1784021365.252172614] [cmd_vel_chassis_serial]: [LEG_DEBUG] vx=+0.20 wz=+0.00 stride=3.02 lift=2.46 roll=+0.0 pitch=+0.0 comp=0.00 | L0 ST ty/ay=25.0/25.3 ey=-0.3 Fy=+33 rel=0.00 sag=0.00 tauK=-0.9 ; L1 ST ty/ay=25.0/25.3 ey=-0.3 Fy=+39 rel=0.00 sag=0.00 tauK=+1.1 ; L2 ST ty/ay=25.0/25.1 ey=-0.1 Fy=+44 rel=0.00 sag=0.00 tauK=-1.2 ; L3 ST ty/ay=25.0/25.4 ey=-0.4 Fy=+38 rel=0.00 sag=0.00 tauK=+1.1
[INFO] [1784021365.746085454] [cmd_vel_chassis_serial]: [AUTO] 发送 0x15: cmd=1 target=0 zone=0
[INFO] [1784021365.774687027] [cmd_vel_chassis_serial]: send source=vision vx=-0.200 wz=0.000
[INFO] [1784021365.787766256] [cmd_vel_chassis_serial]: [LEG_DEBUG] vx=+0.20 wz=+0.00 stride=3.02 lift=2.46 roll=+0.0 pitch=+0.0 comp=0.00 | L0 ST ty/ay=25.0/25.3 ey=-0.3 Fy=+33 rel=0.00 sag=0.00 tauK=-0.9 ; L1 ST ty/ay=25.0/25.3 ey=-0.3 Fy=+39 rel=0.00 sag=0.00 tauK=+1.1 ; L2 ST ty/ay=25.0/25.1 ey=-0.1 Fy=+44 rel=0.00 sag=0.00 tauK=-1.2 ; L3 ST ty/ay=25.0/25.4 ey=-0.4 Fy=+38 rel=0.00 sag=0.00 tauK=+1.1
[INFO] [1784021366.357517528] [cmd_vel_chassis_serial]: [LEG_DEBUG] vx=-0.20 wz=+0.00 stride=3.02 lift=2.46 roll=+0.0 pitch=+0.0 comp=0.00 | L0 SW|RES ty/ay=25.0/25.8 ey=-0.9 Fy=-13 rel=0.00 sag=0.25 tauK=+0.5 ; L1 ST ty/ay=25.0/25.2 ey=-0.2 Fy=+41 rel=0.00 sag=0.00 tauK=+1.2 ; L2 ST|RES ty/ay=25.0/25.1 ey=-0.1 Fy=+43 rel=0.00 sag=0.18 tauK=-1.2 ; L3 ST|RES ty/ay=25.0/26.3 ey=-1.3 Fy=+43 rel=0.00 sag=0.72 tauK=+1.1
[INFO] [1784021366.778014701] [cmd_vel_chassis_serial]: send source=vision vx=-0.200 wz=0.000
[INFO] [1784021366.900519392] [cmd_vel_chassis_serial]: [LEG_DEBUG] vx=-0.20 wz=+0.00 stride=3.02 lift=2.46 roll=+0.0 pitch=+0.0 comp=0.00 | L0 ST|RES ty/ay=25.0/26.0 ey=-1.0 Fy=+74 rel=0.00 sag=0.31 tauK=-2.0 ; L1 ST ty/ay=25.0/25.5 ey=-0.5 Fy=+34 rel=0.00 sag=0.00 tauK=+1.0 ; L2 ST|RES ty/ay=25.0/26.0 ey=-1.0 Fy=+41 rel=0.00 sag=0.80 tauK=-1.0 ; L3 ST|RES ty/ay=25.0/25.8 ey=-0.8 Fy=+45 rel=0.29 sag=0.71 tauK=+1.2
[INFO] [1784021367.410733328] [cmd_vel_chassis_serial]: [LEG_DEBUG] vx=-0.20 wz=+0.00 stride=3.02 lift=2.46 roll=+0.0 pitch=+0.0 comp=0.00 | L0 SW|RES ty/ay=25.0/25.3 ey=-0.4 Fy=-2 rel=0.00 sag=0.28 tauK=+0.2 ; L1 ST|RES ty/ay=25.0/26.0 ey=-1.0 Fy=+42 rel=0.00 sag=0.71 tauK=+1.1 ; L2 ST ty/ay=25.0/25.5 ey=-0.5 Fy=+34 rel=0.00 sag=0.00 tauK=-1.0 ; L3 ST ty/ay=25.0/25.8 ey=-0.8 Fy=+30 rel=0.00 sag=0.00 tauK=+0.8
[INFO] [1784021367.778689956] [cmd_vel_chassis_serial]: send source=vision vx=-0.200 wz=0.000
[INFO] [1784021367.957163476] [cmd_vel_chassis_serial]: [LEG_DEBUG] vx=-0.20 wz=+0.00 stride=3.02 lift=2.46 roll=+0.0 pitch=+0.0 comp=0.00 | L0 ST ty/ay=25.0/25.7 ey=-0.7 Fy=+80 rel=0.00 sag=0.00 tauK=-2.3 ; L1 ST ty/ay=25.0/25.5 ey=-0.5 Fy=+32 rel=0.00 sag=0.00 tauK=+0.9 ; L2 ST|RES ty/ay=25.0/26.1 ey=-1.1 Fy=+41 rel=0.00 sag=0.80 tauK=-1.0 ; L3 ST|RES ty/ay=25.0/25.8 ey=-0.8 Fy=+43 rel=0.17 sag=0.73 tauK=+1.1
[INFO] [1784021368.528288112] [cmd_vel_chassis_serial]: [LEG_DEBUG] vx=-0.20 wz=+0.00 stride=3.02 lift=2.46 roll=+0.0 pitch=+0.0 comp=0.00 | L0 ST|RES ty/ay=25.0/25.4 ey=-0.4 Fy=+35 rel=0.99 sag=0.47 tauK=-0.9 ; L1 ST|RES ty/ay=25.0/26.2 ey=-1.2 Fy=+31 rel=0.00 sag=0.81 tauK=+0.7 ; L2 ST ty/ay=25.0/25.4 ey=-0.4 Fy=+33 rel=0.00 sag=0.00 tauK=-0.9 ; L3 ST ty/ay=25.0/25.6 ey=-0.6 Fy=+33 rel=0.00 sag=0.00 tauK=+0.9
[INFO] [1784021368.796943699] [cmd_vel_chassis_serial]: send source=vision vx=-0.200 wz=0.000
[INFO] [1784021369.036215625] [cmd_vel_chassis_serial]: [LEG_DEBUG] vx=-0.20 wz=+0.00 stride=3.02 lift=2.46 roll=+0.0 pitch=+0.0 comp=0.00 | L0 ST ty/ay=25.0/25.6 ey=-0.6 Fy=+35 rel=0.00 sag=0.00 tauK=-1.0 ; L1 SW ty/ay=25.0/25.3 ey=-0.3 Fy=-3 rel=0.00 sag=0.00 tauK=-0.1 ; L2 ST|RES ty/ay=25.0/26.2 ey=-1.2 Fy=+38 rel=0.00 sag=0.83 tauK=-0.9 ; L3 ST|RES ty/ay=25.0/25.9 ey=-0.9 Fy=+43 rel=0.01 sag=0.75 tauK=+1.1
[INFO] [1784021369.580677662] [cmd_vel_chassis_serial]: [LEG_DEBUG] vx=-0.20 wz=+0.00 stride=3.02 lift=2.46 roll=+0.0 pitch=+0.0 comp=0.00 | L0 ST|RES ty/ay=25.0/25.5 ey=-0.5 Fy=+39 rel=0.86 sag=0.55 tauK=-1.0 ; L1 ST|RES ty/ay=25.0/26.2 ey=-1.2 Fy=+99 rel=0.00 sag=0.80 tauK=+2.6 ; L2 SW ty/ay=25.0/25.2 ey=-0.2 Fy=-1 rel=0.00 sag=0.00 tauK=+0.0 ; L3 ST ty/ay=25.0/25.4 ey=-0.4 Fy=+36 rel=0.00 sag=0.00 tauK=+1.0
[INFO] [1784021369.816065921] [cmd_vel_chassis_serial]: send source=vision vx=-0.200 wz=0.000
[INFO] [1784021370.129186528] [cmd_vel_chassis_serial]: [LEG_DEBUG] vx=-0.20 wz=+0.00 stride=3.02 lift=2.46 roll=+0.0 pitch=+0.0 comp=0.00 | L0 ST ty/ay=25.0/25.6 ey=-0.6 Fy=+34 rel=0.00 sag=0.00 tauK=-0.9 ; L1 SW ty/ay=25.0/25.2 ey=-0.2 Fy=-2 rel=0.00 sag=0.00 tauK=-0.1 ; L2 ST|RES ty/ay=25.0/26.4 ey=-1.4 Fy=+92 rel=0.00 sag=0.85 tauK=-2.4 ; L3 ST|RES ty/ay=25.0/26.0 ey=-1.0 Fy=+37 rel=0.00 sag=0.75 tauK=+0.8
[INFO] [1784021370.177427180] [cmd_vel_chassis_serial]: send source=stop vx=0.000 wz=0.000
[INFO] [1784021370.655234168] [cmd_vel_chassis_serial]: [LEG_DEBUG] vx=-0.20 wz=+0.00 stride=3.02 lift=2.46 roll=+0.0 pitch=+0.0 comp=0.00 | L0 ST ty/ay=25.0/25.3 ey=-0.3 Fy=+34 rel=0.00 sag=0.00 tauK=-1.0 ; L1 ST ty/ay=25.0/25.2 ey=-0.2 Fy=+41 rel=0.00 sag=0.00 tauK=+1.2 ; L2 ST ty/ay=25.0/25.1 ey=-0.1 Fy=+44 rel=0.00 sag=0.00 tauK=-1.2 ; L3 ST ty/ay=25.0/25.4 ey=-0.4 Fy=+39 rel=0.00 sag=0.00 tauK=+1.1
[INFO] [1784021371.197857293] [cmd_vel_chassis_serial]: [LEG_DEBUG] vx=-0.20 wz=+0.00 stride=3.02 lift=2.46 roll=+0.0 pitch=+0.0 comp=0.00 | L0 ST ty/ay=25.0/25.3 ey=-0.3 Fy=+35 rel=0.00 sag=0.00 tauK=-1.0 ; L1 ST ty/ay=25.0/25.3 ey=-0.3 Fy=+38 rel=0.00 sag=0.00 tauK=+1.1 ; L2 ST ty/ay=25.0/25.2 ey=-0.2 Fy=+42 rel=0.00 sag=0.00 tauK=-1.2 ; L3 ST ty/ay=25.0/25.4 ey=-0.4 Fy=+38 rel=0.00 sag=0.00 tauK=+1.1
[INFO] [1784021371.736929969] [cmd_vel_chassis_serial]: [LEG_DEBUG] vx=-0.20 wz=+0.00 stride=3.02 lift=2.46 roll=+0.0 pitch=+0.0 comp=0.00 | L0 ST ty/ay=25.0/25.3 ey=-0.3 Fy=+35 rel=0.00 sag=0.00 tauK=-1.0 ; L1 ST ty/ay=25.0/25.3 ey=-0.3 Fy=+38 rel=0.00 sag=0.00 tauK=+1.1 ; L2 ST ty/ay=25.0/25.1 ey=-0.1 Fy=+42 rel=0.00 sag=0.00 tauK=-1.2 ; L3 ST ty/ay=25.0/25.4 ey=-0.4 Fy=+38 rel=0.00 sag=0.00 tauK=+1.1
[INFO] [1784021372.298225331] [cmd_vel_chassis_serial]: [LEG_DEBUG] vx=-0.20 wz=+0.00 stride=3.02 lift=2.46 roll=+0.0 pitch=+0.0 comp=0.00 | L0 ST ty/ay=25.0/25.3 ey=-0.3 Fy=+35 rel=0.00 sag=0.00 tauK=-1.0 ; L1 ST ty/ay=25.0/25.3 ey=-0.3 Fy=+38 rel=0.00 sag=0.00 tauK=+1.1 ; L2 ST ty/ay=25.0/25.2 ey=-0.2 Fy=+42 rel=0.00 sag=0.00 tauK=-1.2 ; L3 ST ty/ay=25.0/25.4 ey=-0.4 Fy=+38 rel=0.00 sag=0.00 tauK=+1.1
[INFO] [1784021372.512947113] [cmd_vel_chassis_serial]: [AUTO] 发送 0x15: cmd=1 target=0 zone=0
[INFO] [1784021372.535209669] [cmd_vel_chassis_serial]: send source=vision vx=0.200 wz=0.000
[INFO] [1784021372.826345500] [cmd_vel_chassis_serial]: [LEG_DEBUG] vx=+0.20 wz=+0.00 stride=3.02 lift=2.46 roll=+0.0 pitch=+0.0 comp=0.00 | L0 ST ty/ay=25.0/25.3 ey=-0.3 Fy=+36 rel=0.00 sag=0.00 tauK=-1.0 ; L1 ST|RES ty/ay=25.0/25.4 ey=-0.4 Fy=+44 rel=0.00 sag=0.32 tauK=+1.2 ; L2 ST|RES ty/ay=25.0/25.4 ey=-0.4 Fy=+47 rel=0.00 sag=0.41 tauK=-1.3 ; L3 ST ty/ay=25.0/25.5 ey=-0.5 Fy=+42 rel=0.00 sag=0.00 tauK=+1.2
[INFO] [1784021373.403933067] [cmd_vel_chassis_serial]: [LEG_DEBUG] vx=+0.20 wz=+0.00 stride=3.02 lift=2.46 roll=+0.0 pitch=+0.0 comp=0.00 | L0 SW ty/ay=23.9/23.8 ey=+0.2 Fy=+1 rel=0.00 sag=0.00 tauK=-0.0 ; L1 SW ty/ay=23.3/23.8 ey=-0.4 Fy=-4 rel=0.00 sag=0.00 tauK=-0.1 ; L2 ST|RES ty/ay=25.0/26.6 ey=-1.6 Fy=+87 rel=0.00 sag=0.85 tauK=-2.1 ; L3 ST ty/ay=25.0/25.6 ey=-0.6 Fy=+94 rel=0.00 sag=0.00 tauK=+2.7
[INFO] [1784021373.554880701] [cmd_vel_chassis_serial]: send source=vision vx=0.200 wz=0.000
[INFO] [1784021373.921318754] [cmd_vel_chassis_serial]: [LEG_DEBUG] vx=+0.20 wz=+0.00 stride=3.02 lift=2.46 roll=+0.0 pitch=+0.0 comp=0.00 | L0 ST ty/ay=25.0/25.8 ey=-0.8 Fy=+91 rel=0.00 sag=0.00 tauK=-2.6 ; L1 ST|RES ty/ay=25.0/26.1 ey=-1.1 Fy=+101 rel=0.00 sag=0.70 tauK=+2.7 ; L2 SW ty/ay=22.9/23.3 ey=-0.3 Fy=-3 rel=0.00 sag=0.00 tauK=+0.1 ; L3 SW ty/ay=23.4/23.6 ey=-0.2 Fy=-1 rel=0.00 sag=0.00 tauK=-0.1
[INFO] [1784021374.450940416] [cmd_vel_chassis_serial]: [LEG_DEBUG] vx=+0.20 wz=+0.00 stride=3.02 lift=2.46 roll=+0.0 pitch=+0.0 comp=0.00 | L0 SW ty/ay=23.5/23.3 ey=+0.1 Fy=+1 rel=0.00 sag=0.00 tauK=-0.0 ; L1 SW ty/ay=22.9/23.4 ey=-0.5 Fy=-5 rel=0.00 sag=0.00 tauK=-0.2 ; L2 ST|RES ty/ay=25.0/26.5 ey=-1.5 Fy=+91 rel=0.00 sag=0.80 tauK=-2.3 ; L3 ST ty/ay=25.0/25.8 ey=-0.8 Fy=+90 rel=0.00 sag=0.00 tauK=+2.6
[INFO] [1784021374.557336801] [cmd_vel_chassis_serial]: send source=vision vx=0.200 wz=0.000
[INFO] [1784021375.011979573] [cmd_vel_chassis_serial]: [LEG_DEBUG] vx=+0.20 wz=+0.00 stride=3.02 lift=2.46 roll=+0.0 pitch=+0.0 comp=0.00 | L0 ST ty/ay=25.0/25.8 ey=-0.8 Fy=+89 rel=0.00 sag=0.00 tauK=-2.5 ; L1 ST|RES ty/ay=25.0/26.6 ey=-1.6 Fy=+84 rel=0.00 sag=0.75 tauK=+2.1 ; L2 SW ty/ay=22.8/23.2 ey=-0.4 Fy=-3 rel=0.00 sag=0.00 tauK=+0.1 ; L3 SW ty/ay=23.4/23.5 ey=-0.2 Fy=-2 rel=0.00 sag=0.00 tauK=-0.1
[INFO] [1784021375.556344390] [cmd_vel_chassis_serial]: [LEG_DEBUG] vx=+0.20 wz=+0.00 stride=3.02 lift=2.46 roll=+0.0 pitch=+0.0 comp=0.00 | L0 SW ty/ay=23.4/23.3 ey=+0.1 Fy=+1 rel=0.00 sag=0.00 tauK=+0.0 ; L1 SW ty/ay=23.0/23.6 ey=-0.6 Fy=-7 rel=0.00 sag=0.00 tauK=-0.3 ; L2 ST|RES ty/ay=25.0/26.7 ey=-1.7 Fy=+84 rel=0.00 sag=0.85 tauK=-2.1 ; L3 ST ty/ay=25.0/25.7 ey=-0.7 Fy=+91 rel=0.00 sag=0.00 tauK=+2.6
[INFO] [1784021375.565179360] [cmd_vel_chassis_serial]: send source=vision vx=0.200 wz=0.000
[INFO] [1784021376.082851072] [cmd_vel_chassis_serial]: [LEG_DEBUG] vx=+0.20 wz=+0.00 stride=3.02 lift=2.46 roll=+0.0 pitch=+0.0 comp=0.00 | L0 ST ty/ay=25.0/25.8 ey=-0.8 Fy=+89 rel=0.00 sag=0.00 tauK=-2.5 ; L1 ST|RES ty/ay=25.0/26.6 ey=-1.6 Fy=+83 rel=0.00 sag=0.75 tauK=+2.1 ; L2 SW ty/ay=23.0/23.5 ey=-0.5 Fy=-4 rel=0.00 sag=0.00 tauK=+0.2 ; L3 SW ty/ay=23.5/23.7 ey=-0.2 Fy=-2 rel=0.00 sag=0.00 tauK=-0.1
[INFO] [1784021376.579560464] [cmd_vel_chassis_serial]: send source=vision vx=0.200 wz=0.000
[INFO] [1784021376.623213014] [cmd_vel_chassis_serial]: [LEG_DEBUG] vx=+0.20 wz=+0.00 stride=3.02 lift=2.46 roll=+0.0 pitch=+0.0 comp=0.00 | L0 SW ty/ay=23.3/23.2 ey=+0.1 Fy=+1 rel=0.00 sag=0.00 tauK=-0.0 ; L1 SW ty/ay=23.2/23.9 ey=-0.7 Fy=-8 rel=0.00 sag=0.00 tauK=-0.3 ; L2 ST|RES ty/ay=25.0/26.5 ey=-1.5 Fy=+88 rel=0.00 sag=0.83 tauK=-2.2 ; L3 ST ty/ay=25.0/25.9 ey=-0.9 Fy=+86 rel=0.00 sag=0.00 tauK=+2.4
[INFO] [1784021376.840189884] [cmd_vel_chassis_serial]: send source=stop vx=0.000 wz=0.000
[INFO] [1784021377.150677378] [cmd_vel_chassis_serial]: [LEG_DEBUG] vx=+0.20 wz=+0.00 stride=3.02 lift=2.46 roll=+0.0 pitch=+0.0 comp=0.00 | L0 ST ty/ay=25.0/25.1 ey=-0.1 Fy=+40 rel=0.00 sag=0.00 tauK=-1.2 ; L1 ST ty/ay=25.0/25.7 ey=-0.7 Fy=+25 rel=0.00 sag=0.00 tauK=+0.7 ; L2 ST ty/ay=25.0/25.0 ey=-0.0 Fy=+49 rel=0.00 sag=0.00 tauK=-1.4 ; L3 ST ty/ay=25.0/25.7 ey=-0.7 Fy=+29 rel=0.00 sag=0.00 tauK=+0.7
[INFO] [1784021377.721098640] [cmd_vel_chassis_serial]: [LEG_DEBUG] vx=+0.20 wz=+0.00 stride=3.02 lift=2.46 roll=+0.0 pitch=+0.0 comp=0.00 | L0 ST ty/ay=25.0/25.2 ey=-0.2 Fy=+37 rel=0.00 sag=0.00 tauK=-1.1 ; L1 ST ty/ay=25.0/25.3 ey=-0.3 Fy=+39 rel=0.00 sag=0.00 tauK=+1.1 ; L2 ST ty/ay=25.0/25.1 ey=-0.1 Fy=+45 rel=0.00 sag=0.00 tauK=-1.3 ; L3 ST ty/ay=25.0/25.5 ey=-0.5 Fy=+34 rel=0.00 sag=0.00 tauK=+0.9
[INFO] [1784021378.238931389] [cmd_vel_chassis_serial]: [LEG_DEBUG] vx=+0.20 wz=+0.00 stride=3.02 lift=2.46 roll=+0.0 pitch=+0.0 comp=0.00 | L0 ST ty/ay=25.0/25.2 ey=-0.2 Fy=+37 rel=0.00 sag=0.00 tauK=-1.1 ; L1 ST ty/ay=25.0/25.3 ey=-0.3 Fy=+39 rel=0.00 sag=0.00 tauK=+1.1 ; L2 ST ty/ay=25.0/25.1 ey=-0.1 Fy=+45 rel=0.00 sag=0.00 tauK=-1.3 ; L3 ST ty/ay=25.0/25.5 ey=-0.5 Fy=+34 rel=0.00 sag=0.00 tauK=+0.9
[INFO] [1784021378.810738462] [cmd_vel_chassis_serial]: [LEG_DEBUG] vx=+0.20 wz=+0.00 stride=3.02 lift=2.46 roll=+0.0 pitch=+0.0 comp=0.00 | L0 ST ty/ay=25.0/25.2 ey=-0.2 Fy=+37 rel=0.00 sag=0.00 tauK=-1.1 ; L1 ST ty/ay=25.0/25.3 ey=-0.3 Fy=+39 rel=0.00 sag=0.00 tauK=+1.1 ; L2 ST ty/ay=25.0/25.1 ey=-0.1 Fy=+45 rel=0.00 sag=0.00 tauK=-1.3 ; L3 ST ty/ay=25.0/25.5 ey=-0.5 Fy=+34 rel=0.00 sag=0.00 tauK=+0.9
[INFO] [1784021379.340859538] [cmd_vel_chassis_serial]: [LEG_DEBUG] vx=+0.20 wz=+0.00 stride=3.02 lift=2.46 roll=+0.0 pitch=+0.0 comp=0.00 | L0 ST ty/ay=25.0/25.2 ey=-0.2 Fy=+37 rel=0.00 sag=0.00 tauK=-1.1 ; L1 ST ty/ay=25.0/25.3 ey=-0.3 Fy=+39 rel=0.00 sag=0.00 tauK=+1.1 ; L2 ST ty/ay=25.0/25.1 ey=-0.1 Fy=+45 rel=0.00 sag=0.00 tauK=-1.3 ; L3 ST ty/ay=25.0/25.5 ey=-0.5 Fy=+34 rel=0.00 sag=0.00 tauK=+0.9
[INFO] [1784021379.856709620] [cmd_vel_chassis_serial]: [LEG_DEBUG] vx=+0.20 wz=+0.00 stride=3.02 lift=2.46 roll=+0.0 pitch=+0.0 comp=0.00 | L0 ST ty/ay=25.0/25.2 ey=-0.2 Fy=+37 rel=0.00 sag=0.00 tauK=-1.1 ; L1 ST ty/ay=25.0/25.3 ey=-0.3 Fy=+39 rel=0.00 sag=0.00 tauK=+1.1 ; L2 ST ty/ay=25.0/25.1 ey=-0.1 Fy=+45 rel=0.00 sag=0.00 tauK=-1.3 ; L3 ST ty/ay=25.0/25.5 ey=-0.5 Fy=+34 rel=0.00 sag=0.00 tauK=+0.9
[INFO] [1784021379.995725360] [cmd_vel_chassis_serial]: [AUTO] 发送 0x15: cmd=1 target=0 zone=0
[INFO] [1784021380.015166291] [cmd_vel_chassis_serial]: send source=vision vx=-0.200 wz=0.000
[INFO] [1784021380.391146153] [cmd_vel_chassis_serial]: [LEG_DEBUG] vx=-0.20 wz=+0.00 stride=3.02 lift=2.46 roll=+0.0 pitch=+0.0 comp=0.00 | L0 ST|RES ty/ay=25.0/25.8 ey=-0.8 Fy=+37 rel=0.00 sag=0.46 tauK=-1.0 ; L1 ST ty/ay=25.0/25.4 ey=-0.4 Fy=+39 rel=0.00 sag=0.00 tauK=+1.1 ; L2 ST|RES ty/ay=25.0/25.2 ey=-0.2 Fy=+44 rel=0.00 sag=0.23 tauK=-1.3 ; L3 ST|RES ty/ay=25.0/25.9 ey=-0.9 Fy=+44 rel=0.00 sag=0.62 tauK=+1.2
[INFO] [1784021380.949494491] [cmd_vel_chassis_serial]: [LEG_DEBUG] vx=-0.20 wz=+0.00 stride=3.02 lift=2.46 roll=+0.0 pitch=+0.0 comp=0.00 | L0 SW ty/ay=24.5/24.4 ey=+0.0 Fy=+1 rel=0.00 sag=0.00 tauK=-0.0 ; L1 SW ty/ay=23.8/23.8 ey=+0.0 Fy=-0 rel=0.00 sag=0.00 tauK=+0.0 ; L2 ST|RES ty/ay=25.0/26.4 ey=-1.4 Fy=+94 rel=0.00 sag=0.85 tauK=-2.4 ; L3 ST|RES ty/ay=25.0/26.2 ey=-1.2 Fy=+87 rel=0.00 sag=0.75 tauK=+2.2
[INFO] [1784021381.036955901] [cmd_vel_chassis_serial]: send source=vision vx=-0.200 wz=0.000
[INFO] [1784021381.469944215] [cmd_vel_chassis_serial]: [LEG_DEBUG] vx=-0.20 wz=+0.00 stride=3.02 lift=2.46 roll=+0.0 pitch=+0.0 comp=0.00 | L0 ST|RES ty/ay=25.0/26.1 ey=-1.1 Fy=+88 rel=0.00 sag=0.75 tauK=-2.3 ; L1 ST|RES ty/ay=25.0/26.3 ey=-1.3 Fy=+100 rel=0.00 sag=0.71 tauK=+2.6 ; L2 SW ty/ay=23.6/23.4 ey=+0.2 Fy=+2 rel=0.00 sag=0.00 tauK=-0.1 ; L3 SW ty/ay=23.5/23.4 ey=+0.1 Fy=+1 rel=0.00 sag=0.00 tauK=+0.0
[INFO] [1784021381.998686724] [cmd_vel_chassis_serial]: [LEG_DEBUG] vx=-0.20 wz=+0.00 stride=3.02 lift=2.46 roll=+0.0 pitch=+0.0 comp=0.00 | L0 SW ty/ay=24.1/23.8 ey=+0.3 Fy=+3 rel=0.00 sag=0.00 tauK=-0.1 ; L1 SW ty/ay=23.4/23.2 ey=+0.2 Fy=+1 rel=0.00 sag=0.00 tauK=+0.1 ; L2 ST|RES ty/ay=25.0/26.5 ey=-1.5 Fy=+93 rel=0.00 sag=0.85 tauK=-2.3 ; L3 ST|RES ty/ay=25.0/26.1 ey=-1.1 Fy=+90 rel=0.00 sag=0.75 tauK=+2.3
[INFO] [1784021382.037153733] [cmd_vel_chassis_serial]: send source=vision vx=-0.200 wz=0.000
[INFO] [1784021382.551730527] [cmd_vel_chassis_serial]: [LEG_DEBUG] vx=-0.20 wz=+0.00 stride=3.02 lift=2.46 roll=+0.0 pitch=+0.0 comp=0.00 | L0 ST|RES ty/ay=25.0/26.1 ey=-1.1 Fy=+90 rel=0.00 sag=0.75 tauK=-2.3 ; L1 ST|RES ty/ay=25.0/26.2 ey=-1.2 Fy=+103 rel=0.00 sag=0.78 tauK=+2.7 ; L2 SW ty/ay=23.4/23.1 ey=+0.3 Fy=+2 rel=0.00 sag=0.00 tauK=-0.1 ; L3 SW ty/ay=23.2/23.1 ey=+0.2 Fy=+1 rel=0.00 sag=0.00 tauK=+0.0
[INFO] [1784021383.038811730] [cmd_vel_chassis_serial]: send source=vision vx=-0.200 wz=0.000
[INFO] [1784021383.073886679] [cmd_vel_chassis_serial]: [LEG_DEBUG] vx=-0.20 wz=+0.00 stride=3.02 lift=2.46 roll=+0.0 pitch=+0.0 comp=0.00 | L0 SW ty/ay=23.9/23.6 ey=+0.3 Fy=+3 rel=0.00 sag=0.00 tauK=-0.1 ; L1 SW ty/ay=23.3/23.1 ey=+0.2 Fy=+1 rel=0.00 sag=0.00 tauK=+0.1 ; L2 ST|RES ty/ay=25.0/26.5 ey=-1.5 Fy=+93 rel=0.00 sag=0.85 tauK=-2.3 ; L3 ST|RES ty/ay=25.0/26.1 ey=-1.1 Fy=+91 rel=0.00 sag=0.75 tauK=+2.4
[INFO] [1784021383.602860130] [cmd_vel_chassis_serial]: [LEG_DEBUG] vx=-0.20 wz=+0.00 stride=3.02 lift=2.46 roll=+0.0 pitch=+0.0 comp=0.00 | L0 ST|RES ty/ay=25.0/26.1 ey=-1.1 Fy=+89 rel=0.00 sag=0.75 tauK=-2.3 ; L1 ST|RES ty/ay=25.0/26.3 ey=-1.3 Fy=+100 rel=0.00 sag=0.77 tauK=+2.6 ; L2 SW ty/ay=23.3/23.0 ey=+0.3 Fy=+2 rel=0.00 sag=0.00 tauK=-0.1 ; L3 SW ty/ay=23.1/23.0 ey=+0.1 Fy=+1 rel=0.00 sag=0.00 tauK=+0.0
[INFO] [1784021383.919947845] [cmd_vel_chassis_serial]: send source=stop vx=0.000 wz=0.000
[INFO] [1784021384.149623376] [cmd_vel_chassis_serial]: [LEG_DEBUG] vx=-0.20 wz=+0.00 stride=3.02 lift=2.46 roll=+0.0 pitch=+0.0 comp=0.00 | L0 ST ty/ay=25.0/25.2 ey=-0.2 Fy=+39 rel=0.00 sag=0.00 tauK=-1.1 ; L1 ST ty/ay=25.0/24.8 ey=+0.2 Fy=+52 rel=0.00 sag=0.00 tauK=+1.5 ; L2 ST ty/ay=25.0/25.4 ey=-0.4 Fy=+41 rel=0.00 sag=0.00 tauK=-1.1 ; L3 ST ty/ay=25.0/25.2 ey=-0.2 Fy=+44 rel=0.00 sag=0.00 tauK=+1.2
[INFO] [1784021384.700093039] [cmd_vel_chassis_serial]: [LEG_DEBUG] vx=-0.20 wz=+0.00 stride=3.02 lift=2.46 roll=+0.0 pitch=+0.0 comp=0.00 | L0 ST ty/ay=25.0/25.3 ey=-0.3 Fy=+35 rel=0.00 sag=0.00 tauK=-1.0 ; L1 ST ty/ay=25.0/25.3 ey=-0.3 Fy=+37 rel=0.00 sag=0.00 tauK=+1.0 ; L2 ST ty/ay=25.0/25.1 ey=-0.1 Fy=+44 rel=0.00 sag=0.00 tauK=-1.2 ; L3 ST ty/ay=25.0/25.4 ey=-0.4 Fy=+37 rel=0.00 sag=0.00 tauK=+1.1
[INFO] [1784021385.243152773] [cmd_vel_chassis_serial]: [LEG_DEBUG] vx=-0.20 wz=+0.00 stride=3.02 lift=2.46 roll=+0.0 pitch=+0.0 comp=0.00 | L0 ST ty/ay=25.0/25.3 ey=-0.3 Fy=+35 rel=0.00 sag=0.00 tauK=-1.0 ; L1 ST ty/ay=25.0/25.3 ey=-0.3 Fy=+37 rel=0.00 sag=0.00 tauK=+1.0 ; L2 ST ty/ay=25.0/25.1 ey=-0.1 Fy=+44 rel=0.00 sag=0.00 tauK=-1.2 ; L3 ST ty/ay=25.0/25.4 ey=-0.4 Fy=+37 rel=0.00 sag=0.00 tauK=+1.1
[INFO] [1784021385.726975967] [cmd_vel_chassis_serial]: [AUTO] 发送 0x15: cmd=1 target=0 zone=0
[INFO] [1784021385.742729700] [cmd_vel_chassis_serial]: [LEG_DEBUG] vx=-0.20 wz=+0.00 stride=3.02 lift=2.46 roll=+0.0 pitch=+0.0 comp=0.00 | L0 ST ty/ay=25.0/25.3 ey=-0.3 Fy=+36 rel=0.00 sag=0.00 tauK=-1.0 ; L1 ST ty/ay=25.0/25.3 ey=-0.3 Fy=+37 rel=0.00 sag=0.00 tauK=+1.0 ; L2 ST ty/ay=25.0/25.1 ey=-0.1 Fy=+43 rel=0.00 sag=0.00 tauK=-1.2 ; L3 ST ty/ay=25.0/25.4 ey=-0.4 Fy=+37 rel=0.00 sag=0.00 tauK=+1.1
[INFO] [1784021385.745376994] [cmd_vel_chassis_serial]: send source=vision vx=0.200 wz=0.000
[INFO] [1784021386.302854179] [cmd_vel_chassis_serial]: [LEG_DEBUG] vx=+0.20 wz=+0.00 stride=3.02 lift=2.46 roll=+0.0 pitch=+0.0 comp=0.00 | L0 SW ty/ay=25.0/24.9 ey=+0.1 Fy=+10 rel=0.00 sag=0.00 tauK=-0.3 ; L1 ST|RES ty/ay=25.0/25.9 ey=-0.9 Fy=+44 rel=0.00 sag=0.68 tauK=+1.1 ; L2 ST|RES ty/ay=25.0/25.4 ey=-0.4 Fy=+45 rel=0.00 sag=0.45 tauK=-1.3 ; L3 ST ty/ay=25.0/25.4 ey=-0.4 Fy=+41 rel=0.00 sag=0.00 tauK=+1.2
[INFO] [1784021386.757503050] [cmd_vel_chassis_serial]: send source=vision vx=0.200 wz=0.000
[INFO] [1784021386.838130864] [cmd_vel_chassis_serial]: [LEG_DEBUG] vx=+0.20 wz=+0.00 stride=3.02 lift=2.46 roll=+0.0 pitch=+0.0 comp=0.00 | L0 ST ty/ay=25.0/25.0 ey=-0.0 Fy=+49 rel=0.00 sag=0.00 tauK=-1.5 ; L1 ST ty/ay=25.0/24.9 ey=+0.1 Fy=+40 rel=0.00 sag=0.00 tauK=+1.2 ; L2 ST|RES ty/ay=25.0/26.6 ey=-1.6 Fy=+18 rel=0.00 sag=0.85 tauK=-0.2 ; L3 ST ty/ay=25.0/25.7 ey=-0.7 Fy=+37 rel=0.00 sag=0.00 tauK=+1.0
[INFO] [1784021387.400760217] [cmd_vel_chassis_serial]: [LEG_DEBUG] vx=+0.20 wz=+0.00 stride=3.02 lift=2.46 roll=+0.0 pitch=+0.0 comp=0.00 | L0 ST ty/ay=25.0/25.5 ey=-0.5 Fy=+33 rel=0.00 sag=0.00 tauK=-0.9 ; L1 ST|RES ty/ay=25.0/26.9 ey=-1.9 Fy=+69 rel=0.00 sag=0.85 tauK=+1.5 ; L2 ST|RES ty/ay=25.0/23.5 ey=+1.5 Fy=+103 rel=0.00 sag=0.83 tauK=-3.2 ; L3 ST ty/ay=25.0/25.7 ey=-0.7 Fy=+31 rel=0.00 sag=0.00 tauK=+0.9
[INFO] [1784021387.776989364] [cmd_vel_chassis_serial]: send source=vision vx=0.200 wz=0.000
[INFO] [1784021387.918744751] [cmd_vel_chassis_serial]: [LEG_DEBUG] vx=+0.20 wz=+0.00 stride=3.02 lift=2.46 roll=+0.0 pitch=+0.0 comp=0.00 | L0 ST ty/ay=25.0/25.8 ey=-0.8 Fy=+36 rel=0.00 sag=0.00 tauK=-1.1 ; L1 SW ty/ay=25.0/22.8 ey=+2.2 Fy=+19 rel=0.00 sag=0.00 tauK=+0.6 ; L2 ST|RES ty/ay=25.0/26.8 ey=-1.8 Fy=+10 rel=0.00 sag=0.82 tauK=-0.0 ; L3 ST ty/ay=25.0/25.7 ey=-0.7 Fy=+41 rel=0.00 sag=0.00 tauK=+1.1
[INFO] [1784021388.462744627] [cmd_vel_chassis_serial]: [LEG_DEBUG] vx=+0.20 wz=+0.00 stride=3.02 lift=2.46 roll=+0.0 pitch=+0.0 comp=0.00 | L0 ST ty/ay=25.0/25.5 ey=-0.5 Fy=+41 rel=0.00 sag=0.00 tauK=-1.2 ; L1 ST|RES ty/ay=25.0/26.9 ey=-1.9 Fy=+70 rel=0.00 sag=0.75 tauK=+1.7 ; L2 SW ty/ay=25.0/22.4 ey=+2.5 Fy=+21 rel=0.00 sag=0.00 tauK=-0.7 ; L3 ST ty/ay=25.0/25.4 ey=-0.4 Fy=+38 rel=0.00 sag=0.00 tauK=+1.2
[INFO] [1784021388.775605326] [cmd_vel_chassis_serial]: send source=vision vx=0.200 wz=0.000
[INFO] [1784021388.967863819] [cmd_vel_chassis_serial]: [LEG_DEBUG] vx=+0.20 wz=+0.00 stride=3.02 lift=2.46 roll=+0.0 pitch=+0.0 comp=0.00 | L0 ST ty/ay=25.0/25.9 ey=-0.9 Fy=+25 rel=0.00 sag=0.00 tauK=-0.7 ; L1 SW ty/ay=24.9/22.7 ey=+2.3 Fy=+21 rel=0.00 sag=0.00 tauK=+0.7 ; L2 ST|RES ty/ay=25.0/26.9 ey=-1.9 Fy=+71 rel=0.00 sag=0.80 tauK=-1.6 ; L3 ST ty/ay=25.0/25.8 ey=-0.8 Fy=+83 rel=0.00 sag=0.00 tauK=+2.3
[INFO] [1784021389.541370316] [cmd_vel_chassis_serial]: [LEG_DEBUG] vx=+0.20 wz=+0.00 stride=3.02 lift=2.46 roll=+0.0 pitch=+0.0 comp=0.00 | L0 ST ty/ay=25.0/25.5 ey=-0.5 Fy=+37 rel=0.00 sag=0.00 tauK=-1.1 ; L1 ST|RES ty/ay=25.0/26.8 ey=-1.8 Fy=+72 rel=0.00 sag=0.75 tauK=+1.7 ; L2 SW ty/ay=24.9/22.4 ey=+2.5 Fy=+23 rel=0.00 sag=0.00 tauK=-0.8 ; L3 SW ty/ay=25.0/25.3 ey=-0.3 Fy=-2 rel=0.00 sag=0.00 tauK=-0.1
[INFO] [1784021389.781628442] [cmd_vel_chassis_serial]: send source=vision vx=0.200 wz=0.000
[INFO] [1784021389.994517785] [cmd_vel_chassis_serial]: send source=stop vx=0.000 wz=0.000
[INFO] [1784021390.039032700] [cmd_vel_chassis_serial]: [LEG_DEBUG] vx=+0.20 wz=+0.00 stride=3.02 lift=2.46 roll=+0.0 pitch=+0.0 comp=0.00 | L0 ST ty/ay=25.0/25.8 ey=-0.8 Fy=+15 rel=0.00 sag=0.00 tauK=-0.5 ; L1 SW ty/ay=24.8/22.7 ey=+2.2 Fy=+22 rel=0.00 sag=0.00 tauK=+0.7 ; L2 ST|RES ty/ay=25.0/26.8 ey=-1.8 Fy=+73 rel=0.00 sag=0.77 tauK=-1.7 ; L3 ST ty/ay=25.0/25.9 ey=-0.9 Fy=+81 rel=0.00 sag=0.00 tauK=+2.2
[INFO] [1784021390.595279694] [cmd_vel_chassis_serial]: [LEG_DEBUG] vx=+0.20 wz=+0.00 stride=3.02 lift=2.46 roll=+0.0 pitch=+0.0 comp=0.00 | L0 ST ty/ay=25.0/25.2 ey=-0.2 Fy=+38 rel=0.00 sag=0.00 tauK=-1.1 ; L1 ST ty/ay=25.0/25.4 ey=-0.4 Fy=+37 rel=0.00 sag=0.00 tauK=+1.0 ; L2 ST ty/ay=25.0/25.1 ey=-0.1 Fy=+44 rel=0.00 sag=0.00 tauK=-1.3 ; L3 ST ty/ay=25.0/25.4 ey=-0.4 Fy=+37 rel=0.00 sag=0.00 tauK=+1.0
[INFO] [1784021391.115327041] [cmd_vel_chassis_serial]: [LEG_DEBUG] vx=+0.20 wz=+0.00 stride=3.02 lift=2.46 roll=+0.0 pitch=+0.0 comp=0.00 | L0 ST ty/ay=25.0/25.2 ey=-0.2 Fy=+37 rel=0.00 sag=0.00 tauK=-1.1 ; L1 ST ty/ay=25.0/25.3 ey=-0.3 Fy=+37 rel=0.00 sag=0.00 tauK=+1.0 ; L2 ST ty/ay=25.0/25.0 ey=-0.0 Fy=+46 rel=0.00 sag=0.00 tauK=-1.3 ; L3 ST ty/ay=25.0/25.5 ey=-0.5 Fy=+35 rel=0.00 sag=0.00 tauK=+0.9
[INFO] [1784021391.700213673] [cmd_vel_chassis_serial]: [LEG_DEBUG] vx=+0.20 wz=+0.00 stride=3.02 lift=2.46 roll=+0.0 pitch=+0.0 comp=0.00 | L0 ST ty/ay=25.0/25.2 ey=-0.2 Fy=+37 rel=0.00 sag=0.00 tauK=-1.1 ; L1 ST ty/ay=25.0/25.3 ey=-0.3 Fy=+37 rel=0.00 sag=0.00 tauK=+1.0 ; L2 ST ty/ay=25.0/25.0 ey=-0.0 Fy=+46 rel=0.00 sag=0.00 tauK=-1.3 ; L3 ST ty/ay=25.0/25.5 ey=-0.5 Fy=+34 rel=0.00 sag=0.00 tauK=+0.9
[INFO] [1784021392.229322986] [cmd_vel_chassis_serial]: [LEG_DEBUG] vx=+0.20 wz=+0.00 stride=3.02 lift=2.46 roll=+0.0 pitch=+0.0 comp=0.00 | L0 ST ty/ay=25.0/25.2 ey=-0.2 Fy=+37 rel=0.00 sag=0.00 tauK=-1.1 ; L1 ST ty/ay=25.0/25.3 ey=-0.3 Fy=+37 rel=0.00 sag=0.00 tauK=+1.0 ; L2 ST ty/ay=25.0/25.0 ey=-0.0 Fy=+46 rel=0.00 sag=0.00 tauK=-1.3 ; L3 ST ty/ay=25.0/25.5 ey=-0.5 Fy=+35 rel=0.00 sag=0.00 tauK=+0.9
[INFO] [1784021392.705687698] [cmd_vel_chassis_serial]: [AUTO] 发送 0x15: cmd=1 target=0 zone=0
[INFO] [1784021392.733194204] [cmd_vel_chassis_serial]: [LEG_DEBUG] vx=+0.20 wz=+0.00 stride=3.02 lift=2.46 roll=+0.0 pitch=+0.0 comp=0.00 | L0 ST ty/ay=25.0/25.2 ey=-0.2 Fy=+37 rel=0.00 sag=0.00 tauK=-1.1 ; L1 ST ty/ay=25.0/25.3 ey=-0.3 Fy=+37 rel=0.00 sag=0.00 tauK=+1.0 ; L2 ST ty/ay=25.0/25.0 ey=-0.0 Fy=+46 rel=0.00 sag=0.00 tauK=-1.3 ; L3 ST ty/ay=25.0/25.5 ey=-0.5 Fy=+34 rel=0.00 sag=0.00 tauK=+0.9
[INFO] [1784021392.738288727] [cmd_vel_chassis_serial]: send source=vision vx=-0.200 wz=0.000
[INFO] [1784021393.279803386] [cmd_vel_chassis_serial]: [LEG_DEBUG] vx=-0.20 wz=+0.00 stride=3.02 lift=2.46 roll=+0.0 pitch=+0.0 comp=0.00 | L0 SW|RES ty/ay=25.0/26.0 ey=-1.0 Fy=-21 rel=0.00 sag=0.49 tauK=+0.7 ; L1 ST|RES ty/ay=25.0/25.4 ey=-0.4 Fy=+42 rel=0.00 sag=0.18 tauK=+1.2 ; L2 ST|RES ty/ay=25.0/24.9 ey=+0.1 Fy=+43 rel=0.00 sag=0.09 tauK=-1.3 ; L3 ST|RES ty/ay=25.0/26.4 ey=-1.4 Fy=+42 rel=0.00 sag=0.75 tauK=+1.0
[INFO] [1784021393.736821858] [cmd_vel_chassis_serial]: send source=vision vx=-0.200 wz=0.000
[INFO] [1784021393.816665937] [cmd_vel_chassis_serial]: [LEG_DEBUG] vx=-0.20 wz=+0.00 stride=3.02 lift=2.46 roll=+0.0 pitch=+0.0 comp=0.00 | L0 ST ty/ay=25.0/25.7 ey=-0.7 Fy=+33 rel=0.00 sag=0.00 tauK=-0.9 ; L1 ST ty/ay=25.0/25.3 ey=-0.3 Fy=+35 rel=0.00 sag=0.00 tauK=+1.0 ; L2 ST|RES ty/ay=25.0/26.1 ey=-1.1 Fy=+38 rel=0.00 sag=0.80 tauK=-0.9 ; L3 ST|RES ty/ay=25.0/26.0 ey=-1.0 Fy=+40 rel=0.01 sag=0.75 tauK=+0.9
[INFO] [1784021394.348357891] [cmd_vel_chassis_serial]: [LEG_DEBUG] vx=-0.20 wz=+0.00 stride=3.02 lift=2.46 roll=+0.0 pitch=+0.0 comp=0.00 | L0 ST|RES ty/ay=25.0/25.5 ey=-0.5 Fy=+39 rel=0.96 sag=0.50 tauK=-1.0 ; L1 ST|RES ty/ay=25.0/26.1 ey=-1.1 Fy=+98 rel=0.00 sag=0.73 tauK=+2.7 ; L2 ST ty/ay=25.0/24.7 ey=+0.3 Fy=+43 rel=0.00 sag=0.00 tauK=-1.3 ; L3 ST ty/ay=25.0/25.5 ey=-0.5 Fy=+34 rel=0.00 sag=0.00 tauK=+1.0
[INFO] [1784021394.742767995] [cmd_vel_chassis_serial]: send source=vision vx=-0.200 wz=0.000
[INFO] [1784021394.878884551] [cmd_vel_chassis_serial]: [LEG_DEBUG] vx=-0.20 wz=+0.00 stride=3.02 lift=2.46 roll=+0.0 pitch=+0.0 comp=0.00 | L0 ST ty/ay=25.0/25.9 ey=-0.9 Fy=+24 rel=0.00 sag=0.00 tauK=-0.6 ; L1 SW ty/ay=25.0/25.2 ey=-0.2 Fy=-1 rel=0.00 sag=0.00 tauK=-0.0 ; L2 ST|RES ty/ay=25.0/26.2 ey=-1.2 Fy=+37 rel=0.00 sag=0.80 tauK=-0.9 ; L3 ST|RES ty/ay=25.0/25.9 ey=-0.9 Fy=+45 rel=0.00 sag=0.75 tauK=+1.1
[INFO] [1784021395.426987997] [cmd_vel_chassis_serial]: [LEG_DEBUG] vx=-0.20 wz=+0.00 stride=3.02 lift=2.46 roll=+0.0 pitch=+0.0 comp=0.00 | L0 ST|RES ty/ay=25.0/25.7 ey=-0.7 Fy=+37 rel=0.77 sag=0.58 tauK=-1.0 ; L1 ST|RES ty/ay=25.0/26.1 ey=-1.1 Fy=+101 rel=0.00 sag=0.75 tauK=+2.7 ; L2 SW ty/ay=25.0/24.5 ey=+0.5 Fy=+7 rel=0.00 sag=0.00 tauK=-0.2 ; L3 ST ty/ay=25.0/25.3 ey=-0.3 Fy=+38 rel=0.00 sag=0.00 tauK=+1.1
[INFO] [1784021395.759346807] [cmd_vel_chassis_serial]: send source=vision vx=-0.200 wz=0.000
[INFO] [1784021395.976535216] [cmd_vel_chassis_serial]: [LEG_DEBUG] vx=-0.20 wz=+0.00 stride=3.02 lift=2.46 roll=+0.0 pitch=+0.0 comp=0.00 | L0 ST ty/ay=25.0/25.8 ey=-0.8 Fy=+25 rel=0.00 sag=0.00 tauK=-0.7 ; L1 SW ty/ay=24.9/25.0 ey=-0.1 Fy=+0 rel=0.00 sag=0.00 tauK=+0.0 ; L2 ST|RES ty/ay=25.0/26.3 ey=-1.3 Fy=+95 rel=0.00 sag=0.81 tauK=-2.5 ; L3 ST|RES ty/ay=25.0/26.0 ey=-1.0 Fy=+85 rel=0.00 sag=0.75 tauK=+2.3
[INFO] [1784021395.985236024] [cmd_vel_chassis_serial]: send source=stop vx=0.000 wz=0.000
[INFO] [1784021396.532181111] [cmd_vel_chassis_serial]: [LEG_DEBUG] vx=-0.20 wz=+0.00 stride=3.02 lift=2.46 roll=+0.0 pitch=+0.0 comp=0.00 | L0 ST ty/ay=25.0/25.3 ey=-0.3 Fy=+35 rel=0.00 sag=0.00 tauK=-1.0 ; L1 ST ty/ay=25.0/25.2 ey=-0.2 Fy=+41 rel=0.00 sag=0.00 tauK=+1.2 ; L2 ST ty/ay=25.0/25.1 ey=-0.1 Fy=+42 rel=0.00 sag=0.00 tauK=-1.2 ; L3 ST ty/ay=25.0/25.4 ey=-0.4 Fy=+38 rel=0.00 sag=0.00 tauK=+1.1
[INFO] [1784021397.058943620] [cmd_vel_chassis_serial]: [LEG_DEBUG] vx=-0.20 wz=+0.00 stride=3.02 lift=2.46 roll=+0.0 pitch=+0.0 comp=0.00 | L0 ST ty/ay=25.0/25.3 ey=-0.3 Fy=+35 rel=0.00 sag=0.00 tauK=-1.0 ; L1 ST ty/ay=25.0/25.3 ey=-0.3 Fy=+40 rel=0.00 sag=0.00 tauK=+1.1 ; L2 ST ty/ay=25.0/25.2 ey=-0.2 Fy=+41 rel=0.00 sag=0.00 tauK=-1.1 ; L3 ST ty/ay=25.0/25.4 ey=-0.4 Fy=+38 rel=0.00 sag=0.00 tauK=+1.1
[INFO] [1784021397.592117564] [cmd_vel_chassis_serial]: [LEG_DEBUG] vx=-0.20 wz=+0.00 stride=3.02 lift=2.46 roll=+0.0 pitch=+0.0 comp=0.00 | L0 ST ty/ay=25.0/25.3 ey=-0.3 Fy=+35 rel=0.00 sag=0.00 tauK=-1.0 ; L1 ST ty/ay=25.0/25.3 ey=-0.3 Fy=+40 rel=0.00 sag=0.00 tauK=+1.1 ; L2 ST ty/ay=25.0/25.2 ey=-0.2 Fy=+41 rel=0.00 sag=0.00 tauK=-1.1 ; L3 ST ty/ay=25.0/25.4 ey=-0.4 Fy=+38 rel=0.00 sag=0.00 tauK=+1.1
[INFO] [1784021398.105023752] [cmd_vel_chassis_serial]: [LEG_DEBUG] vx=-0.20 wz=+0.00 stride=3.02 lift=2.46 roll=+0.0 pitch=+0.0 comp=0.00 | L0 ST ty/ay=25.0/25.3 ey=-0.3 Fy=+35 rel=0.00 sag=0.00 tauK=-1.0 ; L1 ST ty/ay=25.0/25.3 ey=-0.3 Fy=+40 rel=0.00 sag=0.00 tauK=+1.1 ; L2 ST ty/ay=25.0/25.2 ey=-0.2 Fy=+41 rel=0.00 sag=0.00 tauK=-1.1 ; L3 ST ty/ay=25.0/25.4 ey=-0.4 Fy=+38 rel=0.00 sag=0.00 tauK=+1.1
[INFO] [1784021398.680359717] [cmd_vel_chassis_serial]: [LEG_DEBUG] vx=-0.20 wz=+0.00 stride=3.02 lift=2.46 roll=+0.0 pitch=+0.0 comp=0.00 | L0 ST ty/ay=25.0/25.3 ey=-0.3 Fy=+35 rel=0.00 sag=0.00 tauK=-1.0 ; L1 ST ty/ay=25.0/25.3 ey=-0.3 Fy=+40 rel=0.00 sag=0.00 tauK=+1.1 ; L2 ST ty/ay=25.0/25.2 ey=-0.2 Fy=+41 rel=0.00 sag=0.00 tauK=-1.1 ; L3 ST ty/ay=25.0/25.4 ey=-0.4 Fy=+38 rel=0.00 sag=0.00 tauK=+1.1
[INFO] [1784021399.208364137] [cmd_vel_chassis_serial]: [LEG_DEBUG] vx=-0.20 wz=+0.00 stride=3.02 lift=2.46 roll=+0.0 pitch=+0.0 comp=0.00 | L0 ST ty/ay=25.0/25.3 ey=-0.3 Fy=+35 rel=0.00 sag=0.00 tauK=-1.0 ; L1 ST ty/ay=25.0/25.3 ey=-0.3 Fy=+40 rel=0.00 sag=0.00 tauK=+1.1 ; L2 ST ty/ay=25.0/25.2 ey=-0.2 Fy=+41 rel=0.00 sag=0.00 tauK=-1.1 ; L3 ST ty/ay=25.0/25.4 ey=-0.4 Fy=+38 rel=0.00 sag=0.00 tauK=+1.1
[INFO] [1784021399.739199949] [cmd_vel_chassis_serial]: [LEG_DEBUG] vx=-0.20 wz=+0.00 stride=3.02 lift=2.46 roll=+0.0 pitch=+0.0 comp=0.00 | L0 ST ty/ay=25.0/25.3 ey=-0.3 Fy=+36 rel=0.00 sag=0.00 tauK=-1.0 ; L1 ST ty/ay=25.0/25.3 ey=-0.3 Fy=+39 rel=0.00 sag=0.00 tauK=+1.1 ; L2 ST ty/ay=25.0/25.1 ey=-0.1 Fy=+44 rel=0.00 sag=0.00 tauK=-1.2 ; L3 ST ty/ay=25.0/25.4 ey=-0.4 Fy=+38 rel=0.00 sag=0.00 tauK=+1.1
[INFO] [1784021400.292479318] [cmd_vel_chassis_serial]: [LEG_DEBUG] vx=-0.20 wz=+0.00 stride=3.02 lift=2.46 roll=+0.0 pitch=+0.0 comp=0.00 | L0 ST ty/ay=25.0/25.3 ey=-0.3 Fy=+36 rel=0.00 sag=0.00 tauK=-1.0 ; L1 ST ty/ay=25.0/25.3 ey=-0.3 Fy=+37 rel=0.00 sag=0.00 tauK=+1.1 ; L2 ST ty/ay=25.0/25.2 ey=-0.2 Fy=+41 rel=0.00 sag=0.00 tauK=-1.1 ; L3 ST ty/ay=25.0/25.5 ey=-0.5 Fy=+35 rel=0.00 sag=0.00 tauK=+1.0
[INFO] [1784021400.833780546] [cmd_vel_chassis_serial]: [LEG_DEBUG] vx=-0.20 wz=+0.00 stride=3.02 lift=2.46 roll=+0.0 pitch=+0.0 comp=0.00 | L0 ST ty/ay=25.0/26.1 ey=-1.1 Fy=+10 rel=0.00 sag=0.00 tauK=-0.3 ; L1 ST ty/ay=25.0/26.1 ey=-1.1 Fy=+13 rel=0.00 sag=0.00 tauK=+0.3 ; L2 ST ty/ay=25.0/26.0 ey=-1.0 Fy=+15 rel=0.00 sag=0.00 tauK=-0.4 ; L3 ST ty/ay=25.0/26.2 ey=-1.2 Fy=+13 rel=0.00 sag=0.00 tauK=+0.3
[INFO] [1784021401.356970435] [cmd_vel_chassis_serial]: [LEG_DEBUG] vx=-0.20 wz=+0.00 stride=3.02 lift=2.46 roll=+0.0 pitch=+0.0 comp=0.00 | L0 ST ty/ay=25.0/26.2 ey=-1.2 Fy=+8 rel=0.00 sag=0.00 tauK=-0.2 ; L1 ST ty/ay=25.0/26.3 ey=-1.3 Fy=+8 rel=0.00 sag=0.00 tauK=+0.2 ; L2 ST ty/ay=25.0/26.2 ey=-1.2 Fy=+9 rel=0.00 sag=0.00 tauK=-0.2 ; L3 ST ty/ay=25.0/26.4 ey=-1.4 Fy=+7 rel=0.00 sag=0.00 tauK=+0.2
[INFO] [1784021401.900541624] [cmd_vel_chassis_serial]: [LEG_DEBUG] vx=-0.20 wz=+0.00 stride=3.02 lift=2.46 roll=+0.0 pitch=+0.0 comp=0.00 | L0 ST ty/ay=25.0/26.2 ey=-1.2 Fy=+8 rel=0.00 sag=0.00 tauK=-0.2 ; L1 ST ty/ay=25.0/26.3 ey=-1.3 Fy=+8 rel=0.00 sag=0.00 tauK=+0.2 ; L2 ST ty/ay=25.0/26.2 ey=-1.2 Fy=+9 rel=0.00 sag=0.00 tauK=-0.2 ; L3 ST ty/ay=25.0/26.4 ey=-1.4 Fy=+7 rel=0.00 sag=0.00 tauK=+0.2
[INFO] [1784021402.426134188] [cmd_vel_chassis_serial]: [LEG_DEBUG] vx=-0.20 wz=+0.00 stride=3.02 lift=2.46 roll=+0.0 pitch=+0.0 comp=0.00 | L0 ST ty/ay=25.0/26.2 ey=-1.2 Fy=+7 rel=0.00 sag=0.00 tauK=-0.2 ; L1 ST ty/ay=25.0/26.3 ey=-1.3 Fy=+8 rel=0.00 sag=0.00 tauK=+0.2 ; L2 ST ty/ay=25.0/26.2 ey=-1.2 Fy=+9 rel=0.00 sag=0.00 tauK=-0.2 ; L3 ST ty/ay=25.0/26.4 ey=-1.4 Fy=+7 rel=0.00 sag=0.00 tauK=+0.2
[INFO] [1784021403.010625047] [cmd_vel_chassis_serial]: [LEG_DEBUG] vx=-0.20 wz=+0.00 stride=3.02 lift=2.46 roll=+0.0 pitch=+0.0 comp=0.00 | L0 ST ty/ay=25.0/26.2 ey=-1.2 Fy=+7 rel=0.00 sag=0.00 tauK=-0.2 ; L1 ST ty/ay=25.0/26.3 ey=-1.3 Fy=+8 rel=0.00 sag=0.00 tauK=+0.2 ; L2 ST ty/ay=25.0/26.2 ey=-1.2 Fy=+9 rel=0.00 sag=0.00 tauK=-0.2 ; L3 ST ty/ay=25.0/26.4 ey=-1.4 Fy=+7 rel=0.00 sag=0.00 tauK=+0.2
[ERROR] [1784021403.413247240] [cmd_vel_chassis_serial]: Serial write failed: Write timeout
[INFO] [1784021403.512447936] [cmd_vel_chassis_serial]: [LEG_DEBUG] vx=-0.20 wz=+0.00 stride=3.02 lift=2.46 roll=+0.0 pitch=+0.0 comp=0.00 | L0 ST ty/ay=25.0/26.2 ey=-1.2 Fy=+7 rel=0.00 sag=0.00 tauK=-0.2 ; L1 ST ty/ay=25.0/26.3 ey=-1.3 Fy=+7 rel=0.00 sag=0.00 tauK=+0.2 ; L2 ST ty/ay=25.0/26.2 ey=-1.2 Fy=+9 rel=0.00 sag=0.00 tauK=-0.2 ; L3 ST ty/ay=25.0/26.4 ey=-1.4 Fy=+7 rel=0.00 sag=0.00 tauK=+0.2
