[INFO] [1784021349.005050553] [test_move]: ============================================================
[INFO] [1784021349.009836281] [test_move]:   纯轮足底盘运动测试工具
[INFO] [1784021349.019124610] [test_move]: ============================================================
[INFO] [1784021349.025005410] [test_move]: 
[INFO] [1784021349.031191394] [test_move]: 【安全须知】
[INFO] [1784021349.034116467] [test_move]:   确保底盘周围 2m 内无人员/障碍物！
[INFO] [1784021349.036893408] [test_move]:   随时可按 Ctrl+C 急停
[INFO] [1784021349.043107368] [test_move]: 
[INFO] [1784021349.046229741] [test_move]:   交互模式 — 输入命令:
[INFO] [1784021349.049183259] [test_move]:     1~2  → 速度预设 (自动开门)
[INFO] [1784021349.052247446] [test_move]:     s    → 停止
[INFO] [1784021349.055633807] [test_move]:     直接输 vx wz → 自定义速度 (自动开门)
[INFO] [1784021349.062487337] [test_move]: 
[INFO] [1784021360.133872114] [test_move]: [AUTO] cmd=1 (0x1)
[INFO] [1784021360.138051684] [test_move]:   → 门禁已开，现在可以发送速度指令
[INFO] [1784021360.146891606] [test_move]: [VEL] vx=+0.200  wz=+0.000  state=1(FORWARD)
[INFO] [1784021364.257117709] [test_move]: [VEL] vx=+0.000  wz=+0.000  state=0(IDLE)
[INFO] [1784021365.738170331] [test_move]: [AUTO] cmd=1 (0x1)
[INFO] [1784021365.750882929] [test_move]:   → 门禁已开，现在可以发送速度指令
[INFO] [1784021365.758455816] [test_move]: [VEL] vx=-0.200  wz=+0.000  state=2(BACKWARD)
[INFO] [1784021370.166086277] [test_move]: [VEL] vx=+0.000  wz=+0.000  state=0(IDLE)
[INFO] [1784021372.509981663] [test_move]: [AUTO] cmd=1 (0x1)
[INFO] [1784021372.515602282] [test_move]:   → 门禁已开，现在可以发送速度指令
[INFO] [1784021372.527926677] [test_move]: [VEL] vx=+0.200  wz=+0.000  state=1(FORWARD)
[INFO] [1784021376.834599488] [test_move]: [VEL] vx=+0.000  wz=+0.000  state=0(IDLE)
[INFO] [1784021379.992904349] [test_move]: [AUTO] cmd=1 (0x1)
[INFO] [1784021379.995013909] [test_move]:   → 门禁已开，现在可以发送速度指令
[INFO] [1784021379.998614898] [test_move]: [VEL] vx=-0.200  wz=+0.000  state=2(BACKWARD)
[INFO] [1784021383.913165673] [test_move]: [VEL] vx=+0.000  wz=+0.000  state=0(IDLE)
[INFO] [1784021385.724541839] [test_move]: [AUTO] cmd=1 (0x1)
[INFO] [1784021385.727112290] [test_move]:   → 门禁已开，现在可以发送速度指令
[INFO] [1784021385.731024754] [test_move]: [VEL] vx=+0.200  wz=+0.000  state=1(FORWARD)
[INFO] [1784021389.979774987] [test_move]: [VEL] vx=+0.000  wz=+0.000  state=0(IDLE)
[INFO] [1784021392.705689336] [test_move]: [AUTO] cmd=1 (0x1)
[INFO] [1784021392.716468658] [test_move]:   → 门禁已开，现在可以发送速度指令
[INFO] [1784021392.729009845] [test_move]: [VEL] vx=-0.200  wz=+0.000  state=2(BACKWARD)
[INFO] [1784021395.970265407] [test_move]: [VEL] vx=+0.000  wz=+0.000  state=0(IDLE)
