[INFO] [1784030026.818904055] [global_localization]: Waiting for global map...
[INFO] [1784030026.829937927] [global_localization]: Loading map: /home/gsing/2026Gsing/2026_Gsing-second_ROS/map/PCD20.pcd, voxel_size=0.01
[INFO] [1784030026.981702347] [global_localization]: Map loaded: raw=368664 pts
[INFO] [1784030028.120171472] [global_localization]: Map downsampled: 103490 pts
[INFO] [1784030028.127251605] [global_localization]: Global map received.
[INFO] [1784030028.717676027] [global_localization]: Waiting for initial pose...
[INFO] [1784030029.192516680] [global_localization]: Waiting for initial pose...
[INFO] [1784030029.690158778] [global_localization]: Waiting for initial pose...
[INFO] [1784030030.202673423] [global_localization]: Waiting for initial pose...
[INFO] [1784030030.732872238] [global_localization]: Waiting for initial pose...
[INFO] [1784030031.202125516] [global_localization]: Waiting for initial pose...
[INFO] [1784030031.712859049] [global_localization]: Waiting for initial pose...
[INFO] [1784030032.208050575] [global_localization]: Waiting for initial pose...
[INFO] [1784030032.719797158] [global_localization]: Waiting for initial pose...
[INFO] [1784030033.204058273] [global_localization]: Waiting for initial pose...
[INFO] [1784030033.706887196] [global_localization]: Waiting for initial pose...
[INFO] [1784030034.242588907] [global_localization]: Waiting for initial pose...
[INFO] [1784030034.744552673] [global_localization]: Waiting for initial pose...
[INFO] [1784030035.241459138] [global_localization]: Waiting for initial pose...
[INFO] [1784030035.730537134] [global_localization]: Waiting for initial pose...
[INFO] [1784030036.187085119] [global_localization]: Waiting for initial pose...
[INFO] [1784030036.691610228] [global_localization]: Waiting for initial pose...
[INFO] [1784030037.187485043] [global_localization]: Waiting for initial pose...
[INFO] [1784030037.693779301] [global_localization]: Waiting for initial pose...
[INFO] [1784030038.195797449] [global_localization]: Waiting for initial pose...
[INFO] [1784030038.679147858] [global_localization]: Waiting for initial pose...
[INFO] [1784030039.185587861] [global_localization]: Waiting for initial pose...
[INFO] [1784030039.680041332] [global_localization]: Waiting for initial pose...
[INFO] [1784030040.179865114] [global_localization]: Waiting for initial pose...
[INFO] [1784030040.682717912] [global_localization]: Waiting for initial pose...
[INFO] [1784030041.187674596] [global_localization]: Waiting for initial pose...
[INFO] [1784030041.688408919] [global_localization]: Waiting for initial pose...
[INFO] [1784030042.190697763] [global_localization]: Waiting for initial pose...
[INFO] [1784030042.680244155] [global_localization]: Waiting for initial pose...
[INFO] [1784030043.183322393] [global_localization]: Waiting for initial pose...
[INFO] [1784030043.679643058] [global_localization]: Waiting for initial pose...
[INFO] [1784030044.186566845] [global_localization]: Waiting for initial pose...
[INFO] [1784030044.685350902] [global_localization]: Waiting for initial pose...
[INFO] [1784030045.189726113] [global_localization]: Waiting for initial pose...
[INFO] [1784030045.679791267] [global_localization]: Waiting for initial pose...
[INFO] [1784030046.184703315] [global_localization]: Waiting for initial pose...
[INFO] [1784030046.683493366] [global_localization]: Waiting for initial pose...
[INFO] [1784030047.184578056] [global_localization]: Waiting for initial pose...
[INFO] [1784030047.681886281] [global_localization]: Waiting for initial pose...
[INFO] [1784030048.188550112] [global_localization]: Waiting for initial pose...
[INFO] [1784030048.688461095] [global_localization]: Waiting for initial pose...
[INFO] [1784030049.201270140] [global_localization]: Waiting for initial pose...
[INFO] [1784030049.719394283] [global_localization]: Waiting for initial pose...
[INFO] [1784030050.230070658] [global_localization]: Waiting for initial pose...
[INFO] [1784030050.702402269] [global_localization]: Waiting for initial pose...
[INFO] [1784030051.182436412] [global_localization]: Waiting for initial pose...
[INFO] [1784030051.696949288] [global_localization]: Waiting for initial pose...
[INFO] [1784030052.213263810] [global_localization]: Waiting for initial pose...
[INFO] [1784030052.680775110] [global_localization]: Waiting for initial pose...
[INFO] [1784030053.201595478] [global_localization]: Waiting for initial pose...
[INFO] [1784030053.692104252] [global_localization]: Waiting for initial pose...
[INFO] [1784030054.183781932] [global_localization]: Waiting for initial pose...
[INFO] [1784030054.693710626] [global_localization]: Waiting for initial pose...
[INFO] [1784030055.210314065] [global_localization]: Waiting for initial pose...
[INFO] [1784030055.694751561] [global_localization]: Waiting for initial pose...
[INFO] [1784030056.197189894] [global_localization]: Waiting for initial pose...
[INFO] [1784030056.706745429] [global_localization]: Waiting for initial pose...
[INFO] [1784030057.179923023] [global_localization]: Waiting for initial pose...
[INFO] [1784030057.695153724] [global_localization]: Waiting for initial pose...
[INFO] [1784030058.187251978] [global_localization]: Waiting for initial pose...
[INFO] [1784030058.693297054] [global_localization]: Waiting for initial pose...
[INFO] [1784030059.192808469] [global_localization]: Waiting for initial pose...
[INFO] [1784030059.678947723] [global_localization]: Waiting for initial pose...
[INFO] [1784030060.181654616] [global_localization]: Waiting for initial pose...
[INFO] [1784030060.685924724] [global_localization]: Waiting for initial pose...
[INFO] [1784030061.212198489] [global_localization]: Waiting for initial pose...
[INFO] [1784030061.701449423] [global_localization]: Waiting for initial pose...
[INFO] [1784030062.215191509] [global_localization]: Waiting for initial pose...
[INFO] [1784030062.686252536] [global_localization]: Waiting for initial pose...
[INFO] [1784030063.179538174] [global_localization]: Waiting for initial pose...
[INFO] [1784030063.679814278] [global_localization]: Waiting for initial pose...
[INFO] [1784030064.180374000] [global_localization]: Waiting for initial pose...
[INFO] [1784030064.696197882] [global_localization]: Waiting for initial pose...
[INFO] [1784030065.191634726] [global_localization]: Waiting for initial pose...
[INFO] [1784030065.679974559] [global_localization]: Waiting for initial pose...
[INFO] [1784030066.196964098] [global_localization]: Waiting for initial pose...
[INFO] [1784030066.688793710] [global_localization]: Waiting for initial pose...
[INFO] [1784030067.183477678] [global_localization]: Waiting for initial pose...
[INFO] [1784030067.681998468] [global_localization]: Waiting for initial pose...
[INFO] [1784030068.179465307] [global_localization]: Waiting for initial pose...
[INFO] [1784030068.685612235] [global_localization]: Waiting for initial pose...
