[INFO] [1784033544.658086695] [global_localization]: Waiting for global map...
[INFO] [1784033544.674378370] [global_localization]: Loading map: /home/gsing/2026Gsing/2026_Gsing-second_ROS/map/PCD20.pcd, voxel_size=0.01
[INFO] [1784033544.861743950] [global_localization]: Map loaded: raw=368664 pts
[INFO] [1784033545.593884922] [global_localization]: Map downsampled: 103490 pts
[INFO] [1784033545.597881215] [global_localization]: Global map received.
[INFO] [1784033546.134170668] [global_localization]: Waiting for initial pose...
[INFO] [1784033546.683890368] [global_localization]: Waiting for initial pose...
[INFO] [1784033547.122802542] [global_localization]: Waiting for initial pose...
[INFO] [1784033547.656823367] [global_localization]: Waiting for initial pose...
[INFO] [1784033548.128858849] [global_localization]: Waiting for initial pose...
[INFO] [1784033548.624071862] [global_localization]: Waiting for initial pose...
[INFO] [1784033549.125593582] [global_localization]: Waiting for initial pose...
[INFO] [1784033549.624805501] [global_localization]: Waiting for initial pose...
[INFO] [1784033550.133726282] [global_localization]: Waiting for initial pose...
[INFO] [1784033550.662306326] [global_localization]: Waiting for initial pose...
[INFO] [1784033550.679857966] [global_localization]: _auto_init_if_needed: initialized=False cur_scan=✗
[INFO] [1784033551.146776613] [global_localization]: Waiting for initial pose...
[INFO] [1784033551.612567252] [global_localization]: Waiting for initial pose...
[INFO] [1784033552.113760100] [global_localization]: Waiting for initial pose...
[INFO] [1784033552.617919823] [global_localization]: Waiting for initial pose...
[INFO] [1784033553.109232775] [global_localization]: Waiting for initial pose...
[INFO] [1784033553.622862377] [global_localization]: Waiting for initial pose...
[INFO] [1784033554.115034763] [global_localization]: Waiting for initial pose...
[INFO] [1784033554.609723323] [global_localization]: Waiting for initial pose...
[INFO] [1784033555.111505700] [global_localization]: Waiting for initial pose...
[INFO] [1784033555.610067974] [global_localization]: Waiting for initial pose...
[INFO] [1784033555.617044614] [global_localization]: _auto_init_if_needed: initialized=False cur_scan=✗
[INFO] [1784033556.121591463] [global_localization]: Waiting for initial pose...
[INFO] [1784033556.626504062] [global_localization]: Waiting for initial pose...
[INFO] [1784033557.112699745] [global_localization]: Waiting for initial pose...
[INFO] [1784033557.608742883] [global_localization]: Waiting for initial pose...
[INFO] [1784033558.122473212] [global_localization]: Waiting for initial pose...
[INFO] [1784033558.628562616] [global_localization]: Waiting for initial pose...
[INFO] [1784033559.124274071] [global_localization]: Waiting for initial pose...
[INFO] [1784033559.616632631] [global_localization]: Waiting for initial pose...
[INFO] [1784033560.120989434] [global_localization]: Waiting for initial pose...
[INFO] [1784033560.611998254] [global_localization]: Waiting for initial pose...
[INFO] [1784033560.615379152] [global_localization]: _auto_init_if_needed: initialized=False cur_scan=✗
[INFO] [1784033561.108519330] [global_localization]: Waiting for initial pose...
[INFO] [1784033561.612763315] [global_localization]: Waiting for initial pose...
[INFO] [1784033562.113563775] [global_localization]: Waiting for initial pose...
[INFO] [1784033562.622906840] [global_localization]: Waiting for initial pose...
[INFO] [1784033563.119776850] [global_localization]: Waiting for initial pose...
[INFO] [1784033563.655135123] [global_localization]: Waiting for initial pose...
[INFO] [1784033564.123098660] [global_localization]: Waiting for initial pose...
[INFO] [1784033564.608415605] [global_localization]: Waiting for initial pose...
[INFO] [1784033565.114979389] [global_localization]: Waiting for initial pose...
[INFO] [1784033565.610254022] [global_localization]: Waiting for initial pose...
[INFO] [1784033565.625932095] [global_localization]: _auto_init_if_needed: initialized=False cur_scan=✗
[INFO] [1784033566.108108616] [global_localization]: Waiting for initial pose...
[INFO] [1784033566.617797492] [global_localization]: Waiting for initial pose...
[INFO] [1784033567.116048410] [global_localization]: Waiting for initial pose...
[INFO] [1784033567.619741250] [global_localization]: Waiting for initial pose...
[INFO] [1784033568.134441066] [global_localization]: Waiting for initial pose...
[INFO] [1784033568.623716066] [global_localization]: Waiting for initial pose...
[INFO] [1784033569.107519779] [global_localization]: Waiting for initial pose...
[INFO] [1784033569.612937619] [global_localization]: Waiting for initial pose...
[INFO] [1784033570.120095296] [global_localization]: Waiting for initial pose...
[INFO] [1784033570.629490367] [global_localization]: Waiting for initial pose...
[INFO] [1784033570.653277732] [global_localization]: _auto_init_if_needed: initialized=False cur_scan=✗
[INFO] [1784033571.118576579] [global_localization]: Waiting for initial pose...
[INFO] [1784033571.608716725] [global_localization]: Waiting for initial pose...
[INFO] [1784033572.111740132] [global_localization]: Waiting for initial pose...
[INFO] [1784033572.616638662] [global_localization]: Waiting for initial pose...
[INFO] [1784033573.107204125] [global_localization]: Waiting for initial pose...
[INFO] [1784033573.624550675] [global_localization]: Waiting for initial pose...
[INFO] [1784033574.114177446] [global_localization]: Waiting for initial pose...
[INFO] [1784033574.613579279] [global_localization]: Waiting for initial pose...
[INFO] [1784033575.138793347] [global_localization]: Waiting for initial pose...
[INFO] [1784033575.623397012] [global_localization]: Waiting for initial pose...
[INFO] [1784033575.660311402] [global_localization]: _auto_init_if_needed: initialized=False cur_scan=✗
[INFO] [1784033576.107996584] [global_localization]: Waiting for initial pose...
[INFO] [1784033576.614864856] [global_localization]: Waiting for initial pose...
[INFO] [1784033577.111212918] [global_localization]: Waiting for initial pose...
[INFO] [1784033577.620767465] [global_localization]: Waiting for initial pose...
[INFO] [1784033578.114657749] [global_localization]: Waiting for initial pose...
[INFO] [1784033578.641853313] [global_localization]: Waiting for initial pose...
[INFO] [1784033579.129575850] [global_localization]: Waiting for initial pose...
[INFO] [1784033579.622094344] [global_localization]: Waiting for initial pose...
[INFO] [1784033580.127177078] [global_localization]: Waiting for initial pose...
[INFO] [1784033580.622356976] [global_localization]: Waiting for initial pose...
[INFO] [1784033580.631017391] [global_localization]: _auto_init_if_needed: initialized=False cur_scan=✗
[INFO] [1784033581.117004088] [global_localization]: Waiting for initial pose...
