[INFO] [launch]: All log files can be found below /home/gsing/2026Gsing/2026_Gsing-second_ROS/logs/ros/2026-07-14-21-25-44-573081-gsing-8270
[INFO] [launch]: Default logging verbosity is set to INFO
[INFO] [cmd_vel_chassis_serial.py-1]: process started with pid [8404]
[cmd_vel_chassis_serial.py-1] [INFO] [1784035550.886889629] [cmd_vel_chassis_serial]: Leg debug CSV logging enabled: /home/gsing/2026Gsing/2026_Gsing-second_ROS/logs/serial/2026-07-14_212536_leg.csv
[cmd_vel_chassis_serial.py-1] [INFO] [1784035550.914673890] [cmd_vel_chassis_serial]: Opened /dev/ttyACM0 @ 115200, cmd_vel=/cmd_vel, send=50.0Hz
[cmd_vel_chassis_serial.py-1] [INFO] [1784035551.117049571] [cmd_vel_chassis_serial]: Publishing STM32 arm events on /vision/arm_event
[cmd_vel_chassis_serial.py-1] [INFO] [1784035551.154069153] [cmd_vel_chassis_serial]: [LEG_DEBUG] | L0 ST ty/ay=0.0/0.0 ey=+0.0 Fy=+0 rel=0.00 sag=0.00 tauK=+0.0
[cmd_vel_chassis_serial.py-1] [INFO] [1784035551.184981923] [cmd_vel_chassis_serial]: send source=stop vx=0.000 wz=0.000
[cmd_vel_chassis_serial.py-1] [ERROR] [1784035551.308493310] [cmd_vel_chassis_serial]: Serial write failed: Write timeout
[cmd_vel_chassis_serial.py-1] [ERROR] [1784035551.510762957] [cmd_vel_chassis_serial]: Serial write failed: Write timeout
[cmd_vel_chassis_serial.py-1] [INFO] [1784035551.693859258] [cmd_vel_chassis_serial]: [LEG_DEBUG] vx=+0.00 wz=+0.00 stride=3.00 lift=2.45 roll=+0.0 pitch=+0.0 comp=0.00 att=1/0/0 mode=3 proj=0 raw=+0.0/+0.0 zero=+0.0/+0.0 | L0 ST ty/ay=0.0/0.0 ey=+0.0 Fy=+0 rel=0.00 sag=0.00 tauK=+0.0 ; L1 ST ty/ay=0.0/0.0 ey=+0.0 Fy=+0 rel=0.00 sag=0.00 tauK=+0.0 ; L2 ST ty/ay=0.0/0.0 ey=+0.0 Fy=+0 rel=0.00 sag=0.00 tauK=+0.0 ; L3 ST ty/ay=0.0/0.0 ey=+0.0 Fy=+0 rel=0.00 sag=0.00 tauK=+0.0
[cmd_vel_chassis_serial.py-1] [ERROR] [1784035551.705290888] [cmd_vel_chassis_serial]: Serial write failed: Write timeout
[cmd_vel_chassis_serial.py-1] [ERROR] [1784035551.924854030] [cmd_vel_chassis_serial]: Serial write failed: Write timeout
[cmd_vel_chassis_serial.py-1] [ERROR] [1784035552.259061428] [cmd_vel_chassis_serial]: Serial write failed: Write timeout
[cmd_vel_chassis_serial.py-1] [INFO] [1784035552.303305021] [cmd_vel_chassis_serial]: [LEG_DEBUG] vx=+0.00 wz=+0.00 stride=3.00 lift=2.45 roll=+0.0 pitch=+0.0 comp=0.00 att=1/0/0 mode=3 proj=0 raw=+0.0/+0.0 zero=+0.0/+0.0 | L0 ST ty/ay=0.0/0.0 ey=+0.0 Fy=+0 rel=0.00 sag=0.00 tauK=+0.0 ; L1 ST ty/ay=0.0/0.0 ey=+0.0 Fy=+0 rel=0.00 sag=0.00 tauK=+0.0 ; L2 ST ty/ay=0.0/0.0 ey=+0.0 Fy=+0 rel=0.00 sag=0.00 tauK=+0.0 ; L3 ST ty/ay=0.0/0.0 ey=+0.0 Fy=+0 rel=0.00 sag=0.00 tauK=+0.0
[cmd_vel_chassis_serial.py-1] [ERROR] [1784035552.484524473] [cmd_vel_chassis_serial]: Serial write failed: Write timeout
[cmd_vel_chassis_serial.py-1] [ERROR] [1784035552.683104506] [cmd_vel_chassis_serial]: Serial write failed: Write timeout
[cmd_vel_chassis_serial.py-1] [INFO] [1784035552.730829475] [cmd_vel_chassis_serial]: [LEG_DEBUG] vx=+0.00 wz=+0.00 stride=3.00 lift=2.45 roll=+0.0 pitch=+0.0 comp=0.00 att=1/0/0 mode=3 proj=0 raw=+0.0/+0.0 zero=+0.0/+0.0 | L0 ST ty/ay=0.0/0.0 ey=+0.0 Fy=+0 rel=0.00 sag=0.00 tauK=+0.0 ; L1 ST ty/ay=0.0/0.0 ey=+0.0 Fy=+0 rel=0.00 sag=0.00 tauK=+0.0 ; L2 ST ty/ay=0.0/0.0 ey=+0.0 Fy=+0 rel=0.00 sag=0.00 tauK=+0.0 ; L3 ST ty/ay=0.0/0.0 ey=+0.0 Fy=+0 rel=0.00 sag=0.00 tauK=+0.0
[cmd_vel_chassis_serial.py-1] [ERROR] [1784035553.001897138] [cmd_vel_chassis_serial]: Serial write failed: Write timeout
[cmd_vel_chassis_serial.py-1] [INFO] [1784035553.255167061] [cmd_vel_chassis_serial]: [LEG_DEBUG] vx=+0.00 wz=+0.00 stride=3.00 lift=2.45 roll=+0.0 pitch=+0.0 comp=0.00 att=1/0/0 mode=3 proj=0 raw=+0.0/+0.0 zero=+0.0/+0.0 | L0 ST ty/ay=0.0/0.0 ey=+0.0 Fy=+0 rel=0.00 sag=0.00 tauK=+0.0 ; L1 ST ty/ay=0.0/0.0 ey=+0.0 Fy=+0 rel=0.00 sag=0.00 tauK=+0.0 ; L2 ST ty/ay=0.0/0.0 ey=+0.0 Fy=+0 rel=0.00 sag=0.00 tauK=+0.0 ; L3 ST ty/ay=0.0/0.0 ey=+0.0 Fy=+0 rel=0.00 sag=0.00 tauK=+0.0
[cmd_vel_chassis_serial.py-1] [ERROR] [1784035553.341605585] [cmd_vel_chassis_serial]: Serial write failed: Write timeout
[cmd_vel_chassis_serial.py-1] [INFO] [1784035553.793068569] [cmd_vel_chassis_serial]: [LEG_DEBUG] vx=+0.00 wz=+0.00 stride=3.00 lift=2.45 roll=+0.0 pitch=+0.0 comp=0.00 att=1/0/0 mode=3 proj=0 raw=+0.0/+0.0 zero=+0.0/+0.0 | L0 ST ty/ay=0.0/0.0 ey=+0.0 Fy=+0 rel=0.00 sag=0.00 tauK=+0.0 ; L1 ST ty/ay=0.0/0.0 ey=+0.0 Fy=+0 rel=0.00 sag=0.00 tauK=+0.0 ; L2 ST ty/ay=0.0/0.0 ey=+0.0 Fy=+0 rel=0.00 sag=0.00 tauK=+0.0 ; L3 ST ty/ay=0.0/0.0 ey=+0.0 Fy=+0 rel=0.00 sag=0.00 tauK=+0.0
[cmd_vel_chassis_serial.py-1] [INFO] [1784035554.300018054] [cmd_vel_chassis_serial]: [LEG_DEBUG] vx=+0.00 wz=+0.00 stride=3.00 lift=2.45 roll=+0.0 pitch=+0.0 comp=0.00 att=1/0/0 mode=3 proj=0 raw=+0.0/+0.0 zero=+0.0/+0.0 | L0 ST ty/ay=0.0/0.0 ey=+0.0 Fy=+0 rel=0.00 sag=0.00 tauK=+0.0 ; L1 ST ty/ay=0.0/0.0 ey=+0.0 Fy=+0 rel=0.00 sag=0.00 tauK=+0.0 ; L2 ST ty/ay=0.0/0.0 ey=+0.0 Fy=+0 rel=0.00 sag=0.00 tauK=+0.0 ; L3 ST ty/ay=0.0/0.0 ey=+0.0 Fy=+0 rel=0.00 sag=0.00 tauK=+0.0
[cmd_vel_chassis_serial.py-1] [ERROR] [1784035554.695457691] [cmd_vel_chassis_serial]: Serial write failed: Write timeout
[cmd_vel_chassis_serial.py-1] [ERROR] [1784035554.844461716] [cmd_vel_chassis_serial]: Serial write failed: Write timeout
[cmd_vel_chassis_serial.py-1] [INFO] [1784035554.851791391] [cmd_vel_chassis_serial]: [LEG_DEBUG] vx=+0.00 wz=+0.00 stride=3.00 lift=2.45 roll=+0.0 pitch=+0.0 comp=0.00 att=1/0/0 mode=3 proj=0 raw=+0.0/+0.0 zero=+0.0/+0.0 | L0 ST ty/ay=0.0/0.0 ey=+0.0 Fy=+0 rel=0.00 sag=0.00 tauK=+0.0 ; L1 ST ty/ay=0.0/0.0 ey=+0.0 Fy=+0 rel=0.00 sag=0.00 tauK=+0.0 ; L2 ST ty/ay=0.0/0.0 ey=+0.0 Fy=+0 rel=0.00 sag=0.00 tauK=+0.0 ; L3 ST ty/ay=0.0/0.0 ey=+0.0 Fy=+0 rel=0.00 sag=0.00 tauK=+0.0
[cmd_vel_chassis_serial.py-1] [INFO] [1784035555.290087705] [cmd_vel_chassis_serial]: [LEG_DEBUG] vx=+0.00 wz=+0.00 stride=3.00 lift=2.45 roll=+0.0 pitch=+0.0 comp=0.00 att=1/0/0 mode=3 proj=0 raw=+0.0/+0.0 zero=+0.0/+0.0 | L0 ST ty/ay=0.0/0.0 ey=+0.0 Fy=+0 rel=0.00 sag=0.00 tauK=+0.0 ; L1 ST ty/ay=0.0/0.0 ey=+0.0 Fy=+0 rel=0.00 sag=0.00 tauK=+0.0 ; L2 ST ty/ay=0.0/0.0 ey=+0.0 Fy=+0 rel=0.00 sag=0.00 tauK=+0.0 ; L3 ST ty/ay=0.0/0.0 ey=+0.0 Fy=+0 rel=0.00 sag=0.00 tauK=+0.0
[cmd_vel_chassis_serial.py-1] [INFO] [1784035555.857403427] [cmd_vel_chassis_serial]: [LEG_DEBUG] vx=+0.00 wz=+0.00 stride=3.00 lift=2.45 roll=+0.0 pitch=+0.0 comp=0.00 att=1/0/0 mode=3 proj=0 raw=+0.0/+0.0 zero=+0.0/+0.0 | L0 ST ty/ay=0.0/0.0 ey=+0.0 Fy=+0 rel=0.00 sag=0.00 tauK=+0.0 ; L1 ST ty/ay=0.0/0.0 ey=+0.0 Fy=+0 rel=0.00 sag=0.00 tauK=+0.0 ; L2 ST ty/ay=0.0/0.0 ey=+0.0 Fy=+0 rel=0.00 sag=0.00 tauK=+0.0 ; L3 ST ty/ay=0.0/0.0 ey=+0.0 Fy=+0 rel=0.00 sag=0.00 tauK=+0.0
[cmd_vel_chassis_serial.py-1] [INFO] [1784035556.380296476] [cmd_vel_chassis_serial]: [LEG_DEBUG] vx=+0.00 wz=+0.00 stride=3.00 lift=2.45 roll=+0.0 pitch=+0.0 comp=0.00 att=1/0/0 mode=3 proj=0 raw=+0.0/+0.0 zero=+0.0/+0.0 | L0 ST ty/ay=0.0/0.0 ey=+0.0 Fy=+0 rel=0.00 sag=0.00 tauK=+0.0 ; L1 ST ty/ay=0.0/0.0 ey=+0.0 Fy=+0 rel=0.00 sag=0.00 tauK=+0.0 ; L2 ST ty/ay=0.0/0.0 ey=+0.0 Fy=+0 rel=0.00 sag=0.00 tauK=+0.0 ; L3 ST ty/ay=0.0/0.0 ey=+0.0 Fy=+0 rel=0.00 sag=0.00 tauK=+0.0
[cmd_vel_chassis_serial.py-1] [INFO] [1784035556.958676821] [cmd_vel_chassis_serial]: [LEG_DEBUG] vx=+0.00 wz=+0.00 stride=3.00 lift=2.45 roll=+0.0 pitch=+0.0 comp=0.00 att=1/0/0 mode=3 proj=0 raw=+0.0/+0.0 zero=+0.0/+0.0 | L0 ST ty/ay=0.0/0.0 ey=+0.0 Fy=+0 rel=0.00 sag=0.00 tauK=+0.0 ; L1 ST ty/ay=0.0/0.0 ey=+0.0 Fy=+0 rel=0.00 sag=0.00 tauK=+0.0 ; L2 ST ty/ay=0.0/0.0 ey=+0.0 Fy=+0 rel=0.00 sag=0.00 tauK=+0.0 ; L3 ST ty/ay=0.0/0.0 ey=+0.0 Fy=+0 rel=0.00 sag=0.00 tauK=+0.0
[cmd_vel_chassis_serial.py-1] [ERROR] [1784035557.090376814] [cmd_vel_chassis_serial]: Serial write failed: Write timeout
[cmd_vel_chassis_serial.py-1] [INFO] [1784035557.393914114] [cmd_vel_chassis_serial]: [LEG_DEBUG] vx=+0.00 wz=+0.00 stride=3.00 lift=2.45 roll=+0.0 pitch=+0.0 comp=0.00 att=1/0/0 mode=3 proj=0 raw=+0.0/+0.0 zero=+0.0/+0.0 | L0 ST ty/ay=0.0/0.0 ey=+0.0 Fy=+0 rel=0.00 sag=0.00 tauK=+0.0 ; L1 ST ty/ay=0.0/0.0 ey=+0.0 Fy=+0 rel=0.00 sag=0.00 tauK=+0.0 ; L2 ST ty/ay=0.0/0.0 ey=+0.0 Fy=+0 rel=0.00 sag=0.00 tauK=+0.0 ; L3 ST ty/ay=0.0/0.0 ey=+0.0 Fy=+0 rel=0.00 sag=0.00 tauK=+0.0
[cmd_vel_chassis_serial.py-1] [INFO] [1784035557.917020847] [cmd_vel_chassis_serial]: [LEG_DEBUG] vx=+0.00 wz=+0.00 stride=3.00 lift=2.45 roll=+0.0 pitch=+0.0 comp=0.00 att=1/0/0 mode=3 proj=0 raw=+0.0/+0.0 zero=+0.0/+0.0 | L0 ST ty/ay=0.0/0.0 ey=+0.0 Fy=+0 rel=0.00 sag=0.00 tauK=+0.0 ; L1 ST ty/ay=0.0/0.0 ey=+0.0 Fy=+0 rel=0.00 sag=0.00 tauK=+0.0 ; L2 ST ty/ay=0.0/0.0 ey=+0.0 Fy=+0 rel=0.00 sag=0.00 tauK=+0.0 ; L3 ST ty/ay=0.0/0.0 ey=+0.0 Fy=+0 rel=0.00 sag=0.00 tauK=+0.0
[cmd_vel_chassis_serial.py-1] [INFO] [1784035558.477324977] [cmd_vel_chassis_serial]: [LEG_DEBUG] vx=+0.00 wz=+0.00 stride=3.00 lift=2.45 roll=+0.0 pitch=+0.0 comp=0.00 att=1/0/0 mode=3 proj=0 raw=+0.0/+0.0 zero=+0.0/+0.0 | L0 ST ty/ay=0.0/0.0 ey=+0.0 Fy=+0 rel=0.00 sag=0.00 tauK=+0.0 ; L1 ST ty/ay=0.0/0.0 ey=+0.0 Fy=+0 rel=0.00 sag=0.00 tauK=+0.0 ; L2 ST ty/ay=0.0/0.0 ey=+0.0 Fy=+0 rel=0.00 sag=0.00 tauK=+0.0 ; L3 ST ty/ay=0.0/0.0 ey=+0.0 Fy=+0 rel=0.00 sag=0.00 tauK=+0.0
[cmd_vel_chassis_serial.py-1] [INFO] [1784035558.969543317] [cmd_vel_chassis_serial]: [LEG_DEBUG] vx=+0.00 wz=+0.00 stride=3.00 lift=2.45 roll=+0.0 pitch=+0.0 comp=0.00 att=1/0/0 mode=3 proj=0 raw=+0.0/+0.0 zero=+0.0/+0.0 | L0 ST ty/ay=0.0/0.0 ey=+0.0 Fy=+0 rel=0.00 sag=0.00 tauK=+0.0 ; L1 ST ty/ay=0.0/0.0 ey=+0.0 Fy=+0 rel=0.00 sag=0.00 tauK=+0.0 ; L2 ST ty/ay=0.0/0.0 ey=+0.0 Fy=+0 rel=0.00 sag=0.00 tauK=+0.0 ; L3 ST ty/ay=0.0/0.0 ey=+0.0 Fy=+0 rel=0.00 sag=0.00 tauK=+0.0
[cmd_vel_chassis_serial.py-1] [ERROR] [1784035558.978146791] [cmd_vel_chassis_serial]: Serial write failed: Write timeout
[cmd_vel_chassis_serial.py-1] [INFO] [1784035559.465611287] [cmd_vel_chassis_serial]: [LEG_DEBUG] vx=+0.00 wz=+0.00 stride=3.00 lift=2.45 roll=+0.0 pitch=+0.0 comp=0.00 att=1/0/0 mode=3 proj=0 raw=+0.0/+0.0 zero=+0.0/+0.0 | L0 ST ty/ay=0.0/0.0 ey=+0.0 Fy=+0 rel=0.00 sag=0.00 tauK=+0.0 ; L1 ST ty/ay=0.0/0.0 ey=+0.0 Fy=+0 rel=0.00 sag=0.00 tauK=+0.0 ; L2 ST ty/ay=0.0/0.0 ey=+0.0 Fy=+0 rel=0.00 sag=0.00 tauK=+0.0 ; L3 ST ty/ay=0.0/0.0 ey=+0.0 Fy=+0 rel=0.00 sag=0.00 tauK=+0.0
[cmd_vel_chassis_serial.py-1] [INFO] [1784035559.981532586] [cmd_vel_chassis_serial]: [LEG_DEBUG] vx=+0.00 wz=+0.00 stride=3.00 lift=2.45 roll=+0.0 pitch=+0.0 comp=0.00 att=1/0/0 mode=3 proj=0 raw=+0.0/+0.0 zero=+0.0/+0.0 | L0 ST ty/ay=0.0/0.0 ey=+0.0 Fy=+0 rel=0.00 sag=0.00 tauK=+0.0 ; L1 ST ty/ay=0.0/0.0 ey=+0.0 Fy=+0 rel=0.00 sag=0.00 tauK=+0.0 ; L2 ST ty/ay=0.0/0.0 ey=+0.0 Fy=+0 rel=0.00 sag=0.00 tauK=+0.0 ; L3 ST ty/ay=0.0/0.0 ey=+0.0 Fy=+0 rel=0.00 sag=0.00 tauK=+0.0
[cmd_vel_chassis_serial.py-1] [INFO] [1784035560.503323717] [cmd_vel_chassis_serial]: [LEG_DEBUG] vx=+0.00 wz=+0.00 stride=3.00 lift=2.45 roll=+0.0 pitch=+0.0 comp=0.00 att=1/0/0 mode=3 proj=0 raw=+0.0/+0.0 zero=+0.0/+0.0 | L0 ST ty/ay=0.0/0.0 ey=+0.0 Fy=+0 rel=0.00 sag=0.00 tauK=+0.0 ; L1 ST ty/ay=0.0/0.0 ey=+0.0 Fy=+0 rel=0.00 sag=0.00 tauK=+0.0 ; L2 ST ty/ay=0.0/0.0 ey=+0.0 Fy=+0 rel=0.00 sag=0.00 tauK=+0.0 ; L3 ST ty/ay=0.0/0.0 ey=+0.0 Fy=+0 rel=0.00 sag=0.00 tauK=+0.0
[cmd_vel_chassis_serial.py-1] [INFO] [1784035561.018490530] [cmd_vel_chassis_serial]: [LEG_DEBUG] vx=+0.00 wz=+0.00 stride=3.00 lift=2.45 roll=+0.0 pitch=+0.0 comp=0.00 att=1/0/0 mode=3 proj=0 raw=+0.0/+0.0 zero=+0.0/+0.0 | L0 ST ty/ay=0.0/0.0 ey=+0.0 Fy=+0 rel=0.00 sag=0.00 tauK=+0.0 ; L1 ST ty/ay=0.0/0.0 ey=+0.0 Fy=+0 rel=0.00 sag=0.00 tauK=+0.0 ; L2 ST ty/ay=0.0/0.0 ey=+0.0 Fy=+0 rel=0.00 sag=0.00 tauK=+0.0 ; L3 ST ty/ay=0.0/0.0 ey=+0.0 Fy=+0 rel=0.00 sag=0.00 tauK=+0.0
[cmd_vel_chassis_serial.py-1] [INFO] [1784035561.519324686] [cmd_vel_chassis_serial]: [LEG_DEBUG] vx=+0.00 wz=+0.00 stride=3.00 lift=2.45 roll=+0.0 pitch=+0.0 comp=0.00 att=1/0/0 mode=3 proj=0 raw=+0.0/+0.0 zero=+0.0/+0.0 | L0 ST ty/ay=0.0/0.0 ey=+0.0 Fy=+0 rel=0.00 sag=0.00 tauK=+0.0 ; L1 ST ty/ay=0.0/0.0 ey=+0.0 Fy=+0 rel=0.00 sag=0.00 tauK=+0.0 ; L2 ST ty/ay=0.0/0.0 ey=+0.0 Fy=+0 rel=0.00 sag=0.00 tauK=+0.0 ; L3 ST ty/ay=0.0/0.0 ey=+0.0 Fy=+0 rel=0.00 sag=0.00 tauK=+0.0
[cmd_vel_chassis_serial.py-1] [INFO] [1784035562.030782203] [cmd_vel_chassis_serial]: [LEG_DEBUG] vx=+0.00 wz=+0.00 stride=3.00 lift=2.45 roll=+0.0 pitch=+0.0 comp=0.00 att=1/0/0 mode=3 proj=0 raw=+0.0/+0.0 zero=+0.0/+0.0 | L0 ST ty/ay=0.0/0.0 ey=+0.0 Fy=+0 rel=0.00 sag=0.00 tauK=+0.0 ; L1 ST ty/ay=0.0/0.0 ey=+0.0 Fy=+0 rel=0.00 sag=0.00 tauK=+0.0 ; L2 ST ty/ay=0.0/0.0 ey=+0.0 Fy=+0 rel=0.00 sag=0.00 tauK=+0.0 ; L3 ST ty/ay=0.0/0.0 ey=+0.0 Fy=+0 rel=0.00 sag=0.00 tauK=+0.0
[cmd_vel_chassis_serial.py-1] [ERROR] [1784035562.578606076] [cmd_vel_chassis_serial]: Serial write failed: Write timeout
[cmd_vel_chassis_serial.py-1] [INFO] [1784035562.598386477] [cmd_vel_chassis_serial]: [LEG_DEBUG] vx=+0.00 wz=+0.00 stride=3.00 lift=2.45 roll=+0.0 pitch=+0.0 comp=0.00 att=1/0/0 mode=3 proj=0 raw=+0.0/+0.0 zero=+0.0/+0.0 | L0 ST ty/ay=0.0/0.0 ey=+0.0 Fy=+0 rel=0.00 sag=0.00 tauK=+0.0 ; L1 ST ty/ay=0.0/0.0 ey=+0.0 Fy=+0 rel=0.00 sag=0.00 tauK=+0.0 ; L2 ST ty/ay=0.0/0.0 ey=+0.0 Fy=+0 rel=0.00 sag=0.00 tauK=+0.0 ; L3 ST ty/ay=0.0/0.0 ey=+0.0 Fy=+0 rel=0.00 sag=0.00 tauK=+0.0
[cmd_vel_chassis_serial.py-1] [ERROR] [1784035562.796054503] [cmd_vel_chassis_serial]: Serial write failed: Write timeout
[cmd_vel_chassis_serial.py-1] [INFO] [1784035563.063776810] [cmd_vel_chassis_serial]: [LEG_DEBUG] vx=+0.00 wz=+0.00 stride=3.00 lift=2.45 roll=+0.0 pitch=+0.0 comp=0.00 att=1/0/0 mode=3 proj=0 raw=+0.0/+0.0 zero=+0.0/+0.0 | L0 ST ty/ay=0.0/0.0 ey=+0.0 Fy=+0 rel=0.00 sag=0.00 tauK=+0.0 ; L1 ST ty/ay=0.0/0.0 ey=+0.0 Fy=+0 rel=0.00 sag=0.00 tauK=+0.0 ; L2 ST ty/ay=0.0/0.0 ey=+0.0 Fy=+0 rel=0.00 sag=0.00 tauK=+0.0 ; L3 ST ty/ay=0.0/0.0 ey=+0.0 Fy=+0 rel=0.00 sag=0.00 tauK=+0.0
[cmd_vel_chassis_serial.py-1] [ERROR] [1784035563.078545509] [cmd_vel_chassis_serial]: Serial write failed: Write timeout
[cmd_vel_chassis_serial.py-1] [INFO] [1784035563.618208342] [cmd_vel_chassis_serial]: [LEG_DEBUG] vx=+0.00 wz=+0.00 stride=3.00 lift=2.45 roll=+0.0 pitch=+0.0 comp=0.00 att=1/0/0 mode=3 proj=0 raw=+0.0/+0.0 zero=+0.0/+0.0 | L0 ST ty/ay=0.0/0.0 ey=+0.0 Fy=+0 rel=0.00 sag=0.00 tauK=+0.0 ; L1 ST ty/ay=0.0/0.0 ey=+0.0 Fy=+0 rel=0.00 sag=0.00 tauK=+0.0 ; L2 ST ty/ay=0.0/0.0 ey=+0.0 Fy=+0 rel=0.00 sag=0.00 tauK=+0.0 ; L3 ST ty/ay=0.0/0.0 ey=+0.0 Fy=+0 rel=0.00 sag=0.00 tauK=+0.0
[cmd_vel_chassis_serial.py-1] [ERROR] [1784035563.663130963] [cmd_vel_chassis_serial]: Serial write failed: Write timeout
[cmd_vel_chassis_serial.py-1] [ERROR] [1784035563.753342176] [cmd_vel_chassis_serial]: Serial write failed: Write timeout
[cmd_vel_chassis_serial.py-1] [INFO] [1784035564.103311496] [cmd_vel_chassis_serial]: [LEG_DEBUG] vx=+0.00 wz=+0.00 stride=3.00 lift=2.45 roll=+0.0 pitch=+0.0 comp=0.00 att=1/0/0 mode=3 proj=0 raw=+0.0/+0.0 zero=+0.0/+0.0 | L0 ST ty/ay=0.0/0.0 ey=+0.0 Fy=+0 rel=0.00 sag=0.00 tauK=+0.0 ; L1 ST ty/ay=0.0/0.0 ey=+0.0 Fy=+0 rel=0.00 sag=0.00 tauK=+0.0 ; L2 ST ty/ay=0.0/0.0 ey=+0.0 Fy=+0 rel=0.00 sag=0.00 tauK=+0.0 ; L3 ST ty/ay=0.0/0.0 ey=+0.0 Fy=+0 rel=0.00 sag=0.00 tauK=+0.0
[cmd_vel_chassis_serial.py-1] [INFO] [1784035564.647386539] [cmd_vel_chassis_serial]: [LEG_DEBUG] vx=+0.00 wz=+0.00 stride=3.00 lift=2.45 roll=+0.0 pitch=+0.0 comp=0.00 att=1/0/0 mode=3 proj=0 raw=+0.0/+0.0 zero=+0.0/+0.0 | L0 ST ty/ay=0.0/0.0 ey=+0.0 Fy=+0 rel=0.00 sag=0.00 tauK=+0.0 ; L1 ST ty/ay=0.0/0.0 ey=+0.0 Fy=+0 rel=0.00 sag=0.00 tauK=+0.0 ; L2 ST ty/ay=0.0/0.0 ey=+0.0 Fy=+0 rel=0.00 sag=0.00 tauK=+0.0 ; L3 ST ty/ay=0.0/0.0 ey=+0.0 Fy=+0 rel=0.00 sag=0.00 tauK=+0.0
[cmd_vel_chassis_serial.py-1] [ERROR] [1784035564.867230835] [cmd_vel_chassis_serial]: Serial write failed: Write timeout
[cmd_vel_chassis_serial.py-1] [INFO] [1784035565.132214237] [cmd_vel_chassis_serial]: [LEG_DEBUG] vx=+0.00 wz=+0.00 stride=3.00 lift=2.45 roll=+0.0 pitch=+0.0 comp=0.00 att=1/0/0 mode=3 proj=0 raw=+0.0/+0.0 zero=+0.0/+0.0 | L0 ST ty/ay=0.0/0.0 ey=+0.0 Fy=+0 rel=0.00 sag=0.00 tauK=+0.0 ; L1 ST ty/ay=0.0/0.0 ey=+0.0 Fy=+0 rel=0.00 sag=0.00 tauK=+0.0 ; L2 ST ty/ay=0.0/0.0 ey=+0.0 Fy=+0 rel=0.00 sag=0.00 tauK=+0.0 ; L3 ST ty/ay=0.0/0.0 ey=+0.0 Fy=+0 rel=0.00 sag=0.00 tauK=+0.0
[cmd_vel_chassis_serial.py-1] [INFO] [1784035565.647120517] [cmd_vel_chassis_serial]: [LEG_DEBUG] vx=+0.00 wz=+0.00 stride=3.00 lift=2.45 roll=+0.0 pitch=+0.0 comp=0.00 att=1/0/0 mode=3 proj=0 raw=+0.0/+0.0 zero=+0.0/+0.0 | L0 ST ty/ay=0.0/0.0 ey=+0.0 Fy=+0 rel=0.00 sag=0.00 tauK=+0.0 ; L1 ST ty/ay=0.0/0.0 ey=+0.0 Fy=+0 rel=0.00 sag=0.00 tauK=+0.0 ; L2 ST ty/ay=0.0/0.0 ey=+0.0 Fy=+0 rel=0.00 sag=0.00 tauK=+0.0 ; L3 ST ty/ay=0.0/0.0 ey=+0.0 Fy=+0 rel=0.00 sag=0.00 tauK=+0.0
[cmd_vel_chassis_serial.py-1] [ERROR] [1784035566.160704999] [cmd_vel_chassis_serial]: Serial write failed: Write timeout
[cmd_vel_chassis_serial.py-1] [INFO] [1784035566.164229270] [cmd_vel_chassis_serial]: [LEG_DEBUG] vx=+0.00 wz=+0.00 stride=3.00 lift=2.45 roll=+0.0 pitch=+0.0 comp=0.00 att=1/0/0 mode=3 proj=0 raw=+0.0/+0.0 zero=+0.0/+0.0 | L0 ST ty/ay=0.0/0.0 ey=+0.0 Fy=+0 rel=0.00 sag=0.00 tauK=+0.0 ; L1 ST ty/ay=0.0/0.0 ey=+0.0 Fy=+0 rel=0.00 sag=0.00 tauK=+0.0 ; L2 ST ty/ay=0.0/0.0 ey=+0.0 Fy=+0 rel=0.00 sag=0.00 tauK=+0.0 ; L3 ST ty/ay=0.0/0.0 ey=+0.0 Fy=+0 rel=0.00 sag=0.00 tauK=+0.0
[cmd_vel_chassis_serial.py-1] [INFO] [1784035566.690222843] [cmd_vel_chassis_serial]: [LEG_DEBUG] vx=+0.00 wz=+0.00 stride=3.00 lift=2.45 roll=+0.0 pitch=+0.0 comp=0.00 att=1/0/0 mode=3 proj=0 raw=+0.0/+0.0 zero=+0.0/+0.0 | L0 ST ty/ay=0.0/0.0 ey=+0.0 Fy=+0 rel=0.00 sag=0.00 tauK=+0.0 ; L1 ST ty/ay=0.0/0.0 ey=+0.0 Fy=+0 rel=0.00 sag=0.00 tauK=+0.0 ; L2 ST ty/ay=0.0/0.0 ey=+0.0 Fy=+0 rel=0.00 sag=0.00 tauK=+0.0 ; L3 ST ty/ay=0.0/0.0 ey=+0.0 Fy=+0 rel=0.00 sag=0.00 tauK=+0.0
[cmd_vel_chassis_serial.py-1] [ERROR] [1784035566.743162244] [cmd_vel_chassis_serial]: Serial write failed: Write timeout
[cmd_vel_chassis_serial.py-1] [ERROR] [1784035566.833761110] [cmd_vel_chassis_serial]: Serial write failed: Write timeout
[cmd_vel_chassis_serial.py-1] [ERROR] [1784035566.972063378] [cmd_vel_chassis_serial]: Serial write failed: Write timeout
[cmd_vel_chassis_serial.py-1] [INFO] [1784035567.211531406] [cmd_vel_chassis_serial]: [LEG_DEBUG] vx=+0.00 wz=+0.00 stride=3.00 lift=2.45 roll=+0.0 pitch=+0.0 comp=0.00 att=1/0/0 mode=3 proj=0 raw=+0.0/+0.0 zero=+0.0/+0.0 | L0 ST ty/ay=0.0/0.0 ey=+0.0 Fy=+0 rel=0.00 sag=0.00 tauK=+0.0 ; L1 ST ty/ay=0.0/0.0 ey=+0.0 Fy=+0 rel=0.00 sag=0.00 tauK=+0.0 ; L2 ST ty/ay=0.0/0.0 ey=+0.0 Fy=+0 rel=0.00 sag=0.00 tauK=+0.0 ; L3 ST ty/ay=0.0/0.0 ey=+0.0 Fy=+0 rel=0.00 sag=0.00 tauK=+0.0
[cmd_vel_chassis_serial.py-1] [INFO] [1784035567.719870973] [cmd_vel_chassis_serial]: [LEG_DEBUG] vx=+0.00 wz=+0.00 stride=3.00 lift=2.45 roll=+0.0 pitch=+0.0 comp=0.00 att=1/0/0 mode=3 proj=0 raw=+0.0/+0.0 zero=+0.0/+0.0 | L0 ST ty/ay=0.0/0.0 ey=+0.0 Fy=+0 rel=0.00 sag=0.00 tauK=+0.0 ; L1 ST ty/ay=0.0/0.0 ey=+0.0 Fy=+0 rel=0.00 sag=0.00 tauK=+0.0 ; L2 ST ty/ay=0.0/0.0 ey=+0.0 Fy=+0 rel=0.00 sag=0.00 tauK=+0.0 ; L3 ST ty/ay=0.0/0.0 ey=+0.0 Fy=+0 rel=0.00 sag=0.00 tauK=+0.0
[cmd_vel_chassis_serial.py-1] [INFO] [1784035568.236728364] [cmd_vel_chassis_serial]: [LEG_DEBUG] vx=+0.00 wz=+0.00 stride=3.00 lift=2.45 roll=+0.0 pitch=+0.0 comp=0.00 att=1/0/0 mode=3 proj=0 raw=+0.0/+0.0 zero=+0.0/+0.0 | L0 ST ty/ay=0.0/0.0 ey=+0.0 Fy=+0 rel=0.00 sag=0.00 tauK=+0.0 ; L1 ST ty/ay=0.0/0.0 ey=+0.0 Fy=+0 rel=0.00 sag=0.00 tauK=+0.0 ; L2 ST ty/ay=0.0/0.0 ey=+0.0 Fy=+0 rel=0.00 sag=0.00 tauK=+0.0 ; L3 ST ty/ay=0.0/0.0 ey=+0.0 Fy=+0 rel=0.00 sag=0.00 tauK=+0.0
[cmd_vel_chassis_serial.py-1] [INFO] [1784035568.731053457] [cmd_vel_chassis_serial]: [LEG_DEBUG] vx=+0.00 wz=+0.00 stride=3.00 lift=2.45 roll=+0.0 pitch=+0.0 comp=0.00 att=1/0/0 mode=3 proj=0 raw=+0.0/+0.0 zero=+0.0/+0.0 | L0 ST ty/ay=0.0/0.0 ey=+0.0 Fy=+0 rel=0.00 sag=0.00 tauK=+0.0 ; L1 ST ty/ay=0.0/0.0 ey=+0.0 Fy=+0 rel=0.00 sag=0.00 tauK=+0.0 ; L2 ST ty/ay=0.0/0.0 ey=+0.0 Fy=+0 rel=0.00 sag=0.00 tauK=+0.0 ; L3 ST ty/ay=0.0/0.0 ey=+0.0 Fy=+0 rel=0.00 sag=0.00 tauK=+0.0
[cmd_vel_chassis_serial.py-1] [INFO] [1784035569.266978363] [cmd_vel_chassis_serial]: [LEG_DEBUG] vx=+0.00 wz=+0.00 stride=3.00 lift=2.45 roll=+0.0 pitch=+0.0 comp=0.00 att=1/0/0 mode=3 proj=0 raw=+0.0/+0.0 zero=+0.0/+0.0 | L0 ST ty/ay=0.0/0.0 ey=+0.0 Fy=+0 rel=0.00 sag=0.00 tauK=+0.0 ; L1 ST ty/ay=0.0/0.0 ey=+0.0 Fy=+0 rel=0.00 sag=0.00 tauK=+0.0 ; L2 ST ty/ay=0.0/0.0 ey=+0.0 Fy=+0 rel=0.00 sag=0.00 tauK=+0.0 ; L3 ST ty/ay=0.0/0.0 ey=+0.0 Fy=+0 rel=0.00 sag=0.00 tauK=+0.0
[cmd_vel_chassis_serial.py-1] [INFO] [1784035569.757400781] [cmd_vel_chassis_serial]: [LEG_DEBUG] vx=+0.00 wz=+0.00 stride=3.00 lift=2.45 roll=+0.0 pitch=+0.0 comp=0.00 att=1/0/0 mode=3 proj=0 raw=+0.0/+0.0 zero=+0.0/+0.0 | L0 ST ty/ay=0.0/0.0 ey=+0.0 Fy=+0 rel=0.00 sag=0.00 tauK=+0.0 ; L1 ST ty/ay=0.0/0.0 ey=+0.0 Fy=+0 rel=0.00 sag=0.00 tauK=+0.0 ; L2 ST ty/ay=0.0/0.0 ey=+0.0 Fy=+0 rel=0.00 sag=0.00 tauK=+0.0 ; L3 ST ty/ay=0.0/0.0 ey=+0.0 Fy=+0 rel=0.00 sag=0.00 tauK=+0.0
[cmd_vel_chassis_serial.py-1] [ERROR] [1784035569.888542445] [cmd_vel_chassis_serial]: Serial write failed: Write timeout
[cmd_vel_chassis_serial.py-1] [INFO] [1784035570.284053077] [cmd_vel_chassis_serial]: [LEG_DEBUG] vx=+0.00 wz=+0.00 stride=3.00 lift=2.45 roll=+0.0 pitch=+0.0 comp=0.00 att=1/0/0 mode=3 proj=0 raw=+0.0/+0.0 zero=+0.0/+0.0 | L0 ST ty/ay=0.0/0.0 ey=+0.0 Fy=+0 rel=0.00 sag=0.00 tauK=+0.0 ; L1 ST ty/ay=0.0/0.0 ey=+0.0 Fy=+0 rel=0.00 sag=0.00 tauK=+0.0 ; L2 ST ty/ay=0.0/0.0 ey=+0.0 Fy=+0 rel=0.00 sag=0.00 tauK=+0.0 ; L3 ST ty/ay=0.0/0.0 ey=+0.0 Fy=+0 rel=0.00 sag=0.00 tauK=+0.0
[cmd_vel_chassis_serial.py-1] [INFO] [1784035570.818379419] [cmd_vel_chassis_serial]: [LEG_DEBUG] vx=+0.00 wz=+0.00 stride=3.00 lift=2.45 roll=+0.0 pitch=+0.0 comp=0.00 att=1/0/0 mode=3 proj=0 raw=+0.0/+0.0 zero=+0.0/+0.0 | L0 ST ty/ay=0.0/0.0 ey=+0.0 Fy=+0 rel=0.00 sag=0.00 tauK=+0.0 ; L1 ST ty/ay=0.0/0.0 ey=+0.0 Fy=+0 rel=0.00 sag=0.00 tauK=+0.0 ; L2 ST ty/ay=0.0/0.0 ey=+0.0 Fy=+0 rel=0.00 sag=0.00 tauK=+0.0 ; L3 ST ty/ay=0.0/0.0 ey=+0.0 Fy=+0 rel=0.00 sag=0.00 tauK=+0.0
[cmd_vel_chassis_serial.py-1] [INFO] [1784035571.328495294] [cmd_vel_chassis_serial]: [LEG_DEBUG] vx=+0.00 wz=+0.00 stride=3.00 lift=2.45 roll=+0.0 pitch=+0.0 comp=0.00 att=1/0/0 mode=3 proj=0 raw=+0.0/+0.0 zero=+0.0/+0.0 | L0 ST ty/ay=0.0/0.0 ey=+0.0 Fy=+0 rel=0.00 sag=0.00 tauK=+0.0 ; L1 ST ty/ay=0.0/0.0 ey=+0.0 Fy=+0 rel=0.00 sag=0.00 tauK=+0.0 ; L2 ST ty/ay=0.0/0.0 ey=+0.0 Fy=+0 rel=0.00 sag=0.00 tauK=+0.0 ; L3 ST ty/ay=0.0/0.0 ey=+0.0 Fy=+0 rel=0.00 sag=0.00 tauK=+0.0
[cmd_vel_chassis_serial.py-1] [INFO] [1784035571.855781145] [cmd_vel_chassis_serial]: [LEG_DEBUG] vx=+0.00 wz=+0.00 stride=3.00 lift=2.45 roll=+0.0 pitch=+0.0 comp=0.00 att=1/0/0 mode=3 proj=0 raw=+0.0/+0.0 zero=+0.0/+0.0 | L0 ST ty/ay=0.0/0.0 ey=+0.0 Fy=+0 rel=0.00 sag=0.00 tauK=+0.0 ; L1 ST ty/ay=0.0/0.0 ey=+0.0 Fy=+0 rel=0.00 sag=0.00 tauK=+0.0 ; L2 ST ty/ay=0.0/0.0 ey=+0.0 Fy=+0 rel=0.00 sag=0.00 tauK=+0.0 ; L3 ST ty/ay=0.0/0.0 ey=+0.0 Fy=+0 rel=0.00 sag=0.00 tauK=+0.0
[cmd_vel_chassis_serial.py-1] [INFO] [1784035572.069034106] [cmd_vel_chassis_serial]: 收到 /cmd_vel: vx=0.350 wz=0.798
[cmd_vel_chassis_serial.py-1] [INFO] [1784035572.161766195] [cmd_vel_chassis_serial]: send source=cmd_vel vx=0.350 wz=0.798
[cmd_vel_chassis_serial.py-1] [INFO] [1784035572.420144038] [cmd_vel_chassis_serial]: [LEG_DEBUG] vx=+0.35 wz=+0.80 stride=3.52 lift=2.70 roll=+0.0 pitch=+0.0 comp=0.00 att=1/0/0 mode=3 proj=0 raw=+0.0/+0.0 zero=+0.0/+0.0 | L0 ST ty/ay=0.0/0.0 ey=+0.0 Fy=+0 rel=0.00 sag=0.00 tauK=+0.0 ; L1 ST ty/ay=0.0/0.0 ey=+0.0 Fy=+0 rel=0.00 sag=0.00 tauK=+0.0 ; L2 ST ty/ay=0.0/0.0 ey=+0.0 Fy=+0 rel=0.00 sag=0.00 tauK=+0.0 ; L3 ST ty/ay=0.0/0.0 ey=+0.0 Fy=+0 rel=0.00 sag=0.00 tauK=+0.0
[cmd_vel_chassis_serial.py-1] [ERROR] [1784035572.506033628] [cmd_vel_chassis_serial]: Serial write failed: Write timeout
[cmd_vel_chassis_serial.py-1] [ERROR] [1784035572.657471833] [cmd_vel_chassis_serial]: Serial write failed: Write timeout
[cmd_vel_chassis_serial.py-1] [INFO] [1784035572.864160866] [cmd_vel_chassis_serial]: [LEG_DEBUG] vx=+0.35 wz=+0.80 stride=3.52 lift=2.70 roll=+0.0 pitch=+0.0 comp=0.00 att=1/0/0 mode=3 proj=0 raw=+0.0/+0.0 zero=+0.0/+0.0 | L0 ST ty/ay=0.0/0.0 ey=+0.0 Fy=+0 rel=0.00 sag=0.00 tauK=+0.0 ; L1 ST ty/ay=0.0/0.0 ey=+0.0 Fy=+0 rel=0.00 sag=0.00 tauK=+0.0 ; L2 ST ty/ay=0.0/0.0 ey=+0.0 Fy=+0 rel=0.00 sag=0.00 tauK=+0.0 ; L3 ST ty/ay=0.0/0.0 ey=+0.0 Fy=+0 rel=0.00 sag=0.00 tauK=+0.0
[cmd_vel_chassis_serial.py-1] [INFO] [1784035573.065978070] [cmd_vel_chassis_serial]: 收到 /cmd_vel: vx=0.350 wz=0.798
[cmd_vel_chassis_serial.py-1] [INFO] [1784035573.127206783] [cmd_vel_chassis_serial]: send source=cmd_vel vx=0.350 wz=0.798
[cmd_vel_chassis_serial.py-1] [INFO] [1784035573.369639869] [cmd_vel_chassis_serial]: [LEG_DEBUG] vx=+0.35 wz=+0.80 stride=3.52 lift=2.70 roll=+0.0 pitch=+0.0 comp=0.00 att=1/0/0 mode=3 proj=0 raw=+0.0/+0.0 zero=+0.0/+0.0 | L0 ST ty/ay=0.0/0.0 ey=+0.0 Fy=+0 rel=0.00 sag=0.00 tauK=+0.0 ; L1 ST ty/ay=0.0/0.0 ey=+0.0 Fy=+0 rel=0.00 sag=0.00 tauK=+0.0 ; L2 ST ty/ay=0.0/0.0 ey=+0.0 Fy=+0 rel=0.00 sag=0.00 tauK=+0.0 ; L3 ST ty/ay=0.0/0.0 ey=+0.0 Fy=+0 rel=0.00 sag=0.00 tauK=+0.0
[cmd_vel_chassis_serial.py-1] [INFO] [1784035573.899135294] [cmd_vel_chassis_serial]: [LEG_DEBUG] vx=+0.35 wz=+0.80 stride=3.52 lift=2.70 roll=+0.0 pitch=+0.0 comp=0.00 att=1/0/0 mode=3 proj=0 raw=+0.0/+0.0 zero=+0.0/+0.0 | L0 ST ty/ay=0.0/0.0 ey=+0.0 Fy=+0 rel=0.00 sag=0.00 tauK=+0.0 ; L1 ST ty/ay=0.0/0.0 ey=+0.0 Fy=+0 rel=0.00 sag=0.00 tauK=+0.0 ; L2 ST ty/ay=0.0/0.0 ey=+0.0 Fy=+0 rel=0.00 sag=0.00 tauK=+0.0 ; L3 ST ty/ay=0.0/0.0 ey=+0.0 Fy=+0 rel=0.00 sag=0.00 tauK=+0.0
[cmd_vel_chassis_serial.py-1] [INFO] [1784035574.085994489] [cmd_vel_chassis_serial]: 收到 /cmd_vel: vx=0.350 wz=0.798
[cmd_vel_chassis_serial.py-1] [INFO] [1784035574.154546275] [cmd_vel_chassis_serial]: send source=cmd_vel vx=0.350 wz=0.798
[cmd_vel_chassis_serial.py-1] [ERROR] [1784035574.367439459] [cmd_vel_chassis_serial]: Serial write failed: Write timeout
[cmd_vel_chassis_serial.py-1] [INFO] [1784035574.475591334] [cmd_vel_chassis_serial]: [LEG_DEBUG] vx=+0.35 wz=+0.75 stride=3.51 lift=2.69 roll=+0.0 pitch=+0.0 comp=0.00 att=1/0/0 mode=3 proj=0 raw=+0.0/+0.0 zero=+0.0/+0.0 | L0 ST ty/ay=0.0/0.0 ey=+0.0 Fy=+0 rel=0.00 sag=0.00 tauK=+0.0 ; L1 ST ty/ay=0.0/0.0 ey=+0.0 Fy=+0 rel=0.00 sag=0.00 tauK=+0.0 ; L2 ST ty/ay=0.0/0.0 ey=+0.0 Fy=+0 rel=0.00 sag=0.00 tauK=+0.0 ; L3 ST ty/ay=0.0/0.0 ey=+0.0 Fy=+0 rel=0.00 sag=0.00 tauK=+0.0
[cmd_vel_chassis_serial.py-1] [INFO] [1784035574.980900953] [cmd_vel_chassis_serial]: [LEG_DEBUG] vx=+0.35 wz=+0.75 stride=3.51 lift=2.69 roll=+0.0 pitch=+0.0 comp=0.00 att=1/0/0 mode=3 proj=0 raw=+0.0/+0.0 zero=+0.0/+0.0 | L0 ST ty/ay=0.0/0.0 ey=+0.0 Fy=+0 rel=0.00 sag=0.00 tauK=+0.0 ; L1 ST ty/ay=0.0/0.0 ey=+0.0 Fy=+0 rel=0.00 sag=0.00 tauK=+0.0 ; L2 ST ty/ay=0.0/0.0 ey=+0.0 Fy=+0 rel=0.00 sag=0.00 tauK=+0.0 ; L3 ST ty/ay=0.0/0.0 ey=+0.0 Fy=+0 rel=0.00 sag=0.00 tauK=+0.0
[cmd_vel_chassis_serial.py-1] [INFO] [1784035575.162638779] [cmd_vel_chassis_serial]: 收到 /cmd_vel: vx=0.350 wz=0.752
[cmd_vel_chassis_serial.py-1] [INFO] [1784035575.222132887] [cmd_vel_chassis_serial]: send source=cmd_vel vx=0.350 wz=0.752
[cmd_vel_chassis_serial.py-1] [INFO] [1784035575.443509462] [cmd_vel_chassis_serial]: [LEG_DEBUG] vx=+0.35 wz=+0.78 stride=3.52 lift=2.69 roll=+0.0 pitch=+0.0 comp=0.00 att=1/0/0 mode=3 proj=0 raw=+0.0/+0.0 zero=+0.0/+0.0 | L0 ST ty/ay=0.0/0.0 ey=+0.0 Fy=+0 rel=0.00 sag=0.00 tauK=+0.0 ; L1 ST ty/ay=0.0/0.0 ey=+0.0 Fy=+0 rel=0.00 sag=0.00 tauK=+0.0 ; L2 ST ty/ay=0.0/0.0 ey=+0.0 Fy=+0 rel=0.00 sag=0.00 tauK=+0.0 ; L3 ST ty/ay=0.0/0.0 ey=+0.0 Fy=+0 rel=0.00 sag=0.00 tauK=+0.0
[cmd_vel_chassis_serial.py-1] [ERROR] [1784035575.601444278] [cmd_vel_chassis_serial]: Serial write failed: Write timeout
[cmd_vel_chassis_serial.py-1] [INFO] [1784035575.964947413] [cmd_vel_chassis_serial]: [LEG_DEBUG] vx=+0.35 wz=+0.78 stride=3.52 lift=2.69 roll=+0.0 pitch=+0.0 comp=0.00 att=1/0/0 mode=3 proj=0 raw=+0.0/+0.0 zero=+0.0/+0.0 | L0 ST ty/ay=0.0/0.0 ey=+0.0 Fy=+0 rel=0.00 sag=0.00 tauK=+0.0 ; L1 ST ty/ay=0.0/0.0 ey=+0.0 Fy=+0 rel=0.00 sag=0.00 tauK=+0.0 ; L2 ST ty/ay=0.0/0.0 ey=+0.0 Fy=+0 rel=0.00 sag=0.00 tauK=+0.0 ; L3 ST ty/ay=0.0/0.0 ey=+0.0 Fy=+0 rel=0.00 sag=0.00 tauK=+0.0
[cmd_vel_chassis_serial.py-1] [INFO] [1784035576.148817259] [cmd_vel_chassis_serial]: 收到 /cmd_vel: vx=0.350 wz=0.784
[cmd_vel_chassis_serial.py-1] [INFO] [1784035576.234135641] [cmd_vel_chassis_serial]: send source=cmd_vel vx=0.350 wz=0.784
[cmd_vel_chassis_serial.py-1] [INFO] [1784035576.444725804] [cmd_vel_chassis_serial]: [LEG_DEBUG] vx=+0.35 wz=+0.78 stride=3.52 lift=2.69 roll=+0.0 pitch=+0.0 comp=0.00 att=1/0/0 mode=3 proj=0 raw=+0.0/+0.0 zero=+0.0/+0.0 | L0 ST ty/ay=0.0/0.0 ey=+0.0 Fy=+0 rel=0.00 sag=0.00 tauK=+0.0 ; L1 ST ty/ay=0.0/0.0 ey=+0.0 Fy=+0 rel=0.00 sag=0.00 tauK=+0.0 ; L2 ST ty/ay=0.0/0.0 ey=+0.0 Fy=+0 rel=0.00 sag=0.00 tauK=+0.0 ; L3 ST ty/ay=0.0/0.0 ey=+0.0 Fy=+0 rel=0.00 sag=0.00 tauK=+0.0
[cmd_vel_chassis_serial.py-1] [INFO] [1784035576.948722021] [cmd_vel_chassis_serial]: [LEG_DEBUG] vx=+0.35 wz=+0.78 stride=3.52 lift=2.69 roll=+0.0 pitch=+0.0 comp=0.00 att=1/0/0 mode=3 proj=0 raw=+0.0/+0.0 zero=+0.0/+0.0 | L0 ST ty/ay=0.0/0.0 ey=+0.0 Fy=+0 rel=0.00 sag=0.00 tauK=+0.0 ; L1 ST ty/ay=0.0/0.0 ey=+0.0 Fy=+0 rel=0.00 sag=0.00 tauK=+0.0 ; L2 ST ty/ay=0.0/0.0 ey=+0.0 Fy=+0 rel=0.00 sag=0.00 tauK=+0.0 ; L3 ST ty/ay=0.0/0.0 ey=+0.0 Fy=+0 rel=0.00 sag=0.00 tauK=+0.0
[cmd_vel_chassis_serial.py-1] [INFO] [1784035577.165893419] [cmd_vel_chassis_serial]: 收到 /cmd_vel: vx=0.350 wz=0.783
[cmd_vel_chassis_serial.py-1] [INFO] [1784035577.306754521] [cmd_vel_chassis_serial]: send source=cmd_vel vx=0.350 wz=0.783
[cmd_vel_chassis_serial.py-1] [INFO] [1784035577.490507020] [cmd_vel_chassis_serial]: [LEG_DEBUG] vx=+0.35 wz=+0.78 stride=3.52 lift=2.69 roll=+0.0 pitch=+0.0 comp=0.00 att=1/0/0 mode=3 proj=0 raw=+0.0/+0.0 zero=+0.0/+0.0 | L0 ST ty/ay=0.0/0.0 ey=+0.0 Fy=+0 rel=0.00 sag=0.00 tauK=+0.0 ; L1 ST ty/ay=0.0/0.0 ey=+0.0 Fy=+0 rel=0.00 sag=0.00 tauK=+0.0 ; L2 ST ty/ay=0.0/0.0 ey=+0.0 Fy=+0 rel=0.00 sag=0.00 tauK=+0.0 ; L3 ST ty/ay=0.0/0.0 ey=+0.0 Fy=+0 rel=0.00 sag=0.00 tauK=+0.0
[cmd_vel_chassis_serial.py-1] [ERROR] [1784035577.506781688] [cmd_vel_chassis_serial]: Serial write failed: Write timeout
[cmd_vel_chassis_serial.py-1] [INFO] [1784035578.017443382] [cmd_vel_chassis_serial]: [LEG_DEBUG] vx=+0.35 wz=+0.78 stride=3.52 lift=2.69 roll=+0.0 pitch=+0.0 comp=0.00 att=1/0/0 mode=3 proj=0 raw=+0.0/+0.0 zero=+0.0/+0.0 | L0 ST ty/ay=0.0/0.0 ey=+0.0 Fy=+0 rel=0.00 sag=0.00 tauK=+0.0 ; L1 ST ty/ay=0.0/0.0 ey=+0.0 Fy=+0 rel=0.00 sag=0.00 tauK=+0.0 ; L2 ST ty/ay=0.0/0.0 ey=+0.0 Fy=+0 rel=0.00 sag=0.00 tauK=+0.0 ; L3 ST ty/ay=0.0/0.0 ey=+0.0 Fy=+0 rel=0.00 sag=0.00 tauK=+0.0
[cmd_vel_chassis_serial.py-1] [INFO] [1784035578.166412161] [cmd_vel_chassis_serial]: 收到 /cmd_vel: vx=0.350 wz=0.783
[cmd_vel_chassis_serial.py-1] [INFO] [1784035578.253977942] [cmd_vel_chassis_serial]: send source=cmd_vel vx=0.350 wz=0.783
[cmd_vel_chassis_serial.py-1] [ERROR] [1784035578.425131958] [cmd_vel_chassis_serial]: Serial write failed: Write timeout
[cmd_vel_chassis_serial.py-1] [INFO] [1784035578.598433931] [cmd_vel_chassis_serial]: [LEG_DEBUG] vx=+0.35 wz=+0.78 stride=3.52 lift=2.69 roll=+0.0 pitch=+0.0 comp=0.00 att=1/0/0 mode=3 proj=0 raw=+0.0/+0.0 zero=+0.0/+0.0 | L0 ST ty/ay=0.0/0.0 ey=+0.0 Fy=+0 rel=0.00 sag=0.00 tauK=+0.0 ; L1 ST ty/ay=0.0/0.0 ey=+0.0 Fy=+0 rel=0.00 sag=0.00 tauK=+0.0 ; L2 ST ty/ay=0.0/0.0 ey=+0.0 Fy=+0 rel=0.00 sag=0.00 tauK=+0.0 ; L3 ST ty/ay=0.0/0.0 ey=+0.0 Fy=+0 rel=0.00 sag=0.00 tauK=+0.0
[cmd_vel_chassis_serial.py-1] [INFO] [1784035579.067192773] [cmd_vel_chassis_serial]: [LEG_DEBUG] vx=+0.35 wz=+0.78 stride=3.52 lift=2.69 roll=+0.0 pitch=+0.0 comp=0.00 att=1/0/0 mode=3 proj=0 raw=+0.0/+0.0 zero=+0.0/+0.0 | L0 ST ty/ay=0.0/0.0 ey=+0.0 Fy=+0 rel=0.00 sag=0.00 tauK=+0.0 ; L1 ST ty/ay=0.0/0.0 ey=+0.0 Fy=+0 rel=0.00 sag=0.00 tauK=+0.0 ; L2 ST ty/ay=0.0/0.0 ey=+0.0 Fy=+0 rel=0.00 sag=0.00 tauK=+0.0 ; L3 ST ty/ay=0.0/0.0 ey=+0.0 Fy=+0 rel=0.00 sag=0.00 tauK=+0.0
[cmd_vel_chassis_serial.py-1] [INFO] [1784035579.193219661] [cmd_vel_chassis_serial]: 收到 /cmd_vel: vx=0.350 wz=0.783
[cmd_vel_chassis_serial.py-1] [INFO] [1784035579.288018892] [cmd_vel_chassis_serial]: send source=cmd_vel vx=0.350 wz=0.783
[cmd_vel_chassis_serial.py-1] [INFO] [1784035579.589388554] [cmd_vel_chassis_serial]: [LEG_DEBUG] vx=+0.35 wz=+0.59 stride=3.50 lift=2.68 roll=+0.0 pitch=+0.0 comp=0.00 att=1/0/0 mode=3 proj=0 raw=+0.0/+0.0 zero=+0.0/+0.0 | L0 ST ty/ay=0.0/0.0 ey=+0.0 Fy=+0 rel=0.00 sag=0.00 tauK=+0.0 ; L1 ST ty/ay=0.0/0.0 ey=+0.0 Fy=+0 rel=0.00 sag=0.00 tauK=+0.0 ; L2 ST ty/ay=0.0/0.0 ey=+0.0 Fy=+0 rel=0.00 sag=0.00 tauK=+0.0 ; L3 ST ty/ay=0.0/0.0 ey=+0.0 Fy=+0 rel=0.00 sag=0.00 tauK=+0.0
[cmd_vel_chassis_serial.py-1] [INFO] [1784035580.052507794] [cmd_vel_chassis_serial]: [LEG_DEBUG] vx=+0.35 wz=+0.59 stride=3.50 lift=2.68 roll=+0.0 pitch=+0.0 comp=0.00 att=1/0/0 mode=3 proj=0 raw=+0.0/+0.0 zero=+0.0/+0.0 | L0 ST ty/ay=0.0/0.0 ey=+0.0 Fy=+0 rel=0.00 sag=0.00 tauK=+0.0 ; L1 ST ty/ay=0.0/0.0 ey=+0.0 Fy=+0 rel=0.00 sag=0.00 tauK=+0.0 ; L2 ST ty/ay=0.0/0.0 ey=+0.0 Fy=+0 rel=0.00 sag=0.00 tauK=+0.0 ; L3 ST ty/ay=0.0/0.0 ey=+0.0 Fy=+0 rel=0.00 sag=0.00 tauK=+0.0
[cmd_vel_chassis_serial.py-1] [INFO] [1784035580.199603329] [cmd_vel_chassis_serial]: 收到 /cmd_vel: vx=0.350 wz=0.588
[cmd_vel_chassis_serial.py-1] [INFO] [1784035580.283853884] [cmd_vel_chassis_serial]: send source=cmd_vel vx=0.350 wz=0.588
[cmd_vel_chassis_serial.py-1] [ERROR] [1784035580.539037349] [cmd_vel_chassis_serial]: Serial write failed: Write timeout
[cmd_vel_chassis_serial.py-1] [INFO] [1784035580.593759934] [cmd_vel_chassis_serial]: [LEG_DEBUG] vx=+0.35 wz=+0.59 stride=3.50 lift=2.68 roll=+0.0 pitch=+0.0 comp=0.00 att=1/0/0 mode=3 proj=0 raw=+0.0/+0.0 zero=+0.0/+0.0 | L0 ST ty/ay=0.0/0.0 ey=+0.0 Fy=+0 rel=0.00 sag=0.00 tauK=+0.0 ; L1 ST ty/ay=0.0/0.0 ey=+0.0 Fy=+0 rel=0.00 sag=0.00 tauK=+0.0 ; L2 ST ty/ay=0.0/0.0 ey=+0.0 Fy=+0 rel=0.00 sag=0.00 tauK=+0.0 ; L3 ST ty/ay=0.0/0.0 ey=+0.0 Fy=+0 rel=0.00 sag=0.00 tauK=+0.0
[cmd_vel_chassis_serial.py-1] [ERROR] [1784035580.617295778] [cmd_vel_chassis_serial]: Serial write failed: Write timeout
[cmd_vel_chassis_serial.py-1] [INFO] [1784035581.099595432] [cmd_vel_chassis_serial]: [LEG_DEBUG] vx=+0.35 wz=+0.66 stride=3.51 lift=2.69 roll=+0.0 pitch=+0.0 comp=0.00 att=1/0/0 mode=3 proj=0 raw=+0.0/+0.0 zero=+0.0/+0.0 | L0 ST ty/ay=0.0/0.0 ey=+0.0 Fy=+0 rel=0.00 sag=0.00 tauK=+0.0 ; L1 ST ty/ay=0.0/0.0 ey=+0.0 Fy=+0 rel=0.00 sag=0.00 tauK=+0.0 ; L2 ST ty/ay=0.0/0.0 ey=+0.0 Fy=+0 rel=0.00 sag=0.00 tauK=+0.0 ; L3 ST ty/ay=0.0/0.0 ey=+0.0 Fy=+0 rel=0.00 sag=0.00 tauK=+0.0
[cmd_vel_chassis_serial.py-1] [INFO] [1784035581.223960128] [cmd_vel_chassis_serial]: 收到 /cmd_vel: vx=0.350 wz=0.664
[cmd_vel_chassis_serial.py-1] [INFO] [1784035581.297368231] [cmd_vel_chassis_serial]: send source=cmd_vel vx=0.350 wz=0.664
[cmd_vel_chassis_serial.py-1] [INFO] [1784035581.613059672] [cmd_vel_chassis_serial]: [LEG_DEBUG] vx=+0.35 wz=+0.66 stride=3.51 lift=2.69 roll=+0.0 pitch=+0.0 comp=0.00 att=1/0/0 mode=3 proj=0 raw=+0.0/+0.0 zero=+0.0/+0.0 | L0 ST ty/ay=0.0/0.0 ey=+0.0 Fy=+0 rel=0.00 sag=0.00 tauK=+0.0 ; L1 ST ty/ay=0.0/0.0 ey=+0.0 Fy=+0 rel=0.00 sag=0.00 tauK=+0.0 ; L2 ST ty/ay=0.0/0.0 ey=+0.0 Fy=+0 rel=0.00 sag=0.00 tauK=+0.0 ; L3 ST ty/ay=0.0/0.0 ey=+0.0 Fy=+0 rel=0.00 sag=0.00 tauK=+0.0
[cmd_vel_chassis_serial.py-1] [INFO] [1784035582.150199719] [cmd_vel_chassis_serial]: [LEG_DEBUG] vx=+0.35 wz=+0.66 stride=3.51 lift=2.69 roll=+0.0 pitch=+0.0 comp=0.00 att=1/0/0 mode=3 proj=0 raw=+0.0/+0.0 zero=+0.0/+0.0 | L0 ST ty/ay=0.0/0.0 ey=+0.0 Fy=+0 rel=0.00 sag=0.00 tauK=+0.0 ; L1 ST ty/ay=0.0/0.0 ey=+0.0 Fy=+0 rel=0.00 sag=0.00 tauK=+0.0 ; L2 ST ty/ay=0.0/0.0 ey=+0.0 Fy=+0 rel=0.00 sag=0.00 tauK=+0.0 ; L3 ST ty/ay=0.0/0.0 ey=+0.0 Fy=+0 rel=0.00 sag=0.00 tauK=+0.0
[cmd_vel_chassis_serial.py-1] [INFO] [1784035582.291170861] [cmd_vel_chassis_serial]: send source=stop vx=0.000 wz=0.000
[cmd_vel_chassis_serial.py-1] [INFO] [1784035582.662038188] [cmd_vel_chassis_serial]: [LEG_DEBUG] vx=+0.35 wz=+0.66 stride=3.51 lift=2.69 roll=+0.0 pitch=+0.0 comp=0.00 att=1/0/0 mode=3 proj=0 raw=+0.0/+0.0 zero=+0.0/+0.0 | L0 ST ty/ay=0.0/0.0 ey=+0.0 Fy=+0 rel=0.00 sag=0.00 tauK=+0.0 ; L1 ST ty/ay=0.0/0.0 ey=+0.0 Fy=+0 rel=0.00 sag=0.00 tauK=+0.0 ; L2 ST ty/ay=0.0/0.0 ey=+0.0 Fy=+0 rel=0.00 sag=0.00 tauK=+0.0 ; L3 ST ty/ay=0.0/0.0 ey=+0.0 Fy=+0 rel=0.00 sag=0.00 tauK=+0.0
[cmd_vel_chassis_serial.py-1] [INFO] [1784035583.149035655] [cmd_vel_chassis_serial]: [LEG_DEBUG] vx=+0.35 wz=+0.66 stride=3.51 lift=2.69 roll=+0.0 pitch=+0.0 comp=0.00 att=1/0/0 mode=3 proj=0 raw=+0.0/+0.0 zero=+0.0/+0.0 | L0 ST ty/ay=0.0/0.0 ey=+0.0 Fy=+0 rel=0.00 sag=0.00 tauK=+0.0 ; L1 ST ty/ay=0.0/0.0 ey=+0.0 Fy=+0 rel=0.00 sag=0.00 tauK=+0.0 ; L2 ST ty/ay=0.0/0.0 ey=+0.0 Fy=+0 rel=0.00 sag=0.00 tauK=+0.0 ; L3 ST ty/ay=0.0/0.0 ey=+0.0 Fy=+0 rel=0.00 sag=0.00 tauK=+0.0
[cmd_vel_chassis_serial.py-1] [INFO] [1784035583.672884363] [cmd_vel_chassis_serial]: [LEG_DEBUG] vx=+0.35 wz=+0.66 stride=3.51 lift=2.69 roll=+0.0 pitch=+0.0 comp=0.00 att=1/0/0 mode=3 proj=0 raw=+0.0/+0.0 zero=+0.0/+0.0 | L0 ST ty/ay=0.0/0.0 ey=+0.0 Fy=+0 rel=0.00 sag=0.00 tauK=+0.0 ; L1 ST ty/ay=0.0/0.0 ey=+0.0 Fy=+0 rel=0.00 sag=0.00 tauK=+0.0 ; L2 ST ty/ay=0.0/0.0 ey=+0.0 Fy=+0 rel=0.00 sag=0.00 tauK=+0.0 ; L3 ST ty/ay=0.0/0.0 ey=+0.0 Fy=+0 rel=0.00 sag=0.00 tauK=+0.0
[cmd_vel_chassis_serial.py-1] [INFO] [1784035584.160892462] [cmd_vel_chassis_serial]: [LEG_DEBUG] vx=+0.35 wz=+0.66 stride=3.51 lift=2.69 roll=+0.0 pitch=+0.0 comp=0.00 att=1/0/0 mode=3 proj=0 raw=+0.0/+0.0 zero=+0.0/+0.0 | L0 ST ty/ay=0.0/0.0 ey=+0.0 Fy=+0 rel=0.00 sag=0.00 tauK=+0.0 ; L1 ST ty/ay=0.0/0.0 ey=+0.0 Fy=+0 rel=0.00 sag=0.00 tauK=+0.0 ; L2 ST ty/ay=0.0/0.0 ey=+0.0 Fy=+0 rel=0.00 sag=0.00 tauK=+0.0 ; L3 ST ty/ay=0.0/0.0 ey=+0.0 Fy=+0 rel=0.00 sag=0.00 tauK=+0.0
[cmd_vel_chassis_serial.py-1] [INFO] [1784035584.683976309] [cmd_vel_chassis_serial]: [LEG_DEBUG] vx=+0.35 wz=+0.66 stride=3.51 lift=2.69 roll=+0.0 pitch=+0.0 comp=0.00 att=1/0/0 mode=3 proj=0 raw=+0.0/+0.0 zero=+0.0/+0.0 | L0 ST ty/ay=0.0/0.0 ey=+0.0 Fy=+0 rel=0.00 sag=0.00 tauK=+0.0 ; L1 ST ty/ay=0.0/0.0 ey=+0.0 Fy=+0 rel=0.00 sag=0.00 tauK=+0.0 ; L2 ST ty/ay=0.0/0.0 ey=+0.0 Fy=+0 rel=0.00 sag=0.00 tauK=+0.0 ; L3 ST ty/ay=0.0/0.0 ey=+0.0 Fy=+0 rel=0.00 sag=0.00 tauK=+0.0
[cmd_vel_chassis_serial.py-1] Exception in thread Thread-1 (_serial_rx_loop):
[cmd_vel_chassis_serial.py-1] Traceback (most recent call last):
[cmd_vel_chassis_serial.py-1]   File "/usr/lib/python3.12/threading.py", line 1073, in _bootstrap_inner
[cmd_vel_chassis_serial.py-1]     self.run()
[cmd_vel_chassis_serial.py-1]   File "/usr/lib/python3.12/threading.py", line 1010, in run
[cmd_vel_chassis_serial.py-1]     self._target(*self._args, **self._kwargs)
[cmd_vel_chassis_serial.py-1]   File "/home/gsing/2026Gsing/2026_Gsing-second_ROS/nav2_ws1/install/dog_nav2_bringup/lib/dog_nav2_bringup/cmd_vel_chassis_serial.py", line 452, in _serial_rx_loop
[cmd_vel_chassis_serial.py-1]     chunk = self._ser.read(64)
[cmd_vel_chassis_serial.py-1]             ^^^^^^^^^^^^^^^^^^
[cmd_vel_chassis_serial.py-1]   File "/usr/lib/python3/dist-packages/serial/serialposix.py", line 575, in read
[cmd_vel_chassis_serial.py-1]     buf = os.read(self.fd, size - len(read))
[cmd_vel_chassis_serial.py-1]           ^^^^^^^^^^^^^^^^^^^^^^^^^^^^^^^^^^
[cmd_vel_chassis_serial.py-1] TypeError: 'NoneType' object cannot be interpreted as an integer
[cmd_vel_chassis_serial.py-1] Traceback (most recent call last):
[cmd_vel_chassis_serial.py-1]   File "/home/gsing/2026Gsing/2026_Gsing-second_ROS/nav2_ws1/install/dog_nav2_bringup/lib/dog_nav2_bringup/cmd_vel_chassis_serial.py", line 846, in <module>
[cmd_vel_chassis_serial.py-1]     main()
[cmd_vel_chassis_serial.py-1]   File "/home/gsing/2026Gsing/2026_Gsing-second_ROS/nav2_ws1/install/dog_nav2_bringup/lib/dog_nav2_bringup/cmd_vel_chassis_serial.py", line 842, in main
[cmd_vel_chassis_serial.py-1]     rclpy.shutdown()
[cmd_vel_chassis_serial.py-1]   File "/opt/ros/jazzy/lib/python3.12/site-packages/rclpy/__init__.py", line 134, in shutdown
[cmd_vel_chassis_serial.py-1]     _shutdown(context=context)
[cmd_vel_chassis_serial.py-1]   File "/opt/ros/jazzy/lib/python3.12/site-packages/rclpy/utilities.py", line 82, in shutdown
[cmd_vel_chassis_serial.py-1]     context.shutdown()
[cmd_vel_chassis_serial.py-1]   File "/opt/ros/jazzy/lib/python3.12/site-packages/rclpy/context.py", line 129, in shutdown
[cmd_vel_chassis_serial.py-1]     self.__context.shutdown()
[cmd_vel_chassis_serial.py-1] rclpy._rclpy_pybind11.RCLError: failed to shutdown: rcl_shutdown already called on the given context, at ./src/rcl/init.c:333
[ERROR] [cmd_vel_chassis_serial.py-1]: process has died [pid 8404, exit code 1, cmd '/home/gsing/2026Gsing/2026_Gsing-second_ROS/nav2_ws1/install/dog_nav2_bringup/lib/dog_nav2_bringup/cmd_vel_chassis_serial.py --ros-args -r __node:=cmd_vel_chassis_serial --params-file /tmp/launch_params_ttrr71wj --params-file /tmp/launch_params_0218xvdg --params-file /tmp/launch_params_ccghp3uj --params-file /tmp/launch_params_9d3hq47m --params-file /tmp/launch_params_sgs0g58u --params-file /tmp/launch_params_x80f_p8d --params-file /tmp/launch_params_5lip1uuk --params-file /tmp/launch_params_sqoep6bg'].
