[INFO] [launch]: All log files can be found below /home/gsing/2026Gsing/2026_Gsing-second_ROS/logs/ros/2026-07-14-20-09-51-742691-gsing-10735
[INFO] [launch]: Default logging verbosity is set to INFO
[INFO] [static_transform_publisher-1]: process started with pid [10859]
[INFO] [static_transform_publisher-2]: process started with pid [10861]
[INFO] [static_transform_publisher-3]: process started with pid [10862]
[INFO] [static_transform_publisher-4]: process started with pid [10863]
[INFO] [map_server-5]: process started with pid [10864]
[INFO] [rviz2-6]: process started with pid [10865]
[static_transform_publisher-4] [INFO] [1784030993.153672387] [static_tf_baselink_lidar]: Spinning until stopped - publishing transform
[static_transform_publisher-4] translation: ('0.000000', '0.000000', '0.000000')
[static_transform_publisher-4] rotation: ('0.000000', '0.000000', '0.000000', '1.000000')
[static_transform_publisher-4] from 'base_link' to 'unilidar_lidar'
[static_transform_publisher-2] [INFO] [1784030993.466666312] [static_tf_camerainit_baselink]: Spinning until stopped - publishing transform
[static_transform_publisher-2] translation: ('0.000000', '0.000000', '0.000000')
[static_transform_publisher-2] rotation: ('0.000000', '0.000000', '0.000000', '1.000000')
[static_transform_publisher-2] from 'camera_init' to 'base_link'
[static_transform_publisher-1] [INFO] [1784030993.553435946] [static_tf_caminit_odom]: Spinning until stopped - publishing transform
[static_transform_publisher-1] translation: ('0.000000', '0.000000', '0.000000')
[static_transform_publisher-1] rotation: ('0.000000', '0.000000', '0.000000', '1.000000')
[static_transform_publisher-1] from 'camera_init' to 'odom'
[static_transform_publisher-3] [INFO] [1784030993.563180006] [static_tf_body_baselink]: Spinning until stopped - publishing transform
[static_transform_publisher-3] translation: ('0.000000', '0.000000', '0.000000')
[static_transform_publisher-3] rotation: ('0.000000', '0.000000', '0.000000', '1.000000')
[static_transform_publisher-3] from 'base_link' to 'body'
[map_server-5] [INFO] [1784030994.055821914] [map_server]: 
[map_server-5] 	map_server lifecycle node launched. 
[map_server-5] 	Waiting on external lifecycle transitions to activate
[map_server-5] 	See https://design.ros2.org/articles/node_lifecycle.html for more information.
[map_server-5] [INFO] [1784030994.057247097] [map_server]: Creating
[rviz2-6] [INFO] [1784030995.978786166] [rviz2]: Stereo is NOT SUPPORTED
[rviz2-6] [INFO] [1784030995.979070267] [rviz2]: OpenGl version: 4.2 (GLSL 4.2)
[rviz2-6] [INFO] [1784030996.110867738] [rviz2]: Stereo is NOT SUPPORTED
[INFO] [controller_server-7]: process started with pid [11002]
[INFO] [planner_server-8]: process started with pid [11003]
[INFO] [behavior_server-9]: process started with pid [11006]
[INFO] [bt_navigator-10]: process started with pid [11011]
[INFO] [waypoint_follower-11]: process started with pid [11023]
[INFO] [lifecycle_manager-12]: process started with pid [11025]
[INFO] [goal_pose_to_nav2-13]: process started with pid [11026]
[INFO] [costmap_to_grid-14]: process started with pid [11027]
[behavior_server-9] [INFO] [1784030998.809239281] [behavior_server]: 
[behavior_server-9] 	behavior_server lifecycle node launched. 
[behavior_server-9] 	Waiting on external lifecycle transitions to activate
[behavior_server-9] 	See https://design.ros2.org/articles/node_lifecycle.html for more information.
[lifecycle_manager-12] [INFO] [1784030998.919274281] [lifecycle_manager_navigation]: Creating
[waypoint_follower-11] [INFO] [1784030998.994004373] [waypoint_follower]: 
[waypoint_follower-11] 	waypoint_follower lifecycle node launched. 
[waypoint_follower-11] 	Waiting on external lifecycle transitions to activate
[waypoint_follower-11] 	See https://design.ros2.org/articles/node_lifecycle.html for more information.
[waypoint_follower-11] [INFO] [1784030999.017980262] [waypoint_follower]: Creating
[lifecycle_manager-12] [INFO] [1784030999.287240558] [lifecycle_manager_navigation]: [34m[1mCreating and initializing lifecycle service clients[0m[0m
[planner_server-8] [INFO] [1784030999.497221460] [planner_server]: 
[planner_server-8] 	planner_server lifecycle node launched. 
[planner_server-8] 	Waiting on external lifecycle transitions to activate
[planner_server-8] 	See https://design.ros2.org/articles/node_lifecycle.html for more information.
[controller_server-7] [INFO] [1784030999.533339249] [controller_server]: 
[controller_server-7] 	controller_server lifecycle node launched. 
[controller_server-7] 	Waiting on external lifecycle transitions to activate
[controller_server-7] 	See https://design.ros2.org/articles/node_lifecycle.html for more information.
[planner_server-8] [INFO] [1784030999.549749414] [planner_server]: Creating
[planner_server-8] [INFO] [1784030999.671275910] [global_costmap.global_costmap]: 
[planner_server-8] 	global_costmap lifecycle node launched. 
[planner_server-8] 	Waiting on external lifecycle transitions to activate
[planner_server-8] 	See https://design.ros2.org/articles/node_lifecycle.html for more information.
[planner_server-8] [INFO] [1784030999.685875230] [global_costmap.global_costmap]: Creating Costmap
[controller_server-7] [INFO] [1784030999.797390054] [controller_server]: Creating controller server
[bt_navigator-10] [INFO] [1784031000.212071733] [bt_navigator]: 
[bt_navigator-10] 	bt_navigator lifecycle node launched. 
[bt_navigator-10] 	Waiting on external lifecycle transitions to activate
[bt_navigator-10] 	See https://design.ros2.org/articles/node_lifecycle.html for more information.
[bt_navigator-10] [INFO] [1784031000.298123802] [bt_navigator]: Creating
[lifecycle_manager-12] [INFO] [1784031000.313255838] [lifecycle_manager_navigation]: [34m[1mStarting managed nodes bringup...[0m[0m
[lifecycle_manager-12] [INFO] [1784031000.313502329] [lifecycle_manager_navigation]: [34m[1mConfiguring map_server[0m[0m
[controller_server-7] [INFO] [1784031000.329538846] [local_costmap.local_costmap]: 
[controller_server-7] 	local_costmap lifecycle node launched. 
[controller_server-7] 	Waiting on external lifecycle transitions to activate
[controller_server-7] 	See https://design.ros2.org/articles/node_lifecycle.html for more information.
[map_server-5] [INFO] [1784031000.344759519] [map_server]: Configuring
[map_server-5] [INFO] [1784031000.344927190] [map_io]: Loading yaml file: /home/gsing/2026Gsing/2026_Gsing-second_ROS/map/PCD20.yaml
[map_server-5] [INFO] [1784031000.345775352] [map_io]: resolution: 0.05
[map_server-5] [INFO] [1784031000.345830170] [map_io]: origin[0]: -0.171
[map_server-5] [INFO] [1784031000.345858420] [map_io]: origin[1]: -1.3
[map_server-5] [INFO] [1784031000.345883537] [map_io]: origin[2]: 0
[map_server-5] [INFO] [1784031000.345908570] [map_io]: free_thresh: 0.196
[map_server-5] [INFO] [1784031000.345933735] [map_io]: occupied_thresh: 0.65
[map_server-5] [INFO] [1784031000.345960892] [map_io]: mode: trinary
[map_server-5] [INFO] [1784031000.346036844] [map_io]: negate: 0
[map_server-5] [INFO] [1784031000.346630606] [map_io]: Loading image_file: /home/gsing/2026Gsing/2026_Gsing-second_ROS/map/PCD20.pgm
[controller_server-7] [INFO] [1784031000.356591301] [local_costmap.local_costmap]: Creating Costmap
[map_server-5] [INFO] [1784031000.365450850] [map_io]: Read map /home/gsing/2026Gsing/2026_Gsing-second_ROS/map/PCD20.pgm: 57 X 42 map @ 0.05 m/cell
[lifecycle_manager-12] [INFO] [1784031000.718387532] [lifecycle_manager_navigation]: [34m[1mConfiguring controller_server[0m[0m
[controller_server-7] [INFO] [1784031000.722380866] [controller_server]: Configuring controller interface
[controller_server-7] [INFO] [1784031000.722456505] [controller_server]: getting progress checker plugins..
[controller_server-7] [INFO] [1784031000.738341455] [controller_server]: getting goal checker plugins..
[controller_server-7] [INFO] [1784031000.754895723] [controller_server]: Controller frequency set to 20.0000Hz
[controller_server-7] [INFO] [1784031000.755282512] [local_costmap.local_costmap]: Configuring
[controller_server-7] [INFO] [1784031000.950307524] [local_costmap.local_costmap]: Using plugin "static_layer"
[controller_server-7] [INFO] [1784031001.269768613] [local_costmap.local_costmap]: Subscribing to the map topic (/map) with transient local durability
[controller_server-7] [INFO] [1784031001.336425804] [local_costmap.local_costmap]: Initialized plugin "static_layer"
[controller_server-7] [INFO] [1784031001.968800637] [controller_server]: Created progress_checker : progress_checker of type nav2_controller::SimpleProgressChecker
[controller_server-7] [INFO] [1784031001.983116758] [controller_server]: Controller Server has progress_checker  progress checkers available.
[controller_server-7] [INFO] [1784031002.024045309] [controller_server]: Created goal checker : goal_checker of type nav2_controller::SimpleGoalChecker
[controller_server-7] [INFO] [1784031002.050210421] [controller_server]: Controller Server has goal_checker  goal checkers available.
[controller_server-7] [INFO] [1784031002.085766466] [controller_server]: Created controller : FollowPath of type nav2_regulated_pure_pursuit_controller::RegulatedPurePursuitController
[controller_server-7] [INFO] [1784031002.323377848] [controller_server]: Controller Server has FollowPath  controllers available.
[lifecycle_manager-12] [INFO] [1784031002.485177922] [lifecycle_manager_navigation]: [34m[1mConfiguring planner_server[0m[0m
[planner_server-8] [INFO] [1784031002.488243903] [planner_server]: Configuring
[planner_server-8] [INFO] [1784031002.488361328] [global_costmap.global_costmap]: Configuring
[planner_server-8] [INFO] [1784031002.656368115] [global_costmap.global_costmap]: Using plugin "static_layer"
[planner_server-8] [INFO] [1784031002.735424582] [global_costmap.global_costmap]: Subscribing to the map topic (/map) with transient local durability
[planner_server-8] [INFO] [1784031002.765258569] [global_costmap.global_costmap]: Initialized plugin "static_layer"
[planner_server-8] [INFO] [1784031003.192196527] [planner_server]: Created global planner plugin GridBased of type nav2_navfn_planner::NavfnPlanner
[planner_server-8] [INFO] [1784031003.192388800] [planner_server]: Configuring plugin GridBased of type NavfnPlanner
[planner_server-8] [INFO] [1784031003.218930440] [planner_server]: Planner Server has GridBased  planners available.
[lifecycle_manager-12] [INFO] [1784031003.454273568] [lifecycle_manager_navigation]: [34m[1mConfiguring behavior_server[0m[0m
[behavior_server-9] [INFO] [1784031003.458587952] [behavior_server]: Configuring
[behavior_server-9] [INFO] [1784031003.572846438] [behavior_server]: Creating behavior plugin spin of type nav2_behaviors::Spin
[behavior_server-9] [INFO] [1784031003.602180758] [behavior_server]: Creating behavior plugin backup of type nav2_behaviors::BackUp
[behavior_server-9] [INFO] [1784031003.634515753] [behavior_server]: Creating behavior plugin drive_on_heading of type nav2_behaviors::DriveOnHeading
[behavior_server-9] [INFO] [1784031003.680418442] [behavior_server]: Creating behavior plugin wait of type nav2_behaviors::Wait
[behavior_server-9] [INFO] [1784031003.828713718] [behavior_server]: Configuring spin
[behavior_server-9] [INFO] [1784031004.011772440] [behavior_server]: Configuring backup
[behavior_server-9] [INFO] [1784031004.178090336] [behavior_server]: Configuring drive_on_heading
[behavior_server-9] [INFO] [1784031004.351178380] [behavior_server]: Configuring wait
[lifecycle_manager-12] [INFO] [1784031004.567536989] [lifecycle_manager_navigation]: [34m[1mConfiguring bt_navigator[0m[0m
[bt_navigator-10] [INFO] [1784031004.572196521] [bt_navigator]: Configuring
[bt_navigator-10] [INFO] [1784031004.790776369] [bt_navigator]: Creating navigator id navigate_to_pose of type nav2_bt_navigator::NavigateToPoseNavigator
[bt_navigator-10] [WARN] [1784031005.023948087] [bt_navigator]: Error_code parameters were not set. Using default values of: follow_path_error_code compute_path_error_code
[bt_navigator-10] Make sure these match your BT and there are not other sources of error codes youreported to your application
[bt_navigator-10] [INFO] [1784031006.177684589] [bt_navigator]: Creating navigator id navigate_through_poses of type nav2_bt_navigator::NavigateThroughPosesNavigator
[lifecycle_manager-12] [INFO] [1784031006.396351506] [lifecycle_manager_navigation]: [34m[1mConfiguring waypoint_follower[0m[0m
[waypoint_follower-11] [INFO] [1784031006.400538757] [waypoint_follower]: Configuring
[waypoint_follower-11] [INFO] [1784031006.799117165] [waypoint_follower]: Created waypoint_task_executor : wait_at_waypoint of type nav2_waypoint_follower::WaitAtWaypoint
[waypoint_follower-11] [INFO] [1784031006.807803020] [waypoint_follower]: Waypoint pause duration is set to zero, disabling task executor plugin.
[lifecycle_manager-12] [INFO] [1784031006.812255698] [lifecycle_manager_navigation]: [34m[1mActivating map_server[0m[0m
[map_server-5] [INFO] [1784031006.816724733] [map_server]: Activating
[map_server-5] [INFO] [1784031006.817147104] [map_server]: Creating bond (map_server) to lifecycle manager.
[planner_server-8] [INFO] [1784031006.818617830] [global_costmap.global_costmap]: StaticLayer: Resizing costmap to 57 X 42 at 0.050000 m/pix
[controller_server-7] [INFO] [1784031006.819928936] [local_costmap.local_costmap]: StaticLayer: Resizing costmap to 57 X 42 at 0.050000 m/pix
[rviz2-6] [INFO] [1784031006.856893965] [rviz2]: Trying to create a map of size 57 x 42 using 1 swatches
[rviz2-6] [ERROR] [1784031006.909655922] [rviz2]: rviz/glsl120/indexed_8bit_image.vert
[rviz2-6] rviz/glsl120/indexed_8bit_image.frag
[rviz2-6]  GLSL link result : 
[rviz2-6] active samplers with a different type refer to the same texture image unit
[lifecycle_manager-12] [INFO] [1784031006.950533833] [lifecycle_manager_navigation]: Server map_server connected with bond.
[lifecycle_manager-12] [INFO] [1784031006.950708549] [lifecycle_manager_navigation]: [34m[1mActivating controller_server[0m[0m
[controller_server-7] [INFO] [1784031006.953876114] [controller_server]: Activating
[controller_server-7] [INFO] [1784031006.954768930] [local_costmap.local_costmap]: Activating
[controller_server-7] [INFO] [1784031006.954918900] [local_costmap.local_costmap]: Checking transform
[controller_server-7] [INFO] [1784031006.956289025] [local_costmap.local_costmap]: start
[controller_server-7] [INFO] [1784031007.109279096] [controller_server]: Activating controller: FollowPath of type regulated_pure_pursuit_controller::RegulatedPurePursuitController
[controller_server-7] [INFO] [1784031007.109472113] [controller_server]: Creating bond (controller_server) to lifecycle manager.
[lifecycle_manager-12] [INFO] [1784031007.279182996] [lifecycle_manager_navigation]: Server controller_server connected with bond.
[lifecycle_manager-12] [INFO] [1784031007.279291169] [lifecycle_manager_navigation]: [34m[1mActivating planner_server[0m[0m
[planner_server-8] [INFO] [1784031007.280829902] [planner_server]: Activating
[planner_server-8] [INFO] [1784031007.280954659] [global_costmap.global_costmap]: Activating
[planner_server-8] [INFO] [1784031007.280998425] [global_costmap.global_costmap]: Checking transform
[planner_server-8] [INFO] [1784031007.285579029] [global_costmap.global_costmap]: start
[rviz2-6] [INFO] [1784031007.328338409] [rviz2]: Trying to create a map of size 57 x 42 using 1 swatches
[planner_server-8] [INFO] [1784031007.336129792] [planner_server]: Activating plugin GridBased of type NavfnPlanner
[planner_server-8] [INFO] [1784031007.340707215] [planner_server]: Creating bond (planner_server) to lifecycle manager.
[lifecycle_manager-12] [INFO] [1784031007.479654645] [lifecycle_manager_navigation]: Server planner_server connected with bond.
[lifecycle_manager-12] [INFO] [1784031007.479767402] [lifecycle_manager_navigation]: [34m[1mActivating behavior_server[0m[0m
[behavior_server-9] [INFO] [1784031007.481169713] [behavior_server]: Activating
[behavior_server-9] [INFO] [1784031007.481244632] [behavior_server]: Activating spin
[behavior_server-9] [INFO] [1784031007.481293606] [behavior_server]: Activating backup
[behavior_server-9] [INFO] [1784031007.481336892] [behavior_server]: Activating drive_on_heading
[behavior_server-9] [INFO] [1784031007.481380958] [behavior_server]: Activating wait
[behavior_server-9] [INFO] [1784031007.481435933] [behavior_server]: Creating bond (behavior_server) to lifecycle manager.
[lifecycle_manager-12] [INFO] [1784031007.667262994] [lifecycle_manager_navigation]: Server behavior_server connected with bond.
[lifecycle_manager-12] [INFO] [1784031007.667377155] [lifecycle_manager_navigation]: [34m[1mActivating bt_navigator[0m[0m
[bt_navigator-10] [INFO] [1784031007.675586733] [bt_navigator]: Activating
[bt_navigator-10] [INFO] [1784031008.755796232] [bt_navigator]: Creating bond (bt_navigator) to lifecycle manager.
[lifecycle_manager-12] [INFO] [1784031008.895434907] [lifecycle_manager_navigation]: Server bt_navigator connected with bond.
[lifecycle_manager-12] [INFO] [1784031008.895559868] [lifecycle_manager_navigation]: [34m[1mActivating waypoint_follower[0m[0m
[waypoint_follower-11] [INFO] [1784031008.896740757] [waypoint_follower]: Activating
[waypoint_follower-11] [INFO] [1784031008.896877119] [waypoint_follower]: Creating bond (waypoint_follower) to lifecycle manager.
[lifecycle_manager-12] [INFO] [1784031009.110986551] [lifecycle_manager_navigation]: Server waypoint_follower connected with bond.
[lifecycle_manager-12] [INFO] [1784031009.111177095] [lifecycle_manager_navigation]: [34m[1mManaged nodes are active[0m[0m
[lifecycle_manager-12] [INFO] [1784031009.111235946] [lifecycle_manager_navigation]: [34m[1mCreating bond timer...[0m[0m
[goal_pose_to_nav2-13] [INFO] [1784031011.742925820] [goal_pose_to_nav2]: Bridge ready: goal_pose -> NavigateToPose (navigate_to_pose)
[costmap_to_grid-14] [INFO] [1784031012.188143730] [costmap_to_grid]: Publishing /global_costmap_grid and /local_costmap_grid for RViz
