[INFO] [launch]: All log files can be found below /home/gsing/2026Gsing/2026_Gsing-second_ROS/logs/ros/2026-07-14-23-56-35-217231-gsing-7133
[INFO] [launch]: Default logging verbosity is set to INFO
[INFO] [static_transform_publisher-1]: process started with pid [7255]
[INFO] [static_transform_publisher-2]: process started with pid [7256]
[INFO] [static_transform_publisher-3]: process started with pid [7257]
[INFO] [static_transform_publisher-4]: process started with pid [7258]
[INFO] [map_server-5]: process started with pid [7259]
[INFO] [rviz2-6]: process started with pid [7260]
[static_transform_publisher-1] [INFO] [1784044596.160634795] [static_tf_caminit_odom]: Spinning until stopped - publishing transform
[static_transform_publisher-1] translation: ('0.000000', '0.000000', '0.000000')
[static_transform_publisher-1] rotation: ('0.000000', '0.000000', '0.000000', '1.000000')
[static_transform_publisher-1] from 'camera_init' to 'odom'
[static_transform_publisher-3] [INFO] [1784044596.317652670] [static_tf_body_baselink]: Spinning until stopped - publishing transform
[static_transform_publisher-3] translation: ('0.000000', '0.000000', '0.000000')
[static_transform_publisher-3] rotation: ('0.000000', '0.000000', '0.000000', '1.000000')
[static_transform_publisher-3] from 'base_link' to 'body'
[static_transform_publisher-4] [INFO] [1784044596.345363257] [static_tf_baselink_lidar]: Spinning until stopped - publishing transform
[static_transform_publisher-4] translation: ('0.000000', '0.000000', '0.000000')
[static_transform_publisher-4] rotation: ('0.000000', '0.000000', '0.000000', '1.000000')
[static_transform_publisher-4] from 'base_link' to 'unilidar_lidar'
[static_transform_publisher-2] [INFO] [1784044596.388807091] [static_tf_camerainit_baselink]: Spinning until stopped - publishing transform
[static_transform_publisher-2] translation: ('0.000000', '0.000000', '0.000000')
[static_transform_publisher-2] rotation: ('0.000000', '0.000000', '0.000000', '1.000000')
[static_transform_publisher-2] from 'camera_init' to 'base_link'
[map_server-5] [INFO] [1784044596.717605949] [map_server]: 
[map_server-5] 	map_server lifecycle node launched. 
[map_server-5] 	Waiting on external lifecycle transitions to activate
[map_server-5] 	See https://design.ros2.org/articles/node_lifecycle.html for more information.
[map_server-5] [INFO] [1784044596.718124907] [map_server]: Creating
[rviz2-6] [INFO] [1784044599.083810675] [rviz2]: Stereo is NOT SUPPORTED
[rviz2-6] [INFO] [1784044599.086756684] [rviz2]: OpenGl version: 4.2 (GLSL 4.2)
[rviz2-6] [INFO] [1784044599.459449893] [rviz2]: Stereo is NOT SUPPORTED
[INFO] [controller_server-7]: process started with pid [7432]
[INFO] [planner_server-8]: process started with pid [7433]
[INFO] [behavior_server-9]: process started with pid [7434]
[INFO] [bt_navigator-10]: process started with pid [7435]
[INFO] [waypoint_follower-11]: process started with pid [7436]
[INFO] [lifecycle_manager-12]: process started with pid [7437]
[INFO] [goal_pose_to_nav2-13]: process started with pid [7438]
[INFO] [costmap_to_grid-14]: process started with pid [7439]
[planner_server-8] [INFO] [1784044601.999007754] [planner_server]: 
[planner_server-8] 	planner_server lifecycle node launched. 
[planner_server-8] 	Waiting on external lifecycle transitions to activate
[planner_server-8] 	See https://design.ros2.org/articles/node_lifecycle.html for more information.
[planner_server-8] [INFO] [1784044602.023277377] [planner_server]: Creating
[lifecycle_manager-12] [INFO] [1784044602.155835410] [lifecycle_manager_navigation]: Creating
[planner_server-8] [INFO] [1784044602.181709081] [global_costmap.global_costmap]: 
[planner_server-8] 	global_costmap lifecycle node launched. 
[planner_server-8] 	Waiting on external lifecycle transitions to activate
[planner_server-8] 	See https://design.ros2.org/articles/node_lifecycle.html for more information.
[planner_server-8] [INFO] [1784044602.211946946] [global_costmap.global_costmap]: Creating Costmap
[bt_navigator-10] [INFO] [1784044602.274526844] [bt_navigator]: 
[bt_navigator-10] 	bt_navigator lifecycle node launched. 
[bt_navigator-10] 	Waiting on external lifecycle transitions to activate
[bt_navigator-10] 	See https://design.ros2.org/articles/node_lifecycle.html for more information.
[bt_navigator-10] [INFO] [1784044602.383419632] [bt_navigator]: Creating
[lifecycle_manager-12] [INFO] [1784044602.430497957] [lifecycle_manager_navigation]: [34m[1mCreating and initializing lifecycle service clients[0m[0m
[behavior_server-9] [INFO] [1784044602.653196182] [behavior_server]: 
[behavior_server-9] 	behavior_server lifecycle node launched. 
[behavior_server-9] 	Waiting on external lifecycle transitions to activate
[behavior_server-9] 	See https://design.ros2.org/articles/node_lifecycle.html for more information.
[waypoint_follower-11] [INFO] [1784044602.957357656] [waypoint_follower]: 
[waypoint_follower-11] 	waypoint_follower lifecycle node launched. 
[waypoint_follower-11] 	Waiting on external lifecycle transitions to activate
[waypoint_follower-11] 	See https://design.ros2.org/articles/node_lifecycle.html for more information.
[waypoint_follower-11] [INFO] [1784044603.016245370] [waypoint_follower]: Creating
[controller_server-7] [INFO] [1784044603.056894969] [controller_server]: 
[controller_server-7] 	controller_server lifecycle node launched. 
[controller_server-7] 	Waiting on external lifecycle transitions to activate
[controller_server-7] 	See https://design.ros2.org/articles/node_lifecycle.html for more information.
[lifecycle_manager-12] [INFO] [1784044603.133020977] [lifecycle_manager_navigation]: [34m[1mStarting managed nodes bringup...[0m[0m
[lifecycle_manager-12] [INFO] [1784044603.133172747] [lifecycle_manager_navigation]: [34m[1mConfiguring map_server[0m[0m
[map_server-5] [INFO] [1784044603.135604441] [map_server]: Configuring
[map_server-5] [INFO] [1784044603.135761322] [map_io]: Loading yaml file: /home/gsing/2026Gsing/2026_Gsing-second_ROS/map/PCD25.yaml
[map_server-5] [INFO] [1784044603.136561882] [map_io]: resolution: 0.05
[map_server-5] [INFO] [1784044603.136619820] [map_io]: origin[0]: -0.045
[map_server-5] [INFO] [1784044603.136648273] [map_io]: origin[1]: -1.136
[map_server-5] [INFO] [1784044603.136672814] [map_io]: origin[2]: 0
[map_server-5] [INFO] [1784044603.136697859] [map_io]: free_thresh: 0.196
[map_server-5] [INFO] [1784044603.136723132] [map_io]: occupied_thresh: 0.65
[map_server-5] [INFO] [1784044603.136751105] [map_io]: mode: trinary
[map_server-5] [INFO] [1784044603.136820228] [map_io]: negate: 0
[map_server-5] [INFO] [1784044603.137394412] [map_io]: Loading image_file: /home/gsing/2026Gsing/2026_Gsing-second_ROS/map/PCD25.pgm
[map_server-5] [INFO] [1784044603.153570359] [map_io]: Read map /home/gsing/2026Gsing/2026_Gsing-second_ROS/map/PCD25.pgm: 57 X 42 map @ 0.05 m/cell
[controller_server-7] [INFO] [1784044603.303705224] [controller_server]: Creating controller server
[controller_server-7] [INFO] [1784044603.525158704] [local_costmap.local_costmap]: 
[controller_server-7] 	local_costmap lifecycle node launched. 
[controller_server-7] 	Waiting on external lifecycle transitions to activate
[controller_server-7] 	See https://design.ros2.org/articles/node_lifecycle.html for more information.
[controller_server-7] [INFO] [1784044603.535729841] [local_costmap.local_costmap]: Creating Costmap
[lifecycle_manager-12] [INFO] [1784044603.547397997] [lifecycle_manager_navigation]: [34m[1mConfiguring controller_server[0m[0m
[controller_server-7] [INFO] [1784044603.586193459] [controller_server]: Configuring controller interface
[controller_server-7] [INFO] [1784044603.587607841] [controller_server]: getting progress checker plugins..
[controller_server-7] [INFO] [1784044603.594884346] [controller_server]: getting goal checker plugins..
[controller_server-7] [INFO] [1784044603.601317125] [controller_server]: Controller frequency set to 20.0000Hz
[controller_server-7] [INFO] [1784044603.601574486] [local_costmap.local_costmap]: Configuring
[controller_server-7] [INFO] [1784044603.713884795] [local_costmap.local_costmap]: Using plugin "static_layer"
[controller_server-7] [INFO] [1784044603.833079880] [local_costmap.local_costmap]: Subscribing to the map topic (/map) with transient local durability
[controller_server-7] [INFO] [1784044603.861581931] [local_costmap.local_costmap]: Initialized plugin "static_layer"
[controller_server-7] [INFO] [1784044604.162020713] [controller_server]: Created progress_checker : progress_checker of type nav2_controller::SimpleProgressChecker
[controller_server-7] [INFO] [1784044604.184635390] [controller_server]: Controller Server has progress_checker  progress checkers available.
[controller_server-7] [INFO] [1784044604.186479279] [controller_server]: Created goal checker : goal_checker of type nav2_controller::SimpleGoalChecker
[controller_server-7] [INFO] [1784044604.211604385] [controller_server]: Controller Server has goal_checker  goal checkers available.
[controller_server-7] [INFO] [1784044604.238950745] [controller_server]: Created controller : FollowPath of type nav2_regulated_pure_pursuit_controller::RegulatedPurePursuitController
[controller_server-7] [INFO] [1784044604.276619137] [controller_server]: Controller Server has FollowPath  controllers available.
[lifecycle_manager-12] [INFO] [1784044604.301792232] [lifecycle_manager_navigation]: [34m[1mConfiguring planner_server[0m[0m
[planner_server-8] [INFO] [1784044604.309159604] [planner_server]: Configuring
[planner_server-8] [INFO] [1784044604.309270152] [global_costmap.global_costmap]: Configuring
[planner_server-8] [INFO] [1784044604.438630428] [global_costmap.global_costmap]: Using plugin "static_layer"
[planner_server-8] [INFO] [1784044604.532469763] [global_costmap.global_costmap]: Subscribing to the map topic (/map) with transient local durability
[planner_server-8] [INFO] [1784044604.570003402] [global_costmap.global_costmap]: Initialized plugin "static_layer"
[planner_server-8] [INFO] [1784044604.854547136] [planner_server]: Created global planner plugin GridBased of type nav2_navfn_planner::NavfnPlanner
[planner_server-8] [INFO] [1784044604.854660468] [planner_server]: Configuring plugin GridBased of type NavfnPlanner
[planner_server-8] [INFO] [1784044604.876422107] [planner_server]: Planner Server has GridBased  planners available.
[lifecycle_manager-12] [INFO] [1784044605.067805701] [lifecycle_manager_navigation]: [34m[1mConfiguring behavior_server[0m[0m
[behavior_server-9] [INFO] [1784044605.075140612] [behavior_server]: Configuring
[behavior_server-9] [INFO] [1784044605.263075373] [behavior_server]: Creating behavior plugin spin of type nav2_behaviors::Spin
[behavior_server-9] [INFO] [1784044605.290573705] [behavior_server]: Creating behavior plugin backup of type nav2_behaviors::BackUp
[behavior_server-9] [INFO] [1784044605.308365927] [behavior_server]: Creating behavior plugin drive_on_heading of type nav2_behaviors::DriveOnHeading
[behavior_server-9] [INFO] [1784044605.320499374] [behavior_server]: Creating behavior plugin wait of type nav2_behaviors::Wait
[behavior_server-9] [INFO] [1784044605.396284680] [behavior_server]: Configuring spin
[behavior_server-9] [INFO] [1784044605.467240033] [behavior_server]: Configuring backup
[behavior_server-9] [INFO] [1784044605.545846279] [behavior_server]: Configuring drive_on_heading
[behavior_server-9] [INFO] [1784044605.584666385] [behavior_server]: Configuring wait
[lifecycle_manager-12] [INFO] [1784044605.635856227] [lifecycle_manager_navigation]: [34m[1mConfiguring bt_navigator[0m[0m
[bt_navigator-10] [INFO] [1784044605.638661134] [bt_navigator]: Configuring
[bt_navigator-10] [INFO] [1784044605.868907548] [bt_navigator]: Creating navigator id navigate_to_pose of type nav2_bt_navigator::NavigateToPoseNavigator
[bt_navigator-10] [WARN] [1784044606.135575224] [bt_navigator]: Error_code parameters were not set. Using default values of: follow_path_error_code compute_path_error_code
[bt_navigator-10] Make sure these match your BT and there are not other sources of error codes youreported to your application
[bt_navigator-10] [INFO] [1784044607.064490954] [bt_navigator]: Creating navigator id navigate_through_poses of type nav2_bt_navigator::NavigateThroughPosesNavigator
[lifecycle_manager-12] [INFO] [1784044608.075486725] [lifecycle_manager_navigation]: [34m[1mConfiguring waypoint_follower[0m[0m
[waypoint_follower-11] [INFO] [1784044608.082045471] [waypoint_follower]: Configuring
[waypoint_follower-11] [INFO] [1784044608.613538334] [waypoint_follower]: Created waypoint_task_executor : wait_at_waypoint of type nav2_waypoint_follower::WaitAtWaypoint
[waypoint_follower-11] [INFO] [1784044608.622282164] [waypoint_follower]: Waypoint pause duration is set to zero, disabling task executor plugin.
[lifecycle_manager-12] [INFO] [1784044608.635244958] [lifecycle_manager_navigation]: [34m[1mActivating map_server[0m[0m
[map_server-5] [INFO] [1784044608.637166033] [map_server]: Activating
[map_server-5] [INFO] [1784044608.640623474] [map_server]: Creating bond (map_server) to lifecycle manager.
[controller_server-7] [INFO] [1784044608.642433678] [local_costmap.local_costmap]: StaticLayer: Resizing costmap to 57 X 42 at 0.050000 m/pix
[planner_server-8] [INFO] [1784044608.646083570] [global_costmap.global_costmap]: StaticLayer: Resizing costmap to 57 X 42 at 0.050000 m/pix
[rviz2-6] [INFO] [1784044608.702331759] [rviz2]: Trying to create a map of size 57 x 42 using 1 swatches
[rviz2-6] [ERROR] [1784044608.740878729] [rviz2]: rviz/glsl120/indexed_8bit_image.vert
[rviz2-6] rviz/glsl120/indexed_8bit_image.frag
[rviz2-6]  GLSL link result : 
[rviz2-6] active samplers with a different type refer to the same texture image unit
[lifecycle_manager-12] [INFO] [1784044608.794290463] [lifecycle_manager_navigation]: Server map_server connected with bond.
[lifecycle_manager-12] [INFO] [1784044608.794460713] [lifecycle_manager_navigation]: [34m[1mActivating controller_server[0m[0m
[controller_server-7] [INFO] [1784044608.798412512] [controller_server]: Activating
[controller_server-7] [INFO] [1784044608.798546892] [local_costmap.local_costmap]: Activating
[controller_server-7] [INFO] [1784044608.798592218] [local_costmap.local_costmap]: Checking transform
[controller_server-7] [INFO] [1784044608.802444509] [local_costmap.local_costmap]: start
[controller_server-7] [INFO] [1784044608.854248139] [controller_server]: Activating controller: FollowPath of type regulated_pure_pursuit_controller::RegulatedPurePursuitController
[controller_server-7] [INFO] [1784044608.856008001] [controller_server]: Creating bond (controller_server) to lifecycle manager.
[lifecycle_manager-12] [INFO] [1784044609.010241961] [lifecycle_manager_navigation]: Server controller_server connected with bond.
[lifecycle_manager-12] [INFO] [1784044609.010396034] [lifecycle_manager_navigation]: [34m[1mActivating planner_server[0m[0m
[planner_server-8] [INFO] [1784044609.015466920] [planner_server]: Activating
[planner_server-8] [INFO] [1784044609.015600604] [global_costmap.global_costmap]: Activating
[planner_server-8] [INFO] [1784044609.015647130] [global_costmap.global_costmap]: Checking transform
[planner_server-8] [INFO] [1784044609.015764710] [global_costmap.global_costmap]: Timed out waiting for transform from base_link to map to become available, tf error: Invalid frame ID "map" passed to canTransform argument target_frame - frame does not exist
[planner_server-8] [INFO] [1784044609.520537325] [global_costmap.global_costmap]: Timed out waiting for transform from base_link to map to become available, tf error: Invalid frame ID "map" passed to canTransform argument target_frame - frame does not exist
[planner_server-8] [INFO] [1784044610.016001683] [global_costmap.global_costmap]: Timed out waiting for transform from base_link to map to become available, tf error: Invalid frame ID "map" passed to canTransform argument target_frame - frame does not exist
[goal_pose_to_nav2-13] [INFO] [1784044610.154696332] [goal_pose_to_nav2]: Bridge ready: goal_pose -> NavigateToPose (navigate_to_pose)
[planner_server-8] [INFO] [1784044610.516156173] [global_costmap.global_costmap]: Timed out waiting for transform from base_link to map to become available, tf error: Invalid frame ID "map" passed to canTransform argument target_frame - frame does not exist
[planner_server-8] [INFO] [1784044611.019093619] [global_costmap.global_costmap]: Timed out waiting for transform from base_link to map to become available, tf error: Invalid frame ID "map" passed to canTransform argument target_frame - frame does not exist
[planner_server-8] [INFO] [1784044611.516190904] [global_costmap.global_costmap]: start
[planner_server-8] [INFO] [1784044611.868422860] [planner_server]: Activating plugin GridBased of type NavfnPlanner
[rviz2-6] [INFO] [1784044611.881920138] [rviz2]: Trying to create a map of size 57 x 42 using 1 swatches
[planner_server-8] [INFO] [1784044611.899934194] [planner_server]: Creating bond (planner_server) to lifecycle manager.
[lifecycle_manager-12] [INFO] [1784044612.048531111] [lifecycle_manager_navigation]: Server planner_server connected with bond.
[lifecycle_manager-12] [INFO] [1784044612.048661291] [lifecycle_manager_navigation]: [34m[1mActivating behavior_server[0m[0m
[behavior_server-9] [INFO] [1784044612.059453903] [behavior_server]: Activating
[behavior_server-9] [INFO] [1784044612.059532422] [behavior_server]: Activating spin
[behavior_server-9] [INFO] [1784044612.059584995] [behavior_server]: Activating backup
[behavior_server-9] [INFO] [1784044612.059629601] [behavior_server]: Activating drive_on_heading
[behavior_server-9] [INFO] [1784044612.059689627] [behavior_server]: Activating wait
[behavior_server-9] [INFO] [1784044612.059746041] [behavior_server]: Creating bond (behavior_server) to lifecycle manager.
[lifecycle_manager-12] [INFO] [1784044612.195698460] [lifecycle_manager_navigation]: Server behavior_server connected with bond.
[lifecycle_manager-12] [INFO] [1784044612.195836705] [lifecycle_manager_navigation]: [34m[1mActivating bt_navigator[0m[0m
[bt_navigator-10] [INFO] [1784044612.199221231] [bt_navigator]: Activating
[bt_navigator-10] [INFO] [1784044612.919207393] [bt_navigator]: Creating bond (bt_navigator) to lifecycle manager.
[lifecycle_manager-12] [INFO] [1784044613.062581215] [lifecycle_manager_navigation]: Server bt_navigator connected with bond.
[lifecycle_manager-12] [INFO] [1784044613.062690503] [lifecycle_manager_navigation]: [34m[1mActivating waypoint_follower[0m[0m
[waypoint_follower-11] [INFO] [1784044613.063684329] [waypoint_follower]: Activating
[waypoint_follower-11] [INFO] [1784044613.063833051] [waypoint_follower]: Creating bond (waypoint_follower) to lifecycle manager.
[lifecycle_manager-12] [INFO] [1784044613.190346895] [lifecycle_manager_navigation]: Server waypoint_follower connected with bond.
[lifecycle_manager-12] [INFO] [1784044613.190457022] [lifecycle_manager_navigation]: [34m[1mManaged nodes are active[0m[0m
[lifecycle_manager-12] [INFO] [1784044613.190503944] [lifecycle_manager_navigation]: [34m[1mCreating bond timer...[0m[0m
[costmap_to_grid-14] [INFO] [1784044616.471300474] [costmap_to_grid]: Publishing /global_costmap_grid and /local_costmap_grid for RViz
[rviz2-6] [INFO] [1784044657.010654108] [rviz2]: Setting goal pose: Frame:map, Position(0.552382, 0.0923515, 0), Orientation(0, 0, -0.0300051, 0.99955) = Angle: -0.0600192
[bt_navigator-10] [INFO] [1784044657.023559851] [bt_navigator]: Begin navigating from current location (0.32, 0.06) to (0.55, 0.09)
[goal_pose_to_nav2-13] [INFO] [1784044657.049317804] [goal_pose_to_nav2]: Received goal (0.55, 0.09) in frame 'map'
[bt_navigator-10] [WARN] [1784044657.070540578] [bt_navigator_navigate_to_pose_rclcpp_node]: Timed out while waiting for action server to acknowledge goal request for compute_path_to_pose
[bt_navigator-10] [WARN] [1784044657.082981558] [bt_navigator]: [navigate_to_pose] [ActionServer] Aborting handle.
[bt_navigator-10] [ERROR] [1784044657.092063626] [bt_navigator]: Goal failed
[bt_navigator-10] [INFO] [1784044657.107424195] [bt_navigator]: Begin navigating from current location (0.32, 0.06) to (0.55, 0.09)
[controller_server-7] [INFO] [1784044657.136480540] [controller_server]: Received a goal, begin computing control effort.
[controller_server-7] [WARN] [1784044657.147588000] [controller_server]: No goal checker was specified in parameter 'current_goal_checker'. Server will use only plugin loaded goal_checker . This warning will appear once.
[controller_server-7] [WARN] [1784044657.147741293] [controller_server]: No progress checker was specified in parameter 'current_progress_checker'. Server will use only plugin loaded progress_checker . This warning will appear once.
[controller_server-7] [INFO] [1784044657.172472240] [controller_server]: Reached the goal!
[bt_navigator-10] [INFO] [1784044657.194372304] [bt_navigator]: Goal succeeded
