[INFO] [launch]: All log files can be found below /home/gsing/2026Gsing/2026_Gsing-second_ROS/logs/ros/2026-07-15-10-55-08-652914-gsing-5191
[INFO] [launch]: Default logging verbosity is set to INFO
[INFO] [static_transform_publisher-1]: process started with pid [5329]
[INFO] [static_transform_publisher-2]: process started with pid [5332]
[INFO] [static_transform_publisher-3]: process started with pid [5333]
[INFO] [map_server-4]: process started with pid [5334]
[static_transform_publisher-1] [INFO] [1784084109.565981271] [static_tf_caminit_odom]: Spinning until stopped - publishing transform
[static_transform_publisher-1] translation: ('0.000000', '0.000000', '0.000000')
[static_transform_publisher-1] rotation: ('0.000000', '0.000000', '0.000000', '1.000000')
[static_transform_publisher-1] from 'camera_init' to 'odom'
[static_transform_publisher-3] [INFO] [1784084109.692515428] [static_tf_baselink_lidar]: Spinning until stopped - publishing transform
[static_transform_publisher-3] translation: ('0.000000', '0.000000', '0.000000')
[static_transform_publisher-3] rotation: ('0.000000', '0.000000', '0.000000', '1.000000')
[static_transform_publisher-3] from 'base_link' to 'unilidar_lidar'
[static_transform_publisher-2] [INFO] [1784084109.734546598] [static_tf_body_baselink]: Spinning until stopped - publishing transform
[static_transform_publisher-2] translation: ('0.000000', '0.000000', '0.000000')
[static_transform_publisher-2] rotation: ('0.000000', '0.000000', '0.000000', '1.000000')
[static_transform_publisher-2] from 'base_link' to 'body'
[map_server-4] [INFO] [1784084110.181255333] [map_server]: 
[map_server-4] 	map_server lifecycle node launched. 
[map_server-4] 	Waiting on external lifecycle transitions to activate
[map_server-4] 	See https://design.ros2.org/articles/node_lifecycle.html for more information.
[map_server-4] [INFO] [1784084110.187246407] [map_server]: Creating
[INFO] [controller_server-5]: process started with pid [5494]
[INFO] [planner_server-6]: process started with pid [5495]
[INFO] [behavior_server-7]: process started with pid [5496]
[INFO] [bt_navigator-8]: process started with pid [5497]
[INFO] [waypoint_follower-9]: process started with pid [5498]
[INFO] [lifecycle_manager-10]: process started with pid [5499]
[INFO] [costmap_to_grid-11]: process started with pid [5500]
[waypoint_follower-9] [INFO] [1784084114.770582399] [waypoint_follower]: 
[waypoint_follower-9] 	waypoint_follower lifecycle node launched. 
[waypoint_follower-9] 	Waiting on external lifecycle transitions to activate
[waypoint_follower-9] 	See https://design.ros2.org/articles/node_lifecycle.html for more information.
[waypoint_follower-9] [INFO] [1784084114.793878227] [waypoint_follower]: Creating
[controller_server-5] [INFO] [1784084114.988972226] [controller_server]: 
[controller_server-5] 	controller_server lifecycle node launched. 
[controller_server-5] 	Waiting on external lifecycle transitions to activate
[controller_server-5] 	See https://design.ros2.org/articles/node_lifecycle.html for more information.
[lifecycle_manager-10] [INFO] [1784084115.073661579] [lifecycle_manager_navigation]: Creating
[controller_server-5] [INFO] [1784084115.143803946] [controller_server]: Creating controller server
[lifecycle_manager-10] [INFO] [1784084115.252817192] [lifecycle_manager_navigation]: [34m[1mCreating and initializing lifecycle service clients[0m[0m
[bt_navigator-8] [INFO] [1784084115.286691053] [bt_navigator]: 
[bt_navigator-8] 	bt_navigator lifecycle node launched. 
[bt_navigator-8] 	Waiting on external lifecycle transitions to activate
[bt_navigator-8] 	See https://design.ros2.org/articles/node_lifecycle.html for more information.
[controller_server-5] [INFO] [1784084115.373888463] [local_costmap.local_costmap]: 
[controller_server-5] 	local_costmap lifecycle node launched. 
[controller_server-5] 	Waiting on external lifecycle transitions to activate
[controller_server-5] 	See https://design.ros2.org/articles/node_lifecycle.html for more information.
[controller_server-5] [INFO] [1784084115.388535829] [local_costmap.local_costmap]: Creating Costmap
[bt_navigator-8] [INFO] [1784084115.430684134] [bt_navigator]: Creating
[planner_server-6] [INFO] [1784084115.556616918] [planner_server]: 
[planner_server-6] 	planner_server lifecycle node launched. 
[planner_server-6] 	Waiting on external lifecycle transitions to activate
[planner_server-6] 	See https://design.ros2.org/articles/node_lifecycle.html for more information.
[planner_server-6] [INFO] [1784084115.596095056] [planner_server]: Creating
[behavior_server-7] [INFO] [1784084115.700287537] [behavior_server]: 
[behavior_server-7] 	behavior_server lifecycle node launched. 
[behavior_server-7] 	Waiting on external lifecycle transitions to activate
[behavior_server-7] 	See https://design.ros2.org/articles/node_lifecycle.html for more information.
[lifecycle_manager-10] [INFO] [1784084115.726543181] [lifecycle_manager_navigation]: [34m[1mStarting managed nodes bringup...[0m[0m
[lifecycle_manager-10] [INFO] [1784084115.726719422] [lifecycle_manager_navigation]: [34m[1mConfiguring map_server[0m[0m
[map_server-4] [INFO] [1784084115.729724038] [map_server]: Configuring
[map_server-4] [INFO] [1784084115.729901564] [map_io]: Loading yaml file: /home/gsing/2026Gsing/2026_Gsing-second_ROS/map/PCD33.yaml
[map_server-4] [INFO] [1784084115.733228654] [map_io]: resolution: 0.05
[map_server-4] [INFO] [1784084115.733341793] [map_io]: origin[0]: -0.061
[map_server-4] [INFO] [1784084115.733393029] [map_io]: origin[1]: -1.391
[map_server-4] [INFO] [1784084115.733466079] [map_io]: origin[2]: 0
[map_server-4] [INFO] [1784084115.733505255] [map_io]: free_thresh: 0.196
[map_server-4] [INFO] [1784084115.733530849] [map_io]: occupied_thresh: 0.65
[map_server-4] [INFO] [1784084115.733559803] [map_io]: mode: trinary
[map_server-4] [INFO] [1784084115.733586969] [map_io]: negate: 0
[map_server-4] [INFO] [1784084115.779044053] [map_io]: Loading image_file: /home/gsing/2026Gsing/2026_Gsing-second_ROS/map/PCD33.pgm
[map_server-4] [INFO] [1784084115.796030101] [map_io]: Read map /home/gsing/2026Gsing/2026_Gsing-second_ROS/map/PCD33.pgm: 95 X 56 map @ 0.05 m/cell
[planner_server-6] [INFO] [1784084115.827840346] [global_costmap.global_costmap]: 
[planner_server-6] 	global_costmap lifecycle node launched. 
[planner_server-6] 	Waiting on external lifecycle transitions to activate
[planner_server-6] 	See https://design.ros2.org/articles/node_lifecycle.html for more information.
[planner_server-6] [INFO] [1784084115.838586601] [global_costmap.global_costmap]: Creating Costmap
[lifecycle_manager-10] [INFO] [1784084115.929992441] [lifecycle_manager_navigation]: [34m[1mConfiguring controller_server[0m[0m
[controller_server-5] [INFO] [1784084115.931158962] [controller_server]: Configuring controller interface
[controller_server-5] [INFO] [1784084115.931237112] [controller_server]: getting progress checker plugins..
[controller_server-5] [INFO] [1784084115.935075624] [controller_server]: getting goal checker plugins..
[controller_server-5] [INFO] [1784084115.937789912] [controller_server]: Controller frequency set to 20.0000Hz
[controller_server-5] [INFO] [1784084115.940765802] [local_costmap.local_costmap]: Configuring
[controller_server-5] [INFO] [1784084116.034575306] [local_costmap.local_costmap]: Using plugin "static_layer"
[controller_server-5] [INFO] [1784084116.123785306] [local_costmap.local_costmap]: Subscribing to the map topic (/map) with transient local durability
[controller_server-5] [INFO] [1784084116.138507439] [local_costmap.local_costmap]: Initialized plugin "static_layer"
[controller_server-5] [INFO] [1784084116.317312535] [controller_server]: Created progress_checker : progress_checker of type nav2_controller::SimpleProgressChecker
[controller_server-5] [INFO] [1784084116.322802038] [controller_server]: Controller Server has progress_checker  progress checkers available.
[controller_server-5] [INFO] [1784084116.327272714] [controller_server]: Created goal checker : goal_checker of type nav2_controller::SimpleGoalChecker
[controller_server-5] [INFO] [1784084116.333787464] [controller_server]: Controller Server has goal_checker  goal checkers available.
[controller_server-5] [INFO] [1784084116.346538082] [controller_server]: Created controller : FollowPath of type nav2_regulated_pure_pursuit_controller::RegulatedPurePursuitController
[controller_server-5] [INFO] [1784084116.408351992] [controller_server]: Controller Server has FollowPath  controllers available.
[lifecycle_manager-10] [INFO] [1784084116.462673159] [lifecycle_manager_navigation]: [34m[1mConfiguring planner_server[0m[0m
[planner_server-6] [INFO] [1784084116.468844820] [planner_server]: Configuring
[planner_server-6] [INFO] [1784084116.468958595] [global_costmap.global_costmap]: Configuring
[planner_server-6] [INFO] [1784084116.518986875] [global_costmap.global_costmap]: Using plugin "static_layer"
[planner_server-6] [INFO] [1784084116.567881486] [global_costmap.global_costmap]: Subscribing to the map topic (/map) with transient local durability
[planner_server-6] [INFO] [1784084116.578631527] [global_costmap.global_costmap]: Initialized plugin "static_layer"
[planner_server-6] [INFO] [1784084116.773042089] [planner_server]: Created global planner plugin GridBased of type nav2_navfn_planner::NavfnPlanner
[planner_server-6] [INFO] [1784084116.773256092] [planner_server]: Configuring plugin GridBased of type NavfnPlanner
[planner_server-6] [INFO] [1784084116.791876211] [planner_server]: Planner Server has GridBased  planners available.
[lifecycle_manager-10] [INFO] [1784084116.904070514] [lifecycle_manager_navigation]: [34m[1mConfiguring behavior_server[0m[0m
[behavior_server-7] [INFO] [1784084116.904997284] [behavior_server]: Configuring
[behavior_server-7] [INFO] [1784084116.949622070] [behavior_server]: Creating behavior plugin spin of type nav2_behaviors::Spin
[behavior_server-7] [INFO] [1784084116.956949551] [behavior_server]: Creating behavior plugin backup of type nav2_behaviors::BackUp
[behavior_server-7] [INFO] [1784084116.965366666] [behavior_server]: Creating behavior plugin drive_on_heading of type nav2_behaviors::DriveOnHeading
[behavior_server-7] [INFO] [1784084116.971949774] [behavior_server]: Creating behavior plugin wait of type nav2_behaviors::Wait
[behavior_server-7] [INFO] [1784084117.020805708] [behavior_server]: Configuring spin
[behavior_server-7] [INFO] [1784084117.059232522] [behavior_server]: Configuring backup
[behavior_server-7] [INFO] [1784084117.100619327] [behavior_server]: Configuring drive_on_heading
[behavior_server-7] [INFO] [1784084117.142072834] [behavior_server]: Configuring wait
[lifecycle_manager-10] [INFO] [1784084117.173566685] [lifecycle_manager_navigation]: [34m[1mConfiguring bt_navigator[0m[0m
[bt_navigator-8] [INFO] [1784084117.174806164] [bt_navigator]: Configuring
[bt_navigator-8] [INFO] [1784084117.285668612] [bt_navigator]: Creating navigator id navigate_to_pose of type nav2_bt_navigator::NavigateToPoseNavigator
[bt_navigator-8] [WARN] [1784084117.349380673] [bt_navigator]: Error_code parameters were not set. Using default values of: follow_path_error_code compute_path_error_code
[bt_navigator-8] Make sure these match your BT and there are not other sources of error codes youreported to your application
[bt_navigator-8] [INFO] [1784084118.191405101] [bt_navigator]: Creating navigator id navigate_through_poses of type nav2_bt_navigator::NavigateThroughPosesNavigator
[lifecycle_manager-10] [INFO] [1784084118.439109377] [lifecycle_manager_navigation]: [34m[1mConfiguring waypoint_follower[0m[0m
[waypoint_follower-9] [INFO] [1784084118.440639032] [waypoint_follower]: Configuring
[waypoint_follower-9] [INFO] [1784084118.592739578] [waypoint_follower]: Created waypoint_task_executor : wait_at_waypoint of type nav2_waypoint_follower::WaitAtWaypoint
[waypoint_follower-9] [INFO] [1784084118.599719674] [waypoint_follower]: Waypoint pause duration is set to zero, disabling task executor plugin.
[lifecycle_manager-10] [INFO] [1784084118.603399109] [lifecycle_manager_navigation]: [34m[1mActivating map_server[0m[0m
[map_server-4] [INFO] [1784084118.607593713] [map_server]: Activating
[map_server-4] [INFO] [1784084118.607945262] [map_server]: Creating bond (map_server) to lifecycle manager.
[controller_server-5] [INFO] [1784084118.609495592] [local_costmap.local_costmap]: StaticLayer: Resizing static layer to 95 X 56 at 0.050000 m/pix
[planner_server-6] [INFO] [1784084118.609605492] [global_costmap.global_costmap]: StaticLayer: Resizing costmap to 95 X 56 at 0.050000 m/pix
[lifecycle_manager-10] [INFO] [1784084118.728267444] [lifecycle_manager_navigation]: Server map_server connected with bond.
[lifecycle_manager-10] [INFO] [1784084118.728407113] [lifecycle_manager_navigation]: [34m[1mActivating controller_server[0m[0m
[controller_server-5] [INFO] [1784084118.729090089] [controller_server]: Activating
[controller_server-5] [INFO] [1784084118.729204872] [local_costmap.local_costmap]: Activating
[controller_server-5] [INFO] [1784084118.729247205] [local_costmap.local_costmap]: Checking transform
[controller_server-5] [INFO] [1784084118.729384594] [local_costmap.local_costmap]: Timed out waiting for transform from base_link to map to become available, tf error: Could not find a connection between 'map' and 'base_link' because they are not part of the same tree.Tf has two or more unconnected trees.
[controller_server-5] [INFO] [1784084119.229482232] [local_costmap.local_costmap]: Timed out waiting for transform from base_link to map to become available, tf error: Could not find a connection between 'map' and 'base_link' because they are not part of the same tree.Tf has two or more unconnected trees.
[costmap_to_grid-11] [INFO] [1784084119.636000041] [costmap_to_grid]: Publishing /global_costmap_grid and /local_costmap_grid for RViz
[controller_server-5] [INFO] [1784084119.729463310] [local_costmap.local_costmap]: Timed out waiting for transform from base_link to map to become available, tf error: Could not find a connection between 'map' and 'base_link' because they are not part of the same tree.Tf has two or more unconnected trees.
[controller_server-5] [INFO] [1784084120.229450241] [local_costmap.local_costmap]: Timed out waiting for transform from base_link to map to become available, tf error: Could not find a connection between 'map' and 'base_link' because they are not part of the same tree.Tf has two or more unconnected trees.
[controller_server-5] [INFO] [1784084120.729438019] [local_costmap.local_costmap]: Timed out waiting for transform from base_link to map to become available, tf error: Could not find a connection between 'map' and 'base_link' because they are not part of the same tree.Tf has two or more unconnected trees.
[controller_server-5] [INFO] [1784084121.229433734] [local_costmap.local_costmap]: Timed out waiting for transform from base_link to map to become available, tf error: Could not find a connection between 'map' and 'base_link' because they are not part of the same tree.Tf has two or more unconnected trees.
[controller_server-5] [INFO] [1784084121.729438188] [local_costmap.local_costmap]: Timed out waiting for transform from base_link to map to become available, tf error: Could not find a connection between 'map' and 'base_link' because they are not part of the same tree.Tf has two or more unconnected trees.
[controller_server-5] [INFO] [1784084122.229408810] [local_costmap.local_costmap]: Timed out waiting for transform from base_link to map to become available, tf error: Could not find a connection between 'map' and 'base_link' because they are not part of the same tree.Tf has two or more unconnected trees.
[controller_server-5] [INFO] [1784084122.729480452] [local_costmap.local_costmap]: Timed out waiting for transform from base_link to map to become available, tf error: Could not find a connection between 'map' and 'base_link' because they are not part of the same tree.Tf has two or more unconnected trees.
[controller_server-5] [INFO] [1784084123.229603753] [local_costmap.local_costmap]: Timed out waiting for transform from base_link to map to become available, tf error: Could not find a connection between 'map' and 'base_link' because they are not part of the same tree.Tf has two or more unconnected trees.
[controller_server-5] [INFO] [1784084123.729433081] [local_costmap.local_costmap]: Timed out waiting for transform from base_link to map to become available, tf error: Could not find a connection between 'map' and 'base_link' because they are not part of the same tree.Tf has two or more unconnected trees.
[controller_server-5] [INFO] [1784084124.229505272] [local_costmap.local_costmap]: Timed out waiting for transform from base_link to map to become available, tf error: Could not find a connection between 'map' and 'base_link' because they are not part of the same tree.Tf has two or more unconnected trees.
[controller_server-5] [INFO] [1784084124.729483669] [local_costmap.local_costmap]: Timed out waiting for transform from base_link to map to become available, tf error: Could not find a connection between 'map' and 'base_link' because they are not part of the same tree.Tf has two or more unconnected trees.
[controller_server-5] [INFO] [1784084125.229450364] [local_costmap.local_costmap]: Timed out waiting for transform from base_link to map to become available, tf error: Could not find a connection between 'map' and 'base_link' because they are not part of the same tree.Tf has two or more unconnected trees.
[controller_server-5] [INFO] [1784084125.729447466] [local_costmap.local_costmap]: Timed out waiting for transform from base_link to map to become available, tf error: Could not find a connection between 'map' and 'base_link' because they are not part of the same tree.Tf has two or more unconnected trees.
[controller_server-5] [INFO] [1784084126.229503669] [local_costmap.local_costmap]: Timed out waiting for transform from base_link to map to become available, tf error: Could not find a connection between 'map' and 'base_link' because they are not part of the same tree.Tf has two or more unconnected trees.
[controller_server-5] [INFO] [1784084126.729447605] [local_costmap.local_costmap]: Timed out waiting for transform from base_link to map to become available, tf error: Could not find a connection between 'map' and 'base_link' because they are not part of the same tree.Tf has two or more unconnected trees.
[controller_server-5] [INFO] [1784084127.229717768] [local_costmap.local_costmap]: Timed out waiting for transform from base_link to map to become available, tf error: Could not find a connection between 'map' and 'base_link' because they are not part of the same tree.Tf has two or more unconnected trees.
