[INFO] [launch]: All log files can be found below /home/gsing/2026Gsing/2026_Gsing-second_ROS/logs/ros/2026-07-14-19-16-08-757362-gsing-4615
[INFO] [launch]: Default logging verbosity is set to INFO
[INFO] [static_transform_publisher-1]: process started with pid [4752]
[INFO] [static_transform_publisher-2]: process started with pid [4753]
[INFO] [static_transform_publisher-3]: process started with pid [4754]
[INFO] [static_transform_publisher-4]: process started with pid [4755]
[INFO] [map_server-5]: process started with pid [4756]
[static_transform_publisher-4] [INFO] [1784027769.818018813] [static_tf_baselink_lidar]: Spinning until stopped - publishing transform
[static_transform_publisher-4] translation: ('0.000000', '0.000000', '0.000000')
[static_transform_publisher-4] rotation: ('0.000000', '0.000000', '0.000000', '1.000000')
[static_transform_publisher-4] from 'base_link' to 'unilidar_lidar'
[static_transform_publisher-1] [INFO] [1784027770.016295543] [static_tf_caminit_odom]: Spinning until stopped - publishing transform
[static_transform_publisher-1] translation: ('0.000000', '0.000000', '0.000000')
[static_transform_publisher-1] rotation: ('0.000000', '0.000000', '0.000000', '1.000000')
[static_transform_publisher-1] from 'camera_init' to 'odom'
[static_transform_publisher-2] [INFO] [1784027770.024305949] [static_tf_camerainit_baselink]: Spinning until stopped - publishing transform
[static_transform_publisher-2] translation: ('0.000000', '0.000000', '0.000000')
[static_transform_publisher-2] rotation: ('0.000000', '0.000000', '0.000000', '1.000000')
[static_transform_publisher-2] from 'camera_init' to 'base_link'
[static_transform_publisher-3] [INFO] [1784027770.037078510] [static_tf_body_baselink]: Spinning until stopped - publishing transform
[static_transform_publisher-3] translation: ('0.000000', '0.000000', '0.000000')
[static_transform_publisher-3] rotation: ('0.000000', '0.000000', '0.000000', '1.000000')
[static_transform_publisher-3] from 'base_link' to 'body'
[map_server-5] [INFO] [1784027770.461328094] [map_server]: 
[map_server-5] 	map_server lifecycle node launched. 
[map_server-5] 	Waiting on external lifecycle transitions to activate
[map_server-5] 	See https://design.ros2.org/articles/node_lifecycle.html for more information.
[map_server-5] [INFO] [1784027770.461668739] [map_server]: Creating
[INFO] [controller_server-6]: process started with pid [4912]
[INFO] [planner_server-7]: process started with pid [4913]
[INFO] [behavior_server-8]: process started with pid [4914]
[INFO] [bt_navigator-9]: process started with pid [4915]
[INFO] [waypoint_follower-10]: process started with pid [4916]
[INFO] [lifecycle_manager-11]: process started with pid [4917]
[INFO] [goal_pose_to_nav2-12]: process started with pid [4918]
[INFO] [costmap_to_grid-13]: process started with pid [4919]
[bt_navigator-9] [INFO] [1784027775.601966137] [bt_navigator]: 
[bt_navigator-9] 	bt_navigator lifecycle node launched. 
[bt_navigator-9] 	Waiting on external lifecycle transitions to activate
[bt_navigator-9] 	See https://design.ros2.org/articles/node_lifecycle.html for more information.
[bt_navigator-9] [INFO] [1784027776.043984898] [bt_navigator]: Creating
[lifecycle_manager-11] [INFO] [1784027776.250491551] [lifecycle_manager_navigation]: Creating
[controller_server-6] [INFO] [1784027776.323512543] [controller_server]: 
[controller_server-6] 	controller_server lifecycle node launched. 
[controller_server-6] 	Waiting on external lifecycle transitions to activate
[controller_server-6] 	See https://design.ros2.org/articles/node_lifecycle.html for more information.
[behavior_server-8] [INFO] [1784027776.398137739] [behavior_server]: 
[behavior_server-8] 	behavior_server lifecycle node launched. 
[behavior_server-8] 	Waiting on external lifecycle transitions to activate
[behavior_server-8] 	See https://design.ros2.org/articles/node_lifecycle.html for more information.
[controller_server-6] [INFO] [1784027776.530025411] [controller_server]: Creating controller server
[waypoint_follower-10] [INFO] [1784027776.530858719] [waypoint_follower]: 
[waypoint_follower-10] 	waypoint_follower lifecycle node launched. 
[waypoint_follower-10] 	Waiting on external lifecycle transitions to activate
[waypoint_follower-10] 	See https://design.ros2.org/articles/node_lifecycle.html for more information.
[waypoint_follower-10] [INFO] [1784027776.564892527] [waypoint_follower]: Creating
[lifecycle_manager-11] [INFO] [1784027776.582989288] [lifecycle_manager_navigation]: [34m[1mCreating and initializing lifecycle service clients[0m[0m
[planner_server-7] [INFO] [1784027776.735052815] [planner_server]: 
[planner_server-7] 	planner_server lifecycle node launched. 
[planner_server-7] 	Waiting on external lifecycle transitions to activate
[planner_server-7] 	See https://design.ros2.org/articles/node_lifecycle.html for more information.
[planner_server-7] [INFO] [1784027776.772588396] [planner_server]: Creating
[lifecycle_manager-11] [INFO] [1784027776.913721852] [lifecycle_manager_navigation]: [34m[1mStarting managed nodes bringup...[0m[0m
[lifecycle_manager-11] [INFO] [1784027776.913871701] [lifecycle_manager_navigation]: [34m[1mConfiguring map_server[0m[0m
[map_server-5] [INFO] [1784027776.919006974] [map_server]: Configuring
[map_server-5] [INFO] [1784027776.919194616] [map_io]: Loading yaml file: /home/gsing/2026Gsing/2026_Gsing-second_ROS/map/PCD20.yaml
[map_server-5] [INFO] [1784027776.924732376] [map_io]: resolution: 0.05
[map_server-5] [INFO] [1784027776.924797408] [map_io]: origin[0]: -0.171
[map_server-5] [INFO] [1784027776.924826125] [map_io]: origin[1]: -1.3
[map_server-5] [INFO] [1784027776.924850419] [map_io]: origin[2]: 0
[map_server-5] [INFO] [1784027776.924875338] [map_io]: free_thresh: 0.196
[map_server-5] [INFO] [1784027776.924900137] [map_io]: occupied_thresh: 0.65
[map_server-5] [INFO] [1784027776.924927688] [map_io]: mode: trinary
[map_server-5] [INFO] [1784027776.924951609] [map_io]: negate: 0
[controller_server-6] [INFO] [1784027776.926740595] [local_costmap.local_costmap]: 
[controller_server-6] 	local_costmap lifecycle node launched. 
[controller_server-6] 	Waiting on external lifecycle transitions to activate
[controller_server-6] 	See https://design.ros2.org/articles/node_lifecycle.html for more information.
[map_server-5] [INFO] [1784027776.969350336] [map_io]: Loading image_file: /home/gsing/2026Gsing/2026_Gsing-second_ROS/map/PCD20.pgm
[controller_server-6] [INFO] [1784027776.972486273] [local_costmap.local_costmap]: Creating Costmap
[map_server-5] [INFO] [1784027777.000292876] [map_io]: Read map /home/gsing/2026Gsing/2026_Gsing-second_ROS/map/PCD20.pgm: 57 X 42 map @ 0.05 m/cell
[planner_server-7] [INFO] [1784027777.037825826] [global_costmap.global_costmap]: 
[planner_server-7] 	global_costmap lifecycle node launched. 
[planner_server-7] 	Waiting on external lifecycle transitions to activate
[planner_server-7] 	See https://design.ros2.org/articles/node_lifecycle.html for more information.
[planner_server-7] [INFO] [1784027777.057733037] [global_costmap.global_costmap]: Creating Costmap
[lifecycle_manager-11] [INFO] [1784027777.216537406] [lifecycle_manager_navigation]: [34m[1mConfiguring controller_server[0m[0m
[controller_server-6] [INFO] [1784027777.220084815] [controller_server]: Configuring controller interface
[controller_server-6] [INFO] [1784027777.220167617] [controller_server]: getting progress checker plugins..
[controller_server-6] [INFO] [1784027777.220799811] [controller_server]: getting goal checker plugins..
[controller_server-6] [INFO] [1784027777.221764970] [controller_server]: Controller frequency set to 20.0000Hz
[controller_server-6] [INFO] [1784027777.221948281] [local_costmap.local_costmap]: Configuring
[controller_server-6] [INFO] [1784027777.243123545] [local_costmap.local_costmap]: Using plugin "static_layer"
[controller_server-6] [INFO] [1784027777.316539953] [local_costmap.local_costmap]: Subscribing to the map topic (/map) with transient local durability
[controller_server-6] [INFO] [1784027777.323090932] [local_costmap.local_costmap]: Initialized plugin "static_layer"
[controller_server-6] [INFO] [1784027777.432648845] [controller_server]: Created progress_checker : progress_checker of type nav2_controller::SimpleProgressChecker
[controller_server-6] [INFO] [1784027777.436686387] [controller_server]: Controller Server has progress_checker  progress checkers available.
[controller_server-6] [INFO] [1784027777.440523215] [controller_server]: Created goal checker : goal_checker of type nav2_controller::SimpleGoalChecker
[controller_server-6] [INFO] [1784027777.446163182] [controller_server]: Controller Server has goal_checker  goal checkers available.
[controller_server-6] [INFO] [1784027777.459905856] [controller_server]: Created controller : FollowPath of type nav2_regulated_pure_pursuit_controller::RegulatedPurePursuitController
[controller_server-6] [INFO] [1784027777.512856587] [controller_server]: Controller Server has FollowPath  controllers available.
[lifecycle_manager-11] [INFO] [1784027777.551963141] [lifecycle_manager_navigation]: [34m[1mConfiguring planner_server[0m[0m
[planner_server-7] [INFO] [1784027777.556767303] [planner_server]: Configuring
[planner_server-7] [INFO] [1784027777.556895528] [global_costmap.global_costmap]: Configuring
[planner_server-7] [INFO] [1784027777.683258918] [global_costmap.global_costmap]: Using plugin "static_layer"
[planner_server-7] [INFO] [1784027777.765875406] [global_costmap.global_costmap]: Subscribing to the map topic (/map) with transient local durability
[planner_server-7] [INFO] [1784027777.797084440] [global_costmap.global_costmap]: Initialized plugin "static_layer"
[planner_server-7] [INFO] [1784027778.110782047] [planner_server]: Created global planner plugin GridBased of type nav2_navfn_planner::NavfnPlanner
[planner_server-7] [INFO] [1784027778.123847285] [planner_server]: Configuring plugin GridBased of type NavfnPlanner
[planner_server-7] [INFO] [1784027778.143229440] [planner_server]: Planner Server has GridBased  planners available.
[lifecycle_manager-11] [INFO] [1784027778.263885643] [lifecycle_manager_navigation]: [34m[1mConfiguring behavior_server[0m[0m
[behavior_server-8] [INFO] [1784027778.264821672] [behavior_server]: Configuring
[behavior_server-8] [INFO] [1784027778.336548417] [behavior_server]: Creating behavior plugin spin of type nav2_behaviors::Spin
[behavior_server-8] [INFO] [1784027778.349137048] [behavior_server]: Creating behavior plugin backup of type nav2_behaviors::BackUp
[behavior_server-8] [INFO] [1784027778.373745867] [behavior_server]: Creating behavior plugin drive_on_heading of type nav2_behaviors::DriveOnHeading
[behavior_server-8] [INFO] [1784027778.392662916] [behavior_server]: Creating behavior plugin wait of type nav2_behaviors::Wait
[behavior_server-8] [INFO] [1784027778.576377277] [behavior_server]: Configuring spin
[behavior_server-8] [INFO] [1784027778.728988173] [behavior_server]: Configuring backup
[behavior_server-8] [INFO] [1784027778.811349488] [behavior_server]: Configuring drive_on_heading
[behavior_server-8] [INFO] [1784027778.934163022] [behavior_server]: Configuring wait
[lifecycle_manager-11] [INFO] [1784027779.012976821] [lifecycle_manager_navigation]: [34m[1mConfiguring bt_navigator[0m[0m
[bt_navigator-9] [INFO] [1784027779.020199940] [bt_navigator]: Configuring
[bt_navigator-9] [INFO] [1784027779.187663696] [bt_navigator]: Creating navigator id navigate_to_pose of type nav2_bt_navigator::NavigateToPoseNavigator
[bt_navigator-9] [WARN] [1784027779.278980254] [bt_navigator]: Error_code parameters were not set. Using default values of: follow_path_error_code compute_path_error_code
[bt_navigator-9] Make sure these match your BT and there are not other sources of error codes youreported to your application
[bt_navigator-9] [INFO] [1784027780.403716038] [bt_navigator]: Creating navigator id navigate_through_poses of type nav2_bt_navigator::NavigateThroughPosesNavigator
[lifecycle_manager-11] [INFO] [1784027780.697012736] [lifecycle_manager_navigation]: [34m[1mConfiguring waypoint_follower[0m[0m
[waypoint_follower-10] [INFO] [1784027780.697878960] [waypoint_follower]: Configuring
[waypoint_follower-10] [INFO] [1784027780.875194727] [waypoint_follower]: Created waypoint_task_executor : wait_at_waypoint of type nav2_waypoint_follower::WaitAtWaypoint
[waypoint_follower-10] [INFO] [1784027780.879248455] [waypoint_follower]: Waypoint pause duration is set to zero, disabling task executor plugin.
[lifecycle_manager-11] [INFO] [1784027780.883709297] [lifecycle_manager_navigation]: [34m[1mActivating map_server[0m[0m
[map_server-5] [INFO] [1784027780.884674226] [map_server]: Activating
[map_server-5] [INFO] [1784027780.885006404] [map_server]: Creating bond (map_server) to lifecycle manager.
[planner_server-7] [INFO] [1784027780.885740553] [global_costmap.global_costmap]: StaticLayer: Resizing costmap to 57 X 42 at 0.050000 m/pix
[controller_server-6] [INFO] [1784027780.886513696] [local_costmap.local_costmap]: StaticLayer: Resizing costmap to 57 X 42 at 0.050000 m/pix
[lifecycle_manager-11] [INFO] [1784027781.013161666] [lifecycle_manager_navigation]: Server map_server connected with bond.
[lifecycle_manager-11] [INFO] [1784027781.013276261] [lifecycle_manager_navigation]: [34m[1mActivating controller_server[0m[0m
[controller_server-6] [INFO] [1784027781.014508549] [controller_server]: Activating
[controller_server-6] [INFO] [1784027781.014626016] [local_costmap.local_costmap]: Activating
[controller_server-6] [INFO] [1784027781.014676050] [local_costmap.local_costmap]: Checking transform
[controller_server-6] [INFO] [1784027781.015024510] [local_costmap.local_costmap]: start
[controller_server-6] [INFO] [1784027781.073306666] [controller_server]: Activating controller: FollowPath of type regulated_pure_pursuit_controller::RegulatedPurePursuitController
[controller_server-6] [INFO] [1784027781.073461623] [controller_server]: Creating bond (controller_server) to lifecycle manager.
[lifecycle_manager-11] [INFO] [1784027781.226745109] [lifecycle_manager_navigation]: Server controller_server connected with bond.
[lifecycle_manager-11] [INFO] [1784027781.226856208] [lifecycle_manager_navigation]: [34m[1mActivating planner_server[0m[0m
[planner_server-7] [INFO] [1784027781.231846987] [planner_server]: Activating
[planner_server-7] [INFO] [1784027781.232006462] [global_costmap.global_costmap]: Activating
[planner_server-7] [INFO] [1784027781.232051990] [global_costmap.global_costmap]: Checking transform
[planner_server-7] [INFO] [1784027781.232395464] [global_costmap.global_costmap]: start
[planner_server-7] [INFO] [1784027781.282756975] [planner_server]: Activating plugin GridBased of type NavfnPlanner
[planner_server-7] [INFO] [1784027781.289766625] [planner_server]: Creating bond (planner_server) to lifecycle manager.
[lifecycle_manager-11] [INFO] [1784027781.431771175] [lifecycle_manager_navigation]: Server planner_server connected with bond.
[lifecycle_manager-11] [INFO] [1784027781.431904227] [lifecycle_manager_navigation]: [34m[1mActivating behavior_server[0m[0m
[behavior_server-8] [INFO] [1784027781.432708857] [behavior_server]: Activating
[behavior_server-8] [INFO] [1784027781.432784822] [behavior_server]: Activating spin
[behavior_server-8] [INFO] [1784027781.432836190] [behavior_server]: Activating backup
[behavior_server-8] [INFO] [1784027781.432885022] [behavior_server]: Activating drive_on_heading
[behavior_server-8] [INFO] [1784027781.432932497] [behavior_server]: Activating wait
[behavior_server-8] [INFO] [1784027781.432990509] [behavior_server]: Creating bond (behavior_server) to lifecycle manager.
[lifecycle_manager-11] [INFO] [1784027781.586227446] [lifecycle_manager_navigation]: Server behavior_server connected with bond.
[lifecycle_manager-11] [INFO] [1784027781.586330975] [lifecycle_manager_navigation]: [34m[1mActivating bt_navigator[0m[0m
[bt_navigator-9] [INFO] [1784027781.587777674] [bt_navigator]: Activating
[bt_navigator-9] [INFO] [1784027782.175076636] [bt_navigator]: Creating bond (bt_navigator) to lifecycle manager.
[lifecycle_manager-11] [INFO] [1784027782.299602799] [lifecycle_manager_navigation]: Server bt_navigator connected with bond.
[lifecycle_manager-11] [INFO] [1784027782.299718841] [lifecycle_manager_navigation]: [34m[1mActivating waypoint_follower[0m[0m
[waypoint_follower-10] [INFO] [1784027782.300536467] [waypoint_follower]: Activating
[waypoint_follower-10] [INFO] [1784027782.300644927] [waypoint_follower]: Creating bond (waypoint_follower) to lifecycle manager.
[lifecycle_manager-11] [INFO] [1784027782.415657752] [lifecycle_manager_navigation]: Server waypoint_follower connected with bond.
[lifecycle_manager-11] [INFO] [1784027782.415769300] [lifecycle_manager_navigation]: [34m[1mManaged nodes are active[0m[0m
[lifecycle_manager-11] [INFO] [1784027782.415871068] [lifecycle_manager_navigation]: [34m[1mCreating bond timer...[0m[0m
[costmap_to_grid-13] [INFO] [1784027782.867273393] [costmap_to_grid]: Publishing /global_costmap_grid and /local_costmap_grid for RViz
[goal_pose_to_nav2-12] [INFO] [1784027785.794700968] [goal_pose_to_nav2]: Bridge ready: goal_pose -> NavigateToPose (navigate_to_pose)
