[INFO] [launch]: All log files can be found below /home/gsing/2026_Gsing-second_ROS/logs/ros/2026-07-15-23-49-51-558064-gsing-KPADLU4-5111
[INFO] [launch]: Default logging verbosity is set to INFO
[INFO] [static_transform_publisher-1]: process started with pid [5250]
[INFO] [static_transform_publisher-2]: process started with pid [5252]
[INFO] [static_transform_publisher-3]: process started with pid [5255]
[INFO] [map_server-4]: process started with pid [5259]
[INFO] [rviz2-5]: process started with pid [5261]
[static_transform_publisher-1] [INFO] [1784130591.820648097] [static_tf_caminit_odom]: Spinning until stopped - publishing transform
[static_transform_publisher-1] translation: ('0.000000', '0.000000', '0.000000')
[static_transform_publisher-1] rotation: ('0.000000', '0.000000', '0.000000', '1.000000')
[static_transform_publisher-1] from 'camera_init' to 'odom'
[static_transform_publisher-3] [INFO] [1784130591.879118085] [static_tf_baselink_lidar]: Spinning until stopped - publishing transform
[static_transform_publisher-3] translation: ('0.000000', '0.000000', '0.000000')
[static_transform_publisher-3] rotation: ('0.000000', '0.000000', '0.000000', '1.000000')
[static_transform_publisher-3] from 'base_link' to 'unilidar_lidar'
[static_transform_publisher-2] [INFO] [1784130591.879234653] [static_tf_body_baselink]: Spinning until stopped - publishing transform
[static_transform_publisher-2] translation: ('0.000000', '0.000000', '0.000000')
[static_transform_publisher-2] rotation: ('0.000000', '0.000000', '0.000000', '1.000000')
[static_transform_publisher-2] from 'base_link' to 'body'
[rviz2-5] Warning: Ignoring XDG_SESSION_TYPE=wayland on Gnome. Use QT_QPA_PLATFORM=wayland to run on Wayland anyway.
[map_server-4] [INFO] [1784130592.060273861] [map_server]: 
[map_server-4] 	map_server lifecycle node launched. 
[map_server-4] 	Waiting on external lifecycle transitions to activate
[map_server-4] 	See https://design.ros2.org/articles/node_lifecycle.html for more information.
[map_server-4] [INFO] [1784130592.060472029] [map_server]: Creating
[rviz2-5] [INFO] [1784130592.611409340] [rviz2]: Stereo is NOT SUPPORTED
[rviz2-5] [INFO] [1784130592.611540726] [rviz2]: OpenGl version: 4.6 (GLSL 4.6)
[rviz2-5] [INFO] [1784130592.652958250] [rviz2]: Stereo is NOT SUPPORTED
[INFO] [controller_server-6]: process started with pid [5441]
[INFO] [planner_server-7]: process started with pid [5443]
[INFO] [behavior_server-8]: process started with pid [5445]
[INFO] [bt_navigator-9]: process started with pid [5447]
[INFO] [waypoint_follower-10]: process started with pid [5449]
[INFO] [lifecycle_manager-11]: process started with pid [5451]
[INFO] [costmap_to_grid-12]: process started with pid [5454]
[controller_server-6] [INFO] [1784130596.792662542] [controller_server]: 
[controller_server-6] 	controller_server lifecycle node launched. 
[controller_server-6] 	Waiting on external lifecycle transitions to activate
[controller_server-6] 	See https://design.ros2.org/articles/node_lifecycle.html for more information.
[controller_server-6] [INFO] [1784130596.816843705] [controller_server]: Creating controller server
[planner_server-7] [INFO] [1784130596.817988991] [planner_server]: 
[planner_server-7] 	planner_server lifecycle node launched. 
[planner_server-7] 	Waiting on external lifecycle transitions to activate
[planner_server-7] 	See https://design.ros2.org/articles/node_lifecycle.html for more information.
[planner_server-7] [INFO] [1784130596.861748845] [planner_server]: Creating
[controller_server-6] [INFO] [1784130596.863192477] [local_costmap.local_costmap]: 
[controller_server-6] 	local_costmap lifecycle node launched. 
[controller_server-6] 	Waiting on external lifecycle transitions to activate
[controller_server-6] 	See https://design.ros2.org/articles/node_lifecycle.html for more information.
[controller_server-6] [INFO] [1784130596.863826609] [local_costmap.local_costmap]: Creating Costmap
[bt_navigator-9] [INFO] [1784130597.027706232] [bt_navigator]: 
[bt_navigator-9] 	bt_navigator lifecycle node launched. 
[bt_navigator-9] 	Waiting on external lifecycle transitions to activate
[bt_navigator-9] 	See https://design.ros2.org/articles/node_lifecycle.html for more information.
[bt_navigator-9] [INFO] [1784130597.027895030] [bt_navigator]: Creating
[lifecycle_manager-11] [INFO] [1784130597.097927736] [lifecycle_manager_navigation]: Creating
[behavior_server-8] [INFO] [1784130597.099945753] [behavior_server]: 
[behavior_server-8] 	behavior_server lifecycle node launched. 
[behavior_server-8] 	Waiting on external lifecycle transitions to activate
[behavior_server-8] 	See https://design.ros2.org/articles/node_lifecycle.html for more information.
[lifecycle_manager-11] [INFO] [1784130597.159513062] [lifecycle_manager_navigation]: [34m[1mCreating and initializing lifecycle service clients[0m[0m
[planner_server-7] [INFO] [1784130597.167001167] [global_costmap.global_costmap]: 
[planner_server-7] 	global_costmap lifecycle node launched. 
[planner_server-7] 	Waiting on external lifecycle transitions to activate
[planner_server-7] 	See https://design.ros2.org/articles/node_lifecycle.html for more information.
[planner_server-7] [INFO] [1784130597.167792685] [global_costmap.global_costmap]: Creating Costmap
[waypoint_follower-10] [INFO] [1784130597.318835743] [waypoint_follower]: 
[waypoint_follower-10] 	waypoint_follower lifecycle node launched. 
[waypoint_follower-10] 	Waiting on external lifecycle transitions to activate
[waypoint_follower-10] 	See https://design.ros2.org/articles/node_lifecycle.html for more information.
[waypoint_follower-10] [INFO] [1784130597.327267459] [waypoint_follower]: Creating
[lifecycle_manager-11] [INFO] [1784130597.468245230] [lifecycle_manager_navigation]: [34m[1mStarting managed nodes bringup...[0m[0m
[lifecycle_manager-11] [INFO] [1784130597.468328413] [lifecycle_manager_navigation]: [34m[1mConfiguring map_server[0m[0m
[map_server-4] [INFO] [1784130597.472012870] [map_server]: Configuring
[map_server-4] [INFO] [1784130597.472119024] [map_io]: Loading yaml file: /home/gsing/2026_Gsing-second_ROS/map/map.yaml
[lifecycle_manager-11] [ERROR] [1784130597.474910689] [lifecycle_manager_navigation]: Failed to change state for node: map_server
[lifecycle_manager-11] [ERROR] [1784130597.474967587] [lifecycle_manager_navigation]: Failed to bring up all requested nodes. Aborting bringup.
[map_server-4] [INFO] [1784130597.478451351] [map_io]: resolution: 0.05
[map_server-4] [INFO] [1784130597.478652275] [map_io]: origin[0]: -0.131
[map_server-4] [INFO] [1784130597.478663750] [map_io]: origin[1]: -2.121
[map_server-4] [INFO] [1784130597.478671004] [map_io]: origin[2]: 0
[map_server-4] [INFO] [1784130597.478678415] [map_io]: free_thresh: 0.196
[map_server-4] [INFO] [1784130597.478685414] [map_io]: occupied_thresh: 0.65
[map_server-4] [INFO] [1784130597.478694995] [map_io]: mode: trinary
[map_server-4] [INFO] [1784130597.478703576] [map_io]: negate: 0
[map_server-4] [INFO] [1784130597.484299448] [map_io]: Loading image_file: /home/gsing/2026_Gsing-second_ROS/map/map.pgm
[map_server-4] [INFO] [1784130597.492767031] [map_io]: Read map /home/gsing/2026_Gsing-second_ROS/map/map.pgm: 125 X 89 map @ 0.05 m/cell
[costmap_to_grid-12] [INFO] [1784130598.173010320] [costmap_to_grid]: Publishing /global_costmap_grid and /local_costmap_grid for RViz
