[INFO] [launch]: All log files can be found below /home/gsing/2026Gsing/2026_Gsing-second_ROS/logs/ros/2026-07-14-23-53-33-031228-gsing-5791
[INFO] [launch]: Default logging verbosity is set to INFO
[INFO] [static_transform_publisher-1]: process started with pid [5938]
[INFO] [static_transform_publisher-2]: process started with pid [5939]
[INFO] [static_transform_publisher-3]: process started with pid [5940]
[INFO] [static_transform_publisher-4]: process started with pid [5941]
[INFO] [map_server-5]: process started with pid [5942]
[INFO] [rviz2-6]: process started with pid [5943]
[static_transform_publisher-1] [INFO] [1784044414.282500156] [static_tf_caminit_odom]: Spinning until stopped - publishing transform
[static_transform_publisher-1] translation: ('0.000000', '0.000000', '0.000000')
[static_transform_publisher-1] rotation: ('0.000000', '0.000000', '0.000000', '1.000000')
[static_transform_publisher-1] from 'camera_init' to 'odom'
[static_transform_publisher-4] [INFO] [1784044414.342525304] [static_tf_baselink_lidar]: Spinning until stopped - publishing transform
[static_transform_publisher-4] translation: ('0.000000', '0.000000', '0.000000')
[static_transform_publisher-4] rotation: ('0.000000', '0.000000', '0.000000', '1.000000')
[static_transform_publisher-4] from 'base_link' to 'unilidar_lidar'
[static_transform_publisher-2] [INFO] [1784044414.413616647] [static_tf_camerainit_baselink]: Spinning until stopped - publishing transform
[static_transform_publisher-2] translation: ('0.000000', '0.000000', '0.000000')
[static_transform_publisher-2] rotation: ('0.000000', '0.000000', '0.000000', '1.000000')
[static_transform_publisher-2] from 'camera_init' to 'base_link'
[static_transform_publisher-3] [INFO] [1784044414.447578190] [static_tf_body_baselink]: Spinning until stopped - publishing transform
[static_transform_publisher-3] translation: ('0.000000', '0.000000', '0.000000')
[static_transform_publisher-3] rotation: ('0.000000', '0.000000', '0.000000', '1.000000')
[static_transform_publisher-3] from 'base_link' to 'body'
[map_server-5] [INFO] [1784044414.687718601] [map_server]: 
[map_server-5] 	map_server lifecycle node launched. 
[map_server-5] 	Waiting on external lifecycle transitions to activate
[map_server-5] 	See https://design.ros2.org/articles/node_lifecycle.html for more information.
[map_server-5] [INFO] [1784044414.693760169] [map_server]: Creating
[rviz2-6] [INFO] [1784044417.681157669] [rviz2]: Stereo is NOT SUPPORTED
[rviz2-6] [INFO] [1784044417.681401282] [rviz2]: OpenGl version: 4.2 (GLSL 4.2)
[rviz2-6] [INFO] [1784044417.942373910] [rviz2]: Stereo is NOT SUPPORTED
[INFO] [controller_server-7]: process started with pid [6114]
[INFO] [planner_server-8]: process started with pid [6115]
[INFO] [behavior_server-9]: process started with pid [6116]
[INFO] [bt_navigator-10]: process started with pid [6117]
[INFO] [waypoint_follower-11]: process started with pid [6118]
[INFO] [lifecycle_manager-12]: process started with pid [6119]
[INFO] [goal_pose_to_nav2-13]: process started with pid [6120]
[INFO] [costmap_to_grid-14]: process started with pid [6121]
[lifecycle_manager-12] [INFO] [1784044419.971108021] [lifecycle_manager_navigation]: Creating
[waypoint_follower-11] [INFO] [1784044420.142631430] [waypoint_follower]: 
[waypoint_follower-11] 	waypoint_follower lifecycle node launched. 
[waypoint_follower-11] 	Waiting on external lifecycle transitions to activate
[waypoint_follower-11] 	See https://design.ros2.org/articles/node_lifecycle.html for more information.
[waypoint_follower-11] [INFO] [1784044420.168550710] [waypoint_follower]: Creating
[lifecycle_manager-12] [INFO] [1784044420.196847488] [lifecycle_manager_navigation]: [34m[1mCreating and initializing lifecycle service clients[0m[0m
[behavior_server-9] [INFO] [1784044420.225714552] [behavior_server]: 
[behavior_server-9] 	behavior_server lifecycle node launched. 
[behavior_server-9] 	Waiting on external lifecycle transitions to activate
[behavior_server-9] 	See https://design.ros2.org/articles/node_lifecycle.html for more information.
[controller_server-7] [INFO] [1784044420.388332770] [controller_server]: 
[controller_server-7] 	controller_server lifecycle node launched. 
[controller_server-7] 	Waiting on external lifecycle transitions to activate
[controller_server-7] 	See https://design.ros2.org/articles/node_lifecycle.html for more information.
[controller_server-7] [INFO] [1784044420.566158927] [controller_server]: Creating controller server
[planner_server-8] [INFO] [1784044420.576604860] [planner_server]: 
[planner_server-8] 	planner_server lifecycle node launched. 
[planner_server-8] 	Waiting on external lifecycle transitions to activate
[planner_server-8] 	See https://design.ros2.org/articles/node_lifecycle.html for more information.
[bt_navigator-10] [INFO] [1784044420.617523798] [bt_navigator]: 
[bt_navigator-10] 	bt_navigator lifecycle node launched. 
[bt_navigator-10] 	Waiting on external lifecycle transitions to activate
[bt_navigator-10] 	See https://design.ros2.org/articles/node_lifecycle.html for more information.
[bt_navigator-10] [INFO] [1784044420.680765243] [bt_navigator]: Creating
[planner_server-8] [INFO] [1784044420.709869954] [planner_server]: Creating
[controller_server-7] [INFO] [1784044420.796278813] [local_costmap.local_costmap]: 
[controller_server-7] 	local_costmap lifecycle node launched. 
[controller_server-7] 	Waiting on external lifecycle transitions to activate
[controller_server-7] 	See https://design.ros2.org/articles/node_lifecycle.html for more information.
[controller_server-7] [INFO] [1784044420.804677641] [local_costmap.local_costmap]: Creating Costmap
[lifecycle_manager-12] [INFO] [1784044420.855760676] [lifecycle_manager_navigation]: [34m[1mStarting managed nodes bringup...[0m[0m
[lifecycle_manager-12] [INFO] [1784044420.858093590] [lifecycle_manager_navigation]: [34m[1mConfiguring map_server[0m[0m
[map_server-5] [INFO] [1784044420.866039756] [map_server]: Configuring
[map_server-5] [INFO] [1784044420.866305223] [map_io]: Loading yaml file: /home/gsing/2026Gsing/2026_Gsing-second_ROS/map/PCD25.yaml
[map_server-5] [INFO] [1784044420.874544566] [map_io]: resolution: 0.05
[map_server-5] [INFO] [1784044420.874610141] [map_io]: origin[0]: -0.045
[map_server-5] [INFO] [1784044420.874639556] [map_io]: origin[1]: -1.136
[map_server-5] [INFO] [1784044420.874663726] [map_io]: origin[2]: 0
[map_server-5] [INFO] [1784044420.874688449] [map_io]: free_thresh: 0.196
[map_server-5] [INFO] [1784044420.874713351] [map_io]: occupied_thresh: 0.65
[map_server-5] [INFO] [1784044420.874740510] [map_io]: mode: trinary
[map_server-5] [INFO] [1784044420.874765221] [map_io]: negate: 0
[map_server-5] [INFO] [1784044420.951381948] [map_io]: Loading image_file: /home/gsing/2026Gsing/2026_Gsing-second_ROS/map/PCD25.pgm
[map_server-5] [INFO] [1784044420.987186117] [map_io]: Read map /home/gsing/2026Gsing/2026_Gsing-second_ROS/map/PCD25.pgm: 57 X 42 map @ 0.05 m/cell
[planner_server-8] [INFO] [1784044421.161507713] [global_costmap.global_costmap]: 
[planner_server-8] 	global_costmap lifecycle node launched. 
[planner_server-8] 	Waiting on external lifecycle transitions to activate
[planner_server-8] 	See https://design.ros2.org/articles/node_lifecycle.html for more information.
[planner_server-8] [INFO] [1784044421.195693890] [global_costmap.global_costmap]: Creating Costmap
[lifecycle_manager-12] [INFO] [1784044421.199212315] [lifecycle_manager_navigation]: [34m[1mConfiguring controller_server[0m[0m
[controller_server-7] [INFO] [1784044421.201759460] [controller_server]: Configuring controller interface
[controller_server-7] [INFO] [1784044421.201877948] [controller_server]: getting progress checker plugins..
[controller_server-7] [INFO] [1784044421.203891064] [controller_server]: getting goal checker plugins..
[controller_server-7] [INFO] [1784044421.205713637] [controller_server]: Controller frequency set to 20.0000Hz
[controller_server-7] [INFO] [1784044421.205921558] [local_costmap.local_costmap]: Configuring
[controller_server-7] [INFO] [1784044421.250913261] [local_costmap.local_costmap]: Using plugin "static_layer"
[controller_server-7] [INFO] [1784044421.324196503] [local_costmap.local_costmap]: Subscribing to the map topic (/map) with transient local durability
[controller_server-7] [INFO] [1784044421.342612777] [local_costmap.local_costmap]: Initialized plugin "static_layer"
[controller_server-7] [INFO] [1784044421.524300906] [controller_server]: Created progress_checker : progress_checker of type nav2_controller::SimpleProgressChecker
[controller_server-7] [INFO] [1784044421.531536917] [controller_server]: Controller Server has progress_checker  progress checkers available.
[controller_server-7] [INFO] [1784044421.535188460] [controller_server]: Created goal checker : goal_checker of type nav2_controller::SimpleGoalChecker
[controller_server-7] [INFO] [1784044421.551198015] [controller_server]: Controller Server has goal_checker  goal checkers available.
[controller_server-7] [INFO] [1784044421.562564836] [controller_server]: Created controller : FollowPath of type nav2_regulated_pure_pursuit_controller::RegulatedPurePursuitController
[controller_server-7] [INFO] [1784044421.701083500] [controller_server]: Controller Server has FollowPath  controllers available.
[lifecycle_manager-12] [INFO] [1784044421.841909429] [lifecycle_manager_navigation]: [34m[1mConfiguring planner_server[0m[0m
[planner_server-8] [INFO] [1784044421.845364729] [planner_server]: Configuring
[planner_server-8] [INFO] [1784044421.849340088] [global_costmap.global_costmap]: Configuring
[planner_server-8] [INFO] [1784044421.993327095] [global_costmap.global_costmap]: Using plugin "static_layer"
[planner_server-8] [INFO] [1784044422.125404227] [global_costmap.global_costmap]: Subscribing to the map topic (/map) with transient local durability
[planner_server-8] [INFO] [1784044422.167899300] [global_costmap.global_costmap]: Initialized plugin "static_layer"
[planner_server-8] [INFO] [1784044422.551917611] [planner_server]: Created global planner plugin GridBased of type nav2_navfn_planner::NavfnPlanner
[planner_server-8] [INFO] [1784044422.560135155] [planner_server]: Configuring plugin GridBased of type NavfnPlanner
[planner_server-8] [INFO] [1784044422.582531960] [planner_server]: Planner Server has GridBased  planners available.
[lifecycle_manager-12] [INFO] [1784044422.814511693] [lifecycle_manager_navigation]: [34m[1mConfiguring behavior_server[0m[0m
[behavior_server-9] [INFO] [1784044422.816631653] [behavior_server]: Configuring
[behavior_server-9] [INFO] [1784044422.915051157] [behavior_server]: Creating behavior plugin spin of type nav2_behaviors::Spin
[behavior_server-9] [INFO] [1784044422.928354957] [behavior_server]: Creating behavior plugin backup of type nav2_behaviors::BackUp
[behavior_server-9] [INFO] [1784044422.961382911] [behavior_server]: Creating behavior plugin drive_on_heading of type nav2_behaviors::DriveOnHeading
[behavior_server-9] [INFO] [1784044423.001145364] [behavior_server]: Creating behavior plugin wait of type nav2_behaviors::Wait
[behavior_server-9] [INFO] [1784044423.181928655] [behavior_server]: Configuring spin
[behavior_server-9] [INFO] [1784044423.298816423] [behavior_server]: Configuring backup
[behavior_server-9] [INFO] [1784044423.421368214] [behavior_server]: Configuring drive_on_heading
[behavior_server-9] [INFO] [1784044423.574462580] [behavior_server]: Configuring wait
[lifecycle_manager-12] [INFO] [1784044423.698326435] [lifecycle_manager_navigation]: [34m[1mConfiguring bt_navigator[0m[0m
[bt_navigator-10] [INFO] [1784044423.705308786] [bt_navigator]: Configuring
[bt_navigator-10] [INFO] [1784044423.892173309] [bt_navigator]: Creating navigator id navigate_to_pose of type nav2_bt_navigator::NavigateToPoseNavigator
[bt_navigator-10] [WARN] [1784044424.051479583] [bt_navigator]: Error_code parameters were not set. Using default values of: follow_path_error_code compute_path_error_code
[bt_navigator-10] Make sure these match your BT and there are not other sources of error codes youreported to your application
[bt_navigator-10] [INFO] [1784044425.663481633] [bt_navigator]: Creating navigator id navigate_through_poses of type nav2_bt_navigator::NavigateThroughPosesNavigator
[lifecycle_manager-12] [INFO] [1784044426.239740399] [lifecycle_manager_navigation]: [34m[1mConfiguring waypoint_follower[0m[0m
[waypoint_follower-11] [INFO] [1784044426.242930456] [waypoint_follower]: Configuring
[waypoint_follower-11] [INFO] [1784044426.734665521] [waypoint_follower]: Created waypoint_task_executor : wait_at_waypoint of type nav2_waypoint_follower::WaitAtWaypoint
[waypoint_follower-11] [INFO] [1784044426.738459858] [waypoint_follower]: Waypoint pause duration is set to zero, disabling task executor plugin.
[lifecycle_manager-12] [INFO] [1784044426.750927401] [lifecycle_manager_navigation]: [34m[1mActivating map_server[0m[0m
[map_server-5] [INFO] [1784044426.754947852] [map_server]: Activating
[map_server-5] [INFO] [1784044426.755324711] [map_server]: Creating bond (map_server) to lifecycle manager.
[planner_server-8] [INFO] [1784044426.760163015] [global_costmap.global_costmap]: StaticLayer: Resizing costmap to 57 X 42 at 0.050000 m/pix
[controller_server-7] [INFO] [1784044426.759709384] [local_costmap.local_costmap]: StaticLayer: Resizing costmap to 57 X 42 at 0.050000 m/pix
[rviz2-6] [INFO] [1784044426.807198363] [rviz2]: Trying to create a map of size 57 x 42 using 1 swatches
[rviz2-6] [ERROR] [1784044426.854429989] [rviz2]: rviz/glsl120/indexed_8bit_image.vert
[rviz2-6] rviz/glsl120/indexed_8bit_image.frag
[rviz2-6]  GLSL link result : 
[rviz2-6] active samplers with a different type refer to the same texture image unit
[lifecycle_manager-12] [INFO] [1784044426.905877673] [lifecycle_manager_navigation]: Server map_server connected with bond.
[lifecycle_manager-12] [INFO] [1784044426.905999556] [lifecycle_manager_navigation]: [34m[1mActivating controller_server[0m[0m
[controller_server-7] [INFO] [1784044426.906670839] [controller_server]: Activating
[controller_server-7] [INFO] [1784044426.906812849] [local_costmap.local_costmap]: Activating
[controller_server-7] [INFO] [1784044426.906861621] [local_costmap.local_costmap]: Checking transform
[controller_server-7] [INFO] [1784044426.907282849] [local_costmap.local_costmap]: start
[controller_server-7] [INFO] [1784044426.960349005] [controller_server]: Activating controller: FollowPath of type regulated_pure_pursuit_controller::RegulatedPurePursuitController
[controller_server-7] [INFO] [1784044426.960538203] [controller_server]: Creating bond (controller_server) to lifecycle manager.
[lifecycle_manager-12] [INFO] [1784044427.094064206] [lifecycle_manager_navigation]: Server controller_server connected with bond.
[lifecycle_manager-12] [INFO] [1784044427.094181781] [lifecycle_manager_navigation]: [34m[1mActivating planner_server[0m[0m
[planner_server-8] [INFO] [1784044427.098403282] [planner_server]: Activating
[planner_server-8] [INFO] [1784044427.098580287] [global_costmap.global_costmap]: Activating
[planner_server-8] [INFO] [1784044427.098659410] [global_costmap.global_costmap]: Checking transform
[planner_server-8] [INFO] [1784044427.103068165] [global_costmap.global_costmap]: start
[planner_server-8] [INFO] [1784044427.463493884] [planner_server]: Activating plugin GridBased of type NavfnPlanner
[rviz2-6] [INFO] [1784044427.480528668] [rviz2]: Trying to create a map of size 57 x 42 using 1 swatches
[planner_server-8] [INFO] [1784044427.492645490] [planner_server]: Creating bond (planner_server) to lifecycle manager.
[lifecycle_manager-12] [INFO] [1784044427.654015585] [lifecycle_manager_navigation]: Server planner_server connected with bond.
[lifecycle_manager-12] [INFO] [1784044427.654143793] [lifecycle_manager_navigation]: [34m[1mActivating behavior_server[0m[0m
[behavior_server-9] [INFO] [1784044427.657315112] [behavior_server]: Activating
[behavior_server-9] [INFO] [1784044427.657397056] [behavior_server]: Activating spin
[behavior_server-9] [INFO] [1784044427.657448985] [behavior_server]: Activating backup
[behavior_server-9] [INFO] [1784044427.657492249] [behavior_server]: Activating drive_on_heading
[behavior_server-9] [INFO] [1784044427.657536017] [behavior_server]: Activating wait
[behavior_server-9] [INFO] [1784044427.657590814] [behavior_server]: Creating bond (behavior_server) to lifecycle manager.
[lifecycle_manager-12] [INFO] [1784044427.838941127] [lifecycle_manager_navigation]: Server behavior_server connected with bond.
[lifecycle_manager-12] [INFO] [1784044427.839285344] [lifecycle_manager_navigation]: [34m[1mActivating bt_navigator[0m[0m
[bt_navigator-10] [INFO] [1784044427.842793907] [bt_navigator]: Activating
[bt_navigator-10] [INFO] [1784044429.789272713] [bt_navigator]: Creating bond (bt_navigator) to lifecycle manager.
[lifecycle_manager-12] [INFO] [1784044429.946652290] [lifecycle_manager_navigation]: Server bt_navigator connected with bond.
[lifecycle_manager-12] [INFO] [1784044429.946804872] [lifecycle_manager_navigation]: [34m[1mActivating waypoint_follower[0m[0m
[waypoint_follower-11] [INFO] [1784044429.951500036] [waypoint_follower]: Activating
[waypoint_follower-11] [INFO] [1784044429.951631100] [waypoint_follower]: Creating bond (waypoint_follower) to lifecycle manager.
[lifecycle_manager-12] [INFO] [1784044430.109646117] [lifecycle_manager_navigation]: Server waypoint_follower connected with bond.
[lifecycle_manager-12] [INFO] [1784044430.109847063] [lifecycle_manager_navigation]: [34m[1mManaged nodes are active[0m[0m
[lifecycle_manager-12] [INFO] [1784044430.109986888] [lifecycle_manager_navigation]: [34m[1mCreating bond timer...[0m[0m
[goal_pose_to_nav2-13] [INFO] [1784044430.842081526] [goal_pose_to_nav2]: Bridge ready: goal_pose -> NavigateToPose (navigate_to_pose)
[costmap_to_grid-14] [INFO] [1784044431.476827247] [costmap_to_grid]: Publishing /global_costmap_grid and /local_costmap_grid for RViz
[rviz2-6] [INFO] [1784044452.561850024] [rviz2]: Setting goal pose: Frame:map, Position(0.855682, 0.0116587, 0), Orientation(0, 0, -0.00455155, 0.99999) = Angle: -0.00910313
[bt_navigator-10] [INFO] [1784044452.564717970] [bt_navigator]: Begin navigating from current location (0.00, 0.00) to (0.86, 0.01)
[goal_pose_to_nav2-13] [INFO] [1784044452.593595910] [goal_pose_to_nav2]: Received goal (0.86, 0.01) in frame 'map'
[controller_server-7] [INFO] [1784044452.606323885] [controller_server]: Received a goal, begin computing control effort.
[controller_server-7] [WARN] [1784044452.614044277] [controller_server]: No goal checker was specified in parameter 'current_goal_checker'. Server will use only plugin loaded goal_checker . This warning will appear once.
[controller_server-7] [WARN] [1784044452.614251544] [controller_server]: No progress checker was specified in parameter 'current_progress_checker'. Server will use only plugin loaded progress_checker . This warning will appear once.
[bt_navigator-10] [WARN] [1784044452.619273180] [bt_navigator_navigate_to_pose_rclcpp_node]: Timed out while waiting for action server to acknowledge goal request for follow_path
[bt_navigator-10] [WARN] [1784044452.620927321] [bt_navigator]: [navigate_to_pose] [ActionServer] Aborting handle.
[bt_navigator-10] [ERROR] [1784044452.621553970] [bt_navigator]: Goal failed
[bt_navigator-10] [INFO] [1784044452.631335958] [bt_navigator]: Begin navigating from current location (0.00, 0.00) to (0.86, 0.01)
[controller_server-7] [INFO] [1784044452.721963441] [controller_server]: Passing new path to controller.
[controller_server-7] [INFO] [1784044453.723288130] [controller_server]: Passing new path to controller.
[controller_server-7] [INFO] [1784044454.768434977] [controller_server]: Passing new path to controller.
[controller_server-7] [INFO] [1784044455.772037259] [controller_server]: Passing new path to controller.
[controller_server-7] [INFO] [1784044456.818379630] [controller_server]: Passing new path to controller.
[controller_server-7] [INFO] [1784044457.820080331] [controller_server]: Passing new path to controller.
[controller_server-7] [INFO] [1784044458.868392775] [controller_server]: Passing new path to controller.
[controller_server-7] [INFO] [1784044459.868410822] [controller_server]: Passing new path to controller.
[controller_server-7] [INFO] [1784044460.918372883] [controller_server]: Passing new path to controller.
[controller_server-7] [INFO] [1784044461.919377540] [controller_server]: Passing new path to controller.
[controller_server-7] [ERROR] [1784044462.619976670] [controller_server]: Failed to make progress
[controller_server-7] [WARN] [1784044462.622506247] [controller_server]: [follow_path] [ActionServer] Aborting handle.
[controller_server-7] [INFO] [1784044462.642760762] [local_costmap.local_costmap]: Received request to clear entirely the local_costmap
[controller_server-7] [INFO] [1784044462.647025368] [controller_server]: Received a goal, begin computing control effort.
[controller_server-7] [WARN] [1784044462.724050445] [controller_server]: Control loop missed its desired rate of 20.0000 Hz. Current loop rate is 13.0255 Hz.
[controller_server-7] [INFO] [1784044462.927271028] [controller_server]: Passing new path to controller.
[controller_server-7] [INFO] [1784044463.977139657] [controller_server]: Passing new path to controller.
[controller_server-7] [INFO] [1784044465.026876346] [controller_server]: Passing new path to controller.
[controller_server-7] [WARN] [1784044465.274741627] [controller_server]: Control loop missed its desired rate of 20.0000 Hz. Current loop rate is 22.9963 Hz.
[controller_server-7] [INFO] [1784044466.076208459] [controller_server]: Passing new path to controller.
[controller_server-7] [INFO] [1784044467.077139517] [controller_server]: Passing new path to controller.
[controller_server-7] [INFO] [1784044468.125844144] [controller_server]: Passing new path to controller.
[controller_server-7] [INFO] [1784044469.126429875] [controller_server]: Passing new path to controller.
[controller_server-7] [INFO] [1784044470.175939991] [controller_server]: Passing new path to controller.
[controller_server-7] [INFO] [1784044471.175277253] [controller_server]: Passing new path to controller.
[controller_server-7] [INFO] [1784044472.155935507] [rclcpp]: signal_handler(SIGINT/SIGTERM)
[controller_server-7] [INFO] [1784044472.158871801] [controller_server]: Running Nav2 LifecycleNode rcl preshutdown (controller_server)
[controller_server-7] [INFO] [1784044472.159131941] [controller_server]: Deactivating
[controller_server-7] [WARN] [1784044472.159218454] [controller_server]: [follow_path] [ActionServer] Requested to deactivate server but goal is still executing. Should check if action server is running before deactivating.
[controller_server-7] [WARN] [1784044472.189030518] [controller_server]: [follow_path] [ActionServer] Stopping the thread per request.
[controller_server-7] [WARN] [1784044472.189209665] [controller_server]: [follow_path] [ActionServer] Aborting handle.
[controller_server-7] [INFO] [1784044472.198822116] [controller_server]: Deactivating controller: FollowPath of type regulated_pure_pursuit_controller::RegulatedPurePursuitController
[controller_server-7] [INFO] [1784044472.199023441] [local_costmap.local_costmap]: Deactivating
[controller_server-7] [INFO] [1784044472.214661464] [controller_server]: Destroying bond (controller_server) to lifecycle manager.
[controller_server-7] [INFO] [1784044472.215418435] [controller_server]: Action server is inactive. Rejecting the goal.
[controller_server-7] [INFO] [1784044472.221709800] [local_costmap.local_costmap]: Received request to clear entirely the local_costmap
[controller_server-7] [INFO] [1784044472.236170335] [controller_server]: Cleaning up
[controller_server-7] [INFO] [1784044472.236306963] [controller_server]: Cleaning up controller: FollowPath of type regulated_pure_pursuit_controller::RegulatedPurePursuitController
[controller_server-7] [INFO] [1784044472.237374177] [local_costmap.local_costmap]: Cleaning up
[planner_server-8] [INFO] [1784044472.237283404] [global_costmap.global_costmap]: Received request to clear entirely the global_costmap
[bt_navigator-10] [WARN] [1784044472.272291706] [bt_navigator_navigate_to_pose_rclcpp_node]: Timed out while waiting for action server to acknowledge goal request for compute_path_to_pose
[behavior_server-9] [INFO] [1784044472.278228713] [behavior_server]: Running spin
[behavior_server-9] [INFO] [1784044472.305124117] [behavior_server]: Turning 1.57 for spin behavior.
[lifecycle_manager-12] [INFO] [1784044472.310848027] [lifecycle_manager_navigation]: [34m[1mHave not received a heartbeat from controller_server.[0m[0m
[lifecycle_manager-12] [ERROR] [1784044472.310959442] [lifecycle_manager_navigation]: CRITICAL FAILURE: SERVER controller_server IS DOWN after not receiving a heartbeat for 4000 ms. Shutting down related nodes.
[lifecycle_manager-12] [INFO] [1784044472.311103031] [lifecycle_manager_navigation]: [34m[1mTerminating bond timer...[0m[0m
[lifecycle_manager-12] [INFO] [1784044472.311151742] [lifecycle_manager_navigation]: [34m[1mResetting managed nodes...[0m[0m
[lifecycle_manager-12] [INFO] [1784044472.311193204] [lifecycle_manager_navigation]: [34m[1mDeactivating waypoint_follower[0m[0m
[waypoint_follower-11] [INFO] [1784044472.320471602] [waypoint_follower]: Deactivating
[waypoint_follower-11] [INFO] [1784044472.320588670] [waypoint_follower]: Destroying bond (waypoint_follower) to lifecycle manager.
[planner_server-8] [WARN] [1784044472.448415550] [planner_server]: Planner loop missed its desired rate of 10.0000 Hz. Current loop rate is 5.1493 Hz
[lifecycle_manager-12] [INFO] [1784044472.565293025] [lifecycle_manager_navigation]: [34m[1mDeactivating bt_navigator[0m[0m
[bt_navigator-10] [INFO] [1784044472.571979586] [bt_navigator]: Deactivating
[bt_navigator-10] [WARN] [1784044472.572068884] [bt_navigator]: [navigate_to_pose] [ActionServer] Requested to deactivate server but goal is still executing. Should check if action server is running before deactivating.
[controller_server-7] [INFO] [1784044472.573254233] [controller_server]: Destroying bond (controller_server) to lifecycle manager.
[behavior_server-9] [INFO] [1784044472.606947566] [behavior_server]: Canceling spin
[behavior_server-9] [INFO] [1784044472.607090555] [behavior_server]: [spin] [ActionServer] Client requested to cancel the goal. Cancelling.
[bt_navigator-10] [WARN] [1784044472.609815755] [bt_navigator]: [navigate_to_pose] [ActionServer] Aborting handle.
[bt_navigator-10] [INFO] [1784044472.621095085] [bt_navigator]: Goal canceled
[bt_navigator-10] [WARN] [1784044472.621198976] [bt_navigator]: [navigate_to_pose] [ActionServer] Stopping the thread per request.
[bt_navigator-10] [INFO] [1784044472.630741330] [bt_navigator]: Destroying bond (bt_navigator) to lifecycle manager.
[controller_server-7] [INFO] [1784044472.651505555] [local_costmap.local_costmap]: Destroying
[lifecycle_manager-12] [INFO] [1784044472.827657001] [lifecycle_manager_navigation]: [34m[1mDeactivating behavior_server[0m[0m
[behavior_server-9] [INFO] [1784044472.832689284] [behavior_server]: Deactivating
[behavior_server-9] [INFO] [1784044472.832927607] [behavior_server]: Destroying bond (behavior_server) to lifecycle manager.
[controller_server-7] [INFO] [1784044472.868321048] [controller_server]: Destroying
[lifecycle_manager-12] [INFO] [1784044473.014302994] [lifecycle_manager_navigation]: [34m[1mDeactivating planner_server[0m[0m
[planner_server-8] [INFO] [1784044473.028892565] [planner_server]: Deactivating
[planner_server-8] [INFO] [1784044473.029019833] [global_costmap.global_costmap]: Deactivating
[planner_server-8] [INFO] [1784044473.116357463] [planner_server]: Deactivating plugin GridBased of type NavfnPlanner
[planner_server-8] [INFO] [1784044473.116547891] [planner_server]: Destroying bond (planner_server) to lifecycle manager.
[planner_server-8] [INFO] [1784044473.160758353] [rclcpp]: signal_handler(SIGINT/SIGTERM)
[planner_server-8] [INFO] [1784044473.160927047] [planner_server]: Running Nav2 LifecycleNode rcl preshutdown (planner_server)
[planner_server-8] [INFO] [1784044473.161063976] [planner_server]: Destroying bond (planner_server) to lifecycle manager.
[planner_server-8] [ERROR] [1784044473.202317492] [planner_server]: Failed to finish transition 4. Current state is now: inactive (Could not publish transition: publisher's context is invalid, at ./src/rcl/publisher.c:423, at ./src/rcl_lifecycle.c:368)
[planner_server-8] [INFO] [1784044473.206958405] [planner_server]: Destroying plugin GridBased of type NavfnPlanner
[planner_server-8] Warning: class_loader.ClassLoader: SEVERE WARNING!!! Attempting to unload library while objects created by this loader exist in the heap! You should delete your objects before attempting to unload the library or destroying the ClassLoader. The library will NOT be unloaded.
[planner_server-8]          at line 127 in ./src/class_loader.cpp
[planner_server-8] [INFO] [1784044473.539217727] [global_costmap.global_costmap]: Destroying
[planner_server-8] [ERROR] [1784044473.539284211] [global_costmap.global_costmap]: Unable to start transition 2 from current state cleaningup: Could not publish transition: publisher's context is invalid, at ./src/rcl/publisher.c:423, at ./src/rcl_lifecycle.c:368
[bt_navigator-10] [INFO] [1784044473.596863386] [rclcpp]: signal_handler(SIGINT/SIGTERM)
[bt_navigator-10] [INFO] [1784044473.597066031] [bt_navigator]: Running Nav2 LifecycleNode rcl preshutdown (bt_navigator)
[bt_navigator-10] [INFO] [1784044473.597240845] [bt_navigator]: Cleaning up
[planner_server-8] [INFO] [1784044473.873453919] [planner_server]: Destroying
[lifecycle_manager-12] [INFO] [1784044474.039319036] [rclcpp]: signal_handler(SIGINT/SIGTERM)
[lifecycle_manager-12] [INFO] [1784044474.039557022] [lifecycle_manager_navigation]: Running Nav2 LifecycleManager rcl preshutdown (lifecycle_manager_navigation)
[INFO] [controller_server-7]: process has finished cleanly [pid 6114]
[bt_navigator-10] [INFO] [1784044474.473416095] [bt_navigator]: Completed Cleaning up
[bt_navigator-10] [INFO] [1784044474.477503856] [bt_navigator]: Destroying bond (bt_navigator) to lifecycle manager.
[rviz2-6] [INFO] [1784044474.481900456] [rclcpp]: signal_handler(SIGINT/SIGTERM)
[bt_navigator-10] [INFO] [1784044474.662180347] [bt_navigator]: Destroying
[INFO] [rviz2-6]: process has finished cleanly [pid 5943]
[INFO] [planner_server-8]: process has finished cleanly [pid 6115]
[lifecycle_manager-12] [ERROR] [1784044475.206432898] [lifecycle_manager_navigation]: Failed to change state for node: planner_server. Exception: planner_server/get_state service client: async_send_request failed.
[lifecycle_manager-12] [INFO] [1784044475.206634235] [lifecycle_manager_navigation]: [34m[1mManaged nodes have been reset[0m[0m
[lifecycle_manager-12] [INFO] [1784044475.354447652] [lifecycle_manager_navigation]: Destroying lifecycle_manager_navigation
[INFO] [bt_navigator-10]: process has finished cleanly [pid 6117]
[INFO] [lifecycle_manager-12]: process has finished cleanly [pid 6119]
