[INFO] [launch]: All log files can be found below /home/hyper/program/2026_Gsing-second_ROS/logs/ros/2026-07-14-07-32-17-808591-hyper-Ubuntu-67840
[INFO] [launch]: Default logging verbosity is set to INFO
[INFO] [static_transform_publisher-1]: process started with pid [67959]
[INFO] [static_transform_publisher-2]: process started with pid [67960]
[INFO] [static_transform_publisher-3]: process started with pid [67961]
[INFO] [static_transform_publisher-4]: process started with pid [67962]
[INFO] [map_server-5]: process started with pid [67963]
[INFO] [rviz2-6]: process started with pid [67964]
[static_transform_publisher-2] [INFO] [1783985537.903393304] [static_tf_camerainit_baselink]: Spinning until stopped - publishing transform
[static_transform_publisher-2] translation: ('0.000000', '0.000000', '0.000000')
[static_transform_publisher-2] rotation: ('0.000000', '0.000000', '0.000000', '1.000000')
[static_transform_publisher-2] from 'camera_init' to 'base_link'
[static_transform_publisher-4] [INFO] [1783985537.912989763] [static_tf_baselink_lidar]: Spinning until stopped - publishing transform
[static_transform_publisher-4] translation: ('0.000000', '0.000000', '0.000000')
[static_transform_publisher-4] rotation: ('0.000000', '0.000000', '0.000000', '1.000000')
[static_transform_publisher-4] from 'base_link' to 'unilidar_lidar'
[static_transform_publisher-3] [INFO] [1783985537.914144211] [static_tf_body_baselink]: Spinning until stopped - publishing transform
[static_transform_publisher-3] translation: ('0.000000', '0.000000', '0.000000')
[static_transform_publisher-3] rotation: ('0.000000', '0.000000', '0.000000', '1.000000')
[static_transform_publisher-3] from 'base_link' to 'body'
[static_transform_publisher-1] [INFO] [1783985537.915366067] [static_tf_caminit_odom]: Spinning until stopped - publishing transform
[static_transform_publisher-1] translation: ('0.000000', '0.000000', '0.000000')
[static_transform_publisher-1] rotation: ('0.000000', '0.000000', '0.000000', '1.000000')
[static_transform_publisher-1] from 'camera_init' to 'odom'
[map_server-5] [INFO] [1783985537.932908405] [map_server]: 
[map_server-5] 	map_server lifecycle node launched. 
[map_server-5] 	Waiting on external lifecycle transitions to activate
[map_server-5] 	See https://design.ros2.org/articles/node_lifecycle.html for more information.
[map_server-5] [INFO] [1783985537.932955814] [map_server]: Creating
[rviz2-6] [INFO] [1783985538.976854272] [rviz2]: Stereo is NOT SUPPORTED
[rviz2-6] [INFO] [1783985538.976931192] [rviz2]: OpenGl version: 4.6 (GLSL 4.6)
[rviz2-6] [INFO] [1783985539.022185244] [rviz2]: Stereo is NOT SUPPORTED
[INFO] [controller_server-7]: process started with pid [68357]
[INFO] [planner_server-8]: process started with pid [68358]
[INFO] [behavior_server-9]: process started with pid [68359]
[INFO] [bt_navigator-10]: process started with pid [68360]
[INFO] [waypoint_follower-11]: process started with pid [68361]
[INFO] [lifecycle_manager-12]: process started with pid [68362]
[INFO] [goal_pose_to_nav2-13]: process started with pid [68363]
[INFO] [costmap_to_grid-14]: process started with pid [68364]
[planner_server-8] [INFO] [1783985542.938122990] [planner_server]: 
[planner_server-8] 	planner_server lifecycle node launched. 
[planner_server-8] 	Waiting on external lifecycle transitions to activate
[planner_server-8] 	See https://design.ros2.org/articles/node_lifecycle.html for more information.
[planner_server-8] [INFO] [1783985542.939155421] [planner_server]: Creating
[waypoint_follower-11] [INFO] [1783985542.938780890] [waypoint_follower]: 
[waypoint_follower-11] 	waypoint_follower lifecycle node launched. 
[waypoint_follower-11] 	Waiting on external lifecycle transitions to activate
[waypoint_follower-11] 	See https://design.ros2.org/articles/node_lifecycle.html for more information.
[waypoint_follower-11] [INFO] [1783985542.939213230] [waypoint_follower]: Creating
[behavior_server-9] [INFO] [1783985542.940544738] [behavior_server]: 
[behavior_server-9] 	behavior_server lifecycle node launched. 
[behavior_server-9] 	Waiting on external lifecycle transitions to activate
[behavior_server-9] 	See https://design.ros2.org/articles/node_lifecycle.html for more information.
[controller_server-7] [INFO] [1783985542.945187413] [controller_server]: 
[controller_server-7] 	controller_server lifecycle node launched. 
[controller_server-7] 	Waiting on external lifecycle transitions to activate
[controller_server-7] 	See https://design.ros2.org/articles/node_lifecycle.html for more information.
[planner_server-8] [INFO] [1783985542.946253299] [global_costmap.global_costmap]: 
[planner_server-8] 	global_costmap lifecycle node launched. 
[planner_server-8] 	Waiting on external lifecycle transitions to activate
[planner_server-8] 	See https://design.ros2.org/articles/node_lifecycle.html for more information.
[planner_server-8] [INFO] [1783985542.946710935] [global_costmap.global_costmap]: Creating Costmap
[lifecycle_manager-12] [INFO] [1783985542.946970111] [lifecycle_manager_navigation]: Creating
[bt_navigator-10] [INFO] [1783985542.946990227] [bt_navigator]: 
[bt_navigator-10] 	bt_navigator lifecycle node launched. 
[bt_navigator-10] 	Waiting on external lifecycle transitions to activate
[bt_navigator-10] 	See https://design.ros2.org/articles/node_lifecycle.html for more information.
[bt_navigator-10] [INFO] [1783985542.947818214] [bt_navigator]: Creating
[controller_server-7] [INFO] [1783985542.948992208] [controller_server]: Creating controller server
[controller_server-7] [INFO] [1783985542.954445141] [local_costmap.local_costmap]: 
[controller_server-7] 	local_costmap lifecycle node launched. 
[controller_server-7] 	Waiting on external lifecycle transitions to activate
[controller_server-7] 	See https://design.ros2.org/articles/node_lifecycle.html for more information.
[controller_server-7] [INFO] [1783985542.954869626] [local_costmap.local_costmap]: Creating Costmap
[lifecycle_manager-12] [INFO] [1783985542.955359571] [lifecycle_manager_navigation]: [34m[1mCreating and initializing lifecycle service clients[0m[0m
[lifecycle_manager-12] [INFO] [1783985542.962345279] [lifecycle_manager_navigation]: [34m[1mStarting managed nodes bringup...[0m[0m
[lifecycle_manager-12] [INFO] [1783985542.962385895] [lifecycle_manager_navigation]: [34m[1mConfiguring map_server[0m[0m
[map_server-5] [INFO] [1783985542.962568744] [map_server]: Configuring
[map_server-5] [INFO] [1783985542.962624505] [map_io]: Loading yaml file: /home/hyper/program/2026_Gsing-second_ROS/map/PCD22.yaml
[map_server-5] [INFO] [1783985542.962828718] [map_io]: resolution: 0.05
[map_server-5] [INFO] [1783985542.962834135] [map_io]: origin[0]: -0.041
[map_server-5] [INFO] [1783985542.962837301] [map_io]: origin[1]: -1.201
[map_server-5] [INFO] [1783985542.962839472] [map_io]: origin[2]: 0
[map_server-5] [INFO] [1783985542.962841745] [map_io]: free_thresh: 0.196
[map_server-5] [INFO] [1783985542.962843571] [map_io]: occupied_thresh: 0.65
[map_server-5] [INFO] [1783985542.962846591] [map_io]: mode: trinary
[map_server-5] [INFO] [1783985542.962849023] [map_io]: negate: 0
[map_server-5] [INFO] [1783985542.962986250] [map_io]: Loading image_file: /home/hyper/program/2026_Gsing-second_ROS/map/PCD22.pgm
[map_server-5] [INFO] [1783985542.963178830] [map_io]: Read map /home/hyper/program/2026_Gsing-second_ROS/map/PCD22.pgm: 54 X 41 map @ 0.05 m/cell
[lifecycle_manager-12] [INFO] [1783985542.968322647] [lifecycle_manager_navigation]: [34m[1mConfiguring controller_server[0m[0m
[controller_server-7] [INFO] [1783985542.968478097] [controller_server]: Configuring controller interface
[controller_server-7] [INFO] [1783985542.968499127] [controller_server]: getting progress checker plugins..
[controller_server-7] [INFO] [1783985542.968609716] [controller_server]: getting goal checker plugins..
[controller_server-7] [INFO] [1783985542.968710218] [controller_server]: Controller frequency set to 20.0000Hz
[controller_server-7] [INFO] [1783985542.968736788] [local_costmap.local_costmap]: Configuring
[controller_server-7] [INFO] [1783985542.972273472] [local_costmap.local_costmap]: Using plugin "static_layer"
[controller_server-7] [INFO] [1783985542.975374412] [local_costmap.local_costmap]: Subscribing to the map topic (/map) with transient local durability
[controller_server-7] [INFO] [1783985542.976058138] [local_costmap.local_costmap]: Initialized plugin "static_layer"
[controller_server-7] [INFO] [1783985542.984530537] [controller_server]: Created progress_checker : progress_checker of type nav2_controller::SimpleProgressChecker
[controller_server-7] [INFO] [1783985542.984749713] [controller_server]: Controller Server has progress_checker  progress checkers available.
[controller_server-7] [INFO] [1783985542.985051263] [controller_server]: Created goal checker : goal_checker of type nav2_controller::SimpleGoalChecker
[controller_server-7] [INFO] [1783985542.985245339] [controller_server]: Controller Server has goal_checker  goal checkers available.
[controller_server-7] [INFO] [1783985542.985965316] [controller_server]: Created controller : FollowPath of type nav2_regulated_pure_pursuit_controller::RegulatedPurePursuitController
[controller_server-7] [INFO] [1783985542.987983254] [controller_server]: Controller Server has FollowPath  controllers available.
[lifecycle_manager-12] [INFO] [1783985542.990714783] [lifecycle_manager_navigation]: [34m[1mConfiguring planner_server[0m[0m
[planner_server-8] [INFO] [1783985542.990875808] [planner_server]: Configuring
[planner_server-8] [INFO] [1783985542.990912488] [global_costmap.global_costmap]: Configuring
[planner_server-8] [INFO] [1783985542.994633134] [global_costmap.global_costmap]: Using plugin "static_layer"
[planner_server-8] [INFO] [1783985542.998206431] [global_costmap.global_costmap]: Subscribing to the map topic (/map) with transient local durability
[planner_server-8] [INFO] [1783985542.998933863] [global_costmap.global_costmap]: Initialized plugin "static_layer"
[planner_server-8] [INFO] [1783985543.009711899] [planner_server]: Created global planner plugin GridBased of type nav2_navfn_planner::NavfnPlanner
[planner_server-8] [INFO] [1783985543.009779724] [planner_server]: Configuring plugin GridBased of type NavfnPlanner
[planner_server-8] [INFO] [1783985543.010472842] [planner_server]: Planner Server has GridBased  planners available.
[lifecycle_manager-12] [INFO] [1783985543.017298209] [lifecycle_manager_navigation]: [34m[1mConfiguring behavior_server[0m[0m
[behavior_server-9] [INFO] [1783985543.017464357] [behavior_server]: Configuring
[behavior_server-9] [INFO] [1783985543.019645132] [behavior_server]: Creating behavior plugin spin of type nav2_behaviors::Spin
[behavior_server-9] [INFO] [1783985543.020448793] [behavior_server]: Creating behavior plugin backup of type nav2_behaviors::BackUp
[behavior_server-9] [INFO] [1783985543.021065849] [behavior_server]: Creating behavior plugin drive_on_heading of type nav2_behaviors::DriveOnHeading
[behavior_server-9] [INFO] [1783985543.021653949] [behavior_server]: Creating behavior plugin wait of type nav2_behaviors::Wait
[behavior_server-9] [INFO] [1783985543.025888088] [behavior_server]: Configuring spin
[behavior_server-9] [INFO] [1783985543.028293003] [behavior_server]: Configuring backup
[behavior_server-9] [INFO] [1783985543.030152430] [behavior_server]: Configuring drive_on_heading
[behavior_server-9] [INFO] [1783985543.031786623] [behavior_server]: Configuring wait
[lifecycle_manager-12] [INFO] [1783985543.033382476] [lifecycle_manager_navigation]: [34m[1mConfiguring bt_navigator[0m[0m
[bt_navigator-10] [INFO] [1783985543.033535485] [bt_navigator]: Configuring
[bt_navigator-10] [INFO] [1783985543.036700938] [bt_navigator]: Creating navigator id navigate_to_pose of type nav2_bt_navigator::NavigateToPoseNavigator
[bt_navigator-10] [WARN] [1783985543.040511155] [bt_navigator]: Error_code parameters were not set. Using default values of: follow_path_error_code compute_path_error_code
[bt_navigator-10] Make sure these match your BT and there are not other sources of error codes youreported to your application
[bt_navigator-10] [INFO] [1783985543.076621525] [bt_navigator]: Creating navigator id navigate_through_poses of type nav2_bt_navigator::NavigateThroughPosesNavigator
[lifecycle_manager-12] [INFO] [1783985543.085785114] [lifecycle_manager_navigation]: [34m[1mConfiguring waypoint_follower[0m[0m
[waypoint_follower-11] [INFO] [1783985543.085954577] [waypoint_follower]: Configuring
[waypoint_follower-11] [INFO] [1783985543.098099251] [waypoint_follower]: Created waypoint_task_executor : wait_at_waypoint of type nav2_waypoint_follower::WaitAtWaypoint
[waypoint_follower-11] [INFO] [1783985543.098290111] [waypoint_follower]: Waypoint pause duration is set to zero, disabling task executor plugin.
[lifecycle_manager-12] [INFO] [1783985543.098956265] [lifecycle_manager_navigation]: [34m[1mActivating map_server[0m[0m
[map_server-5] [INFO] [1783985543.099106409] [map_server]: Activating
[map_server-5] [INFO] [1783985543.099249051] [map_server]: Creating bond (map_server) to lifecycle manager.
[controller_server-7] [INFO] [1783985543.099284854] [local_costmap.local_costmap]: StaticLayer: Resizing costmap to 54 X 41 at 0.050000 m/pix
[planner_server-8] [INFO] [1783985543.099285269] [global_costmap.global_costmap]: StaticLayer: Resizing costmap to 54 X 41 at 0.050000 m/pix
[rviz2-6] [INFO] [1783985543.121551844] [rviz2]: Trying to create a map of size 54 x 41 using 1 swatches
[lifecycle_manager-12] [INFO] [1783985543.201144568] [lifecycle_manager_navigation]: Server map_server connected with bond.
[lifecycle_manager-12] [INFO] [1783985543.201189749] [lifecycle_manager_navigation]: [34m[1mActivating controller_server[0m[0m
[controller_server-7] [INFO] [1783985543.201462217] [controller_server]: Activating
[controller_server-7] [INFO] [1783985543.201519875] [local_costmap.local_costmap]: Activating
[controller_server-7] [INFO] [1783985543.201546296] [local_costmap.local_costmap]: Checking transform
[controller_server-7] [INFO] [1783985543.201820742] [local_costmap.local_costmap]: start
[controller_server-7] [INFO] [1783985543.252000059] [controller_server]: Activating controller: FollowPath of type regulated_pure_pursuit_controller::RegulatedPurePursuitController
[controller_server-7] [INFO] [1783985543.252050424] [controller_server]: Creating bond (controller_server) to lifecycle manager.
[lifecycle_manager-12] [INFO] [1783985543.354852159] [lifecycle_manager_navigation]: Server controller_server connected with bond.
[lifecycle_manager-12] [INFO] [1783985543.354891376] [lifecycle_manager_navigation]: [34m[1mActivating planner_server[0m[0m
[planner_server-8] [INFO] [1783985543.355148720] [planner_server]: Activating
[planner_server-8] [INFO] [1783985543.355188689] [global_costmap.global_costmap]: Activating
[planner_server-8] [INFO] [1783985543.355196947] [global_costmap.global_costmap]: Checking transform
[planner_server-8] [INFO] [1783985543.355334241] [global_costmap.global_costmap]: start
[rviz2-6] [INFO] [1783985543.378987188] [rviz2]: Trying to create a map of size 54 x 41 using 1 swatches
[planner_server-8] [INFO] [1783985543.405504630] [planner_server]: Activating plugin GridBased of type NavfnPlanner
[planner_server-8] [INFO] [1783985543.406006496] [planner_server]: Creating bond (planner_server) to lifecycle manager.
[lifecycle_manager-12] [INFO] [1783985543.508226985] [lifecycle_manager_navigation]: Server planner_server connected with bond.
[lifecycle_manager-12] [INFO] [1783985543.508266991] [lifecycle_manager_navigation]: [34m[1mActivating behavior_server[0m[0m
[behavior_server-9] [INFO] [1783985543.508513303] [behavior_server]: Activating
[behavior_server-9] [INFO] [1783985543.508535683] [behavior_server]: Activating spin
[behavior_server-9] [INFO] [1783985543.508548364] [behavior_server]: Activating backup
[behavior_server-9] [INFO] [1783985543.508556877] [behavior_server]: Activating drive_on_heading
[behavior_server-9] [INFO] [1783985543.508564433] [behavior_server]: Activating wait
[behavior_server-9] [INFO] [1783985543.508576352] [behavior_server]: Creating bond (behavior_server) to lifecycle manager.
[costmap_to_grid-14] [INFO] [1783985543.592971199] [costmap_to_grid]: Publishing /global_costmap_grid and /local_costmap_grid for RViz
[lifecycle_manager-12] [INFO] [1783985543.610923256] [lifecycle_manager_navigation]: Server behavior_server connected with bond.
[lifecycle_manager-12] [INFO] [1783985543.610970795] [lifecycle_manager_navigation]: [34m[1mActivating bt_navigator[0m[0m
[bt_navigator-10] [INFO] [1783985543.611204507] [bt_navigator]: Activating
[bt_navigator-10] [INFO] [1783985543.631370420] [bt_navigator]: Creating bond (bt_navigator) to lifecycle manager.
[lifecycle_manager-12] [INFO] [1783985543.733278270] [lifecycle_manager_navigation]: Server bt_navigator connected with bond.
[lifecycle_manager-12] [INFO] [1783985543.733335854] [lifecycle_manager_navigation]: [34m[1mActivating waypoint_follower[0m[0m
[waypoint_follower-11] [INFO] [1783985543.733704126] [waypoint_follower]: Activating
[waypoint_follower-11] [INFO] [1783985543.733753959] [waypoint_follower]: Creating bond (waypoint_follower) to lifecycle manager.
[goal_pose_to_nav2-13] [INFO] [1783985543.742840264] [goal_pose_to_nav2]: Bridge ready: goal_pose -> NavigateToPose (navigate_to_pose)
[lifecycle_manager-12] [INFO] [1783985543.836874485] [lifecycle_manager_navigation]: Server waypoint_follower connected with bond.
[lifecycle_manager-12] [INFO] [1783985543.836921471] [lifecycle_manager_navigation]: [34m[1mManaged nodes are active[0m[0m
[lifecycle_manager-12] [INFO] [1783985543.836930841] [lifecycle_manager_navigation]: [34m[1mCreating bond timer...[0m[0m
[rviz2-6] [INFO] [1783985550.754986097] [rviz2]: Setting goal pose: Frame:map, Position(0.48515, 0.0173396, 0), Orientation(0, 0, -0.0261964, 0.999657) = Angle: -0.0523988
[goal_pose_to_nav2-13] [INFO] [1783985550.756047366] [goal_pose_to_nav2]: Received goal (0.49, 0.02) in frame 'map'
[bt_navigator-10] [INFO] [1783985550.756162429] [bt_navigator]: Begin navigating from current location (0.20, 0.12) to (0.49, 0.02)
[bt_navigator-10] [INFO] [1783985550.766533347] [bt_navigator]: Received goal preemption request
[bt_navigator-10] [INFO] [1783985550.766738137] [bt_navigator]: Begin navigating from current location (0.20, 0.12) to (0.49, 0.02)
[controller_server-7] [INFO] [1783985550.777064583] [controller_server]: Received a goal, begin computing control effort.
[controller_server-7] [WARN] [1783985550.777120279] [controller_server]: No goal checker was specified in parameter 'current_goal_checker'. Server will use only plugin loaded goal_checker . This warning will appear once.
[controller_server-7] [WARN] [1783985550.777133696] [controller_server]: No progress checker was specified in parameter 'current_progress_checker'. Server will use only plugin loaded progress_checker . This warning will appear once.
[controller_server-7] [INFO] [1783985551.827241870] [controller_server]: Passing new path to controller.
[controller_server-7] [INFO] [1783985552.877239423] [controller_server]: Passing new path to controller.
[controller_server-7] [INFO] [1783985553.877249590] [controller_server]: Passing new path to controller.
[controller_server-7] [INFO] [1783985553.877640793] [controller_server]: Reached the goal!
[bt_navigator-10] [INFO] [1783985553.916568449] [bt_navigator]: Goal succeeded
[rviz2-6] [INFO] [1783985582.197494190] [rviz2]: Setting goal pose: Frame:map, Position(0.561607, 0.00872713, 0), Orientation(0, 0, -0.0390254, 0.999238) = Angle: -0.0780706
[bt_navigator-10] [INFO] [1783985582.198291356] [bt_navigator]: Begin navigating from current location (0.36, 0.07) to (0.56, 0.01)
[goal_pose_to_nav2-13] [INFO] [1783985582.198993638] [goal_pose_to_nav2]: Received goal (0.56, 0.01) in frame 'map'
[bt_navigator-10] [INFO] [1783985582.208661701] [bt_navigator]: Received goal preemption request
[bt_navigator-10] [INFO] [1783985582.208834009] [bt_navigator]: Begin navigating from current location (0.36, 0.07) to (0.56, 0.01)
[controller_server-7] [INFO] [1783985582.219712476] [controller_server]: Received a goal, begin computing control effort.
[controller_server-7] [INFO] [1783985582.220006918] [controller_server]: Reached the goal!
[bt_navigator-10] [INFO] [1783985582.248623476] [bt_navigator]: Goal succeeded
