[INFO] [launch]: All log files can be found below /home/gsing/2026_Gsing-second_ROS/logs/ros/2026-07-16-01-42-47-513296-gsing-KPADLU4-7779
[INFO] [launch]: Default logging verbosity is set to INFO
[INFO] [static_transform_publisher-1]: process started with pid [7842]
[INFO] [static_transform_publisher-2]: process started with pid [7844]
[INFO] [static_transform_publisher-3]: process started with pid [7846]
[INFO] [map_server-4]: process started with pid [7848]
[INFO] [rviz2-5]: process started with pid [7850]
[static_transform_publisher-1] [INFO] [1784137367.625854688] [static_tf_caminit_odom]: Spinning until stopped - publishing transform
[static_transform_publisher-1] translation: ('0.000000', '0.000000', '0.000000')
[static_transform_publisher-1] rotation: ('0.000000', '0.000000', '0.000000', '1.000000')
[static_transform_publisher-1] from 'camera_init' to 'odom'
[static_transform_publisher-3] [INFO] [1784137367.686147599] [static_tf_baselink_lidar]: Spinning until stopped - publishing transform
[static_transform_publisher-3] translation: ('0.000000', '0.000000', '0.000000')
[static_transform_publisher-3] rotation: ('0.000000', '0.000000', '0.000000', '1.000000')
[static_transform_publisher-3] from 'base_link' to 'unilidar_lidar'
[static_transform_publisher-2] [INFO] [1784137367.691567379] [static_tf_body_baselink]: Spinning until stopped - publishing transform
[static_transform_publisher-2] translation: ('0.000000', '0.000000', '0.000000')
[static_transform_publisher-2] rotation: ('0.000000', '0.000000', '0.000000', '1.000000')
[static_transform_publisher-2] from 'base_link' to 'body'
[map_server-4] [INFO] [1784137367.760028301] [map_server]: 
[map_server-4] 	map_server lifecycle node launched. 
[map_server-4] 	Waiting on external lifecycle transitions to activate
[map_server-4] 	See https://design.ros2.org/articles/node_lifecycle.html for more information.
[map_server-4] [INFO] [1784137367.760802551] [map_server]: Creating
[rviz2-5] Warning: Ignoring XDG_SESSION_TYPE=wayland on Gnome. Use QT_QPA_PLATFORM=wayland to run on Wayland anyway.
[rviz2-5] [INFO] [1784137368.331668735] [rviz2]: Stereo is NOT SUPPORTED
[rviz2-5] [INFO] [1784137368.331807326] [rviz2]: OpenGl version: 4.6 (GLSL 4.6)
[rviz2-5] [INFO] [1784137368.367684426] [rviz2]: Stereo is NOT SUPPORTED
[INFO] [controller_server-6]: process started with pid [8011]
[INFO] [planner_server-7]: process started with pid [8013]
[INFO] [behavior_server-8]: process started with pid [8015]
[INFO] [bt_navigator-9]: process started with pid [8017]
[INFO] [waypoint_follower-10]: process started with pid [8019]
[INFO] [lifecycle_manager-11]: process started with pid [8021]
[INFO] [costmap_to_grid-12]: process started with pid [8023]
[waypoint_follower-10] [INFO] [1784137372.652067214] [waypoint_follower]: 
[waypoint_follower-10] 	waypoint_follower lifecycle node launched. 
[waypoint_follower-10] 	Waiting on external lifecycle transitions to activate
[waypoint_follower-10] 	See https://design.ros2.org/articles/node_lifecycle.html for more information.
[waypoint_follower-10] [INFO] [1784137372.653685656] [waypoint_follower]: Creating
[lifecycle_manager-11] [INFO] [1784137372.662001292] [lifecycle_manager_navigation]: Creating
[behavior_server-8] [INFO] [1784137372.678024623] [behavior_server]: 
[behavior_server-8] 	behavior_server lifecycle node launched. 
[behavior_server-8] 	Waiting on external lifecycle transitions to activate
[behavior_server-8] 	See https://design.ros2.org/articles/node_lifecycle.html for more information.
[lifecycle_manager-11] [INFO] [1784137372.679439844] [lifecycle_manager_navigation]: [34m[1mCreating and initializing lifecycle service clients[0m[0m
[controller_server-6] [INFO] [1784137372.713657072] [controller_server]: 
[controller_server-6] 	controller_server lifecycle node launched. 
[controller_server-6] 	Waiting on external lifecycle transitions to activate
[controller_server-6] 	See https://design.ros2.org/articles/node_lifecycle.html for more information.
[controller_server-6] [INFO] [1784137372.728854199] [controller_server]: Creating controller server
[bt_navigator-9] [INFO] [1784137372.751272227] [bt_navigator]: 
[bt_navigator-9] 	bt_navigator lifecycle node launched. 
[bt_navigator-9] 	Waiting on external lifecycle transitions to activate
[bt_navigator-9] 	See https://design.ros2.org/articles/node_lifecycle.html for more information.
[bt_navigator-9] [INFO] [1784137372.751453239] [bt_navigator]: Creating
[controller_server-6] [INFO] [1784137372.776753468] [local_costmap.local_costmap]: 
[controller_server-6] 	local_costmap lifecycle node launched. 
[controller_server-6] 	Waiting on external lifecycle transitions to activate
[controller_server-6] 	See https://design.ros2.org/articles/node_lifecycle.html for more information.
[controller_server-6] [INFO] [1784137372.791993216] [local_costmap.local_costmap]: Creating Costmap
[planner_server-7] [INFO] [1784137372.838834511] [planner_server]: 
[planner_server-7] 	planner_server lifecycle node launched. 
[planner_server-7] 	Waiting on external lifecycle transitions to activate
[planner_server-7] 	See https://design.ros2.org/articles/node_lifecycle.html for more information.
[planner_server-7] [INFO] [1784137372.840647576] [planner_server]: Creating
[planner_server-7] [INFO] [1784137372.862781487] [global_costmap.global_costmap]: 
[planner_server-7] 	global_costmap lifecycle node launched. 
[planner_server-7] 	Waiting on external lifecycle transitions to activate
[planner_server-7] 	See https://design.ros2.org/articles/node_lifecycle.html for more information.
[planner_server-7] [INFO] [1784137372.863424867] [global_costmap.global_costmap]: Creating Costmap
[lifecycle_manager-11] [INFO] [1784137372.917684626] [lifecycle_manager_navigation]: [34m[1mStarting managed nodes bringup...[0m[0m
[lifecycle_manager-11] [INFO] [1784137372.917765617] [lifecycle_manager_navigation]: [34m[1mConfiguring map_server[0m[0m
[map_server-4] [INFO] [1784137372.918901029] [map_server]: Configuring
[map_server-4] [INFO] [1784137372.919004423] [map_io]: Loading yaml file: /home/gsing/2026_Gsing-second_ROS/map/map.yaml
[map_server-4] [INFO] [1784137372.920081434] [map_io]: resolution: 0.05
[map_server-4] [INFO] [1784137372.920113066] [map_io]: origin[0]: -0.131
[map_server-4] [INFO] [1784137372.920141194] [map_io]: origin[1]: -2.121
[map_server-4] [INFO] [1784137372.920149151] [map_io]: origin[2]: 0
[map_server-4] [INFO] [1784137372.920157344] [map_io]: free_thresh: 0.196
[map_server-4] [INFO] [1784137372.920164990] [map_io]: occupied_thresh: 0.65
[map_server-4] [INFO] [1784137372.920173155] [map_io]: mode: trinary
[map_server-4] [INFO] [1784137372.920181775] [map_io]: negate: 0
[map_server-4] [INFO] [1784137372.925168854] [map_io]: Loading image_file: /home/gsing/2026_Gsing-second_ROS/map/map.pgm
[map_server-4] [INFO] [1784137372.927661550] [map_io]: Read map /home/gsing/2026_Gsing-second_ROS/map/map.pgm: 125 X 89 map @ 0.05 m/cell
[lifecycle_manager-11] [INFO] [1784137372.939313958] [lifecycle_manager_navigation]: [34m[1mConfiguring controller_server[0m[0m
[controller_server-6] [INFO] [1784137373.051981030] [controller_server]: Configuring controller interface
[controller_server-6] [INFO] [1784137373.054011495] [controller_server]: getting goal checker plugins..
[controller_server-6] [INFO] [1784137373.056523985] [controller_server]: Controller frequency set to 20.0000Hz
[controller_server-6] [INFO] [1784137373.056609471] [local_costmap.local_costmap]: Configuring
[controller_server-6] [INFO] [1784137373.066931629] [local_costmap.local_costmap]: Using plugin "static_layer"
[controller_server-6] [INFO] [1784137373.078285293] [local_costmap.local_costmap]: Subscribing to the map topic (/map) with transient local durability
[controller_server-6] [INFO] [1784137373.080483660] [local_costmap.local_costmap]: Initialized plugin "static_layer"
[costmap_to_grid-12] [INFO] [1784137373.210318458] [costmap_to_grid]: Publishing /global_costmap_grid and /local_costmap_grid for RViz
[controller_server-6] [INFO] [1784137373.796762871] [controller_server]: Created progress_checker : progress_checker of type nav2_controller::SimpleProgressChecker
[controller_server-6] [INFO] [1784137373.798423424] [controller_server]: Created goal checker : goal_checker of type nav2_controller::SimpleGoalChecker
[controller_server-6] [INFO] [1784137373.799342692] [controller_server]: Controller Server has goal_checker  goal checkers available.
[controller_server-6] [INFO] [1784137373.801342801] [controller_server]: Created controller : FollowPath of type nav2_regulated_pure_pursuit_controller::RegulatedPurePursuitController
[controller_server-6] [INFO] [1784137373.809148716] [controller_server]: Controller Server has FollowPath  controllers available.
[lifecycle_manager-11] [INFO] [1784137374.326082264] [lifecycle_manager_navigation]: [34m[1mConfiguring planner_server[0m[0m
[planner_server-7] [INFO] [1784137374.326349434] [planner_server]: Configuring
[planner_server-7] [INFO] [1784137374.326400918] [global_costmap.global_costmap]: Configuring
[planner_server-7] [INFO] [1784137374.332282281] [global_costmap.global_costmap]: Using plugin "static_layer"
[planner_server-7] [INFO] [1784137374.337163423] [global_costmap.global_costmap]: Subscribing to the map topic (/map) with transient local durability
[planner_server-7] [INFO] [1784137374.338318816] [global_costmap.global_costmap]: Initialized plugin "static_layer"
[planner_server-7] [INFO] [1784137374.352077233] [planner_server]: Created global planner plugin GridBased of type nav2_navfn_planner/NavfnPlanner
[planner_server-7] [INFO] [1784137374.352135362] [planner_server]: Configuring plugin GridBased of type NavfnPlanner
[planner_server-7] [INFO] [1784137374.353636104] [planner_server]: Planner Server has GridBased  planners available.
[lifecycle_manager-11] [INFO] [1784137375.294322373] [lifecycle_manager_navigation]: [34m[1mConfiguring behavior_server[0m[0m
[behavior_server-8] [INFO] [1784137375.294997793] [behavior_server]: Configuring
[behavior_server-8] [INFO] [1784137375.306144039] [behavior_server]: Creating behavior plugin spin of type nav2_behaviors/Spin
[behavior_server-8] [INFO] [1784137375.308196294] [behavior_server]: Configuring spin
[behavior_server-8] [INFO] [1784137375.315339201] [behavior_server]: Creating behavior plugin backup of type nav2_behaviors/BackUp
[behavior_server-8] [INFO] [1784137375.317047646] [behavior_server]: Configuring backup
[behavior_server-8] [INFO] [1784137375.780252613] [behavior_server]: Creating behavior plugin drive_on_heading of type nav2_behaviors/DriveOnHeading
[behavior_server-8] [INFO] [1784137375.784815361] [behavior_server]: Configuring drive_on_heading
[behavior_server-8] [INFO] [1784137375.791540226] [behavior_server]: Creating behavior plugin wait of type nav2_behaviors/Wait
[behavior_server-8] [INFO] [1784137375.793444578] [behavior_server]: Configuring wait
[lifecycle_manager-11] [INFO] [1784137375.991315697] [lifecycle_manager_navigation]: [34m[1mConfiguring bt_navigator[0m[0m
[bt_navigator-9] [INFO] [1784137375.991698641] [bt_navigator]: Configuring
[lifecycle_manager-11] [INFO] [1784137376.625751774] [lifecycle_manager_navigation]: [34m[1mConfiguring waypoint_follower[0m[0m
[waypoint_follower-10] [INFO] [1784137376.626010784] [waypoint_follower]: Configuring
[waypoint_follower-10] [INFO] [1784137376.639351509] [waypoint_follower]: Created waypoint_task_executor : wait_at_waypoint of type nav2_waypoint_follower::WaitAtWaypoint
[waypoint_follower-10] [INFO] [1784137376.641618403] [waypoint_follower]: Waypoint pause duration is set to zero, disabling task executor plugin.
[lifecycle_manager-11] [INFO] [1784137376.642597789] [lifecycle_manager_navigation]: [34m[1mActivating map_server[0m[0m
[map_server-4] [INFO] [1784137376.642797713] [map_server]: Activating
[map_server-4] [INFO] [1784137376.642999975] [map_server]: Creating bond (map_server) to lifecycle manager.
[controller_server-6] [INFO] [1784137376.643199032] [local_costmap.local_costmap]: StaticLayer: Resizing static layer to 125 X 89 at 0.050000 m/pix
[planner_server-7] [INFO] [1784137376.643476661] [global_costmap.global_costmap]: StaticLayer: Resizing costmap to 125 X 89 at 0.050000 m/pix
[rviz2-5] [INFO] [1784137376.670076707] [rviz2]: Trying to create a map of size 125 x 89 using 1 swatches
[rviz2-5] [ERROR] [1784137376.701771424] [rviz2]: Vertex Program:rviz/glsl120/indexed_8bit_image.vert Fragment Program:rviz/glsl120/indexed_8bit_image.frag GLSL link result : 
[rviz2-5] active samplers with a different type refer to the same texture image unit
[lifecycle_manager-11] [INFO] [1784137376.750240089] [lifecycle_manager_navigation]: Server map_server connected with bond.
[lifecycle_manager-11] [INFO] [1784137376.750293940] [lifecycle_manager_navigation]: [34m[1mActivating controller_server[0m[0m
[controller_server-6] [INFO] [1784137376.750536151] [controller_server]: Activating
[controller_server-6] [INFO] [1784137376.750584256] [local_costmap.local_costmap]: Activating
[controller_server-6] [INFO] [1784137376.750603500] [local_costmap.local_costmap]: Checking transform
[controller_server-6] [INFO] [1784137376.750634572] [local_costmap.local_costmap]: Timed out waiting for transform from base_link to map to become available, tf error: Invalid frame ID "map" passed to canTransform argument target_frame - frame does not exist
[controller_server-6] [INFO] [1784137377.250693209] [local_costmap.local_costmap]: Timed out waiting for transform from base_link to map to become available, tf error: Invalid frame ID "map" passed to canTransform argument target_frame - frame does not exist
[controller_server-6] [INFO] [1784137377.750688926] [local_costmap.local_costmap]: Timed out waiting for transform from base_link to map to become available, tf error: Invalid frame ID "map" passed to canTransform argument target_frame - frame does not exist
[controller_server-6] [INFO] [1784137378.250687650] [local_costmap.local_costmap]: Timed out waiting for transform from base_link to map to become available, tf error: Invalid frame ID "map" passed to canTransform argument target_frame - frame does not exist
[controller_server-6] [INFO] [1784137378.750691581] [local_costmap.local_costmap]: Timed out waiting for transform from base_link to map to become available, tf error: Invalid frame ID "map" passed to canTransform argument target_frame - frame does not exist
[controller_server-6] [INFO] [1784137379.250688380] [local_costmap.local_costmap]: Timed out waiting for transform from base_link to map to become available, tf error: Invalid frame ID "map" passed to canTransform argument target_frame - frame does not exist
[controller_server-6] [INFO] [1784137379.750685087] [local_costmap.local_costmap]: Timed out waiting for transform from base_link to map to become available, tf error: Invalid frame ID "map" passed to canTransform argument target_frame - frame does not exist
[controller_server-6] [INFO] [1784137380.250688682] [local_costmap.local_costmap]: Timed out waiting for transform from base_link to map to become available, tf error: Invalid frame ID "map" passed to canTransform argument target_frame - frame does not exist
[controller_server-6] [INFO] [1784137380.750685025] [local_costmap.local_costmap]: Timed out waiting for transform from base_link to map to become available, tf error: Invalid frame ID "map" passed to canTransform argument target_frame - frame does not exist
[controller_server-6] [INFO] [1784137381.250686905] [local_costmap.local_costmap]: Timed out waiting for transform from base_link to map to become available, tf error: Invalid frame ID "map" passed to canTransform argument target_frame - frame does not exist
[controller_server-6] [INFO] [1784137381.750687588] [local_costmap.local_costmap]: Timed out waiting for transform from base_link to map to become available, tf error: Invalid frame ID "map" passed to canTransform argument target_frame - frame does not exist
[controller_server-6] [INFO] [1784137382.250687350] [local_costmap.local_costmap]: Timed out waiting for transform from base_link to map to become available, tf error: Invalid frame ID "map" passed to canTransform argument target_frame - frame does not exist
[controller_server-6] [INFO] [1784137382.750690755] [local_costmap.local_costmap]: Timed out waiting for transform from base_link to map to become available, tf error: Invalid frame ID "map" passed to canTransform argument target_frame - frame does not exist
[controller_server-6] [INFO] [1784137383.250688721] [local_costmap.local_costmap]: Timed out waiting for transform from base_link to map to become available, tf error: Invalid frame ID "map" passed to canTransform argument target_frame - frame does not exist
[controller_server-6] [INFO] [1784137383.750745618] [local_costmap.local_costmap]: Timed out waiting for transform from base_link to map to become available, tf error: Invalid frame ID "map" passed to canTransform argument target_frame - frame does not exist
[controller_server-6] [INFO] [1784137384.250687035] [local_costmap.local_costmap]: Timed out waiting for transform from base_link to map to become available, tf error: Invalid frame ID "map" passed to canTransform argument target_frame - frame does not exist
[controller_server-6] [INFO] [1784137384.750688063] [local_costmap.local_costmap]: Timed out waiting for transform from base_link to map to become available, tf error: Invalid frame ID "map" passed to canTransform argument target_frame - frame does not exist
[controller_server-6] [INFO] [1784137385.250687548] [local_costmap.local_costmap]: Timed out waiting for transform from base_link to map to become available, tf error: Invalid frame ID "map" passed to canTransform argument target_frame - frame does not exist
[controller_server-6] [INFO] [1784137385.750687603] [local_costmap.local_costmap]: Timed out waiting for transform from base_link to map to become available, tf error: Invalid frame ID "map" passed to canTransform argument target_frame - frame does not exist
[controller_server-6] [INFO] [1784137386.250688149] [local_costmap.local_costmap]: Timed out waiting for transform from base_link to map to become available, tf error: Invalid frame ID "map" passed to canTransform argument target_frame - frame does not exist
[controller_server-6] [INFO] [1784137386.750688747] [local_costmap.local_costmap]: Timed out waiting for transform from base_link to map to become available, tf error: Invalid frame ID "map" passed to canTransform argument target_frame - frame does not exist
[controller_server-6] [INFO] [1784137387.250688464] [local_costmap.local_costmap]: Timed out waiting for transform from base_link to map to become available, tf error: Invalid frame ID "map" passed to canTransform argument target_frame - frame does not exist
[controller_server-6] [INFO] [1784137387.750695258] [local_costmap.local_costmap]: Timed out waiting for transform from base_link to map to become available, tf error: Invalid frame ID "map" passed to canTransform argument target_frame - frame does not exist
[controller_server-6] [INFO] [1784137388.250689686] [local_costmap.local_costmap]: Timed out waiting for transform from base_link to map to become available, tf error: Invalid frame ID "map" passed to canTransform argument target_frame - frame does not exist
[controller_server-6] [INFO] [1784137388.750686231] [local_costmap.local_costmap]: Timed out waiting for transform from base_link to map to become available, tf error: Invalid frame ID "map" passed to canTransform argument target_frame - frame does not exist
[controller_server-6] [INFO] [1784137389.250687898] [local_costmap.local_costmap]: Timed out waiting for transform from base_link to map to become available, tf error: Invalid frame ID "map" passed to canTransform argument target_frame - frame does not exist
[controller_server-6] [INFO] [1784137389.750695814] [local_costmap.local_costmap]: Timed out waiting for transform from base_link to map to become available, tf error: Invalid frame ID "map" passed to canTransform argument target_frame - frame does not exist
[controller_server-6] [INFO] [1784137390.250688182] [local_costmap.local_costmap]: Timed out waiting for transform from base_link to map to become available, tf error: Invalid frame ID "map" passed to canTransform argument target_frame - frame does not exist
[controller_server-6] [INFO] [1784137390.750688482] [local_costmap.local_costmap]: Timed out waiting for transform from base_link to map to become available, tf error: Invalid frame ID "map" passed to canTransform argument target_frame - frame does not exist
[controller_server-6] [INFO] [1784137391.250690320] [local_costmap.local_costmap]: Timed out waiting for transform from base_link to map to become available, tf error: Invalid frame ID "map" passed to canTransform argument target_frame - frame does not exist
[controller_server-6] [INFO] [1784137391.750808052] [local_costmap.local_costmap]: Timed out waiting for transform from base_link to map to become available, tf error: Invalid frame ID "map" passed to canTransform argument target_frame - frame does not exist
[controller_server-6] [INFO] [1784137392.250690177] [local_costmap.local_costmap]: Timed out waiting for transform from base_link to map to become available, tf error: Invalid frame ID "map" passed to canTransform argument target_frame - frame does not exist
[controller_server-6] [INFO] [1784137392.750688232] [local_costmap.local_costmap]: Timed out waiting for transform from base_link to map to become available, tf error: Invalid frame ID "map" passed to canTransform argument target_frame - frame does not exist
[controller_server-6] [INFO] [1784137393.250701359] [local_costmap.local_costmap]: Timed out waiting for transform from base_link to map to become available, tf error: Invalid frame ID "map" passed to canTransform argument target_frame - frame does not exist
[controller_server-6] [INFO] [1784137393.750689150] [local_costmap.local_costmap]: Timed out waiting for transform from base_link to map to become available, tf error: Invalid frame ID "map" passed to canTransform argument target_frame - frame does not exist
[controller_server-6] [INFO] [1784137394.250688717] [local_costmap.local_costmap]: Timed out waiting for transform from base_link to map to become available, tf error: Invalid frame ID "map" passed to canTransform argument target_frame - frame does not exist
[controller_server-6] [INFO] [1784137394.750694740] [local_costmap.local_costmap]: Timed out waiting for transform from base_link to map to become available, tf error: Invalid frame ID "map" passed to canTransform argument target_frame - frame does not exist
[controller_server-6] [INFO] [1784137395.250688935] [local_costmap.local_costmap]: Timed out waiting for transform from base_link to map to become available, tf error: Invalid frame ID "map" passed to canTransform argument target_frame - frame does not exist
[controller_server-6] [INFO] [1784137395.750693663] [local_costmap.local_costmap]: Timed out waiting for transform from base_link to map to become available, tf error: Invalid frame ID "map" passed to canTransform argument target_frame - frame does not exist
[controller_server-6] [INFO] [1784137396.250917707] [local_costmap.local_costmap]: Timed out waiting for transform from base_link to map to become available, tf error: Invalid frame ID "map" passed to canTransform argument target_frame - frame does not exist
