[INFO] [launch]: All log files can be found below /home/gsing/2026Gsing/2026_Gsing-second_ROS/logs/ros/2026-07-15-04-54-33-962071-gsing-5434
[INFO] [launch]: Default logging verbosity is set to INFO
[INFO] [static_transform_publisher-1]: process started with pid [5529]
[INFO] [static_transform_publisher-2]: process started with pid [5530]
[INFO] [static_transform_publisher-3]: process started with pid [5531]
[INFO] [map_server-4]: process started with pid [5532]
[static_transform_publisher-1] [INFO] [1784062475.613473861] [static_tf_caminit_odom]: Spinning until stopped - publishing transform
[static_transform_publisher-1] translation: ('0.000000', '0.000000', '0.000000')
[static_transform_publisher-1] rotation: ('0.000000', '0.000000', '0.000000', '1.000000')
[static_transform_publisher-1] from 'camera_init' to 'odom'
[static_transform_publisher-3] [INFO] [1784062475.875657430] [static_tf_baselink_lidar]: Spinning until stopped - publishing transform
[static_transform_publisher-3] translation: ('0.000000', '0.000000', '0.000000')
[static_transform_publisher-3] rotation: ('0.000000', '0.000000', '0.000000', '1.000000')
[static_transform_publisher-3] from 'base_link' to 'unilidar_lidar'
[static_transform_publisher-2] [INFO] [1784062475.942937218] [static_tf_body_baselink]: Spinning until stopped - publishing transform
[static_transform_publisher-2] translation: ('0.000000', '0.000000', '0.000000')
[static_transform_publisher-2] rotation: ('0.000000', '0.000000', '0.000000', '1.000000')
[static_transform_publisher-2] from 'base_link' to 'body'
[map_server-4] [INFO] [1784062476.339782227] [map_server]: 
[map_server-4] 	map_server lifecycle node launched. 
[map_server-4] 	Waiting on external lifecycle transitions to activate
[map_server-4] 	See https://design.ros2.org/articles/node_lifecycle.html for more information.
[map_server-4] [INFO] [1784062476.340128509] [map_server]: Creating
[INFO] [controller_server-5]: process started with pid [5649]
[INFO] [planner_server-6]: process started with pid [5650]
[INFO] [behavior_server-7]: process started with pid [5651]
[INFO] [bt_navigator-8]: process started with pid [5652]
[INFO] [waypoint_follower-9]: process started with pid [5653]
[INFO] [lifecycle_manager-10]: process started with pid [5654]
[INFO] [costmap_to_grid-11]: process started with pid [5655]
[behavior_server-7] [INFO] [1784062481.183424073] [behavior_server]: 
[behavior_server-7] 	behavior_server lifecycle node launched. 
[behavior_server-7] 	Waiting on external lifecycle transitions to activate
[behavior_server-7] 	See https://design.ros2.org/articles/node_lifecycle.html for more information.
[planner_server-6] [INFO] [1784062481.587373169] [planner_server]: 
[planner_server-6] 	planner_server lifecycle node launched. 
[planner_server-6] 	Waiting on external lifecycle transitions to activate
[planner_server-6] 	See https://design.ros2.org/articles/node_lifecycle.html for more information.
[planner_server-6] [INFO] [1784062481.655510050] [planner_server]: Creating
[planner_server-6] [INFO] [1784062481.719213861] [global_costmap.global_costmap]: 
[planner_server-6] 	global_costmap lifecycle node launched. 
[planner_server-6] 	Waiting on external lifecycle transitions to activate
[planner_server-6] 	See https://design.ros2.org/articles/node_lifecycle.html for more information.
[bt_navigator-8] [INFO] [1784062481.732202748] [bt_navigator]: 
[bt_navigator-8] 	bt_navigator lifecycle node launched. 
[bt_navigator-8] 	Waiting on external lifecycle transitions to activate
[bt_navigator-8] 	See https://design.ros2.org/articles/node_lifecycle.html for more information.
[planner_server-6] [INFO] [1784062481.738459732] [global_costmap.global_costmap]: Creating Costmap
[bt_navigator-8] [INFO] [1784062481.794781025] [bt_navigator]: Creating
[lifecycle_manager-10] [INFO] [1784062481.847659433] [lifecycle_manager_navigation]: Creating
[lifecycle_manager-10] [INFO] [1784062482.027111419] [lifecycle_manager_navigation]: [34m[1mCreating and initializing lifecycle service clients[0m[0m
[waypoint_follower-9] [INFO] [1784062482.092011494] [waypoint_follower]: 
[waypoint_follower-9] 	waypoint_follower lifecycle node launched. 
[waypoint_follower-9] 	Waiting on external lifecycle transitions to activate
[waypoint_follower-9] 	See https://design.ros2.org/articles/node_lifecycle.html for more information.
[waypoint_follower-9] [INFO] [1784062482.110626228] [waypoint_follower]: Creating
[controller_server-5] [INFO] [1784062482.206465449] [controller_server]: 
[controller_server-5] 	controller_server lifecycle node launched. 
[controller_server-5] 	Waiting on external lifecycle transitions to activate
[controller_server-5] 	See https://design.ros2.org/articles/node_lifecycle.html for more information.
[controller_server-5] [INFO] [1784062482.233271616] [controller_server]: Creating controller server
[lifecycle_manager-10] [INFO] [1784062482.389862937] [lifecycle_manager_navigation]: [34m[1mStarting managed nodes bringup...[0m[0m
[lifecycle_manager-10] [INFO] [1784062482.390134263] [lifecycle_manager_navigation]: [34m[1mConfiguring map_server[0m[0m
[map_server-4] [INFO] [1784062482.407484995] [map_server]: Configuring
[map_server-4] [INFO] [1784062482.407690397] [map_io]: Loading yaml file: /home/gsing/2026Gsing/2026_Gsing-second_ROS/map/PCD31.yaml
[map_server-4] [INFO] [1784062482.411133027] [map_io]: resolution: 0.05
[map_server-4] [INFO] [1784062482.411199323] [map_io]: origin[0]: -0.006
[map_server-4] [INFO] [1784062482.411231823] [map_io]: origin[1]: -1.132
[map_server-4] [INFO] [1784062482.411258169] [map_io]: origin[2]: 0
[map_server-4] [INFO] [1784062482.411287142] [map_io]: free_thresh: 0.196
[map_server-4] [INFO] [1784062482.411314939] [map_io]: occupied_thresh: 0.65
[map_server-4] [INFO] [1784062482.411345340] [map_io]: mode: trinary
[map_server-4] [INFO] [1784062482.411372117] [map_io]: negate: 0
[map_server-4] [INFO] [1784062482.462261180] [map_io]: Loading image_file: /home/gsing/2026Gsing/2026_Gsing-second_ROS/map/PCD31.pgm
[map_server-4] [INFO] [1784062482.508669107] [map_io]: Read map /home/gsing/2026Gsing/2026_Gsing-second_ROS/map/PCD31.pgm: 55 X 42 map @ 0.05 m/cell
[controller_server-5] [INFO] [1784062482.567750201] [local_costmap.local_costmap]: 
[controller_server-5] 	local_costmap lifecycle node launched. 
[controller_server-5] 	Waiting on external lifecycle transitions to activate
[controller_server-5] 	See https://design.ros2.org/articles/node_lifecycle.html for more information.
[controller_server-5] [INFO] [1784062482.585891122] [local_costmap.local_costmap]: Creating Costmap
[lifecycle_manager-10] [INFO] [1784062482.641328168] [lifecycle_manager_navigation]: [34m[1mConfiguring controller_server[0m[0m
[controller_server-5] [INFO] [1784062482.647641693] [controller_server]: Configuring controller interface
[controller_server-5] [INFO] [1784062482.647719842] [controller_server]: getting progress checker plugins..
[controller_server-5] [INFO] [1784062482.648075052] [controller_server]: getting goal checker plugins..
[controller_server-5] [INFO] [1784062482.649457911] [controller_server]: Controller frequency set to 20.0000Hz
[controller_server-5] [INFO] [1784062482.649618756] [local_costmap.local_costmap]: Configuring
[controller_server-5] [INFO] [1784062482.773735901] [local_costmap.local_costmap]: Using plugin "static_layer"
[controller_server-5] [INFO] [1784062482.859898328] [local_costmap.local_costmap]: Subscribing to the map topic (/map) with transient local durability
[controller_server-5] [INFO] [1784062482.876846364] [local_costmap.local_costmap]: Initialized plugin "static_layer"
[controller_server-5] [INFO] [1784062482.942450190] [controller_server]: Created progress_checker : progress_checker of type nav2_controller::SimpleProgressChecker
[controller_server-5] [INFO] [1784062482.945389181] [controller_server]: Controller Server has progress_checker  progress checkers available.
[controller_server-5] [INFO] [1784062482.953755771] [controller_server]: Created goal checker : goal_checker of type nav2_controller::SimpleGoalChecker
[controller_server-5] [INFO] [1784062482.955098547] [controller_server]: Controller Server has goal_checker  goal checkers available.
[controller_server-5] [INFO] [1784062482.979925516] [controller_server]: Created controller : FollowPath of type nav2_regulated_pure_pursuit_controller::RegulatedPurePursuitController
[controller_server-5] [INFO] [1784062483.055143943] [controller_server]: Controller Server has FollowPath  controllers available.
[lifecycle_manager-10] [INFO] [1784062483.159710117] [lifecycle_manager_navigation]: [34m[1mConfiguring planner_server[0m[0m
[planner_server-6] [INFO] [1784062483.164605284] [planner_server]: Configuring
[planner_server-6] [INFO] [1784062483.164791083] [global_costmap.global_costmap]: Configuring
[planner_server-6] [INFO] [1784062483.336390570] [global_costmap.global_costmap]: Using plugin "static_layer"
[planner_server-6] [INFO] [1784062483.419534982] [global_costmap.global_costmap]: Subscribing to the map topic (/map) with transient local durability
[planner_server-6] [INFO] [1784062483.451746884] [global_costmap.global_costmap]: Initialized plugin "static_layer"
[planner_server-6] [INFO] [1784062483.592663096] [planner_server]: Created global planner plugin GridBased of type nav2_navfn_planner::NavfnPlanner
[planner_server-6] [INFO] [1784062483.592784279] [planner_server]: Configuring plugin GridBased of type NavfnPlanner
[planner_server-6] [INFO] [1784062483.598470094] [planner_server]: Planner Server has GridBased  planners available.
[lifecycle_manager-10] [INFO] [1784062483.790774526] [lifecycle_manager_navigation]: [34m[1mConfiguring behavior_server[0m[0m
[behavior_server-7] [INFO] [1784062483.792776080] [behavior_server]: Configuring
[behavior_server-7] [INFO] [1784062483.917677303] [behavior_server]: Creating behavior plugin spin of type nav2_behaviors::Spin
[behavior_server-7] [INFO] [1784062483.989267417] [behavior_server]: Creating behavior plugin backup of type nav2_behaviors::BackUp
[behavior_server-7] [INFO] [1784062484.038275268] [behavior_server]: Creating behavior plugin drive_on_heading of type nav2_behaviors::DriveOnHeading
[behavior_server-7] [INFO] [1784062484.076875704] [behavior_server]: Creating behavior plugin wait of type nav2_behaviors::Wait
[behavior_server-7] [INFO] [1784062484.225419445] [behavior_server]: Configuring spin
[behavior_server-7] [INFO] [1784062484.328265072] [behavior_server]: Configuring backup
[behavior_server-7] [INFO] [1784062484.396241310] [behavior_server]: Configuring drive_on_heading
[behavior_server-7] [INFO] [1784062484.459749924] [behavior_server]: Configuring wait
[lifecycle_manager-10] [INFO] [1784062484.533885975] [lifecycle_manager_navigation]: [34m[1mConfiguring bt_navigator[0m[0m
[bt_navigator-8] [INFO] [1784062484.534678927] [bt_navigator]: Configuring
[bt_navigator-8] [INFO] [1784062484.721276525] [bt_navigator]: Creating navigator id navigate_to_pose of type nav2_bt_navigator::NavigateToPoseNavigator
[bt_navigator-8] [WARN] [1784062484.932018034] [bt_navigator]: Error_code parameters were not set. Using default values of: follow_path_error_code compute_path_error_code
[bt_navigator-8] Make sure these match your BT and there are not other sources of error codes youreported to your application
[bt_navigator-8] [INFO] [1784062486.224923739] [bt_navigator]: Creating navigator id navigate_through_poses of type nav2_bt_navigator::NavigateThroughPosesNavigator
[lifecycle_manager-10] [INFO] [1784062486.465369685] [lifecycle_manager_navigation]: [34m[1mConfiguring waypoint_follower[0m[0m
[waypoint_follower-9] [INFO] [1784062486.466328743] [waypoint_follower]: Configuring
[waypoint_follower-9] [INFO] [1784062486.712170608] [waypoint_follower]: Created waypoint_task_executor : wait_at_waypoint of type nav2_waypoint_follower::WaitAtWaypoint
[waypoint_follower-9] [INFO] [1784062486.721931068] [waypoint_follower]: Waypoint pause duration is set to zero, disabling task executor plugin.
[lifecycle_manager-10] [INFO] [1784062486.736132445] [lifecycle_manager_navigation]: [34m[1mActivating map_server[0m[0m
[map_server-4] [INFO] [1784062486.743090751] [map_server]: Activating
[map_server-4] [INFO] [1784062486.743559902] [map_server]: Creating bond (map_server) to lifecycle manager.
[controller_server-5] [INFO] [1784062486.750237053] [local_costmap.local_costmap]: StaticLayer: Resizing static layer to 55 X 42 at 0.050000 m/pix
[planner_server-6] [INFO] [1784062486.751080085] [global_costmap.global_costmap]: StaticLayer: Resizing costmap to 55 X 42 at 0.050000 m/pix
[lifecycle_manager-10] [INFO] [1784062486.868942497] [lifecycle_manager_navigation]: Server map_server connected with bond.
[lifecycle_manager-10] [INFO] [1784062486.869109846] [lifecycle_manager_navigation]: [34m[1mActivating controller_server[0m[0m
[controller_server-5] [INFO] [1784062486.870650110] [controller_server]: Activating
[controller_server-5] [INFO] [1784062486.870776848] [local_costmap.local_costmap]: Activating
[controller_server-5] [INFO] [1784062486.870829432] [local_costmap.local_costmap]: Checking transform
[controller_server-5] [INFO] [1784062486.876181417] [local_costmap.local_costmap]: start
[controller_server-5] [INFO] [1784062487.026510618] [controller_server]: Activating controller: FollowPath of type regulated_pure_pursuit_controller::RegulatedPurePursuitController
[controller_server-5] [INFO] [1784062487.026640993] [controller_server]: Creating bond (controller_server) to lifecycle manager.
[lifecycle_manager-10] [INFO] [1784062487.164115436] [lifecycle_manager_navigation]: Server controller_server connected with bond.
[lifecycle_manager-10] [INFO] [1784062487.164251329] [lifecycle_manager_navigation]: [34m[1mActivating planner_server[0m[0m
[planner_server-6] [INFO] [1784062487.164917812] [planner_server]: Activating
[planner_server-6] [INFO] [1784062487.165068894] [global_costmap.global_costmap]: Activating
[planner_server-6] [INFO] [1784062487.165114051] [global_costmap.global_costmap]: Checking transform
[planner_server-6] [INFO] [1784062487.165468090] [global_costmap.global_costmap]: start
[planner_server-6] [WARN] [1784062487.504600534] [nav2_costmap_2d]: Robot is out of bounds of the costmap
[planner_server-6] [INFO] [1784062487.517920686] [planner_server]: Activating plugin GridBased of type NavfnPlanner
[planner_server-6] [INFO] [1784062487.519510466] [planner_server]: Creating bond (planner_server) to lifecycle manager.
[lifecycle_manager-10] [INFO] [1784062487.683440865] [lifecycle_manager_navigation]: Server planner_server connected with bond.
[lifecycle_manager-10] [INFO] [1784062487.683608623] [lifecycle_manager_navigation]: [34m[1mActivating behavior_server[0m[0m
[behavior_server-7] [INFO] [1784062487.684587359] [behavior_server]: Activating
[behavior_server-7] [INFO] [1784062487.684671987] [behavior_server]: Activating spin
[behavior_server-7] [INFO] [1784062487.684721860] [behavior_server]: Activating backup
[behavior_server-7] [INFO] [1784062487.684765074] [behavior_server]: Activating drive_on_heading
[behavior_server-7] [INFO] [1784062487.684808840] [behavior_server]: Activating wait
[behavior_server-7] [INFO] [1784062487.684861040] [behavior_server]: Creating bond (behavior_server) to lifecycle manager.
[lifecycle_manager-10] [INFO] [1784062487.885301775] [lifecycle_manager_navigation]: Server behavior_server connected with bond.
[lifecycle_manager-10] [INFO] [1784062487.885410686] [lifecycle_manager_navigation]: [34m[1mActivating bt_navigator[0m[0m
[bt_navigator-8] [INFO] [1784062487.891790897] [bt_navigator]: Activating
[bt_navigator-8] [INFO] [1784062488.726545211] [bt_navigator]: Creating bond (bt_navigator) to lifecycle manager.
[lifecycle_manager-10] [INFO] [1784062488.858484866] [lifecycle_manager_navigation]: Server bt_navigator connected with bond.
[lifecycle_manager-10] [INFO] [1784062488.858656391] [lifecycle_manager_navigation]: [34m[1mActivating waypoint_follower[0m[0m
[waypoint_follower-9] [INFO] [1784062488.873133845] [waypoint_follower]: Activating
[waypoint_follower-9] [INFO] [1784062488.873255522] [waypoint_follower]: Creating bond (waypoint_follower) to lifecycle manager.
[lifecycle_manager-10] [INFO] [1784062489.044450163] [lifecycle_manager_navigation]: Server waypoint_follower connected with bond.
[lifecycle_manager-10] [INFO] [1784062489.044559122] [lifecycle_manager_navigation]: [34m[1mManaged nodes are active[0m[0m
[lifecycle_manager-10] [INFO] [1784062489.044665442] [lifecycle_manager_navigation]: [34m[1mCreating bond timer...[0m[0m
[costmap_to_grid-11] [INFO] [1784062489.622164162] [costmap_to_grid]: Publishing /global_costmap_grid and /local_costmap_grid for RViz
[controller_server-5] [INFO] [1784062617.696590960] [rclcpp]: signal_handler(SIGINT/SIGTERM)
[controller_server-5] [INFO] [1784062617.696903189] [controller_server]: Running Nav2 LifecycleNode rcl preshutdown (controller_server)
[controller_server-5] [INFO] [1784062617.697137672] [controller_server]: Deactivating
[controller_server-5] [INFO] [1784062617.697219341] [controller_server]: Deactivating controller: FollowPath of type regulated_pure_pursuit_controller::RegulatedPurePursuitController
[controller_server-5] [INFO] [1784062617.697308870] [local_costmap.local_costmap]: Deactivating
[controller_server-5] [INFO] [1784062617.773860333] [controller_server]: Destroying bond (controller_server) to lifecycle manager.
[controller_server-5] [INFO] [1784062617.789581021] [controller_server]: Cleaning up
[controller_server-5] [INFO] [1784062617.789764278] [controller_server]: Cleaning up controller: FollowPath of type regulated_pure_pursuit_controller::RegulatedPurePursuitController
[controller_server-5] [INFO] [1784062617.795288977] [local_costmap.local_costmap]: Cleaning up
[lifecycle_manager-10] [INFO] [1784062617.846227029] [lifecycle_manager_navigation]: [34m[1mHave not received a heartbeat from controller_server.[0m[0m
[lifecycle_manager-10] [ERROR] [1784062617.846362348] [lifecycle_manager_navigation]: CRITICAL FAILURE: SERVER controller_server IS DOWN after not receiving a heartbeat for 4000 ms. Shutting down related nodes.
[lifecycle_manager-10] [INFO] [1784062617.846506475] [lifecycle_manager_navigation]: [34m[1mTerminating bond timer...[0m[0m
[lifecycle_manager-10] [INFO] [1784062617.846555481] [lifecycle_manager_navigation]: [34m[1mResetting managed nodes...[0m[0m
[lifecycle_manager-10] [INFO] [1784062617.846651418] [lifecycle_manager_navigation]: [34m[1mDeactivating waypoint_follower[0m[0m
[waypoint_follower-9] [INFO] [1784062617.875912279] [waypoint_follower]: Deactivating
[waypoint_follower-9] [INFO] [1784062617.876028339] [waypoint_follower]: Destroying bond (waypoint_follower) to lifecycle manager.
[planner_server-6] [INFO] [1784062617.895767719] [rclcpp]: signal_handler(SIGINT/SIGTERM)
[planner_server-6] [INFO] [1784062617.896005515] [planner_server]: Running Nav2 LifecycleNode rcl preshutdown (planner_server)
[planner_server-6] [INFO] [1784062617.896232966] [planner_server]: Deactivating
[planner_server-6] [INFO] [1784062617.896338479] [global_costmap.global_costmap]: Deactivating
[controller_server-5] [INFO] [1784062617.974000766] [controller_server]: Destroying bond (controller_server) to lifecycle manager.
[controller_server-5] [INFO] [1784062618.017882364] [local_costmap.local_costmap]: Destroying
[lifecycle_manager-10] [INFO] [1784062618.070908315] [lifecycle_manager_navigation]: [34m[1mDeactivating bt_navigator[0m[0m
[bt_navigator-8] [INFO] [1784062618.074798111] [bt_navigator]: Deactivating
[bt_navigator-8] [INFO] [1784062618.074919523] [bt_navigator]: Destroying bond (bt_navigator) to lifecycle manager.
[controller_server-5] [INFO] [1784062618.163633768] [controller_server]: Destroying
[planner_server-6] [INFO] [1784062618.175171259] [planner_server]: Deactivating plugin GridBased of type NavfnPlanner
[planner_server-6] [INFO] [1784062618.175287943] [planner_server]: Destroying bond (planner_server) to lifecycle manager.
[planner_server-6] [INFO] [1784062618.199853944] [planner_server]: Cleaning up
[bt_navigator-8] [INFO] [1784062618.203647840] [rclcpp]: signal_handler(SIGINT/SIGTERM)
[bt_navigator-8] [INFO] [1784062618.203996152] [bt_navigator]: Running Nav2 LifecycleNode rcl preshutdown (bt_navigator)
[bt_navigator-8] [INFO] [1784062618.210843905] [bt_navigator]: Destroying bond (bt_navigator) to lifecycle manager.
[bt_navigator-8] [ERROR] [1784062618.289359789] [bt_navigator]: Failed to finish transition 4. Current state is now: inactive (Could not publish transition: publisher's context is invalid, at ./src/rcl/publisher.c:423, at ./src/rcl_lifecycle.c:368)
[planner_server-6] [INFO] [1784062618.370655400] [global_costmap.global_costmap]: Cleaning up
[lifecycle_manager-10] [INFO] [1784062618.379311263] [rclcpp]: signal_handler(SIGINT/SIGTERM)
[lifecycle_manager-10] [INFO] [1784062618.379560015] [lifecycle_manager_navigation]: Running Nav2 LifecycleManager rcl preshutdown (lifecycle_manager_navigation)
[planner_server-6] [INFO] [1784062618.415854084] [planner_server]: Cleaning up plugin GridBased of type NavfnPlanner
[planner_server-6] [INFO] [1784062618.416122790] [planner_server]: Destroying plugin GridBased of type NavfnPlanner
[planner_server-6] [INFO] [1784062618.590933367] [planner_server]: Destroying bond (planner_server) to lifecycle manager.
[planner_server-6] [INFO] [1784062618.648283692] [global_costmap.global_costmap]: Destroying
[planner_server-6] [INFO] [1784062618.798253969] [planner_server]: Destroying
[bt_navigator-8] [INFO] [1784062619.147579397] [bt_navigator]: Destroying
[INFO] [controller_server-5]: process has finished cleanly [pid 5649]
[INFO] [planner_server-6]: process has finished cleanly [pid 5650]
[INFO] [bt_navigator-8]: process has finished cleanly [pid 5652]
[lifecycle_manager-10] [ERROR] [1784062620.292311508] [lifecycle_manager_navigation]: Failed to change state for node: bt_navigator. Exception: bt_navigator/get_state service client: async_send_request failed.
[lifecycle_manager-10] [INFO] [1784062620.292543629] [lifecycle_manager_navigation]: [34m[1mManaged nodes have been reset[0m[0m
[lifecycle_manager-10] [INFO] [1784062620.534332718] [lifecycle_manager_navigation]: Destroying lifecycle_manager_navigation
[INFO] [lifecycle_manager-10]: process has finished cleanly [pid 5654]
