[INFO] [launch]: All log files can be found below /home/gsing/2026Gsing/2026_Gsing-second_ROS/logs/ros/2026-07-15-03-44-20-104962-gsing-5360
[INFO] [launch]: Default logging verbosity is set to INFO
[INFO] [static_transform_publisher-1]: process started with pid [5473]
[INFO] [static_transform_publisher-2]: process started with pid [5474]
[INFO] [static_transform_publisher-3]: process started with pid [5475]
[INFO] [map_server-4]: process started with pid [5476]
[INFO] [rviz2-5]: process started with pid [5477]
[static_transform_publisher-1] [INFO] [1784058260.895166179] [static_tf_caminit_odom]: Spinning until stopped - publishing transform
[static_transform_publisher-1] translation: ('0.000000', '0.000000', '0.000000')
[static_transform_publisher-1] rotation: ('0.000000', '0.000000', '0.000000', '1.000000')
[static_transform_publisher-1] from 'camera_init' to 'odom'
[static_transform_publisher-3] [INFO] [1784058260.906317925] [static_tf_baselink_lidar]: Spinning until stopped - publishing transform
[static_transform_publisher-3] translation: ('0.000000', '0.000000', '0.000000')
[static_transform_publisher-3] rotation: ('0.000000', '0.000000', '0.000000', '1.000000')
[static_transform_publisher-3] from 'base_link' to 'unilidar_lidar'
[static_transform_publisher-2] [INFO] [1784058261.184258100] [static_tf_body_baselink]: Spinning until stopped - publishing transform
[static_transform_publisher-2] translation: ('0.000000', '0.000000', '0.000000')
[static_transform_publisher-2] rotation: ('0.000000', '0.000000', '0.000000', '1.000000')
[static_transform_publisher-2] from 'base_link' to 'body'
[map_server-4] [INFO] [1784058261.685668123] [map_server]: 
[map_server-4] 	map_server lifecycle node launched. 
[map_server-4] 	Waiting on external lifecycle transitions to activate
[map_server-4] 	See https://design.ros2.org/articles/node_lifecycle.html for more information.
[map_server-4] [INFO] [1784058261.686195316] [map_server]: Creating
[rviz2-5] [INFO] [1784058264.636274810] [rviz2]: Stereo is NOT SUPPORTED
[rviz2-5] [INFO] [1784058264.636678215] [rviz2]: OpenGl version: 4.2 (GLSL 4.2)
[rviz2-5] [INFO] [1784058264.918252383] [rviz2]: Stereo is NOT SUPPORTED
[INFO] [controller_server-6]: process started with pid [5640]
[INFO] [planner_server-7]: process started with pid [5641]
[INFO] [behavior_server-8]: process started with pid [5642]
[INFO] [bt_navigator-9]: process started with pid [5643]
[INFO] [waypoint_follower-10]: process started with pid [5644]
[INFO] [lifecycle_manager-11]: process started with pid [5645]
[INFO] [costmap_to_grid-12]: process started with pid [5646]
[bt_navigator-9] [INFO] [1784058266.703233450] [bt_navigator]: 
[bt_navigator-9] 	bt_navigator lifecycle node launched. 
[bt_navigator-9] 	Waiting on external lifecycle transitions to activate
[bt_navigator-9] 	See https://design.ros2.org/articles/node_lifecycle.html for more information.
[bt_navigator-9] [INFO] [1784058266.902775992] [bt_navigator]: Creating
[behavior_server-8] [INFO] [1784058266.932622597] [behavior_server]: 
[behavior_server-8] 	behavior_server lifecycle node launched. 
[behavior_server-8] 	Waiting on external lifecycle transitions to activate
[behavior_server-8] 	See https://design.ros2.org/articles/node_lifecycle.html for more information.
[waypoint_follower-10] [INFO] [1784058267.109971216] [waypoint_follower]: 
[waypoint_follower-10] 	waypoint_follower lifecycle node launched. 
[waypoint_follower-10] 	Waiting on external lifecycle transitions to activate
[waypoint_follower-10] 	See https://design.ros2.org/articles/node_lifecycle.html for more information.
[lifecycle_manager-11] [INFO] [1784058267.143795747] [lifecycle_manager_navigation]: Creating
[waypoint_follower-10] [INFO] [1784058267.152189028] [waypoint_follower]: Creating
[planner_server-7] [INFO] [1784058267.179707834] [planner_server]: 
[planner_server-7] 	planner_server lifecycle node launched. 
[planner_server-7] 	Waiting on external lifecycle transitions to activate
[planner_server-7] 	See https://design.ros2.org/articles/node_lifecycle.html for more information.
[controller_server-6] [INFO] [1784058267.229598584] [controller_server]: 
[controller_server-6] 	controller_server lifecycle node launched. 
[controller_server-6] 	Waiting on external lifecycle transitions to activate
[controller_server-6] 	See https://design.ros2.org/articles/node_lifecycle.html for more information.
[planner_server-7] [INFO] [1784058267.245514486] [planner_server]: Creating
[lifecycle_manager-11] [INFO] [1784058267.351968843] [lifecycle_manager_navigation]: [34m[1mCreating and initializing lifecycle service clients[0m[0m
[controller_server-6] [INFO] [1784058267.470642201] [controller_server]: Creating controller server
[planner_server-7] [INFO] [1784058267.541233831] [global_costmap.global_costmap]: 
[planner_server-7] 	global_costmap lifecycle node launched. 
[planner_server-7] 	Waiting on external lifecycle transitions to activate
[planner_server-7] 	See https://design.ros2.org/articles/node_lifecycle.html for more information.
[planner_server-7] [INFO] [1784058267.603668295] [global_costmap.global_costmap]: Creating Costmap
[lifecycle_manager-11] [INFO] [1784058267.741396438] [lifecycle_manager_navigation]: [34m[1mStarting managed nodes bringup...[0m[0m
[lifecycle_manager-11] [INFO] [1784058267.741578845] [lifecycle_manager_navigation]: [34m[1mConfiguring map_server[0m[0m
[map_server-4] [INFO] [1784058267.787881528] [map_server]: Configuring
[map_server-4] [INFO] [1784058267.788066313] [map_io]: Loading yaml file: /home/gsing/2026Gsing/2026_Gsing-second_ROS/map/PCD31.yaml
[map_server-4] [INFO] [1784058267.791717324] [map_io]: resolution: 0.05
[map_server-4] [INFO] [1784058267.791788411] [map_io]: origin[0]: -0.006
[map_server-4] [INFO] [1784058267.791818136] [map_io]: origin[1]: -1.132
[map_server-4] [INFO] [1784058267.791845639] [map_io]: origin[2]: 0
[map_server-4] [INFO] [1784058267.791871496] [map_io]: free_thresh: 0.196
[map_server-4] [INFO] [1784058267.791897930] [map_io]: occupied_thresh: 0.65
[map_server-4] [INFO] [1784058267.791925493] [map_io]: mode: trinary
[map_server-4] [INFO] [1784058267.791950113] [map_io]: negate: 0
[map_server-4] [INFO] [1784058267.792597077] [map_io]: Loading image_file: /home/gsing/2026Gsing/2026_Gsing-second_ROS/map/PCD31.pgm
[map_server-4] [INFO] [1784058267.803490337] [map_io]: Read map /home/gsing/2026Gsing/2026_Gsing-second_ROS/map/PCD31.pgm: 55 X 42 map @ 0.05 m/cell
[controller_server-6] [INFO] [1784058267.927308466] [local_costmap.local_costmap]: 
[controller_server-6] 	local_costmap lifecycle node launched. 
[controller_server-6] 	Waiting on external lifecycle transitions to activate
[controller_server-6] 	See https://design.ros2.org/articles/node_lifecycle.html for more information.
[controller_server-6] [INFO] [1784058267.956713830] [local_costmap.local_costmap]: Creating Costmap
[lifecycle_manager-11] [INFO] [1784058268.113412821] [lifecycle_manager_navigation]: [34m[1mConfiguring controller_server[0m[0m
[controller_server-6] [INFO] [1784058268.144670252] [controller_server]: Configuring controller interface
[controller_server-6] [INFO] [1784058268.144771804] [controller_server]: getting progress checker plugins..
[controller_server-6] [INFO] [1784058268.146814247] [controller_server]: getting goal checker plugins..
[controller_server-6] [INFO] [1784058268.152868427] [controller_server]: Controller frequency set to 20.0000Hz
[controller_server-6] [INFO] [1784058268.155959191] [local_costmap.local_costmap]: Configuring
[controller_server-6] [INFO] [1784058268.280806935] [local_costmap.local_costmap]: Using plugin "static_layer"
[controller_server-6] [INFO] [1784058268.360204748] [local_costmap.local_costmap]: Subscribing to the map topic (/map) with transient local durability
[controller_server-6] [INFO] [1784058268.365857005] [local_costmap.local_costmap]: Initialized plugin "static_layer"
[controller_server-6] [INFO] [1784058268.517109370] [controller_server]: Created progress_checker : progress_checker of type nav2_controller::SimpleProgressChecker
[controller_server-6] [INFO] [1784058268.522580981] [controller_server]: Controller Server has progress_checker  progress checkers available.
[controller_server-6] [INFO] [1784058268.529236620] [controller_server]: Created goal checker : goal_checker of type nav2_controller::SimpleGoalChecker
[controller_server-6] [INFO] [1784058268.535170201] [controller_server]: Controller Server has goal_checker  goal checkers available.
[controller_server-6] [INFO] [1784058268.553474656] [controller_server]: Created controller : FollowPath of type nav2_regulated_pure_pursuit_controller::RegulatedPurePursuitController
[controller_server-6] [INFO] [1784058268.601029023] [controller_server]: Controller Server has FollowPath  controllers available.
[lifecycle_manager-11] [INFO] [1784058268.679205169] [lifecycle_manager_navigation]: [34m[1mConfiguring planner_server[0m[0m
[planner_server-7] [INFO] [1784058268.681603922] [planner_server]: Configuring
[planner_server-7] [INFO] [1784058268.681737720] [global_costmap.global_costmap]: Configuring
[planner_server-7] [INFO] [1784058268.757983857] [global_costmap.global_costmap]: Using plugin "static_layer"
[planner_server-7] [INFO] [1784058268.806776054] [global_costmap.global_costmap]: Subscribing to the map topic (/map) with transient local durability
[planner_server-7] [INFO] [1784058268.822152690] [global_costmap.global_costmap]: Initialized plugin "static_layer"
[planner_server-7] [INFO] [1784058269.095942621] [planner_server]: Created global planner plugin GridBased of type nav2_navfn_planner::NavfnPlanner
[planner_server-7] [INFO] [1784058269.096201705] [planner_server]: Configuring plugin GridBased of type NavfnPlanner
[planner_server-7] [INFO] [1784058269.100795910] [planner_server]: Planner Server has GridBased  planners available.
[lifecycle_manager-11] [INFO] [1784058269.250768725] [lifecycle_manager_navigation]: [34m[1mConfiguring behavior_server[0m[0m
[behavior_server-8] [INFO] [1784058269.253131932] [behavior_server]: Configuring
[behavior_server-8] [INFO] [1784058269.276418471] [behavior_server]: Creating behavior plugin spin of type nav2_behaviors::Spin
[behavior_server-8] [INFO] [1784058269.321622551] [behavior_server]: Creating behavior plugin backup of type nav2_behaviors::BackUp
[behavior_server-8] [INFO] [1784058269.364838720] [behavior_server]: Creating behavior plugin drive_on_heading of type nav2_behaviors::DriveOnHeading
[behavior_server-8] [INFO] [1784058269.399551345] [behavior_server]: Creating behavior plugin wait of type nav2_behaviors::Wait
[behavior_server-8] [INFO] [1784058269.530712864] [behavior_server]: Configuring spin
[behavior_server-8] [INFO] [1784058269.546678200] [behavior_server]: Configuring backup
[behavior_server-8] [INFO] [1784058269.599937958] [behavior_server]: Configuring drive_on_heading
[behavior_server-8] [INFO] [1784058269.755614461] [behavior_server]: Configuring wait
[lifecycle_manager-11] [INFO] [1784058269.789655562] [lifecycle_manager_navigation]: [34m[1mConfiguring bt_navigator[0m[0m
[bt_navigator-9] [INFO] [1784058269.792754301] [bt_navigator]: Configuring
[bt_navigator-9] [INFO] [1784058269.897083264] [bt_navigator]: Creating navigator id navigate_to_pose of type nav2_bt_navigator::NavigateToPoseNavigator
[bt_navigator-9] [WARN] [1784058270.057192046] [bt_navigator]: Error_code parameters were not set. Using default values of: follow_path_error_code compute_path_error_code
[bt_navigator-9] Make sure these match your BT and there are not other sources of error codes youreported to your application
[bt_navigator-9] [INFO] [1784058272.051965091] [bt_navigator]: Creating navigator id navigate_through_poses of type nav2_bt_navigator::NavigateThroughPosesNavigator
[lifecycle_manager-11] [INFO] [1784058272.448224831] [lifecycle_manager_navigation]: [34m[1mConfiguring waypoint_follower[0m[0m
[waypoint_follower-10] [INFO] [1784058272.457041768] [waypoint_follower]: Configuring
[waypoint_follower-10] [INFO] [1784058272.935740449] [waypoint_follower]: Created waypoint_task_executor : wait_at_waypoint of type nav2_waypoint_follower::WaitAtWaypoint
[waypoint_follower-10] [INFO] [1784058272.942496783] [waypoint_follower]: Waypoint pause duration is set to zero, disabling task executor plugin.
[lifecycle_manager-11] [INFO] [1784058272.959943369] [lifecycle_manager_navigation]: [34m[1mActivating map_server[0m[0m
[map_server-4] [INFO] [1784058272.962664976] [map_server]: Activating
[planner_server-7] [INFO] [1784058272.964629168] [global_costmap.global_costmap]: StaticLayer: Resizing costmap to 55 X 42 at 0.050000 m/pix
[map_server-4] [INFO] [1784058272.966175494] [map_server]: Creating bond (map_server) to lifecycle manager.
[controller_server-6] [INFO] [1784058272.966326951] [local_costmap.local_costmap]: StaticLayer: Resizing static layer to 55 X 42 at 0.050000 m/pix
[rviz2-5] [INFO] [1784058273.015912540] [rviz2]: Trying to create a map of size 55 x 42 using 1 swatches
[rviz2-5] [ERROR] [1784058273.111927134] [rviz2]: rviz/glsl120/indexed_8bit_image.vert
[rviz2-5] rviz/glsl120/indexed_8bit_image.frag
[rviz2-5]  GLSL link result : 
[rviz2-5] active samplers with a different type refer to the same texture image unit
[lifecycle_manager-11] [INFO] [1784058273.112192503] [lifecycle_manager_navigation]: Server map_server connected with bond.
[lifecycle_manager-11] [INFO] [1784058273.112300428] [lifecycle_manager_navigation]: [34m[1mActivating controller_server[0m[0m
[controller_server-6] [INFO] [1784058273.116212052] [controller_server]: Activating
[controller_server-6] [INFO] [1784058273.116326917] [local_costmap.local_costmap]: Activating
[controller_server-6] [INFO] [1784058273.116385730] [local_costmap.local_costmap]: Checking transform
[controller_server-6] [INFO] [1784058273.116563407] [local_costmap.local_costmap]: Timed out waiting for transform from base_link to odom to become available, tf error: Could not find a connection between 'odom' and 'base_link' because they are not part of the same tree.Tf has two or more unconnected trees.
[controller_server-6] [INFO] [1784058273.617721580] [local_costmap.local_costmap]: Timed out waiting for transform from base_link to odom to become available, tf error: Could not find a connection between 'odom' and 'base_link' because they are not part of the same tree.Tf has two or more unconnected trees.
[controller_server-6] [INFO] [1784058274.118455423] [local_costmap.local_costmap]: Timed out waiting for transform from base_link to odom to become available, tf error: Could not find a connection between 'odom' and 'base_link' because they are not part of the same tree.Tf has two or more unconnected trees.
[controller_server-6] [INFO] [1784058274.617536723] [local_costmap.local_costmap]: Timed out waiting for transform from base_link to odom to become available, tf error: Could not find a connection between 'odom' and 'base_link' because they are not part of the same tree.Tf has two or more unconnected trees.
[controller_server-6] [INFO] [1784058275.118124281] [local_costmap.local_costmap]: Timed out waiting for transform from base_link to odom to become available, tf error: Could not find a connection between 'odom' and 'base_link' because they are not part of the same tree.Tf has two or more unconnected trees.
[controller_server-6] [INFO] [1784058275.620090074] [local_costmap.local_costmap]: Timed out waiting for transform from base_link to odom to become available, tf error: Could not find a connection between 'odom' and 'base_link' because they are not part of the same tree.Tf has two or more unconnected trees.
[controller_server-6] [INFO] [1784058276.117916873] [local_costmap.local_costmap]: Timed out waiting for transform from base_link to odom to become available, tf error: Could not find a connection between 'odom' and 'base_link' because they are not part of the same tree.Tf has two or more unconnected trees.
[controller_server-6] [INFO] [1784058276.616967287] [local_costmap.local_costmap]: Timed out waiting for transform from base_link to odom to become available, tf error: Could not find a connection between 'odom' and 'base_link' because they are not part of the same tree.Tf has two or more unconnected trees.
[controller_server-6] [INFO] [1784058277.117012759] [local_costmap.local_costmap]: Timed out waiting for transform from base_link to odom to become available, tf error: Could not find a connection between 'odom' and 'base_link' because they are not part of the same tree.Tf has two or more unconnected trees.
[controller_server-6] [INFO] [1784058277.616625312] [local_costmap.local_costmap]: Timed out waiting for transform from base_link to odom to become available, tf error: Could not find a connection between 'odom' and 'base_link' because they are not part of the same tree.Tf has two or more unconnected trees.
[costmap_to_grid-12] [INFO] [1784058277.884397123] [costmap_to_grid]: Publishing /global_costmap_grid and /local_costmap_grid for RViz
[controller_server-6] [INFO] [1784058278.117232379] [local_costmap.local_costmap]: Timed out waiting for transform from base_link to odom to become available, tf error: Could not find a connection between 'odom' and 'base_link' because they are not part of the same tree.Tf has two or more unconnected trees.
[controller_server-6] [INFO] [1784058278.617207900] [local_costmap.local_costmap]: Timed out waiting for transform from base_link to odom to become available, tf error: Could not find a connection between 'odom' and 'base_link' because they are not part of the same tree.Tf has two or more unconnected trees.
[controller_server-6] [INFO] [1784058279.117818754] [local_costmap.local_costmap]: Timed out waiting for transform from base_link to odom to become available, tf error: Could not find a connection between 'odom' and 'base_link' because they are not part of the same tree.Tf has two or more unconnected trees.
[controller_server-6] [INFO] [1784058279.617006480] [local_costmap.local_costmap]: Timed out waiting for transform from base_link to odom to become available, tf error: Could not find a connection between 'odom' and 'base_link' because they are not part of the same tree.Tf has two or more unconnected trees.
[controller_server-6] [INFO] [1784058280.117923024] [local_costmap.local_costmap]: Timed out waiting for transform from base_link to odom to become available, tf error: Could not find a connection between 'odom' and 'base_link' because they are not part of the same tree.Tf has two or more unconnected trees.
[controller_server-6] [INFO] [1784058280.617826294] [local_costmap.local_costmap]: Timed out waiting for transform from base_link to odom to become available, tf error: Could not find a connection between 'odom' and 'base_link' because they are not part of the same tree.Tf has two or more unconnected trees.
[controller_server-6] [INFO] [1784058281.116968717] [local_costmap.local_costmap]: Timed out waiting for transform from base_link to odom to become available, tf error: Could not find a connection between 'odom' and 'base_link' because they are not part of the same tree.Tf has two or more unconnected trees.
[controller_server-6] [INFO] [1784058281.616600887] [local_costmap.local_costmap]: Timed out waiting for transform from base_link to odom to become available, tf error: Could not find a connection between 'odom' and 'base_link' because they are not part of the same tree.Tf has two or more unconnected trees.
[controller_server-6] [INFO] [1784058282.117992914] [local_costmap.local_costmap]: Timed out waiting for transform from base_link to odom to become available, tf error: Could not find a connection between 'odom' and 'base_link' because they are not part of the same tree.Tf has two or more unconnected trees.
[controller_server-6] [INFO] [1784058282.616596767] [local_costmap.local_costmap]: Timed out waiting for transform from base_link to odom to become available, tf error: Could not find a connection between 'odom' and 'base_link' because they are not part of the same tree.Tf has two or more unconnected trees.
[controller_server-6] [INFO] [1784058283.116581738] [local_costmap.local_costmap]: Timed out waiting for transform from base_link to odom to become available, tf error: Could not find a connection between 'odom' and 'base_link' because they are not part of the same tree.Tf has two or more unconnected trees.
[controller_server-6] [INFO] [1784058283.618010707] [local_costmap.local_costmap]: Timed out waiting for transform from base_link to odom to become available, tf error: Could not find a connection between 'odom' and 'base_link' because they are not part of the same tree.Tf has two or more unconnected trees.
[controller_server-6] [INFO] [1784058284.116769959] [local_costmap.local_costmap]: Timed out waiting for transform from base_link to odom to become available, tf error: Could not find a connection between 'odom' and 'base_link' because they are not part of the same tree.Tf has two or more unconnected trees.
[controller_server-6] [INFO] [1784058284.616626073] [local_costmap.local_costmap]: Timed out waiting for transform from base_link to odom to become available, tf error: Could not find a connection between 'odom' and 'base_link' because they are not part of the same tree.Tf has two or more unconnected trees.
[controller_server-6] [INFO] [1784058285.116721001] [local_costmap.local_costmap]: Timed out waiting for transform from base_link to odom to become available, tf error: Could not find a connection between 'odom' and 'base_link' because they are not part of the same tree.Tf has two or more unconnected trees.
[controller_server-6] [INFO] [1784058285.616591442] [local_costmap.local_costmap]: Timed out waiting for transform from base_link to odom to become available, tf error: Could not find a connection between 'odom' and 'base_link' because they are not part of the same tree.Tf has two or more unconnected trees.
[controller_server-6] [INFO] [1784058286.116664338] [local_costmap.local_costmap]: Timed out waiting for transform from base_link to odom to become available, tf error: Could not find a connection between 'odom' and 'base_link' because they are not part of the same tree.Tf has two or more unconnected trees.
[controller_server-6] [INFO] [1784058286.617538662] [local_costmap.local_costmap]: Timed out waiting for transform from base_link to odom to become available, tf error: Could not find a connection between 'odom' and 'base_link' because they are not part of the same tree.Tf has two or more unconnected trees.
[controller_server-6] [INFO] [1784058287.117016780] [local_costmap.local_costmap]: Timed out waiting for transform from base_link to odom to become available, tf error: Could not find a connection between 'odom' and 'base_link' because they are not part of the same tree.Tf has two or more unconnected trees.
[controller_server-6] [INFO] [1784058287.616620871] [local_costmap.local_costmap]: Timed out waiting for transform from base_link to odom to become available, tf error: Could not find a connection between 'odom' and 'base_link' because they are not part of the same tree.Tf has two or more unconnected trees.
[controller_server-6] [INFO] [1784058288.118831661] [local_costmap.local_costmap]: Timed out waiting for transform from base_link to odom to become available, tf error: Could not find a connection between 'odom' and 'base_link' because they are not part of the same tree.Tf has two or more unconnected trees.
[controller_server-6] [INFO] [1784058288.616599051] [local_costmap.local_costmap]: Timed out waiting for transform from base_link to odom to become available, tf error: Could not find a connection between 'odom' and 'base_link' because they are not part of the same tree.Tf has two or more unconnected trees.
[controller_server-6] [INFO] [1784058289.116715616] [local_costmap.local_costmap]: Timed out waiting for transform from base_link to odom to become available, tf error: Could not find a connection between 'odom' and 'base_link' because they are not part of the same tree.Tf has two or more unconnected trees.
[controller_server-6] [INFO] [1784058289.620526656] [local_costmap.local_costmap]: Timed out waiting for transform from base_link to odom to become available, tf error: Could not find a connection between 'odom' and 'base_link' because they are not part of the same tree.Tf has two or more unconnected trees.
[controller_server-6] [INFO] [1784058290.116646876] [local_costmap.local_costmap]: Timed out waiting for transform from base_link to odom to become available, tf error: Could not find a connection between 'odom' and 'base_link' because they are not part of the same tree.Tf has two or more unconnected trees.
[controller_server-6] [INFO] [1784058290.616692255] [local_costmap.local_costmap]: Timed out waiting for transform from base_link to odom to become available, tf error: Could not find a connection between 'odom' and 'base_link' because they are not part of the same tree.Tf has two or more unconnected trees.
[controller_server-6] [INFO] [1784058291.116588719] [local_costmap.local_costmap]: Timed out waiting for transform from base_link to odom to become available, tf error: Could not find a connection between 'odom' and 'base_link' because they are not part of the same tree.Tf has two or more unconnected trees.
[controller_server-6] [INFO] [1784058291.619077569] [local_costmap.local_costmap]: Timed out waiting for transform from base_link to odom to become available, tf error: Could not find a connection between 'odom' and 'base_link' because they are not part of the same tree.Tf has two or more unconnected trees.
[controller_server-6] [INFO] [1784058292.118877512] [local_costmap.local_costmap]: Timed out waiting for transform from base_link to odom to become available, tf error: Could not find a connection between 'odom' and 'base_link' because they are not part of the same tree.Tf has two or more unconnected trees.
[controller_server-6] [INFO] [1784058292.616611921] [local_costmap.local_costmap]: Timed out waiting for transform from base_link to odom to become available, tf error: Could not find a connection between 'odom' and 'base_link' because they are not part of the same tree.Tf has two or more unconnected trees.
[rviz2-5] [INFO] [1784058293.042961397] [rviz2]: Setting goal pose: Frame:map, Position(0.506786, 0.159197, 0), Orientation(0, 0, -0.00914748, 0.999958) = Angle: -0.0182952
[bt_navigator-9] [INFO] [1784058293.045793159] [bt_navigator]: Action server is inactive. Rejecting the goal.
[controller_server-6] [INFO] [1784058293.116712346] [local_costmap.local_costmap]: Timed out waiting for transform from base_link to odom to become available, tf error: Could not find a connection between 'odom' and 'base_link' because they are not part of the same tree.Tf has two or more unconnected trees.
[controller_server-6] [INFO] [1784058293.619188187] [local_costmap.local_costmap]: Timed out waiting for transform from base_link to odom to become available, tf error: Could not find a connection between 'odom' and 'base_link' because they are not part of the same tree.Tf has two or more unconnected trees.
[controller_server-6] [INFO] [1784058294.117103875] [local_costmap.local_costmap]: Timed out waiting for transform from base_link to odom to become available, tf error: Could not find a connection between 'odom' and 'base_link' because they are not part of the same tree.Tf has two or more unconnected trees.
[controller_server-6] [INFO] [1784058294.616637884] [local_costmap.local_costmap]: Timed out waiting for transform from base_link to odom to become available, tf error: Could not find a connection between 'odom' and 'base_link' because they are not part of the same tree.Tf has two or more unconnected trees.
[controller_server-6] [INFO] [1784058295.117242096] [local_costmap.local_costmap]: Timed out waiting for transform from base_link to odom to become available, tf error: Could not find a connection between 'odom' and 'base_link' because they are not part of the same tree.Tf has two or more unconnected trees.
[controller_server-6] [INFO] [1784058295.616578840] [local_costmap.local_costmap]: Timed out waiting for transform from base_link to odom to become available, tf error: Could not find a connection between 'odom' and 'base_link' because they are not part of the same tree.Tf has two or more unconnected trees.
[controller_server-6] [INFO] [1784058296.116625923] [local_costmap.local_costmap]: Timed out waiting for transform from base_link to odom to become available, tf error: Could not find a connection between 'odom' and 'base_link' because they are not part of the same tree.Tf has two or more unconnected trees.
[controller_server-6] [INFO] [1784058296.616584501] [local_costmap.local_costmap]: Timed out waiting for transform from base_link to odom to become available, tf error: Could not find a connection between 'odom' and 'base_link' because they are not part of the same tree.Tf has two or more unconnected trees.
[controller_server-6] [INFO] [1784058297.117011554] [local_costmap.local_costmap]: Timed out waiting for transform from base_link to odom to become available, tf error: Could not find a connection between 'odom' and 'base_link' because they are not part of the same tree.Tf has two or more unconnected trees.
[controller_server-6] [INFO] [1784058297.616618653] [local_costmap.local_costmap]: Timed out waiting for transform from base_link to odom to become available, tf error: Could not find a connection between 'odom' and 'base_link' because they are not part of the same tree.Tf has two or more unconnected trees.
[controller_server-6] [INFO] [1784058298.117968219] [local_costmap.local_costmap]: Timed out waiting for transform from base_link to odom to become available, tf error: Could not find a connection between 'odom' and 'base_link' because they are not part of the same tree.Tf has two or more unconnected trees.
[controller_server-6] [INFO] [1784058298.616601038] [local_costmap.local_costmap]: Timed out waiting for transform from base_link to odom to become available, tf error: Could not find a connection between 'odom' and 'base_link' because they are not part of the same tree.Tf has two or more unconnected trees.
[controller_server-6] [INFO] [1784058299.117709082] [local_costmap.local_costmap]: Timed out waiting for transform from base_link to odom to become available, tf error: Could not find a connection between 'odom' and 'base_link' because they are not part of the same tree.Tf has two or more unconnected trees.
[controller_server-6] [INFO] [1784058299.616654715] [local_costmap.local_costmap]: Timed out waiting for transform from base_link to odom to become available, tf error: Could not find a connection between 'odom' and 'base_link' because they are not part of the same tree.Tf has two or more unconnected trees.
[controller_server-6] [INFO] [1784058300.118101032] [local_costmap.local_costmap]: Timed out waiting for transform from base_link to odom to become available, tf error: Could not find a connection between 'odom' and 'base_link' because they are not part of the same tree.Tf has two or more unconnected trees.
[controller_server-6] [INFO] [1784058300.618288115] [local_costmap.local_costmap]: Timed out waiting for transform from base_link to odom to become available, tf error: Could not find a connection between 'odom' and 'base_link' because they are not part of the same tree.Tf has two or more unconnected trees.
[controller_server-6] [INFO] [1784058301.116806179] [local_costmap.local_costmap]: Timed out waiting for transform from base_link to odom to become available, tf error: Could not find a connection between 'odom' and 'base_link' because they are not part of the same tree.Tf has two or more unconnected trees.
[controller_server-6] [INFO] [1784058301.616660524] [local_costmap.local_costmap]: Timed out waiting for transform from base_link to odom to become available, tf error: Could not find a connection between 'odom' and 'base_link' because they are not part of the same tree.Tf has two or more unconnected trees.
[rviz2-5] [INFO] [1784058302.030148036] [rviz2]: Setting goal pose: Frame:map, Position(0.480852, 0.174685, 0), Orientation(0, 0, -0.00569487, 0.999984) = Angle: -0.0113898
[bt_navigator-9] [INFO] [1784058302.033266536] [bt_navigator]: Action server is inactive. Rejecting the goal.
[controller_server-6] [INFO] [1784058302.116707919] [local_costmap.local_costmap]: Timed out waiting for transform from base_link to odom to become available, tf error: Could not find a connection between 'odom' and 'base_link' because they are not part of the same tree.Tf has two or more unconnected trees.
[controller_server-6] [INFO] [1784058302.616707856] [local_costmap.local_costmap]: Timed out waiting for transform from base_link to odom to become available, tf error: Could not find a connection between 'odom' and 'base_link' because they are not part of the same tree.Tf has two or more unconnected trees.
[controller_server-6] [INFO] [1784058303.116644647] [local_costmap.local_costmap]: Timed out waiting for transform from base_link to odom to become available, tf error: Could not find a connection between 'odom' and 'base_link' because they are not part of the same tree.Tf has two or more unconnected trees.
[controller_server-6] [INFO] [1784058303.617601150] [local_costmap.local_costmap]: Timed out waiting for transform from base_link to odom to become available, tf error: Could not find a connection between 'odom' and 'base_link' because they are not part of the same tree.Tf has two or more unconnected trees.
[controller_server-6] [INFO] [1784058304.122300816] [local_costmap.local_costmap]: Timed out waiting for transform from base_link to odom to become available, tf error: Could not find a connection between 'odom' and 'base_link' because they are not part of the same tree.Tf has two or more unconnected trees.
[controller_server-6] [INFO] [1784058304.616601940] [local_costmap.local_costmap]: Timed out waiting for transform from base_link to odom to become available, tf error: Could not find a connection between 'odom' and 'base_link' because they are not part of the same tree.Tf has two or more unconnected trees.
[controller_server-6] [INFO] [1784058305.116658040] [local_costmap.local_costmap]: Timed out waiting for transform from base_link to odom to become available, tf error: Could not find a connection between 'odom' and 'base_link' because they are not part of the same tree.Tf has two or more unconnected trees.
[controller_server-6] [INFO] [1784058305.617040715] [local_costmap.local_costmap]: Timed out waiting for transform from base_link to odom to become available, tf error: Could not find a connection between 'odom' and 'base_link' because they are not part of the same tree.Tf has two or more unconnected trees.
[controller_server-6] [INFO] [1784058306.119738416] [local_costmap.local_costmap]: Timed out waiting for transform from base_link to odom to become available, tf error: Could not find a connection between 'odom' and 'base_link' because they are not part of the same tree.Tf has two or more unconnected trees.
[controller_server-6] [INFO] [1784058306.618410591] [local_costmap.local_costmap]: Timed out waiting for transform from base_link to odom to become available, tf error: Could not find a connection between 'odom' and 'base_link' because they are not part of the same tree.Tf has two or more unconnected trees.
[controller_server-6] [INFO] [1784058307.116602397] [local_costmap.local_costmap]: Timed out waiting for transform from base_link to odom to become available, tf error: Could not find a connection between 'odom' and 'base_link' because they are not part of the same tree.Tf has two or more unconnected trees.
[controller_server-6] [INFO] [1784058307.617779584] [local_costmap.local_costmap]: Timed out waiting for transform from base_link to odom to become available, tf error: Could not find a connection between 'odom' and 'base_link' because they are not part of the same tree.Tf has two or more unconnected trees.
[controller_server-6] [INFO] [1784058308.116617520] [local_costmap.local_costmap]: Timed out waiting for transform from base_link to odom to become available, tf error: Could not find a connection between 'odom' and 'base_link' because they are not part of the same tree.Tf has two or more unconnected trees.
[controller_server-6] [INFO] [1784058308.616625264] [local_costmap.local_costmap]: Timed out waiting for transform from base_link to odom to become available, tf error: Could not find a connection between 'odom' and 'base_link' because they are not part of the same tree.Tf has two or more unconnected trees.
[controller_server-6] [INFO] [1784058309.117053706] [local_costmap.local_costmap]: Timed out waiting for transform from base_link to odom to become available, tf error: Could not find a connection between 'odom' and 'base_link' because they are not part of the same tree.Tf has two or more unconnected trees.
[controller_server-6] [INFO] [1784058309.616809158] [local_costmap.local_costmap]: Timed out waiting for transform from base_link to odom to become available, tf error: Could not find a connection between 'odom' and 'base_link' because they are not part of the same tree.Tf has two or more unconnected trees.
[controller_server-6] [INFO] [1784058310.116628591] [local_costmap.local_costmap]: Timed out waiting for transform from base_link to odom to become available, tf error: Could not find a connection between 'odom' and 'base_link' because they are not part of the same tree.Tf has two or more unconnected trees.
[controller_server-6] [INFO] [1784058310.617234300] [local_costmap.local_costmap]: Timed out waiting for transform from base_link to odom to become available, tf error: Could not find a connection between 'odom' and 'base_link' because they are not part of the same tree.Tf has two or more unconnected trees.
[controller_server-6] [INFO] [1784058311.117055306] [local_costmap.local_costmap]: Timed out waiting for transform from base_link to odom to become available, tf error: Could not find a connection between 'odom' and 'base_link' because they are not part of the same tree.Tf has two or more unconnected trees.
[rviz2-5] [INFO] [1784058311.415626183] [rviz2]: Setting goal pose: Frame:map, Position(0.487165, 0.161692, 0), Orientation(0, 0, -0.0210813, 0.999778) = Angle: -0.0421658
[bt_navigator-9] [INFO] [1784058311.417972906] [bt_navigator]: Action server is inactive. Rejecting the goal.
[controller_server-6] [INFO] [1784058311.627145688] [local_costmap.local_costmap]: Timed out waiting for transform from base_link to odom to become available, tf error: Could not find a connection between 'odom' and 'base_link' because they are not part of the same tree.Tf has two or more unconnected trees.
[controller_server-6] [INFO] [1784058312.116593430] [local_costmap.local_costmap]: Timed out waiting for transform from base_link to odom to become available, tf error: Could not find a connection between 'odom' and 'base_link' because they are not part of the same tree.Tf has two or more unconnected trees.
[controller_server-6] [INFO] [1784058312.616766529] [local_costmap.local_costmap]: Timed out waiting for transform from base_link to odom to become available, tf error: Could not find a connection between 'odom' and 'base_link' because they are not part of the same tree.Tf has two or more unconnected trees.
[controller_server-6] [INFO] [1784058313.116600460] [local_costmap.local_costmap]: Timed out waiting for transform from base_link to odom to become available, tf error: Could not find a connection between 'odom' and 'base_link' because they are not part of the same tree.Tf has two or more unconnected trees.
[controller_server-6] [INFO] [1784058313.616695847] [local_costmap.local_costmap]: Timed out waiting for transform from base_link to odom to become available, tf error: Could not find a connection between 'odom' and 'base_link' because they are not part of the same tree.Tf has two or more unconnected trees.
[controller_server-6] [INFO] [1784058314.116603434] [local_costmap.local_costmap]: Timed out waiting for transform from base_link to odom to become available, tf error: Could not find a connection between 'odom' and 'base_link' because they are not part of the same tree.Tf has two or more unconnected trees.
[controller_server-6] [INFO] [1784058314.616720289] [local_costmap.local_costmap]: Timed out waiting for transform from base_link to odom to become available, tf error: Could not find a connection between 'odom' and 'base_link' because they are not part of the same tree.Tf has two or more unconnected trees.
[controller_server-6] [INFO] [1784058315.116768243] [local_costmap.local_costmap]: Timed out waiting for transform from base_link to odom to become available, tf error: Could not find a connection between 'odom' and 'base_link' because they are not part of the same tree.Tf has two or more unconnected trees.
[controller_server-6] [INFO] [1784058315.616616558] [local_costmap.local_costmap]: Timed out waiting for transform from base_link to odom to become available, tf error: Could not find a connection between 'odom' and 'base_link' because they are not part of the same tree.Tf has two or more unconnected trees.
[controller_server-6] [INFO] [1784058316.116606865] [local_costmap.local_costmap]: Timed out waiting for transform from base_link to odom to become available, tf error: Could not find a connection between 'odom' and 'base_link' because they are not part of the same tree.Tf has two or more unconnected trees.
[controller_server-6] [INFO] [1784058316.617692699] [local_costmap.local_costmap]: Timed out waiting for transform from base_link to odom to become available, tf error: Could not find a connection between 'odom' and 'base_link' because they are not part of the same tree.Tf has two or more unconnected trees.
[controller_server-6] [INFO] [1784058317.116975756] [local_costmap.local_costmap]: Timed out waiting for transform from base_link to odom to become available, tf error: Could not find a connection between 'odom' and 'base_link' because they are not part of the same tree.Tf has two or more unconnected trees.
[controller_server-6] [INFO] [1784058317.622424097] [local_costmap.local_costmap]: Timed out waiting for transform from base_link to odom to become available, tf error: Could not find a connection between 'odom' and 'base_link' because they are not part of the same tree.Tf has two or more unconnected trees.
[controller_server-6] [INFO] [1784058318.118387921] [local_costmap.local_costmap]: Timed out waiting for transform from base_link to odom to become available, tf error: Could not find a connection between 'odom' and 'base_link' because they are not part of the same tree.Tf has two or more unconnected trees.
[controller_server-6] [INFO] [1784058318.619698758] [local_costmap.local_costmap]: Timed out waiting for transform from base_link to odom to become available, tf error: Could not find a connection between 'odom' and 'base_link' because they are not part of the same tree.Tf has two or more unconnected trees.
[controller_server-6] [INFO] [1784058319.116637249] [local_costmap.local_costmap]: Timed out waiting for transform from base_link to odom to become available, tf error: Could not find a connection between 'odom' and 'base_link' because they are not part of the same tree.Tf has two or more unconnected trees.
[controller_server-6] [INFO] [1784058319.617265639] [local_costmap.local_costmap]: Timed out waiting for transform from base_link to odom to become available, tf error: Could not find a connection between 'odom' and 'base_link' because they are not part of the same tree.Tf has two or more unconnected trees.
[controller_server-6] [INFO] [1784058320.122637056] [local_costmap.local_costmap]: Timed out waiting for transform from base_link to odom to become available, tf error: Could not find a connection between 'odom' and 'base_link' because they are not part of the same tree.Tf has two or more unconnected trees.
[controller_server-6] [INFO] [1784058320.616592196] [local_costmap.local_costmap]: Timed out waiting for transform from base_link to odom to become available, tf error: Could not find a connection between 'odom' and 'base_link' because they are not part of the same tree.Tf has two or more unconnected trees.
[controller_server-6] [INFO] [1784058321.116578101] [local_costmap.local_costmap]: Timed out waiting for transform from base_link to odom to become available, tf error: Could not find a connection between 'odom' and 'base_link' because they are not part of the same tree.Tf has two or more unconnected trees.
[controller_server-6] [INFO] [1784058321.616595270] [local_costmap.local_costmap]: Timed out waiting for transform from base_link to odom to become available, tf error: Could not find a connection between 'odom' and 'base_link' because they are not part of the same tree.Tf has two or more unconnected trees.
[controller_server-6] [INFO] [1784058322.116616675] [local_costmap.local_costmap]: Timed out waiting for transform from base_link to odom to become available, tf error: Could not find a connection between 'odom' and 'base_link' because they are not part of the same tree.Tf has two or more unconnected trees.
[controller_server-6] [INFO] [1784058322.616666958] [local_costmap.local_costmap]: Timed out waiting for transform from base_link to odom to become available, tf error: Could not find a connection between 'odom' and 'base_link' because they are not part of the same tree.Tf has two or more unconnected trees.
[controller_server-6] [INFO] [1784058323.117580085] [local_costmap.local_costmap]: Timed out waiting for transform from base_link to odom to become available, tf error: Could not find a connection between 'odom' and 'base_link' because they are not part of the same tree.Tf has two or more unconnected trees.
[controller_server-6] [INFO] [1784058323.616766083] [local_costmap.local_costmap]: Timed out waiting for transform from base_link to odom to become available, tf error: Could not find a connection between 'odom' and 'base_link' because they are not part of the same tree.Tf has two or more unconnected trees.
[controller_server-6] [INFO] [1784058324.116631945] [local_costmap.local_costmap]: Timed out waiting for transform from base_link to odom to become available, tf error: Could not find a connection between 'odom' and 'base_link' because they are not part of the same tree.Tf has two or more unconnected trees.
[controller_server-6] [INFO] [1784058324.517658316] [rclcpp]: signal_handler(SIGINT/SIGTERM)
[controller_server-6] [INFO] [1784058324.520642994] [controller_server]: Running Nav2 LifecycleNode rcl preshutdown (controller_server)
[controller_server-6] [INFO] [1784058324.520840334] [controller_server]: Destroying bond (controller_server) to lifecycle manager.
[controller_server-6] [INFO] [1784058324.522090414] [local_costmap.local_costmap]: start
[controller_server-6] [ERROR] [1784058324.523040776] [local_costmap.local_costmap]: Failed to finish transition 3. Current state is now: active (Could not publish transition: publisher's context is invalid, at ./src/rcl/publisher.c:423, at ./src/rcl_lifecycle.c:368)
[controller_server-6] [ERROR] [1784058324.523095535] [controller_server]: Failed to finish transition 3. Current state is now: inactive (Could not publish transition: publisher's context is invalid, at ./src/rcl/publisher.c:423, at ./src/rcl_lifecycle.c:368)
[controller_server-6] Warning: class_loader.ClassLoader: SEVERE WARNING!!! Attempting to unload library while objects created by this loader exist in the heap! You should delete your objects before attempting to unload the library or destroying the ClassLoader. The library will NOT be unloaded.
[controller_server-6]          at line 127 in ./src/class_loader.cpp
[controller_server-6] terminate called without an active exception
[planner_server-7] [INFO] [1784058324.866569967] [rclcpp]: signal_handler(SIGINT/SIGTERM)
[planner_server-7] [INFO] [1784058324.866872769] [planner_server]: Running Nav2 LifecycleNode rcl preshutdown (planner_server)
[planner_server-7] [INFO] [1784058324.869535359] [planner_server]: Cleaning up
[planner_server-7] [INFO] [1784058324.951669127] [global_costmap.global_costmap]: Cleaning up
[planner_server-7] [INFO] [1784058324.974236068] [planner_server]: Cleaning up plugin GridBased of type NavfnPlanner
[planner_server-7] [INFO] [1784058324.974939479] [planner_server]: Destroying plugin GridBased of type NavfnPlanner
[planner_server-7] [INFO] [1784058325.078599458] [planner_server]: Destroying bond (planner_server) to lifecycle manager.
[planner_server-7] [INFO] [1784058325.091729166] [global_costmap.global_costmap]: Destroying
[planner_server-7] [INFO] [1784058325.165385019] [planner_server]: Destroying
[bt_navigator-9] [INFO] [1784058325.369828415] [rclcpp]: signal_handler(SIGINT/SIGTERM)
[bt_navigator-9] [INFO] [1784058325.370061410] [bt_navigator]: Running Nav2 LifecycleNode rcl preshutdown (bt_navigator)
[bt_navigator-9] [INFO] [1784058325.370227297] [bt_navigator]: Cleaning up
[bt_navigator-9] [INFO] [1784058325.518837525] [bt_navigator]: Completed Cleaning up
[bt_navigator-9] [INFO] [1784058325.519026321] [bt_navigator]: Destroying bond (bt_navigator) to lifecycle manager.
[bt_navigator-9] [INFO] [1784058325.610887288] [bt_navigator]: Destroying
[lifecycle_manager-11] [INFO] [1784058325.728663031] [rclcpp]: signal_handler(SIGINT/SIGTERM)
[lifecycle_manager-11] [INFO] [1784058325.729018110] [lifecycle_manager_navigation]: Running Nav2 LifecycleManager rcl preshutdown (lifecycle_manager_navigation)
[rviz2-5] [INFO] [1784058325.915698297] [rclcpp]: signal_handler(SIGINT/SIGTERM)
[INFO] [planner_server-7]: process has finished cleanly [pid 5641]
[lifecycle_manager-11] [ERROR] [1784058326.529409763] [lifecycle_manager_navigation]: Failed to change state for node: controller_server. Exception: controller_server/get_state service client: async_send_request failed.
[lifecycle_manager-11] [ERROR] [1784058326.529667649] [lifecycle_manager_navigation]: Failed to bring up all requested nodes. Aborting bringup.
[lifecycle_manager-11] [INFO] [1784058326.764518635] [lifecycle_manager_navigation]: Destroying lifecycle_manager_navigation
[INFO] [bt_navigator-9]: process has finished cleanly [pid 5643]
[INFO] [lifecycle_manager-11]: process has finished cleanly [pid 5645]
