[INFO] [launch]: All log files can be found below /home/hyper/.ros/log/2026-07-14-06-48-14-663265-hyper-Ubuntu-55399
[INFO] [launch]: Default logging verbosity is set to INFO
[INFO] [static_transform_publisher-1]: process started with pid [55553]
[INFO] [static_transform_publisher-2]: process started with pid [55565]
[INFO] [static_transform_publisher-3]: process started with pid [55566]
[INFO] [static_transform_publisher-4]: process started with pid [55567]
[INFO] [map_server-5]: process started with pid [55568]
[INFO] [rviz2-6]: process started with pid [55569]
[static_transform_publisher-2] [INFO] [1783982894.732486964] [static_tf_camerainit_baselink]: Spinning until stopped - publishing transform
[static_transform_publisher-4] [INFO] [1783982894.733714880] [static_tf_baselink_lidar]: Spinning until stopped - publishing transform
[static_transform_publisher-4] translation: ('0.000000', '0.000000', '0.000000')
[static_transform_publisher-4] rotation: ('0.000000', '0.000000', '0.000000', '1.000000')
[static_transform_publisher-4] from 'base_link' to 'unilidar_lidar'
[static_transform_publisher-1] [INFO] [1783982894.734544765] [static_tf_caminit_odom]: Spinning until stopped - publishing transform
[static_transform_publisher-1] translation: ('0.000000', '0.000000', '0.000000')
[static_transform_publisher-1] rotation: ('0.000000', '0.000000', '0.000000', '1.000000')
[static_transform_publisher-1] from 'camera_init' to 'odom'
[static_transform_publisher-3] [INFO] [1783982894.735351633] [static_tf_body_baselink]: Spinning until stopped - publishing transform
[static_transform_publisher-3] translation: ('0.000000', '0.000000', '0.000000')
[static_transform_publisher-3] rotation: ('0.000000', '0.000000', '0.000000', '1.000000')
[static_transform_publisher-3] from 'base_link' to 'body'
[static_transform_publisher-2] translation: ('0.000000', '0.000000', '0.000000')
[static_transform_publisher-2] rotation: ('0.000000', '0.000000', '0.000000', '1.000000')
[static_transform_publisher-2] from 'camera_init' to 'base_link'
[map_server-5] [INFO] [1783982894.754816493] [map_server]: 
[map_server-5] 	map_server lifecycle node launched. 
[map_server-5] 	Waiting on external lifecycle transitions to activate
[map_server-5] 	See https://design.ros2.org/articles/node_lifecycle.html for more information.
[map_server-5] [INFO] [1783982894.754862369] [map_server]: Creating
[rviz2-6] [INFO] [1783982895.691999802] [rviz2]: Stereo is NOT SUPPORTED
[rviz2-6] [INFO] [1783982895.692099910] [rviz2]: OpenGl version: 4.6 (GLSL 4.6)
[rviz2-6] [INFO] [1783982895.748691149] [rviz2]: Stereo is NOT SUPPORTED
[INFO] [controller_server-7]: process started with pid [55845]
[INFO] [planner_server-8]: process started with pid [55846]
[INFO] [behavior_server-9]: process started with pid [55847]
[INFO] [bt_navigator-10]: process started with pid [55848]
[INFO] [waypoint_follower-11]: process started with pid [55849]
[INFO] [lifecycle_manager-12]: process started with pid [55850]
[INFO] [goal_pose_to_nav2-13]: process started with pid [55851]
[INFO] [costmap_to_grid-14]: process started with pid [55852]
[lifecycle_manager-12] [INFO] [1783982899.764355039] [lifecycle_manager_navigation]: Creating
[waypoint_follower-11] [INFO] [1783982899.764559195] [waypoint_follower]: 
[waypoint_follower-11] 	waypoint_follower lifecycle node launched. 
[waypoint_follower-11] 	Waiting on external lifecycle transitions to activate
[waypoint_follower-11] 	See https://design.ros2.org/articles/node_lifecycle.html for more information.
[waypoint_follower-11] [INFO] [1783982899.764972455] [waypoint_follower]: Creating
[bt_navigator-10] [INFO] [1783982899.765328562] [bt_navigator]: 
[bt_navigator-10] 	bt_navigator lifecycle node launched. 
[bt_navigator-10] 	Waiting on external lifecycle transitions to activate
[bt_navigator-10] 	See https://design.ros2.org/articles/node_lifecycle.html for more information.
[planner_server-8] [INFO] [1783982899.765984699] [planner_server]: 
[planner_server-8] 	planner_server lifecycle node launched. 
[planner_server-8] 	Waiting on external lifecycle transitions to activate
[planner_server-8] 	See https://design.ros2.org/articles/node_lifecycle.html for more information.
[bt_navigator-10] [INFO] [1783982899.766286857] [bt_navigator]: Creating
[planner_server-8] [INFO] [1783982899.766964028] [planner_server]: Creating
[behavior_server-9] [INFO] [1783982899.768794982] [behavior_server]: 
[behavior_server-9] 	behavior_server lifecycle node launched. 
[behavior_server-9] 	Waiting on external lifecycle transitions to activate
[behavior_server-9] 	See https://design.ros2.org/articles/node_lifecycle.html for more information.
[lifecycle_manager-12] [INFO] [1783982899.769377641] [lifecycle_manager_navigation]: [34m[1mCreating and initializing lifecycle service clients[0m[0m
[controller_server-7] [INFO] [1783982899.770306769] [controller_server]: 
[controller_server-7] 	controller_server lifecycle node launched. 
[controller_server-7] 	Waiting on external lifecycle transitions to activate
[controller_server-7] 	See https://design.ros2.org/articles/node_lifecycle.html for more information.
[controller_server-7] [INFO] [1783982899.772710466] [controller_server]: Creating controller server
[planner_server-8] [INFO] [1783982899.773188785] [global_costmap.global_costmap]: 
[planner_server-8] 	global_costmap lifecycle node launched. 
[planner_server-8] 	Waiting on external lifecycle transitions to activate
[planner_server-8] 	See https://design.ros2.org/articles/node_lifecycle.html for more information.
[planner_server-8] [INFO] [1783982899.773530822] [global_costmap.global_costmap]: Creating Costmap
[controller_server-7] [INFO] [1783982899.778240565] [local_costmap.local_costmap]: 
[controller_server-7] 	local_costmap lifecycle node launched. 
[controller_server-7] 	Waiting on external lifecycle transitions to activate
[controller_server-7] 	See https://design.ros2.org/articles/node_lifecycle.html for more information.
[controller_server-7] [INFO] [1783982899.778583749] [local_costmap.local_costmap]: Creating Costmap
[lifecycle_manager-12] [INFO] [1783982899.780165593] [lifecycle_manager_navigation]: [34m[1mStarting managed nodes bringup...[0m[0m
[lifecycle_manager-12] [INFO] [1783982899.780200245] [lifecycle_manager_navigation]: [34m[1mConfiguring map_server[0m[0m
[map_server-5] [INFO] [1783982899.780334896] [map_server]: Configuring
[map_server-5] [INFO] [1783982899.780386380] [map_io]: Loading yaml file: /home/hyper/program/2026_Gsing-second_ROS/map/PCD17.yaml
[map_server-5] [INFO] [1783982899.780570808] [map_io]: resolution: 0.05
[map_server-5] [INFO] [1783982899.780575995] [map_io]: origin[0]: -0.051
[map_server-5] [INFO] [1783982899.780578817] [map_io]: origin[1]: -1.163
[map_server-5] [INFO] [1783982899.780580624] [map_io]: origin[2]: 0
[map_server-5] [INFO] [1783982899.780582808] [map_io]: free_thresh: 0.196
[map_server-5] [INFO] [1783982899.780584497] [map_io]: occupied_thresh: 0.65
[map_server-5] [INFO] [1783982899.780587571] [map_io]: mode: trinary
[map_server-5] [INFO] [1783982899.780589881] [map_io]: negate: 0
[map_server-5] [INFO] [1783982899.780734229] [map_io]: Loading image_file: /home/hyper/program/2026_Gsing-second_ROS/map/PCD17.pgm
[map_server-5] [INFO] [1783982899.780913717] [map_io]: Read map /home/hyper/program/2026_Gsing-second_ROS/map/PCD17.pgm: 64 X 55 map @ 0.05 m/cell
[lifecycle_manager-12] [INFO] [1783982899.785494480] [lifecycle_manager_navigation]: [34m[1mConfiguring controller_server[0m[0m
[controller_server-7] [INFO] [1783982899.785686475] [controller_server]: Configuring controller interface
[controller_server-7] [INFO] [1783982899.785700816] [controller_server]: getting progress checker plugins..
[controller_server-7] [INFO] [1783982899.785814907] [controller_server]: getting goal checker plugins..
[controller_server-7] [INFO] [1783982899.786012171] [controller_server]: Controller frequency set to 20.0000Hz
[controller_server-7] [INFO] [1783982899.786045098] [local_costmap.local_costmap]: Configuring
[controller_server-7] [INFO] [1783982899.788442207] [local_costmap.local_costmap]: Using plugin "static_layer"
[controller_server-7] [INFO] [1783982899.791090536] [local_costmap.local_costmap]: Subscribing to the map topic (/map) with transient local durability
[controller_server-7] [INFO] [1783982899.791647018] [local_costmap.local_costmap]: Initialized plugin "static_layer"
[controller_server-7] [INFO] [1783982899.798139578] [controller_server]: Created progress_checker : progress_checker of type nav2_controller::SimpleProgressChecker
[controller_server-7] [INFO] [1783982899.798291048] [controller_server]: Controller Server has progress_checker  progress checkers available.
[controller_server-7] [INFO] [1783982899.798548892] [controller_server]: Created goal checker : goal_checker of type nav2_controller::SimpleGoalChecker
[controller_server-7] [INFO] [1783982899.798730816] [controller_server]: Controller Server has goal_checker  goal checkers available.
[controller_server-7] [INFO] [1783982899.799437291] [controller_server]: Created controller : FollowPath of type nav2_regulated_pure_pursuit_controller::RegulatedPurePursuitController
[controller_server-7] [INFO] [1783982899.801163519] [controller_server]: Controller Server has FollowPath  controllers available.
[lifecycle_manager-12] [INFO] [1783982899.803480898] [lifecycle_manager_navigation]: [34m[1mConfiguring planner_server[0m[0m
[planner_server-8] [INFO] [1783982899.803599048] [planner_server]: Configuring
[planner_server-8] [INFO] [1783982899.803628678] [global_costmap.global_costmap]: Configuring
[planner_server-8] [INFO] [1783982899.806203007] [global_costmap.global_costmap]: Using plugin "static_layer"
[planner_server-8] [INFO] [1783982899.808604325] [global_costmap.global_costmap]: Subscribing to the map topic (/map) with transient local durability
[planner_server-8] [INFO] [1783982899.809110249] [global_costmap.global_costmap]: Initialized plugin "static_layer"
[planner_server-8] [INFO] [1783982899.814870885] [planner_server]: Created global planner plugin GridBased of type nav2_navfn_planner::NavfnPlanner
[planner_server-8] [INFO] [1783982899.814896611] [planner_server]: Configuring plugin GridBased of type NavfnPlanner
[planner_server-8] [INFO] [1783982899.815140463] [planner_server]: Planner Server has GridBased  planners available.
[lifecycle_manager-12] [INFO] [1783982899.818502963] [lifecycle_manager_navigation]: [34m[1mConfiguring behavior_server[0m[0m
[behavior_server-9] [INFO] [1783982899.818626906] [behavior_server]: Configuring
[behavior_server-9] [INFO] [1783982899.820260296] [behavior_server]: Creating behavior plugin spin of type nav2_behaviors::Spin
[behavior_server-9] [INFO] [1783982899.820943145] [behavior_server]: Creating behavior plugin backup of type nav2_behaviors::BackUp
[behavior_server-9] [INFO] [1783982899.821472726] [behavior_server]: Creating behavior plugin drive_on_heading of type nav2_behaviors::DriveOnHeading
[behavior_server-9] [INFO] [1783982899.821997912] [behavior_server]: Creating behavior plugin wait of type nav2_behaviors::Wait
[behavior_server-9] [INFO] [1783982899.825284967] [behavior_server]: Configuring spin
[behavior_server-9] [INFO] [1783982899.826979145] [behavior_server]: Configuring backup
[behavior_server-9] [INFO] [1783982899.828127122] [behavior_server]: Configuring drive_on_heading
[behavior_server-9] [INFO] [1783982899.829118403] [behavior_server]: Configuring wait
[lifecycle_manager-12] [INFO] [1783982899.830379045] [lifecycle_manager_navigation]: [34m[1mConfiguring bt_navigator[0m[0m
[bt_navigator-10] [INFO] [1783982899.830509540] [bt_navigator]: Configuring
[bt_navigator-10] [INFO] [1783982899.833159567] [bt_navigator]: Creating navigator id navigate_to_pose of type nav2_bt_navigator::NavigateToPoseNavigator
[bt_navigator-10] [WARN] [1783982899.836338608] [bt_navigator]: Error_code parameters were not set. Using default values of: follow_path_error_code compute_path_error_code
[bt_navigator-10] Make sure these match your BT and there are not other sources of error codes youreported to your application
[bt_navigator-10] [INFO] [1783982899.871278273] [bt_navigator]: Creating navigator id navigate_through_poses of type nav2_bt_navigator::NavigateThroughPosesNavigator
[lifecycle_manager-12] [INFO] [1783982899.891350870] [lifecycle_manager_navigation]: [34m[1mConfiguring waypoint_follower[0m[0m
[waypoint_follower-11] [INFO] [1783982899.891524338] [waypoint_follower]: Configuring
[waypoint_follower-11] [INFO] [1783982899.898267047] [waypoint_follower]: Created waypoint_task_executor : wait_at_waypoint of type nav2_waypoint_follower::WaitAtWaypoint
[waypoint_follower-11] [INFO] [1783982899.898445031] [waypoint_follower]: Waypoint pause duration is set to zero, disabling task executor plugin.
[lifecycle_manager-12] [INFO] [1783982899.899066312] [lifecycle_manager_navigation]: [34m[1mActivating map_server[0m[0m
[map_server-5] [INFO] [1783982899.899255655] [map_server]: Activating
[map_server-5] [INFO] [1783982899.899383698] [map_server]: Creating bond (map_server) to lifecycle manager.
[planner_server-8] [INFO] [1783982899.900319273] [global_costmap.global_costmap]: StaticLayer: Resizing costmap to 64 X 55 at 0.050000 m/pix
[controller_server-7] [INFO] [1783982899.900465320] [local_costmap.local_costmap]: StaticLayer: Resizing costmap to 64 X 55 at 0.050000 m/pix
[rviz2-6] [INFO] [1783982899.910440780] [rviz2]: Trying to create a map of size 64 x 55 using 1 swatches
[lifecycle_manager-12] [INFO] [1783982900.001488243] [lifecycle_manager_navigation]: Server map_server connected with bond.
[lifecycle_manager-12] [INFO] [1783982900.001523218] [lifecycle_manager_navigation]: [34m[1mActivating controller_server[0m[0m
[controller_server-7] [INFO] [1783982900.001734147] [controller_server]: Activating
[controller_server-7] [INFO] [1783982900.001762930] [local_costmap.local_costmap]: Activating
[controller_server-7] [INFO] [1783982900.001769925] [local_costmap.local_costmap]: Checking transform
[controller_server-7] [INFO] [1783982900.001899069] [local_costmap.local_costmap]: start
[costmap_to_grid-14] [INFO] [1783982900.042111425] [costmap_to_grid]: Publishing /global_costmap_grid and /local_costmap_grid for RViz
[controller_server-7] [INFO] [1783982900.052018515] [controller_server]: Activating controller: FollowPath of type regulated_pure_pursuit_controller::RegulatedPurePursuitController
[controller_server-7] [INFO] [1783982900.052048263] [controller_server]: Creating bond (controller_server) to lifecycle manager.
[goal_pose_to_nav2-13] [INFO] [1783982900.153932045] [goal_pose_to_nav2]: Bridge ready: goal_pose -> NavigateToPose (navigate_to_pose)
[lifecycle_manager-12] [INFO] [1783982900.153943861] [lifecycle_manager_navigation]: Server controller_server connected with bond.
[lifecycle_manager-12] [INFO] [1783982900.153989221] [lifecycle_manager_navigation]: [34m[1mActivating planner_server[0m[0m
[planner_server-8] [INFO] [1783982900.154280632] [planner_server]: Activating
[planner_server-8] [INFO] [1783982900.154324794] [global_costmap.global_costmap]: Activating
[planner_server-8] [INFO] [1783982900.154343537] [global_costmap.global_costmap]: Checking transform
[planner_server-8] [INFO] [1783982900.154521610] [global_costmap.global_costmap]: start
[rviz2-6] [INFO] [1783982900.165827881] [rviz2]: Trying to create a map of size 64 x 55 using 1 swatches
[planner_server-8] [INFO] [1783982900.204685009] [planner_server]: Activating plugin GridBased of type NavfnPlanner
[planner_server-8] [INFO] [1783982900.205219823] [planner_server]: Creating bond (planner_server) to lifecycle manager.
[lifecycle_manager-12] [INFO] [1783982900.307396160] [lifecycle_manager_navigation]: Server planner_server connected with bond.
[lifecycle_manager-12] [INFO] [1783982900.307437419] [lifecycle_manager_navigation]: [34m[1mActivating behavior_server[0m[0m
[behavior_server-9] [INFO] [1783982900.307704949] [behavior_server]: Activating
[behavior_server-9] [INFO] [1783982900.307728416] [behavior_server]: Activating spin
[behavior_server-9] [INFO] [1783982900.307739403] [behavior_server]: Activating backup
[behavior_server-9] [INFO] [1783982900.307747612] [behavior_server]: Activating drive_on_heading
[behavior_server-9] [INFO] [1783982900.307755024] [behavior_server]: Activating wait
[behavior_server-9] [INFO] [1783982900.307765961] [behavior_server]: Creating bond (behavior_server) to lifecycle manager.
[lifecycle_manager-12] [INFO] [1783982900.409384931] [lifecycle_manager_navigation]: Server behavior_server connected with bond.
[lifecycle_manager-12] [INFO] [1783982900.409412257] [lifecycle_manager_navigation]: [34m[1mActivating bt_navigator[0m[0m
[bt_navigator-10] [INFO] [1783982900.409638988] [bt_navigator]: Activating
[bt_navigator-10] [INFO] [1783982900.429359206] [bt_navigator]: Creating bond (bt_navigator) to lifecycle manager.
[lifecycle_manager-12] [INFO] [1783982900.530680367] [lifecycle_manager_navigation]: Server bt_navigator connected with bond.
[lifecycle_manager-12] [INFO] [1783982900.530720158] [lifecycle_manager_navigation]: [34m[1mActivating waypoint_follower[0m[0m
[waypoint_follower-11] [INFO] [1783982900.531023188] [waypoint_follower]: Activating
[waypoint_follower-11] [INFO] [1783982900.531053749] [waypoint_follower]: Creating bond (waypoint_follower) to lifecycle manager.
[lifecycle_manager-12] [INFO] [1783982900.633150883] [lifecycle_manager_navigation]: Server waypoint_follower connected with bond.
[lifecycle_manager-12] [INFO] [1783982900.633194748] [lifecycle_manager_navigation]: [34m[1mManaged nodes are active[0m[0m
[lifecycle_manager-12] [INFO] [1783982900.633207292] [lifecycle_manager_navigation]: [34m[1mCreating bond timer...[0m[0m
[rviz2-6] [INFO] [1783982908.729125508] [rviz2]: Setting goal pose: Frame:map, Position(0.483077, 0.00193349, 0), Orientation(0, 0, -0.0101566, 0.999948) = Angle: -0.0203136
[bt_navigator-10] [INFO] [1783982908.729963610] [bt_navigator]: Begin navigating from current location (0.15, 0.11) to (0.48, 0.00)
[goal_pose_to_nav2-13] [INFO] [1783982908.731050899] [goal_pose_to_nav2]: Received goal (0.48, 0.00) in frame 'map'
[bt_navigator-10] [INFO] [1783982908.740377168] [bt_navigator]: Received goal preemption request
[bt_navigator-10] [INFO] [1783982908.740587484] [bt_navigator]: Begin navigating from current location (0.15, 0.11) to (0.48, 0.00)
[controller_server-7] [INFO] [1783982908.750865230] [controller_server]: Received a goal, begin computing control effort.
[controller_server-7] [WARN] [1783982908.750922632] [controller_server]: No goal checker was specified in parameter 'current_goal_checker'. Server will use only plugin loaded goal_checker . This warning will appear once.
[controller_server-7] [WARN] [1783982908.750934400] [controller_server]: No progress checker was specified in parameter 'current_progress_checker'. Server will use only plugin loaded progress_checker . This warning will appear once.
[controller_server-7] [INFO] [1783982909.801048295] [controller_server]: Passing new path to controller.
[controller_server-7] [INFO] [1783982910.851037317] [controller_server]: Passing new path to controller.
[controller_server-7] [INFO] [1783982911.851033024] [controller_server]: Passing new path to controller.
[controller_server-7] [INFO] [1783982912.901035492] [controller_server]: Passing new path to controller.
[controller_server-7] [INFO] [1783982912.901320247] [controller_server]: Reached the goal!
[bt_navigator-10] [INFO] [1783982912.940226031] [bt_navigator]: Goal succeeded
