[INFO] [launch]: All log files can be found below /home/hyper/program/2026_Gsing-second_ROS/logs/ros/2026-07-14-07-25-15-915520-hyper-Ubuntu-64334
[INFO] [launch]: Default logging verbosity is set to INFO
[INFO] [static_transform_publisher-1]: process started with pid [64449]
[INFO] [static_transform_publisher-2]: process started with pid [64450]
[INFO] [static_transform_publisher-3]: process started with pid [64452]
[INFO] [static_transform_publisher-4]: process started with pid [64453]
[INFO] [map_server-5]: process started with pid [64454]
[INFO] [rviz2-6]: process started with pid [64455]
[static_transform_publisher-2] [INFO] [1783985116.001095688] [static_tf_camerainit_baselink]: Spinning until stopped - publishing transform
[static_transform_publisher-2] translation: ('0.000000', '0.000000', '0.000000')
[static_transform_publisher-2] rotation: ('0.000000', '0.000000', '0.000000', '1.000000')
[static_transform_publisher-2] from 'camera_init' to 'base_link'
[static_transform_publisher-1] [INFO] [1783985116.001899712] [static_tf_caminit_odom]: Spinning until stopped - publishing transform
[static_transform_publisher-1] translation: ('0.000000', '0.000000', '0.000000')
[static_transform_publisher-1] rotation: ('0.000000', '0.000000', '0.000000', '1.000000')
[static_transform_publisher-1] from 'camera_init' to 'odom'
[static_transform_publisher-4] [INFO] [1783985116.003158033] [static_tf_baselink_lidar]: Spinning until stopped - publishing transform
[static_transform_publisher-4] translation: ('0.000000', '0.000000', '0.000000')
[static_transform_publisher-4] rotation: ('0.000000', '0.000000', '0.000000', '1.000000')
[static_transform_publisher-4] from 'base_link' to 'unilidar_lidar'
[static_transform_publisher-3] [INFO] [1783985116.004550445] [static_tf_body_baselink]: Spinning until stopped - publishing transform
[static_transform_publisher-3] translation: ('0.000000', '0.000000', '0.000000')
[static_transform_publisher-3] rotation: ('0.000000', '0.000000', '0.000000', '1.000000')
[static_transform_publisher-3] from 'base_link' to 'body'
[map_server-5] [INFO] [1783985116.018286659] [map_server]: 
[map_server-5] 	map_server lifecycle node launched. 
[map_server-5] 	Waiting on external lifecycle transitions to activate
[map_server-5] 	See https://design.ros2.org/articles/node_lifecycle.html for more information.
[map_server-5] [INFO] [1783985116.018346283] [map_server]: Creating
[rviz2-6] [INFO] [1783985117.215410118] [rviz2]: Stereo is NOT SUPPORTED
[rviz2-6] [INFO] [1783985117.215489395] [rviz2]: OpenGl version: 4.6 (GLSL 4.6)
[rviz2-6] [INFO] [1783985117.283368430] [rviz2]: Stereo is NOT SUPPORTED
[INFO] [controller_server-7]: process started with pid [64778]
[INFO] [planner_server-8]: process started with pid [64779]
[INFO] [behavior_server-9]: process started with pid [64780]
[INFO] [bt_navigator-10]: process started with pid [64781]
[INFO] [waypoint_follower-11]: process started with pid [64782]
[INFO] [lifecycle_manager-12]: process started with pid [64783]
[INFO] [goal_pose_to_nav2-13]: process started with pid [64784]
[INFO] [costmap_to_grid-14]: process started with pid [64785]
[behavior_server-9] [INFO] [1783985121.039592300] [behavior_server]: 
[behavior_server-9] 	behavior_server lifecycle node launched. 
[behavior_server-9] 	Waiting on external lifecycle transitions to activate
[behavior_server-9] 	See https://design.ros2.org/articles/node_lifecycle.html for more information.
[controller_server-7] [INFO] [1783985121.041214913] [controller_server]: 
[controller_server-7] 	controller_server lifecycle node launched. 
[controller_server-7] 	Waiting on external lifecycle transitions to activate
[controller_server-7] 	See https://design.ros2.org/articles/node_lifecycle.html for more information.
[waypoint_follower-11] [INFO] [1783985121.041931951] [waypoint_follower]: 
[waypoint_follower-11] 	waypoint_follower lifecycle node launched. 
[waypoint_follower-11] 	Waiting on external lifecycle transitions to activate
[waypoint_follower-11] 	See https://design.ros2.org/articles/node_lifecycle.html for more information.
[planner_server-8] [INFO] [1783985121.042014744] [planner_server]: 
[planner_server-8] 	planner_server lifecycle node launched. 
[planner_server-8] 	Waiting on external lifecycle transitions to activate
[planner_server-8] 	See https://design.ros2.org/articles/node_lifecycle.html for more information.
[waypoint_follower-11] [INFO] [1783985121.042319610] [waypoint_follower]: Creating
[planner_server-8] [INFO] [1783985121.043245206] [planner_server]: Creating
[lifecycle_manager-12] [INFO] [1783985121.043625948] [lifecycle_manager_navigation]: Creating
[bt_navigator-10] [INFO] [1783985121.045186678] [bt_navigator]: 
[bt_navigator-10] 	bt_navigator lifecycle node launched. 
[bt_navigator-10] 	Waiting on external lifecycle transitions to activate
[bt_navigator-10] 	See https://design.ros2.org/articles/node_lifecycle.html for more information.
[controller_server-7] [INFO] [1783985121.046599023] [controller_server]: Creating controller server
[planner_server-8] [INFO] [1783985121.046876607] [global_costmap.global_costmap]: 
[planner_server-8] 	global_costmap lifecycle node launched. 
[planner_server-8] 	Waiting on external lifecycle transitions to activate
[planner_server-8] 	See https://design.ros2.org/articles/node_lifecycle.html for more information.
[bt_navigator-10] [INFO] [1783985121.047165661] [bt_navigator]: Creating
[planner_server-8] [INFO] [1783985121.047224105] [global_costmap.global_costmap]: Creating Costmap
[lifecycle_manager-12] [INFO] [1783985121.050222083] [lifecycle_manager_navigation]: [34m[1mCreating and initializing lifecycle service clients[0m[0m
[controller_server-7] [INFO] [1783985121.055947711] [local_costmap.local_costmap]: 
[controller_server-7] 	local_costmap lifecycle node launched. 
[controller_server-7] 	Waiting on external lifecycle transitions to activate
[controller_server-7] 	See https://design.ros2.org/articles/node_lifecycle.html for more information.
[lifecycle_manager-12] [INFO] [1783985121.056481109] [lifecycle_manager_navigation]: [34m[1mStarting managed nodes bringup...[0m[0m
[lifecycle_manager-12] [INFO] [1783985121.056518758] [lifecycle_manager_navigation]: [34m[1mConfiguring map_server[0m[0m
[controller_server-7] [INFO] [1783985121.056616552] [local_costmap.local_costmap]: Creating Costmap
[map_server-5] [INFO] [1783985121.056746295] [map_server]: Configuring
[map_server-5] [INFO] [1783985121.056815220] [map_io]: Loading yaml file: /home/hyper/program/2026_Gsing-second_ROS/map/PCD20.yaml
[map_server-5] [INFO] [1783985121.057097629] [map_io]: resolution: 0.05
[map_server-5] [INFO] [1783985121.057107414] [map_io]: origin[0]: -0.034
[map_server-5] [INFO] [1783985121.057121721] [map_io]: origin[1]: -1.109
[map_server-5] [INFO] [1783985121.057124965] [map_io]: origin[2]: 0
[map_server-5] [INFO] [1783985121.057128106] [map_io]: free_thresh: 0.196
[map_server-5] [INFO] [1783985121.057130681] [map_io]: occupied_thresh: 0.65
[map_server-5] [INFO] [1783985121.057135855] [map_io]: mode: trinary
[map_server-5] [INFO] [1783985121.057139446] [map_io]: negate: 0
[map_server-5] [INFO] [1783985121.057331124] [map_io]: Loading image_file: /home/hyper/program/2026_Gsing-second_ROS/map/PCD20.pgm
[map_server-5] [INFO] [1783985121.057596024] [map_io]: Read map /home/hyper/program/2026_Gsing-second_ROS/map/PCD20.pgm: 54 X 51 map @ 0.05 m/cell
[lifecycle_manager-12] [INFO] [1783985121.064676810] [lifecycle_manager_navigation]: [34m[1mConfiguring controller_server[0m[0m
[controller_server-7] [INFO] [1783985121.064857174] [controller_server]: Configuring controller interface
[controller_server-7] [INFO] [1783985121.064881771] [controller_server]: getting progress checker plugins..
[controller_server-7] [INFO] [1783985121.064990283] [controller_server]: getting goal checker plugins..
[controller_server-7] [INFO] [1783985121.065242436] [controller_server]: Controller frequency set to 20.0000Hz
[controller_server-7] [INFO] [1783985121.065276716] [local_costmap.local_costmap]: Configuring
[controller_server-7] [INFO] [1783985121.068858410] [local_costmap.local_costmap]: Using plugin "static_layer"
[controller_server-7] [INFO] [1783985121.072650304] [local_costmap.local_costmap]: Subscribing to the map topic (/map) with transient local durability
[controller_server-7] [INFO] [1783985121.073483229] [local_costmap.local_costmap]: Initialized plugin "static_layer"
[controller_server-7] [INFO] [1783985121.082929990] [controller_server]: Created progress_checker : progress_checker of type nav2_controller::SimpleProgressChecker
[controller_server-7] [INFO] [1783985121.083139215] [controller_server]: Controller Server has progress_checker  progress checkers available.
[controller_server-7] [INFO] [1783985121.083494524] [controller_server]: Created goal checker : goal_checker of type nav2_controller::SimpleGoalChecker
[controller_server-7] [INFO] [1783985121.083784746] [controller_server]: Controller Server has goal_checker  goal checkers available.
[controller_server-7] [INFO] [1783985121.084691934] [controller_server]: Created controller : FollowPath of type nav2_regulated_pure_pursuit_controller::RegulatedPurePursuitController
[controller_server-7] [INFO] [1783985121.087467990] [controller_server]: Controller Server has FollowPath  controllers available.
[lifecycle_manager-12] [INFO] [1783985121.090579781] [lifecycle_manager_navigation]: [34m[1mConfiguring planner_server[0m[0m
[planner_server-8] [INFO] [1783985121.090757050] [planner_server]: Configuring
[planner_server-8] [INFO] [1783985121.090795646] [global_costmap.global_costmap]: Configuring
[planner_server-8] [INFO] [1783985121.094028460] [global_costmap.global_costmap]: Using plugin "static_layer"
[planner_server-8] [INFO] [1783985121.097382029] [global_costmap.global_costmap]: Subscribing to the map topic (/map) with transient local durability
[planner_server-8] [INFO] [1783985121.098082945] [global_costmap.global_costmap]: Initialized plugin "static_layer"
[planner_server-8] [INFO] [1783985121.106799402] [planner_server]: Created global planner plugin GridBased of type nav2_navfn_planner::NavfnPlanner
[planner_server-8] [INFO] [1783985121.106831379] [planner_server]: Configuring plugin GridBased of type NavfnPlanner
[planner_server-8] [INFO] [1783985121.107440582] [planner_server]: Planner Server has GridBased  planners available.
[lifecycle_manager-12] [INFO] [1783985121.112069045] [lifecycle_manager_navigation]: [34m[1mConfiguring behavior_server[0m[0m
[behavior_server-9] [INFO] [1783985121.112260739] [behavior_server]: Configuring
[behavior_server-9] [INFO] [1783985121.115030218] [behavior_server]: Creating behavior plugin spin of type nav2_behaviors::Spin
[behavior_server-9] [INFO] [1783985121.116011383] [behavior_server]: Creating behavior plugin backup of type nav2_behaviors::BackUp
[behavior_server-9] [INFO] [1783985121.116934017] [behavior_server]: Creating behavior plugin drive_on_heading of type nav2_behaviors::DriveOnHeading
[behavior_server-9] [INFO] [1783985121.117661527] [behavior_server]: Creating behavior plugin wait of type nav2_behaviors::Wait
[behavior_server-9] [INFO] [1783985121.122752635] [behavior_server]: Configuring spin
[behavior_server-9] [INFO] [1783985121.125509701] [behavior_server]: Configuring backup
[behavior_server-9] [INFO] [1783985121.127226003] [behavior_server]: Configuring drive_on_heading
[behavior_server-9] [INFO] [1783985121.129387788] [behavior_server]: Configuring wait
[lifecycle_manager-12] [INFO] [1783985121.132546834] [lifecycle_manager_navigation]: [34m[1mConfiguring bt_navigator[0m[0m
[bt_navigator-10] [INFO] [1783985121.132807879] [bt_navigator]: Configuring
[bt_navigator-10] [INFO] [1783985121.136350536] [bt_navigator]: Creating navigator id navigate_to_pose of type nav2_bt_navigator::NavigateToPoseNavigator
[bt_navigator-10] [WARN] [1783985121.140809696] [bt_navigator]: Error_code parameters were not set. Using default values of: follow_path_error_code compute_path_error_code
[bt_navigator-10] Make sure these match your BT and there are not other sources of error codes youreported to your application
[bt_navigator-10] [INFO] [1783985121.191507648] [bt_navigator]: Creating navigator id navigate_through_poses of type nav2_bt_navigator::NavigateThroughPosesNavigator
[lifecycle_manager-12] [INFO] [1783985121.222410006] [lifecycle_manager_navigation]: [34m[1mConfiguring waypoint_follower[0m[0m
[waypoint_follower-11] [INFO] [1783985121.222670422] [waypoint_follower]: Configuring
[waypoint_follower-11] [INFO] [1783985121.263328210] [waypoint_follower]: Created waypoint_task_executor : wait_at_waypoint of type nav2_waypoint_follower::WaitAtWaypoint
[waypoint_follower-11] [INFO] [1783985121.263535472] [waypoint_follower]: Waypoint pause duration is set to zero, disabling task executor plugin.
[lifecycle_manager-12] [INFO] [1783985121.264118048] [lifecycle_manager_navigation]: [34m[1mActivating map_server[0m[0m
[map_server-5] [INFO] [1783985121.264319554] [map_server]: Activating
[map_server-5] [INFO] [1783985121.264469566] [map_server]: Creating bond (map_server) to lifecycle manager.
[planner_server-8] [INFO] [1783985121.264509961] [global_costmap.global_costmap]: StaticLayer: Resizing costmap to 54 X 51 at 0.050000 m/pix
[controller_server-7] [INFO] [1783985121.264524970] [local_costmap.local_costmap]: StaticLayer: Resizing costmap to 54 X 51 at 0.050000 m/pix
[rviz2-6] [INFO] [1783985121.294994121] [rviz2]: Trying to create a map of size 54 x 51 using 1 swatches
[lifecycle_manager-12] [INFO] [1783985121.367641190] [lifecycle_manager_navigation]: Server map_server connected with bond.
[lifecycle_manager-12] [INFO] [1783985121.367713895] [lifecycle_manager_navigation]: [34m[1mActivating controller_server[0m[0m
[controller_server-7] [INFO] [1783985121.368161416] [controller_server]: Activating
[controller_server-7] [INFO] [1783985121.368214218] [local_costmap.local_costmap]: Activating
[controller_server-7] [INFO] [1783985121.368226865] [local_costmap.local_costmap]: Checking transform
[controller_server-7] [INFO] [1783985121.368883364] [local_costmap.local_costmap]: start
[controller_server-7] [INFO] [1783985121.469063291] [controller_server]: Activating controller: FollowPath of type regulated_pure_pursuit_controller::RegulatedPurePursuitController
[controller_server-7] [INFO] [1783985121.469122770] [controller_server]: Creating bond (controller_server) to lifecycle manager.
[costmap_to_grid-14] [INFO] [1783985121.501675800] [costmap_to_grid]: Publishing /global_costmap_grid and /local_costmap_grid for RViz
[lifecycle_manager-12] [INFO] [1783985121.572811723] [lifecycle_manager_navigation]: Server controller_server connected with bond.
[lifecycle_manager-12] [INFO] [1783985121.572853201] [lifecycle_manager_navigation]: [34m[1mActivating planner_server[0m[0m
[planner_server-8] [INFO] [1783985121.573152590] [planner_server]: Activating
[planner_server-8] [INFO] [1783985121.573233223] [global_costmap.global_costmap]: Activating
[planner_server-8] [INFO] [1783985121.573246605] [global_costmap.global_costmap]: Checking transform
[planner_server-8] [INFO] [1783985121.573422322] [global_costmap.global_costmap]: start
[rviz2-6] [INFO] [1783985121.581849034] [rviz2]: Trying to create a map of size 54 x 51 using 1 swatches
[planner_server-8] [INFO] [1783985121.623589888] [planner_server]: Activating plugin GridBased of type NavfnPlanner
[planner_server-8] [INFO] [1783985121.624338196] [planner_server]: Creating bond (planner_server) to lifecycle manager.
[goal_pose_to_nav2-13] [INFO] [1783985121.654018697] [goal_pose_to_nav2]: Bridge ready: goal_pose -> NavigateToPose (navigate_to_pose)
[lifecycle_manager-12] [INFO] [1783985121.727578246] [lifecycle_manager_navigation]: Server planner_server connected with bond.
[lifecycle_manager-12] [INFO] [1783985121.727619602] [lifecycle_manager_navigation]: [34m[1mActivating behavior_server[0m[0m
[behavior_server-9] [INFO] [1783985121.727882019] [behavior_server]: Activating
[behavior_server-9] [INFO] [1783985121.727913865] [behavior_server]: Activating spin
[behavior_server-9] [INFO] [1783985121.727927996] [behavior_server]: Activating backup
[behavior_server-9] [INFO] [1783985121.727939618] [behavior_server]: Activating drive_on_heading
[behavior_server-9] [INFO] [1783985121.727949480] [behavior_server]: Activating wait
[behavior_server-9] [INFO] [1783985121.727963662] [behavior_server]: Creating bond (behavior_server) to lifecycle manager.
[lifecycle_manager-12] [INFO] [1783985121.831180355] [lifecycle_manager_navigation]: Server behavior_server connected with bond.
[lifecycle_manager-12] [INFO] [1783985121.831303090] [lifecycle_manager_navigation]: [34m[1mActivating bt_navigator[0m[0m
[bt_navigator-10] [INFO] [1783985121.831590987] [bt_navigator]: Activating
[bt_navigator-10] [INFO] [1783985121.863719181] [bt_navigator]: Creating bond (bt_navigator) to lifecycle manager.
[lifecycle_manager-12] [INFO] [1783985121.966755390] [lifecycle_manager_navigation]: Server bt_navigator connected with bond.
[lifecycle_manager-12] [INFO] [1783985121.966826413] [lifecycle_manager_navigation]: [34m[1mActivating waypoint_follower[0m[0m
[waypoint_follower-11] [INFO] [1783985121.967189590] [waypoint_follower]: Activating
[waypoint_follower-11] [INFO] [1783985121.967238267] [waypoint_follower]: Creating bond (waypoint_follower) to lifecycle manager.
[lifecycle_manager-12] [INFO] [1783985122.070791756] [lifecycle_manager_navigation]: Server waypoint_follower connected with bond.
[lifecycle_manager-12] [INFO] [1783985122.070856578] [lifecycle_manager_navigation]: [34m[1mManaged nodes are active[0m[0m
[lifecycle_manager-12] [INFO] [1783985122.070881810] [lifecycle_manager_navigation]: [34m[1mCreating bond timer...[0m[0m
[rviz2-6] [INFO] [1783985127.337797635] [rviz2]: Setting goal pose: Frame:map, Position(0.433888, 0.0761378, 0), Orientation(0, 0, -0.0128296, 0.999918) = Angle: -0.02566
[bt_navigator-10] [INFO] [1783985127.338549061] [bt_navigator]: Begin navigating from current location (0.17, 0.07) to (0.43, 0.08)
[goal_pose_to_nav2-13] [INFO] [1783985127.338905725] [goal_pose_to_nav2]: Received goal (0.43, 0.08) in frame 'map'
[bt_navigator-10] [INFO] [1783985127.348996930] [bt_navigator]: Received goal preemption request
[bt_navigator-10] [INFO] [1783985127.349268391] [bt_navigator]: Begin navigating from current location (0.17, 0.07) to (0.43, 0.08)
[controller_server-7] [INFO] [1783985127.359448929] [controller_server]: Received a goal, begin computing control effort.
[controller_server-7] [WARN] [1783985127.359507558] [controller_server]: No goal checker was specified in parameter 'current_goal_checker'. Server will use only plugin loaded goal_checker . This warning will appear once.
[controller_server-7] [WARN] [1783985127.359522792] [controller_server]: No progress checker was specified in parameter 'current_progress_checker'. Server will use only plugin loaded progress_checker . This warning will appear once.
[controller_server-7] [INFO] [1783985128.409631158] [controller_server]: Passing new path to controller.
[controller_server-7] [INFO] [1783985129.459643769] [controller_server]: Passing new path to controller.
[controller_server-7] [INFO] [1783985129.460130173] [controller_server]: Reached the goal!
[bt_navigator-10] [INFO] [1783985129.498969323] [bt_navigator]: Goal succeeded
[rviz2-6] [INFO] [1783985162.987148127] [rviz2]: Setting goal pose: Frame:map, Position(0.454939, 0.0674383, 0), Orientation(0, 0, -0.0105174, 0.999945) = Angle: -0.0210351
[goal_pose_to_nav2-13] [INFO] [1783985162.988227555] [goal_pose_to_nav2]: Received goal (0.45, 0.07) in frame 'map'
[bt_navigator-10] [INFO] [1783985162.989963993] [bt_navigator]: Begin navigating from current location (0.27, 0.08) to (0.45, 0.07)
[bt_navigator-10] [INFO] [1783985162.993033401] [bt_navigator]: Received goal preemption request
[bt_navigator-10] [INFO] [1783985162.993351349] [bt_navigator]: Begin navigating from current location (0.27, 0.08) to (0.45, 0.07)
[controller_server-7] [INFO] [1783985163.012615034] [controller_server]: Received a goal, begin computing control effort.
[controller_server-7] [INFO] [1783985163.012872009] [controller_server]: Reached the goal!
[bt_navigator-10] [INFO] [1783985163.032037138] [bt_navigator]: Goal succeeded
