[INFO] [launch]: All log files can be found below /home/hyper/program/2026_Gsing-second_ROS/logs/ros/2026-07-14-08-42-47-070807-hyper-Ubuntu-14631
[INFO] [launch]: Default logging verbosity is set to INFO
[INFO] [static_transform_publisher-1]: process started with pid [14713]
[INFO] [static_transform_publisher-2]: process started with pid [14714]
[INFO] [static_transform_publisher-3]: process started with pid [14715]
[INFO] [static_transform_publisher-4]: process started with pid [14716]
[INFO] [map_server-5]: process started with pid [14717]
[INFO] [rviz2-6]: process started with pid [14718]
[static_transform_publisher-3] [INFO] [1783989767.148678682] [static_tf_body_baselink]: Spinning until stopped - publishing transform
[static_transform_publisher-3] translation: ('0.000000', '0.000000', '0.000000')
[static_transform_publisher-3] rotation: ('0.000000', '0.000000', '0.000000', '1.000000')
[static_transform_publisher-3] from 'base_link' to 'body'
[static_transform_publisher-4] [INFO] [1783989767.149616608] [static_tf_baselink_lidar]: Spinning until stopped - publishing transform
[static_transform_publisher-4] translation: ('0.000000', '0.000000', '0.000000')
[static_transform_publisher-4] rotation: ('0.000000', '0.000000', '0.000000', '1.000000')
[static_transform_publisher-4] from 'base_link' to 'unilidar_lidar'
[static_transform_publisher-1] [INFO] [1783989767.149964107] [static_tf_caminit_odom]: Spinning until stopped - publishing transform
[static_transform_publisher-1] translation: ('0.000000', '0.000000', '0.000000')
[static_transform_publisher-1] rotation: ('0.000000', '0.000000', '0.000000', '1.000000')
[static_transform_publisher-1] from 'camera_init' to 'odom'
[static_transform_publisher-2] [INFO] [1783989767.150031978] [static_tf_camerainit_baselink]: Spinning until stopped - publishing transform
[static_transform_publisher-2] translation: ('0.000000', '0.000000', '0.000000')
[static_transform_publisher-2] rotation: ('0.000000', '0.000000', '0.000000', '1.000000')
[static_transform_publisher-2] from 'camera_init' to 'base_link'
[map_server-5] [INFO] [1783989767.163225525] [map_server]: 
[map_server-5] 	map_server lifecycle node launched. 
[map_server-5] 	Waiting on external lifecycle transitions to activate
[map_server-5] 	See https://design.ros2.org/articles/node_lifecycle.html for more information.
[map_server-5] [INFO] [1783989767.163315468] [map_server]: Creating
[rviz2-6] [INFO] [1783989768.016296528] [rviz2]: Stereo is NOT SUPPORTED
[rviz2-6] [INFO] [1783989768.016371689] [rviz2]: OpenGl version: 4.6 (GLSL 4.6)
[rviz2-6] [INFO] [1783989768.058349923] [rviz2]: Stereo is NOT SUPPORTED
[INFO] [controller_server-7]: process started with pid [15016]
[INFO] [planner_server-8]: process started with pid [15017]
[INFO] [behavior_server-9]: process started with pid [15018]
[INFO] [bt_navigator-10]: process started with pid [15019]
[INFO] [waypoint_follower-11]: process started with pid [15020]
[INFO] [lifecycle_manager-12]: process started with pid [15021]
[INFO] [goal_pose_to_nav2-13]: process started with pid [15022]
[INFO] [costmap_to_grid-14]: process started with pid [15023]
[planner_server-8] [INFO] [1783989772.176898407] [planner_server]: 
[planner_server-8] 	planner_server lifecycle node launched. 
[planner_server-8] 	Waiting on external lifecycle transitions to activate
[planner_server-8] 	See https://design.ros2.org/articles/node_lifecycle.html for more information.
[planner_server-8] [INFO] [1783989772.177799747] [planner_server]: Creating
[waypoint_follower-11] [INFO] [1783989772.178498990] [waypoint_follower]: 
[waypoint_follower-11] 	waypoint_follower lifecycle node launched. 
[waypoint_follower-11] 	Waiting on external lifecycle transitions to activate
[waypoint_follower-11] 	See https://design.ros2.org/articles/node_lifecycle.html for more information.
[waypoint_follower-11] [INFO] [1783989772.178865978] [waypoint_follower]: Creating
[behavior_server-9] [INFO] [1783989772.179528731] [behavior_server]: 
[behavior_server-9] 	behavior_server lifecycle node launched. 
[behavior_server-9] 	Waiting on external lifecycle transitions to activate
[behavior_server-9] 	See https://design.ros2.org/articles/node_lifecycle.html for more information.
[bt_navigator-10] [INFO] [1783989772.183552251] [bt_navigator]: 
[bt_navigator-10] 	bt_navigator lifecycle node launched. 
[bt_navigator-10] 	Waiting on external lifecycle transitions to activate
[bt_navigator-10] 	See https://design.ros2.org/articles/node_lifecycle.html for more information.
[lifecycle_manager-12] [INFO] [1783989772.184181322] [lifecycle_manager_navigation]: Creating
[planner_server-8] [INFO] [1783989772.184498531] [global_costmap.global_costmap]: 
[planner_server-8] 	global_costmap lifecycle node launched. 
[planner_server-8] 	Waiting on external lifecycle transitions to activate
[planner_server-8] 	See https://design.ros2.org/articles/node_lifecycle.html for more information.
[bt_navigator-10] [INFO] [1783989772.184527867] [bt_navigator]: Creating
[planner_server-8] [INFO] [1783989772.184944317] [global_costmap.global_costmap]: Creating Costmap
[controller_server-7] [INFO] [1783989772.187124752] [controller_server]: 
[controller_server-7] 	controller_server lifecycle node launched. 
[controller_server-7] 	Waiting on external lifecycle transitions to activate
[controller_server-7] 	See https://design.ros2.org/articles/node_lifecycle.html for more information.
[lifecycle_manager-12] [INFO] [1783989772.187705974] [lifecycle_manager_navigation]: [34m[1mCreating and initializing lifecycle service clients[0m[0m
[controller_server-7] [INFO] [1783989772.189770632] [controller_server]: Creating controller server
[controller_server-7] [INFO] [1783989772.193697652] [local_costmap.local_costmap]: 
[controller_server-7] 	local_costmap lifecycle node launched. 
[controller_server-7] 	Waiting on external lifecycle transitions to activate
[controller_server-7] 	See https://design.ros2.org/articles/node_lifecycle.html for more information.
[controller_server-7] [INFO] [1783989772.194108903] [local_costmap.local_costmap]: Creating Costmap
[lifecycle_manager-12] [INFO] [1783989772.298632570] [lifecycle_manager_navigation]: [34m[1mStarting managed nodes bringup...[0m[0m
[lifecycle_manager-12] [INFO] [1783989772.298686931] [lifecycle_manager_navigation]: [34m[1mConfiguring map_server[0m[0m
[map_server-5] [INFO] [1783989772.298949871] [map_server]: Configuring
[map_server-5] [INFO] [1783989772.299026619] [map_io]: Loading yaml file: /home/hyper/program/2026_Gsing-second_ROS/map/PCD26.yaml
[map_server-5] [INFO] [1783989772.299329218] [map_io]: resolution: 0.05
[map_server-5] [INFO] [1783989772.299341062] [map_io]: origin[0]: -0.058
[map_server-5] [INFO] [1783989772.299346565] [map_io]: origin[1]: -1.328
[map_server-5] [INFO] [1783989772.299349723] [map_io]: origin[2]: 0
[map_server-5] [INFO] [1783989772.299352943] [map_io]: free_thresh: 0.196
[map_server-5] [INFO] [1783989772.299355975] [map_io]: occupied_thresh: 0.65
[map_server-5] [INFO] [1783989772.299361670] [map_io]: mode: trinary
[map_server-5] [INFO] [1783989772.299365603] [map_io]: negate: 0
[map_server-5] [INFO] [1783989772.299550676] [map_io]: Loading image_file: /home/hyper/program/2026_Gsing-second_ROS/map/PCD26.pgm
[map_server-5] [INFO] [1783989772.299916361] [map_io]: Read map /home/hyper/program/2026_Gsing-second_ROS/map/PCD26.pgm: 104 X 69 map @ 0.05 m/cell
[lifecycle_manager-12] [INFO] [1783989772.305778453] [lifecycle_manager_navigation]: [34m[1mConfiguring controller_server[0m[0m
[controller_server-7] [INFO] [1783989772.306293819] [controller_server]: Configuring controller interface
[controller_server-7] [INFO] [1783989772.306324271] [controller_server]: getting progress checker plugins..
[controller_server-7] [INFO] [1783989772.306662215] [controller_server]: getting goal checker plugins..
[controller_server-7] [INFO] [1783989772.306849123] [controller_server]: Controller frequency set to 20.0000Hz
[controller_server-7] [INFO] [1783989772.306886243] [local_costmap.local_costmap]: Configuring
[controller_server-7] [INFO] [1783989772.310982856] [local_costmap.local_costmap]: Using plugin "static_layer"
[controller_server-7] [INFO] [1783989772.315535771] [local_costmap.local_costmap]: Subscribing to the map topic (/map) with transient local durability
[controller_server-7] [INFO] [1783989772.316467027] [local_costmap.local_costmap]: Initialized plugin "static_layer"
[controller_server-7] [INFO] [1783989772.323938375] [controller_server]: Created progress_checker : progress_checker of type nav2_controller::SimpleProgressChecker
[controller_server-7] [INFO] [1783989772.324113680] [controller_server]: Controller Server has progress_checker  progress checkers available.
[controller_server-7] [INFO] [1783989772.324350391] [controller_server]: Created goal checker : goal_checker of type nav2_controller::SimpleGoalChecker
[controller_server-7] [INFO] [1783989772.324522798] [controller_server]: Controller Server has goal_checker  goal checkers available.
[controller_server-7] [INFO] [1783989772.325081949] [controller_server]: Created controller : FollowPath of type nav2_regulated_pure_pursuit_controller::RegulatedPurePursuitController
[controller_server-7] [INFO] [1783989772.326949479] [controller_server]: Controller Server has FollowPath  controllers available.
[lifecycle_manager-12] [INFO] [1783989772.329282037] [lifecycle_manager_navigation]: [34m[1mConfiguring planner_server[0m[0m
[planner_server-8] [INFO] [1783989772.329427515] [planner_server]: Configuring
[planner_server-8] [INFO] [1783989772.329457299] [global_costmap.global_costmap]: Configuring
[planner_server-8] [INFO] [1783989772.332361618] [global_costmap.global_costmap]: Using plugin "static_layer"
[planner_server-8] [INFO] [1783989772.335169562] [global_costmap.global_costmap]: Subscribing to the map topic (/map) with transient local durability
[planner_server-8] [INFO] [1783989772.336096067] [global_costmap.global_costmap]: Initialized plugin "static_layer"
[planner_server-8] [INFO] [1783989772.344972192] [planner_server]: Created global planner plugin GridBased of type nav2_navfn_planner::NavfnPlanner
[planner_server-8] [INFO] [1783989772.345009841] [planner_server]: Configuring plugin GridBased of type NavfnPlanner
[planner_server-8] [INFO] [1783989772.345350039] [planner_server]: Planner Server has GridBased  planners available.
[lifecycle_manager-12] [INFO] [1783989772.349293256] [lifecycle_manager_navigation]: [34m[1mConfiguring behavior_server[0m[0m
[behavior_server-9] [INFO] [1783989772.349447646] [behavior_server]: Configuring
[behavior_server-9] [INFO] [1783989772.351803892] [behavior_server]: Creating behavior plugin spin of type nav2_behaviors::Spin
[behavior_server-9] [INFO] [1783989772.353003711] [behavior_server]: Creating behavior plugin backup of type nav2_behaviors::BackUp
[behavior_server-9] [INFO] [1783989772.353787557] [behavior_server]: Creating behavior plugin drive_on_heading of type nav2_behaviors::DriveOnHeading
[behavior_server-9] [INFO] [1783989772.354526898] [behavior_server]: Creating behavior plugin wait of type nav2_behaviors::Wait
[behavior_server-9] [INFO] [1783989772.360885207] [behavior_server]: Configuring spin
[behavior_server-9] [INFO] [1783989772.371240591] [behavior_server]: Configuring backup
[behavior_server-9] [INFO] [1783989772.384488944] [behavior_server]: Configuring drive_on_heading
[behavior_server-9] [INFO] [1783989772.393030961] [behavior_server]: Configuring wait
[lifecycle_manager-12] [INFO] [1783989772.400292688] [lifecycle_manager_navigation]: [34m[1mConfiguring bt_navigator[0m[0m
[bt_navigator-10] [INFO] [1783989772.401205053] [bt_navigator]: Configuring
[bt_navigator-10] [INFO] [1783989772.405242446] [bt_navigator]: Creating navigator id navigate_to_pose of type nav2_bt_navigator::NavigateToPoseNavigator
[bt_navigator-10] [WARN] [1783989772.411193755] [bt_navigator]: Error_code parameters were not set. Using default values of: follow_path_error_code compute_path_error_code
[bt_navigator-10] Make sure these match your BT and there are not other sources of error codes youreported to your application
[bt_navigator-10] [INFO] [1783989772.461922498] [bt_navigator]: Creating navigator id navigate_through_poses of type nav2_bt_navigator::NavigateThroughPosesNavigator
[lifecycle_manager-12] [INFO] [1783989772.470754067] [lifecycle_manager_navigation]: [34m[1mConfiguring waypoint_follower[0m[0m
[waypoint_follower-11] [INFO] [1783989772.470890313] [waypoint_follower]: Configuring
[waypoint_follower-11] [INFO] [1783989772.479884131] [waypoint_follower]: Created waypoint_task_executor : wait_at_waypoint of type nav2_waypoint_follower::WaitAtWaypoint
[waypoint_follower-11] [INFO] [1783989772.480086664] [waypoint_follower]: Waypoint pause duration is set to zero, disabling task executor plugin.
[lifecycle_manager-12] [INFO] [1783989772.480364061] [lifecycle_manager_navigation]: [34m[1mActivating map_server[0m[0m
[map_server-5] [INFO] [1783989772.480471568] [map_server]: Activating
[map_server-5] [INFO] [1783989772.480596506] [map_server]: Creating bond (map_server) to lifecycle manager.
[planner_server-8] [INFO] [1783989772.480633634] [global_costmap.global_costmap]: StaticLayer: Resizing costmap to 104 X 69 at 0.050000 m/pix
[controller_server-7] [INFO] [1783989772.480633476] [local_costmap.local_costmap]: StaticLayer: Resizing costmap to 104 X 69 at 0.050000 m/pix
[rviz2-6] [INFO] [1783989772.496529763] [rviz2]: Trying to create a map of size 104 x 69 using 1 swatches
[costmap_to_grid-14] [INFO] [1783989772.545083547] [costmap_to_grid]: Publishing /global_costmap_grid and /local_costmap_grid for RViz
[lifecycle_manager-12] [INFO] [1783989772.582782740] [lifecycle_manager_navigation]: Server map_server connected with bond.
[lifecycle_manager-12] [INFO] [1783989772.582852268] [lifecycle_manager_navigation]: [34m[1mActivating controller_server[0m[0m
[controller_server-7] [INFO] [1783989772.583359832] [controller_server]: Activating
[controller_server-7] [INFO] [1783989772.583400964] [local_costmap.local_costmap]: Activating
[controller_server-7] [INFO] [1783989772.583413530] [local_costmap.local_costmap]: Checking transform
[controller_server-7] [INFO] [1783989772.583551604] [local_costmap.local_costmap]: start
[controller_server-7] [INFO] [1783989772.633658001] [controller_server]: Activating controller: FollowPath of type regulated_pure_pursuit_controller::RegulatedPurePursuitController
[controller_server-7] [INFO] [1783989772.633705482] [controller_server]: Creating bond (controller_server) to lifecycle manager.
[lifecycle_manager-12] [INFO] [1783989772.735904129] [lifecycle_manager_navigation]: Server controller_server connected with bond.
[lifecycle_manager-12] [INFO] [1783989772.735947266] [lifecycle_manager_navigation]: [34m[1mActivating planner_server[0m[0m
[planner_server-8] [INFO] [1783989772.736418512] [planner_server]: Activating
[planner_server-8] [INFO] [1783989772.736464952] [global_costmap.global_costmap]: Activating
[planner_server-8] [INFO] [1783989772.736475531] [global_costmap.global_costmap]: Checking transform
[planner_server-8] [INFO] [1783989772.736525365] [global_costmap.global_costmap]: Timed out waiting for transform from base_link to map to become available, tf error: Invalid frame ID "map" passed to canTransform argument target_frame - frame does not exist
[goal_pose_to_nav2-13] [INFO] [1783989772.979952627] [goal_pose_to_nav2]: Bridge ready: goal_pose -> NavigateToPose (navigate_to_pose)
[planner_server-8] [INFO] [1783989773.236599421] [global_costmap.global_costmap]: Timed out waiting for transform from base_link to map to become available, tf error: Invalid frame ID "map" passed to canTransform argument target_frame - frame does not exist
[planner_server-8] [INFO] [1783989773.736596629] [global_costmap.global_costmap]: Timed out waiting for transform from base_link to map to become available, tf error: Invalid frame ID "map" passed to canTransform argument target_frame - frame does not exist
[planner_server-8] [INFO] [1783989774.236585160] [global_costmap.global_costmap]: Timed out waiting for transform from base_link to map to become available, tf error: Invalid frame ID "map" passed to canTransform argument target_frame - frame does not exist
[planner_server-8] [INFO] [1783989774.736580803] [global_costmap.global_costmap]: Timed out waiting for transform from base_link to map to become available, tf error: Invalid frame ID "map" passed to canTransform argument target_frame - frame does not exist
[planner_server-8] [INFO] [1783989775.236649378] [global_costmap.global_costmap]: Timed out waiting for transform from base_link to map to become available, tf error: Invalid frame ID "map" passed to canTransform argument target_frame - frame does not exist
[planner_server-8] [INFO] [1783989775.736582595] [global_costmap.global_costmap]: Timed out waiting for transform from base_link to map to become available, tf error: Invalid frame ID "map" passed to canTransform argument target_frame - frame does not exist
[planner_server-8] [INFO] [1783989776.236585945] [global_costmap.global_costmap]: Timed out waiting for transform from base_link to map to become available, tf error: Invalid frame ID "map" passed to canTransform argument target_frame - frame does not exist
[planner_server-8] [INFO] [1783989776.736584945] [global_costmap.global_costmap]: Timed out waiting for transform from base_link to map to become available, tf error: Invalid frame ID "map" passed to canTransform argument target_frame - frame does not exist
[planner_server-8] [INFO] [1783989777.236588690] [global_costmap.global_costmap]: Timed out waiting for transform from base_link to map to become available, tf error: Invalid frame ID "map" passed to canTransform argument target_frame - frame does not exist
[planner_server-8] [INFO] [1783989777.736587614] [global_costmap.global_costmap]: Timed out waiting for transform from base_link to map to become available, tf error: Invalid frame ID "map" passed to canTransform argument target_frame - frame does not exist
[planner_server-8] [INFO] [1783989778.236715820] [global_costmap.global_costmap]: Timed out waiting for transform from base_link to map to become available, tf error: Invalid frame ID "map" passed to canTransform argument target_frame - frame does not exist
[planner_server-8] [INFO] [1783989778.736584743] [global_costmap.global_costmap]: Timed out waiting for transform from base_link to map to become available, tf error: Invalid frame ID "map" passed to canTransform argument target_frame - frame does not exist
[planner_server-8] [INFO] [1783989779.236716368] [global_costmap.global_costmap]: Timed out waiting for transform from base_link to map to become available, tf error: Invalid frame ID "map" passed to canTransform argument target_frame - frame does not exist
[planner_server-8] [INFO] [1783989779.736591620] [global_costmap.global_costmap]: Timed out waiting for transform from base_link to map to become available, tf error: Invalid frame ID "map" passed to canTransform argument target_frame - frame does not exist
[planner_server-8] [INFO] [1783989780.236655535] [global_costmap.global_costmap]: Timed out waiting for transform from base_link to map to become available, tf error: Invalid frame ID "map" passed to canTransform argument target_frame - frame does not exist
[planner_server-8] [INFO] [1783989780.736531424] [global_costmap.global_costmap]: Timed out waiting for transform from base_link to map to become available, tf error: Invalid frame ID "map" passed to canTransform argument target_frame - frame does not exist
[planner_server-8] [INFO] [1783989781.236601537] [global_costmap.global_costmap]: Timed out waiting for transform from base_link to map to become available, tf error: Invalid frame ID "map" passed to canTransform argument target_frame - frame does not exist
[planner_server-8] [INFO] [1783989781.736582110] [global_costmap.global_costmap]: Timed out waiting for transform from base_link to map to become available, tf error: Invalid frame ID "map" passed to canTransform argument target_frame - frame does not exist
[planner_server-8] [INFO] [1783989782.236581638] [global_costmap.global_costmap]: Timed out waiting for transform from base_link to map to become available, tf error: Invalid frame ID "map" passed to canTransform argument target_frame - frame does not exist
[planner_server-8] [INFO] [1783989782.736569430] [global_costmap.global_costmap]: Timed out waiting for transform from base_link to map to become available, tf error: Invalid frame ID "map" passed to canTransform argument target_frame - frame does not exist
[planner_server-8] [INFO] [1783989783.236659073] [global_costmap.global_costmap]: Timed out waiting for transform from base_link to map to become available, tf error: Invalid frame ID "map" passed to canTransform argument target_frame - frame does not exist
[planner_server-8] [INFO] [1783989783.736580114] [global_costmap.global_costmap]: Timed out waiting for transform from base_link to map to become available, tf error: Invalid frame ID "map" passed to canTransform argument target_frame - frame does not exist
[planner_server-8] [INFO] [1783989784.236572395] [global_costmap.global_costmap]: Timed out waiting for transform from base_link to map to become available, tf error: Invalid frame ID "map" passed to canTransform argument target_frame - frame does not exist
[planner_server-8] [INFO] [1783989784.736588572] [global_costmap.global_costmap]: Timed out waiting for transform from base_link to map to become available, tf error: Invalid frame ID "map" passed to canTransform argument target_frame - frame does not exist
[planner_server-8] [INFO] [1783989785.236572965] [global_costmap.global_costmap]: Timed out waiting for transform from base_link to map to become available, tf error: Invalid frame ID "map" passed to canTransform argument target_frame - frame does not exist
[planner_server-8] [INFO] [1783989785.736586087] [global_costmap.global_costmap]: Timed out waiting for transform from base_link to map to become available, tf error: Invalid frame ID "map" passed to canTransform argument target_frame - frame does not exist
[planner_server-8] [INFO] [1783989786.236589649] [global_costmap.global_costmap]: Timed out waiting for transform from base_link to map to become available, tf error: Invalid frame ID "map" passed to canTransform argument target_frame - frame does not exist
[planner_server-8] [INFO] [1783989786.736747537] [global_costmap.global_costmap]: Timed out waiting for transform from base_link to map to become available, tf error: Invalid frame ID "map" passed to canTransform argument target_frame - frame does not exist
[planner_server-8] [INFO] [1783989787.236581872] [global_costmap.global_costmap]: Timed out waiting for transform from base_link to map to become available, tf error: Invalid frame ID "map" passed to canTransform argument target_frame - frame does not exist
[planner_server-8] [INFO] [1783989787.736596488] [global_costmap.global_costmap]: Timed out waiting for transform from base_link to map to become available, tf error: Invalid frame ID "map" passed to canTransform argument target_frame - frame does not exist
[planner_server-8] [INFO] [1783989788.236585147] [global_costmap.global_costmap]: Timed out waiting for transform from base_link to map to become available, tf error: Invalid frame ID "map" passed to canTransform argument target_frame - frame does not exist
[planner_server-8] [INFO] [1783989788.736565295] [global_costmap.global_costmap]: Timed out waiting for transform from base_link to map to become available, tf error: Invalid frame ID "map" passed to canTransform argument target_frame - frame does not exist
[planner_server-8] [INFO] [1783989789.236587112] [global_costmap.global_costmap]: Timed out waiting for transform from base_link to map to become available, tf error: Invalid frame ID "map" passed to canTransform argument target_frame - frame does not exist
[planner_server-8] [INFO] [1783989789.736595965] [global_costmap.global_costmap]: Timed out waiting for transform from base_link to map to become available, tf error: Invalid frame ID "map" passed to canTransform argument target_frame - frame does not exist
[planner_server-8] [INFO] [1783989790.236583697] [global_costmap.global_costmap]: Timed out waiting for transform from base_link to map to become available, tf error: Invalid frame ID "map" passed to canTransform argument target_frame - frame does not exist
[planner_server-8] [INFO] [1783989790.736722482] [global_costmap.global_costmap]: Timed out waiting for transform from base_link to map to become available, tf error: Invalid frame ID "map" passed to canTransform argument target_frame - frame does not exist
[planner_server-8] [INFO] [1783989791.236534262] [global_costmap.global_costmap]: Timed out waiting for transform from base_link to map to become available, tf error: Invalid frame ID "map" passed to canTransform argument target_frame - frame does not exist
[planner_server-8] [INFO] [1783989791.736565877] [global_costmap.global_costmap]: Timed out waiting for transform from base_link to map to become available, tf error: Invalid frame ID "map" passed to canTransform argument target_frame - frame does not exist
[planner_server-8] [INFO] [1783989792.236582718] [global_costmap.global_costmap]: Timed out waiting for transform from base_link to map to become available, tf error: Invalid frame ID "map" passed to canTransform argument target_frame - frame does not exist
[planner_server-8] [INFO] [1783989792.736531741] [global_costmap.global_costmap]: Timed out waiting for transform from base_link to map to become available, tf error: Invalid frame ID "map" passed to canTransform argument target_frame - frame does not exist
[planner_server-8] [INFO] [1783989793.236600246] [global_costmap.global_costmap]: Timed out waiting for transform from base_link to map to become available, tf error: Invalid frame ID "map" passed to canTransform argument target_frame - frame does not exist
[planner_server-8] [INFO] [1783989793.736588687] [global_costmap.global_costmap]: Timed out waiting for transform from base_link to map to become available, tf error: Invalid frame ID "map" passed to canTransform argument target_frame - frame does not exist
[planner_server-8] [INFO] [1783989794.236707681] [global_costmap.global_costmap]: Timed out waiting for transform from base_link to map to become available, tf error: Invalid frame ID "map" passed to canTransform argument target_frame - frame does not exist
[planner_server-8] [INFO] [1783989794.736586685] [global_costmap.global_costmap]: Timed out waiting for transform from base_link to map to become available, tf error: Invalid frame ID "map" passed to canTransform argument target_frame - frame does not exist
[planner_server-8] [INFO] [1783989795.236565683] [global_costmap.global_costmap]: Timed out waiting for transform from base_link to map to become available, tf error: Invalid frame ID "map" passed to canTransform argument target_frame - frame does not exist
[planner_server-8] [INFO] [1783989795.736569182] [global_costmap.global_costmap]: Timed out waiting for transform from base_link to map to become available, tf error: Invalid frame ID "map" passed to canTransform argument target_frame - frame does not exist
[planner_server-8] [INFO] [1783989796.236585981] [global_costmap.global_costmap]: Timed out waiting for transform from base_link to map to become available, tf error: Invalid frame ID "map" passed to canTransform argument target_frame - frame does not exist
[planner_server-8] [INFO] [1783989796.736658937] [global_costmap.global_costmap]: Timed out waiting for transform from base_link to map to become available, tf error: Invalid frame ID "map" passed to canTransform argument target_frame - frame does not exist
[planner_server-8] [INFO] [1783989797.236570504] [global_costmap.global_costmap]: Timed out waiting for transform from base_link to map to become available, tf error: Invalid frame ID "map" passed to canTransform argument target_frame - frame does not exist
[planner_server-8] [INFO] [1783989797.736532182] [global_costmap.global_costmap]: Timed out waiting for transform from base_link to map to become available, tf error: Invalid frame ID "map" passed to canTransform argument target_frame - frame does not exist
[planner_server-8] [INFO] [1783989798.236591757] [global_costmap.global_costmap]: Timed out waiting for transform from base_link to map to become available, tf error: Invalid frame ID "map" passed to canTransform argument target_frame - frame does not exist
[planner_server-8] [INFO] [1783989798.736739597] [global_costmap.global_costmap]: Timed out waiting for transform from base_link to map to become available, tf error: Invalid frame ID "map" passed to canTransform argument target_frame - frame does not exist
[planner_server-8] [INFO] [1783989799.236583059] [global_costmap.global_costmap]: Timed out waiting for transform from base_link to map to become available, tf error: Invalid frame ID "map" passed to canTransform argument target_frame - frame does not exist
