[INFO] [launch]: All log files can be found below /home/hyper/program/2026_Gsing-second_ROS/logs/ros/2026-07-14-07-07-28-897679-hyper-Ubuntu-61357
[INFO] [launch]: Default logging verbosity is set to INFO
[INFO] [static_transform_publisher-1]: process started with pid [61470]
[INFO] [static_transform_publisher-2]: process started with pid [61471]
[INFO] [static_transform_publisher-3]: process started with pid [61472]
[INFO] [static_transform_publisher-4]: process started with pid [61473]
[INFO] [map_server-5]: process started with pid [61474]
[INFO] [rviz2-6]: process started with pid [61475]
[static_transform_publisher-1] [INFO] [1783984048.956691645] [static_tf_caminit_odom]: Spinning until stopped - publishing transform
[static_transform_publisher-1] translation: ('0.000000', '0.000000', '0.000000')
[static_transform_publisher-1] rotation: ('0.000000', '0.000000', '0.000000', '1.000000')
[static_transform_publisher-1] from 'camera_init' to 'odom'
[static_transform_publisher-3] [INFO] [1783984048.957946813] [static_tf_body_baselink]: Spinning until stopped - publishing transform
[static_transform_publisher-3] translation: ('0.000000', '0.000000', '0.000000')
[static_transform_publisher-3] rotation: ('0.000000', '0.000000', '0.000000', '1.000000')
[static_transform_publisher-3] from 'base_link' to 'body'
[static_transform_publisher-2] [INFO] [1783984048.958066983] [static_tf_camerainit_baselink]: Spinning until stopped - publishing transform
[static_transform_publisher-2] translation: ('0.000000', '0.000000', '0.000000')
[static_transform_publisher-2] rotation: ('0.000000', '0.000000', '0.000000', '1.000000')
[static_transform_publisher-2] from 'camera_init' to 'base_link'
[static_transform_publisher-4] [INFO] [1783984048.958216530] [static_tf_baselink_lidar]: Spinning until stopped - publishing transform
[static_transform_publisher-4] translation: ('0.000000', '0.000000', '0.000000')
[static_transform_publisher-4] rotation: ('0.000000', '0.000000', '0.000000', '1.000000')
[static_transform_publisher-4] from 'base_link' to 'unilidar_lidar'
[map_server-5] [INFO] [1783984048.968679698] [map_server]: 
[map_server-5] 	map_server lifecycle node launched. 
[map_server-5] 	Waiting on external lifecycle transitions to activate
[map_server-5] 	See https://design.ros2.org/articles/node_lifecycle.html for more information.
[map_server-5] [INFO] [1783984048.968737782] [map_server]: Creating
[rviz2-6] [INFO] [1783984049.995554805] [rviz2]: Stereo is NOT SUPPORTED
[rviz2-6] [INFO] [1783984049.995626082] [rviz2]: OpenGl version: 4.6 (GLSL 4.6)
[rviz2-6] [INFO] [1783984050.028226424] [rviz2]: Stereo is NOT SUPPORTED
[INFO] [controller_server-7]: process started with pid [61807]
[INFO] [planner_server-8]: process started with pid [61808]
[INFO] [behavior_server-9]: process started with pid [61809]
[INFO] [bt_navigator-10]: process started with pid [61810]
[INFO] [waypoint_follower-11]: process started with pid [61811]
[INFO] [lifecycle_manager-12]: process started with pid [61812]
[INFO] [goal_pose_to_nav2-13]: process started with pid [61813]
[INFO] [costmap_to_grid-14]: process started with pid [61814]
[lifecycle_manager-12] [INFO] [1783984053.983105223] [lifecycle_manager_navigation]: Creating
[planner_server-8] [INFO] [1783984053.984782146] [planner_server]: 
[planner_server-8] 	planner_server lifecycle node launched. 
[planner_server-8] 	Waiting on external lifecycle transitions to activate
[planner_server-8] 	See https://design.ros2.org/articles/node_lifecycle.html for more information.
[planner_server-8] [INFO] [1783984053.985737414] [planner_server]: Creating
[lifecycle_manager-12] [INFO] [1783984053.986820096] [lifecycle_manager_navigation]: [34m[1mCreating and initializing lifecycle service clients[0m[0m
[planner_server-8] [INFO] [1783984053.990924438] [global_costmap.global_costmap]: 
[planner_server-8] 	global_costmap lifecycle node launched. 
[planner_server-8] 	Waiting on external lifecycle transitions to activate
[planner_server-8] 	See https://design.ros2.org/articles/node_lifecycle.html for more information.
[planner_server-8] [INFO] [1783984053.991463382] [global_costmap.global_costmap]: Creating Costmap
[waypoint_follower-11] [INFO] [1783984053.994428987] [waypoint_follower]: 
[waypoint_follower-11] 	waypoint_follower lifecycle node launched. 
[waypoint_follower-11] 	Waiting on external lifecycle transitions to activate
[waypoint_follower-11] 	See https://design.ros2.org/articles/node_lifecycle.html for more information.
[waypoint_follower-11] [INFO] [1783984053.994832207] [waypoint_follower]: Creating
[behavior_server-9] [INFO] [1783984053.995520074] [behavior_server]: 
[behavior_server-9] 	behavior_server lifecycle node launched. 
[behavior_server-9] 	Waiting on external lifecycle transitions to activate
[behavior_server-9] 	See https://design.ros2.org/articles/node_lifecycle.html for more information.
[bt_navigator-10] [INFO] [1783984053.996411403] [bt_navigator]: 
[bt_navigator-10] 	bt_navigator lifecycle node launched. 
[bt_navigator-10] 	Waiting on external lifecycle transitions to activate
[bt_navigator-10] 	See https://design.ros2.org/articles/node_lifecycle.html for more information.
[bt_navigator-10] [INFO] [1783984053.997341271] [bt_navigator]: Creating
[controller_server-7] [INFO] [1783984053.997530509] [controller_server]: 
[controller_server-7] 	controller_server lifecycle node launched. 
[controller_server-7] 	Waiting on external lifecycle transitions to activate
[controller_server-7] 	See https://design.ros2.org/articles/node_lifecycle.html for more information.
[controller_server-7] [INFO] [1783984053.999372638] [controller_server]: Creating controller server
[controller_server-7] [INFO] [1783984054.001346506] [local_costmap.local_costmap]: 
[controller_server-7] 	local_costmap lifecycle node launched. 
[controller_server-7] 	Waiting on external lifecycle transitions to activate
[controller_server-7] 	See https://design.ros2.org/articles/node_lifecycle.html for more information.
[controller_server-7] [INFO] [1783984054.001644269] [local_costmap.local_costmap]: Creating Costmap
[lifecycle_manager-12] [INFO] [1783984054.098259720] [lifecycle_manager_navigation]: [34m[1mStarting managed nodes bringup...[0m[0m
[lifecycle_manager-12] [INFO] [1783984054.098297196] [lifecycle_manager_navigation]: [34m[1mConfiguring map_server[0m[0m
[map_server-5] [INFO] [1783984054.098444092] [map_server]: Configuring
[map_server-5] [INFO] [1783984054.098643338] [map_io]: Loading yaml file: /home/hyper/program/2026_Gsing-second_ROS/map/PCD19.yaml
[map_server-5] [INFO] [1783984054.098833448] [map_io]: resolution: 0.05
[map_server-5] [INFO] [1783984054.098838578] [map_io]: origin[0]: -0.024
[map_server-5] [INFO] [1783984054.098843580] [map_io]: origin[1]: -1.213
[map_server-5] [INFO] [1783984054.098845431] [map_io]: origin[2]: 0
[map_server-5] [INFO] [1783984054.098847458] [map_io]: free_thresh: 0.196
[map_server-5] [INFO] [1783984054.098849144] [map_io]: occupied_thresh: 0.65
[map_server-5] [INFO] [1783984054.098852202] [map_io]: mode: trinary
[map_server-5] [INFO] [1783984054.098854527] [map_io]: negate: 0
[map_server-5] [INFO] [1783984054.098980879] [map_io]: Loading image_file: /home/hyper/program/2026_Gsing-second_ROS/map/PCD19.pgm
[map_server-5] [INFO] [1783984054.099202037] [map_io]: Read map /home/hyper/program/2026_Gsing-second_ROS/map/PCD19.pgm: 104 X 70 map @ 0.05 m/cell
[lifecycle_manager-12] [INFO] [1783984054.109345245] [lifecycle_manager_navigation]: [34m[1mConfiguring controller_server[0m[0m
[controller_server-7] [INFO] [1783984054.109500410] [controller_server]: Configuring controller interface
[controller_server-7] [INFO] [1783984054.109521496] [controller_server]: getting progress checker plugins..
[controller_server-7] [INFO] [1783984054.109812516] [controller_server]: getting goal checker plugins..
[controller_server-7] [INFO] [1783984054.110795548] [controller_server]: Controller frequency set to 20.0000Hz
[controller_server-7] [INFO] [1783984054.110841734] [local_costmap.local_costmap]: Configuring
[controller_server-7] [INFO] [1783984054.118638177] [local_costmap.local_costmap]: Using plugin "static_layer"
[controller_server-7] [INFO] [1783984054.122451851] [local_costmap.local_costmap]: Subscribing to the map topic (/map) with transient local durability
[controller_server-7] [INFO] [1783984054.126894229] [local_costmap.local_costmap]: Initialized plugin "static_layer"
[controller_server-7] [INFO] [1783984054.140073341] [controller_server]: Created progress_checker : progress_checker of type nav2_controller::SimpleProgressChecker
[controller_server-7] [INFO] [1783984054.142868469] [controller_server]: Controller Server has progress_checker  progress checkers available.
[controller_server-7] [INFO] [1783984054.144900175] [controller_server]: Created goal checker : goal_checker of type nav2_controller::SimpleGoalChecker
[controller_server-7] [INFO] [1783984054.146019061] [controller_server]: Controller Server has goal_checker  goal checkers available.
[controller_server-7] [INFO] [1783984054.146793982] [controller_server]: Created controller : FollowPath of type nav2_regulated_pure_pursuit_controller::RegulatedPurePursuitController
[controller_server-7] [INFO] [1783984054.153103160] [controller_server]: Controller Server has FollowPath  controllers available.
[lifecycle_manager-12] [INFO] [1783984054.158311478] [lifecycle_manager_navigation]: [34m[1mConfiguring planner_server[0m[0m
[planner_server-8] [INFO] [1783984054.158536275] [planner_server]: Configuring
[planner_server-8] [INFO] [1783984054.158565855] [global_costmap.global_costmap]: Configuring
[planner_server-8] [INFO] [1783984054.161286271] [global_costmap.global_costmap]: Using plugin "static_layer"
[planner_server-8] [INFO] [1783984054.165233824] [global_costmap.global_costmap]: Subscribing to the map topic (/map) with transient local durability
[planner_server-8] [INFO] [1783984054.166374323] [global_costmap.global_costmap]: Initialized plugin "static_layer"
[planner_server-8] [INFO] [1783984054.179505894] [planner_server]: Created global planner plugin GridBased of type nav2_navfn_planner::NavfnPlanner
[planner_server-8] [INFO] [1783984054.179533180] [planner_server]: Configuring plugin GridBased of type NavfnPlanner
[planner_server-8] [INFO] [1783984054.179842767] [planner_server]: Planner Server has GridBased  planners available.
[lifecycle_manager-12] [INFO] [1783984054.184249059] [lifecycle_manager_navigation]: [34m[1mConfiguring behavior_server[0m[0m
[behavior_server-9] [INFO] [1783984054.184425536] [behavior_server]: Configuring
[behavior_server-9] [INFO] [1783984054.186635281] [behavior_server]: Creating behavior plugin spin of type nav2_behaviors::Spin
[behavior_server-9] [INFO] [1783984054.187360579] [behavior_server]: Creating behavior plugin backup of type nav2_behaviors::BackUp
[behavior_server-9] [INFO] [1783984054.187925825] [behavior_server]: Creating behavior plugin drive_on_heading of type nav2_behaviors::DriveOnHeading
[behavior_server-9] [INFO] [1783984054.188535990] [behavior_server]: Creating behavior plugin wait of type nav2_behaviors::Wait
[behavior_server-9] [INFO] [1783984054.192385177] [behavior_server]: Configuring spin
[behavior_server-9] [INFO] [1783984054.195291981] [behavior_server]: Configuring backup
[behavior_server-9] [INFO] [1783984054.197636253] [behavior_server]: Configuring drive_on_heading
[behavior_server-9] [INFO] [1783984054.199767914] [behavior_server]: Configuring wait
[lifecycle_manager-12] [INFO] [1783984054.202178198] [lifecycle_manager_navigation]: [34m[1mConfiguring bt_navigator[0m[0m
[bt_navigator-10] [INFO] [1783984054.202333271] [bt_navigator]: Configuring
[bt_navigator-10] [INFO] [1783984054.205500668] [bt_navigator]: Creating navigator id navigate_to_pose of type nav2_bt_navigator::NavigateToPoseNavigator
[bt_navigator-10] [WARN] [1783984054.209339161] [bt_navigator]: Error_code parameters were not set. Using default values of: follow_path_error_code compute_path_error_code
[bt_navigator-10] Make sure these match your BT and there are not other sources of error codes youreported to your application
[bt_navigator-10] [INFO] [1783984054.243711393] [bt_navigator]: Creating navigator id navigate_through_poses of type nav2_bt_navigator::NavigateThroughPosesNavigator
[lifecycle_manager-12] [INFO] [1783984054.251258907] [lifecycle_manager_navigation]: [34m[1mConfiguring waypoint_follower[0m[0m
[waypoint_follower-11] [INFO] [1783984054.251391705] [waypoint_follower]: Configuring
[costmap_to_grid-14] [INFO] [1783984054.253127806] [costmap_to_grid]: Publishing /global_costmap_grid and /local_costmap_grid for RViz
[waypoint_follower-11] [INFO] [1783984054.258737310] [waypoint_follower]: Created waypoint_task_executor : wait_at_waypoint of type nav2_waypoint_follower::WaitAtWaypoint
[waypoint_follower-11] [INFO] [1783984054.258969788] [waypoint_follower]: Waypoint pause duration is set to zero, disabling task executor plugin.
[lifecycle_manager-12] [INFO] [1783984054.259222150] [lifecycle_manager_navigation]: [34m[1mActivating map_server[0m[0m
[map_server-5] [INFO] [1783984054.259314332] [map_server]: Activating
[map_server-5] [INFO] [1783984054.259402584] [map_server]: Creating bond (map_server) to lifecycle manager.
[controller_server-7] [INFO] [1783984054.259453822] [local_costmap.local_costmap]: StaticLayer: Resizing costmap to 104 X 70 at 0.050000 m/pix
[planner_server-8] [INFO] [1783984054.259453787] [global_costmap.global_costmap]: StaticLayer: Resizing costmap to 104 X 70 at 0.050000 m/pix
[rviz2-6] [INFO] [1783984054.265620678] [rviz2]: Trying to create a map of size 104 x 70 using 1 swatches
[lifecycle_manager-12] [INFO] [1783984054.360876851] [lifecycle_manager_navigation]: Server map_server connected with bond.
[lifecycle_manager-12] [INFO] [1783984054.360915585] [lifecycle_manager_navigation]: [34m[1mActivating controller_server[0m[0m
[controller_server-7] [INFO] [1783984054.361134994] [controller_server]: Activating
[controller_server-7] [INFO] [1783984054.361169984] [local_costmap.local_costmap]: Activating
[controller_server-7] [INFO] [1783984054.361179054] [local_costmap.local_costmap]: Checking transform
[controller_server-7] [INFO] [1783984054.361305876] [local_costmap.local_costmap]: start
[goal_pose_to_nav2-13] [INFO] [1783984054.410751039] [goal_pose_to_nav2]: Bridge ready: goal_pose -> NavigateToPose (navigate_to_pose)
[controller_server-7] [INFO] [1783984054.411448549] [controller_server]: Activating controller: FollowPath of type regulated_pure_pursuit_controller::RegulatedPurePursuitController
[controller_server-7] [INFO] [1783984054.411491774] [controller_server]: Creating bond (controller_server) to lifecycle manager.
[lifecycle_manager-12] [INFO] [1783984054.513085396] [lifecycle_manager_navigation]: Server controller_server connected with bond.
[lifecycle_manager-12] [INFO] [1783984054.513121460] [lifecycle_manager_navigation]: [34m[1mActivating planner_server[0m[0m
[planner_server-8] [INFO] [1783984054.513325279] [planner_server]: Activating
[planner_server-8] [INFO] [1783984054.513355049] [global_costmap.global_costmap]: Activating
[planner_server-8] [INFO] [1783984054.513361393] [global_costmap.global_costmap]: Checking transform
[planner_server-8] [INFO] [1783984054.513449873] [global_costmap.global_costmap]: start
[rviz2-6] [INFO] [1783984054.521747237] [rviz2]: Trying to create a map of size 104 x 70 using 1 swatches
[planner_server-8] [INFO] [1783984054.563585371] [planner_server]: Activating plugin GridBased of type NavfnPlanner
[planner_server-8] [INFO] [1783984054.564103524] [planner_server]: Creating bond (planner_server) to lifecycle manager.
[lifecycle_manager-12] [INFO] [1783984054.667508963] [lifecycle_manager_navigation]: Server planner_server connected with bond.
[lifecycle_manager-12] [INFO] [1783984054.667551294] [lifecycle_manager_navigation]: [34m[1mActivating behavior_server[0m[0m
[behavior_server-9] [INFO] [1783984054.667764704] [behavior_server]: Activating
[behavior_server-9] [INFO] [1783984054.667789510] [behavior_server]: Activating spin
[behavior_server-9] [INFO] [1783984054.667799465] [behavior_server]: Activating backup
[behavior_server-9] [INFO] [1783984054.667807520] [behavior_server]: Activating drive_on_heading
[behavior_server-9] [INFO] [1783984054.667814902] [behavior_server]: Activating wait
[behavior_server-9] [INFO] [1783984054.667825500] [behavior_server]: Creating bond (behavior_server) to lifecycle manager.
[lifecycle_manager-12] [INFO] [1783984054.769792886] [lifecycle_manager_navigation]: Server behavior_server connected with bond.
[lifecycle_manager-12] [INFO] [1783984054.769840995] [lifecycle_manager_navigation]: [34m[1mActivating bt_navigator[0m[0m
[bt_navigator-10] [INFO] [1783984054.770131580] [bt_navigator]: Activating
[bt_navigator-10] [INFO] [1783984054.793132127] [bt_navigator]: Creating bond (bt_navigator) to lifecycle manager.
[lifecycle_manager-12] [INFO] [1783984054.895225766] [lifecycle_manager_navigation]: Server bt_navigator connected with bond.
[lifecycle_manager-12] [INFO] [1783984054.895261706] [lifecycle_manager_navigation]: [34m[1mActivating waypoint_follower[0m[0m
[waypoint_follower-11] [INFO] [1783984054.895489203] [waypoint_follower]: Activating
[waypoint_follower-11] [INFO] [1783984054.895526294] [waypoint_follower]: Creating bond (waypoint_follower) to lifecycle manager.
[lifecycle_manager-12] [INFO] [1783984054.996956651] [lifecycle_manager_navigation]: Server waypoint_follower connected with bond.
[lifecycle_manager-12] [INFO] [1783984054.996987910] [lifecycle_manager_navigation]: [34m[1mManaged nodes are active[0m[0m
[lifecycle_manager-12] [INFO] [1783984054.996995252] [lifecycle_manager_navigation]: [34m[1mCreating bond timer...[0m[0m
[rviz2-6] [INFO] [1783984059.000372520] [rviz2]: Setting goal pose: Frame:map, Position(0.463218, -0.065535, 0), Orientation(0, 0, -0.069898, 0.997554) = Angle: -0.13991
[bt_navigator-10] [INFO] [1783984059.001020162] [bt_navigator]: Begin navigating from current location (0.17, 0.05) to (0.46, -0.07)
[goal_pose_to_nav2-13] [INFO] [1783984059.001330584] [goal_pose_to_nav2]: Received goal (0.46, -0.07) in frame 'map'
[bt_navigator-10] [INFO] [1783984059.011408846] [bt_navigator]: Received goal preemption request
[bt_navigator-10] [INFO] [1783984059.011621256] [bt_navigator]: Begin navigating from current location (0.17, 0.05) to (0.46, -0.07)
[controller_server-7] [INFO] [1783984059.021711429] [controller_server]: Received a goal, begin computing control effort.
[controller_server-7] [WARN] [1783984059.021752016] [controller_server]: No goal checker was specified in parameter 'current_goal_checker'. Server will use only plugin loaded goal_checker . This warning will appear once.
[controller_server-7] [WARN] [1783984059.021763819] [controller_server]: No progress checker was specified in parameter 'current_progress_checker'. Server will use only plugin loaded progress_checker . This warning will appear once.
[controller_server-7] [INFO] [1783984060.071853342] [controller_server]: Passing new path to controller.
[controller_server-7] [INFO] [1783984061.122275067] [controller_server]: Passing new path to controller.
[controller_server-7] [INFO] [1783984062.121930747] [controller_server]: Passing new path to controller.
[controller_server-7] [INFO] [1783984063.171852558] [controller_server]: Passing new path to controller.
[controller_server-7] [INFO] [1783984063.172050816] [controller_server]: Reached the goal!
[bt_navigator-10] [INFO] [1783984063.211335991] [bt_navigator]: Goal succeeded
