[INFO] [launch]: All log files can be found below /home/gsing/2026_Gsing-second_ROS/logs/ros/2026-07-15-22-16-32-609149-gsing-KPADLU4-3618
[INFO] [launch]: Default logging verbosity is set to INFO
[INFO] [static_transform_publisher-1]: process started with pid [3691]
[INFO] [static_transform_publisher-2]: process started with pid [3693]
[INFO] [static_transform_publisher-3]: process started with pid [3695]
[INFO] [map_server-4]: process started with pid [3697]
[INFO] [rviz2-5]: process started with pid [3699]
[static_transform_publisher-2] [INFO] [1784124992.745140437] [static_tf_body_baselink]: Spinning until stopped - publishing transform
[static_transform_publisher-2] translation: ('0.000000', '0.000000', '0.000000')
[static_transform_publisher-2] rotation: ('0.000000', '0.000000', '0.000000', '1.000000')
[static_transform_publisher-2] from 'base_link' to 'body'
[static_transform_publisher-3] [INFO] [1784124992.783103521] [static_tf_baselink_lidar]: Spinning until stopped - publishing transform
[static_transform_publisher-3] translation: ('0.000000', '0.000000', '0.000000')
[static_transform_publisher-3] rotation: ('0.000000', '0.000000', '0.000000', '1.000000')
[static_transform_publisher-3] from 'base_link' to 'unilidar_lidar'
[static_transform_publisher-1] [INFO] [1784124992.792203159] [static_tf_caminit_odom]: Spinning until stopped - publishing transform
[static_transform_publisher-1] translation: ('0.000000', '0.000000', '0.000000')
[static_transform_publisher-1] rotation: ('0.000000', '0.000000', '0.000000', '1.000000')
[static_transform_publisher-1] from 'camera_init' to 'odom'
[map_server-4] [INFO] [1784124992.941090815] [map_server]: 
[map_server-4] 	map_server lifecycle node launched. 
[map_server-4] 	Waiting on external lifecycle transitions to activate
[map_server-4] 	See https://design.ros2.org/articles/node_lifecycle.html for more information.
[map_server-4] [INFO] [1784124992.941843741] [map_server]: Creating
[rviz2-5] Warning: Ignoring XDG_SESSION_TYPE=wayland on Gnome. Use QT_QPA_PLATFORM=wayland to run on Wayland anyway.
[rviz2-5] [INFO] [1784124993.582846263] [rviz2]: Stereo is NOT SUPPORTED
[rviz2-5] [INFO] [1784124993.582952101] [rviz2]: OpenGl version: 4.6 (GLSL 4.6)
[rviz2-5] [INFO] [1784124993.633789585] [rviz2]: Stereo is NOT SUPPORTED
[INFO] [controller_server-6]: process started with pid [3938]
[INFO] [planner_server-7]: process started with pid [3941]
[INFO] [behavior_server-8]: process started with pid [3944]
[INFO] [bt_navigator-9]: process started with pid [3946]
[INFO] [waypoint_follower-10]: process started with pid [3948]
[INFO] [lifecycle_manager-11]: process started with pid [3950]
[INFO] [costmap_to_grid-12]: process started with pid [3952]
[planner_server-7] [INFO] [1784124997.837834349] [planner_server]: 
[planner_server-7] 	planner_server lifecycle node launched. 
[planner_server-7] 	Waiting on external lifecycle transitions to activate
[planner_server-7] 	See https://design.ros2.org/articles/node_lifecycle.html for more information.
[planner_server-7] [INFO] [1784124997.875702362] [planner_server]: Creating
[behavior_server-8] [INFO] [1784124997.886194088] [behavior_server]: 
[behavior_server-8] 	behavior_server lifecycle node launched. 
[behavior_server-8] 	Waiting on external lifecycle transitions to activate
[behavior_server-8] 	See https://design.ros2.org/articles/node_lifecycle.html for more information.
[planner_server-7] [INFO] [1784124997.912154172] [global_costmap.global_costmap]: 
[planner_server-7] 	global_costmap lifecycle node launched. 
[planner_server-7] 	Waiting on external lifecycle transitions to activate
[planner_server-7] 	See https://design.ros2.org/articles/node_lifecycle.html for more information.
[planner_server-7] [INFO] [1784124997.923301814] [global_costmap.global_costmap]: Creating Costmap
[controller_server-6] [INFO] [1784124998.016571462] [controller_server]: 
[controller_server-6] 	controller_server lifecycle node launched. 
[controller_server-6] 	Waiting on external lifecycle transitions to activate
[controller_server-6] 	See https://design.ros2.org/articles/node_lifecycle.html for more information.
[waypoint_follower-10] [INFO] [1784124998.044910784] [waypoint_follower]: 
[waypoint_follower-10] 	waypoint_follower lifecycle node launched. 
[waypoint_follower-10] 	Waiting on external lifecycle transitions to activate
[waypoint_follower-10] 	See https://design.ros2.org/articles/node_lifecycle.html for more information.
[waypoint_follower-10] [INFO] [1784124998.051949676] [waypoint_follower]: Creating
[controller_server-6] [INFO] [1784124998.107461280] [controller_server]: Creating controller server
[lifecycle_manager-11] [INFO] [1784124998.133753191] [lifecycle_manager_navigation]: Creating
[bt_navigator-9] [INFO] [1784124998.146921834] [bt_navigator]: 
[bt_navigator-9] 	bt_navigator lifecycle node launched. 
[bt_navigator-9] 	Waiting on external lifecycle transitions to activate
[bt_navigator-9] 	See https://design.ros2.org/articles/node_lifecycle.html for more information.
[bt_navigator-9] [INFO] [1784124998.147109104] [bt_navigator]: Creating
[lifecycle_manager-11] [INFO] [1784124998.210802098] [lifecycle_manager_navigation]: [34m[1mCreating and initializing lifecycle service clients[0m[0m
[lifecycle_manager-11] [INFO] [1784124998.259816558] [lifecycle_manager_navigation]: [34m[1mStarting managed nodes bringup...[0m[0m
[lifecycle_manager-11] [INFO] [1784124998.259893730] [lifecycle_manager_navigation]: [34m[1mConfiguring map_server[0m[0m
[map_server-4] [INFO] [1784124998.273850371] [map_server]: Configuring
[map_server-4] [INFO] [1784124998.273953027] [map_io]: Loading yaml file: /home/gsing/2026_Gsing-second_ROS/map/map.yaml
[map_server-4] [INFO] [1784124998.276912206] [map_io]: resolution: 0.05
[map_server-4] [INFO] [1784124998.276941017] [map_io]: origin[0]: -0.131
[map_server-4] [INFO] [1784124998.276948688] [map_io]: origin[1]: -2.121
[map_server-4] [INFO] [1784124998.276954933] [map_io]: origin[2]: 0
[map_server-4] [INFO] [1784124998.276961358] [map_io]: free_thresh: 0.196
[map_server-4] [INFO] [1784124998.276967738] [map_io]: occupied_thresh: 0.65
[map_server-4] [INFO] [1784124998.276974888] [map_io]: mode: trinary
[map_server-4] [INFO] [1784124998.276982282] [map_io]: negate: 0
[controller_server-6] [INFO] [1784124998.294986545] [local_costmap.local_costmap]: 
[controller_server-6] 	local_costmap lifecycle node launched. 
[controller_server-6] 	Waiting on external lifecycle transitions to activate
[controller_server-6] 	See https://design.ros2.org/articles/node_lifecycle.html for more information.
[controller_server-6] [INFO] [1784124998.296738633] [local_costmap.local_costmap]: Creating Costmap
[map_server-4] [INFO] [1784124998.297132565] [map_io]: Loading image_file: /home/gsing/2026_Gsing-second_ROS/map/map.pgm
[map_server-4] [INFO] [1784124998.305868748] [map_io]: Read map /home/gsing/2026_Gsing-second_ROS/map/map.pgm: 125 X 89 map @ 0.05 m/cell
[lifecycle_manager-11] [INFO] [1784124998.331826315] [lifecycle_manager_navigation]: [34m[1mConfiguring controller_server[0m[0m
[controller_server-6] [INFO] [1784124998.336457768] [controller_server]: Configuring controller interface
[controller_server-6] [INFO] [1784124998.336894401] [controller_server]: getting goal checker plugins..
[controller_server-6] [INFO] [1784124998.337988744] [controller_server]: Controller frequency set to 20.0000Hz
[controller_server-6] [INFO] [1784124998.338081270] [local_costmap.local_costmap]: Configuring
[controller_server-6] [INFO] [1784124998.348988229] [local_costmap.local_costmap]: Using plugin "static_layer"
[controller_server-6] [INFO] [1784124998.375973629] [local_costmap.local_costmap]: Subscribing to the map topic (/map) with transient local durability
[controller_server-6] [INFO] [1784124998.382594119] [local_costmap.local_costmap]: Initialized plugin "static_layer"
[controller_server-6] [INFO] [1784124998.431352501] [controller_server]: Created progress_checker : progress_checker of type nav2_controller::SimpleProgressChecker
[controller_server-6] [INFO] [1784124998.441659495] [controller_server]: Created goal checker : goal_checker of type nav2_controller::SimpleGoalChecker
[controller_server-6] [INFO] [1784124998.443204495] [controller_server]: Controller Server has goal_checker  goal checkers available.
[controller_server-6] [INFO] [1784124998.445909307] [controller_server]: Created controller : FollowPath of type nav2_regulated_pure_pursuit_controller::RegulatedPurePursuitController
[controller_server-6] [INFO] [1784124998.499299181] [controller_server]: Controller Server has FollowPath  controllers available.
[lifecycle_manager-11] [INFO] [1784124998.538578694] [lifecycle_manager_navigation]: [34m[1mConfiguring planner_server[0m[0m
[planner_server-7] [INFO] [1784124998.540920587] [planner_server]: Configuring
[planner_server-7] [INFO] [1784124998.540995965] [global_costmap.global_costmap]: Configuring
[planner_server-7] [INFO] [1784124998.577524785] [global_costmap.global_costmap]: Using plugin "static_layer"
[planner_server-7] [INFO] [1784124998.595517669] [global_costmap.global_costmap]: Subscribing to the map topic (/map) with transient local durability
[planner_server-7] [INFO] [1784124998.599816031] [global_costmap.global_costmap]: Initialized plugin "static_layer"
[planner_server-7] [INFO] [1784124998.667966470] [planner_server]: Created global planner plugin GridBased of type nav2_navfn_planner/NavfnPlanner
[planner_server-7] [INFO] [1784124998.668072781] [planner_server]: Configuring plugin GridBased of type NavfnPlanner
[planner_server-7] [INFO] [1784124998.672558413] [planner_server]: Planner Server has GridBased  planners available.
[lifecycle_manager-11] [INFO] [1784124998.717158446] [lifecycle_manager_navigation]: [34m[1mConfiguring behavior_server[0m[0m
[behavior_server-8] [INFO] [1784124998.717509731] [behavior_server]: Configuring
[behavior_server-8] [INFO] [1784124998.769697275] [behavior_server]: Creating behavior plugin spin of type nav2_behaviors/Spin
[behavior_server-8] [INFO] [1784124998.780979958] [behavior_server]: Configuring spin
[behavior_server-8] [INFO] [1784124998.821852222] [behavior_server]: Creating behavior plugin backup of type nav2_behaviors/BackUp
[behavior_server-8] [INFO] [1784124998.832780399] [behavior_server]: Configuring backup
[behavior_server-8] [INFO] [1784124998.868114496] [behavior_server]: Creating behavior plugin drive_on_heading of type nav2_behaviors/DriveOnHeading
[behavior_server-8] [INFO] [1784124998.876430320] [behavior_server]: Configuring drive_on_heading
[costmap_to_grid-12] [INFO] [1784124998.879077951] [costmap_to_grid]: Publishing /global_costmap_grid and /local_costmap_grid for RViz
[behavior_server-8] [INFO] [1784124998.909041049] [behavior_server]: Creating behavior plugin wait of type nav2_behaviors/Wait
[behavior_server-8] [INFO] [1784124998.916849477] [behavior_server]: Configuring wait
[lifecycle_manager-11] [INFO] [1784124998.955232357] [lifecycle_manager_navigation]: [34m[1mConfiguring bt_navigator[0m[0m
[bt_navigator-9] [INFO] [1784124998.956366036] [bt_navigator]: Configuring
[lifecycle_manager-11] [INFO] [1784124999.144132011] [lifecycle_manager_navigation]: [34m[1mConfiguring waypoint_follower[0m[0m
[waypoint_follower-10] [INFO] [1784124999.144517915] [waypoint_follower]: Configuring
[waypoint_follower-10] [INFO] [1784124999.191472732] [waypoint_follower]: Created waypoint_task_executor : wait_at_waypoint of type nav2_waypoint_follower::WaitAtWaypoint
[waypoint_follower-10] [INFO] [1784124999.195873659] [waypoint_follower]: Waypoint pause duration is set to zero, disabling task executor plugin.
[lifecycle_manager-11] [INFO] [1784124999.198407587] [lifecycle_manager_navigation]: [34m[1mActivating map_server[0m[0m
[map_server-4] [INFO] [1784124999.205098167] [map_server]: Activating
[map_server-4] [INFO] [1784124999.205314677] [map_server]: Creating bond (map_server) to lifecycle manager.
[planner_server-7] [INFO] [1784124999.206339855] [global_costmap.global_costmap]: StaticLayer: Resizing costmap to 125 X 89 at 0.050000 m/pix
[controller_server-6] [INFO] [1784124999.207176088] [local_costmap.local_costmap]: StaticLayer: Resizing static layer to 125 X 89 at 0.050000 m/pix
[rviz2-5] [INFO] [1784124999.213817841] [rviz2]: Trying to create a map of size 125 x 89 using 1 swatches
[rviz2-5] [ERROR] [1784124999.246323578] [rviz2]: Vertex Program:rviz/glsl120/indexed_8bit_image.vert Fragment Program:rviz/glsl120/indexed_8bit_image.frag GLSL link result : 
[rviz2-5] active samplers with a different type refer to the same texture image unit
[lifecycle_manager-11] [INFO] [1784124999.326065597] [lifecycle_manager_navigation]: Server map_server connected with bond.
[lifecycle_manager-11] [INFO] [1784124999.326150021] [lifecycle_manager_navigation]: [34m[1mActivating controller_server[0m[0m
[controller_server-6] [INFO] [1784124999.326518678] [controller_server]: Activating
[controller_server-6] [INFO] [1784124999.326573534] [local_costmap.local_costmap]: Activating
[controller_server-6] [INFO] [1784124999.326594818] [local_costmap.local_costmap]: Checking transform
[controller_server-6] [INFO] [1784124999.326720497] [local_costmap.local_costmap]: start
[controller_server-6] [INFO] [1784124999.428333158] [controller_server]: Activating controller: FollowPath of type regulated_pure_pursuit_controller::RegulatedPurePursuitController
[controller_server-6] [INFO] [1784124999.428400499] [controller_server]: Creating bond (controller_server) to lifecycle manager.
[lifecycle_manager-11] [INFO] [1784124999.547960692] [lifecycle_manager_navigation]: Server controller_server connected with bond.
[lifecycle_manager-11] [INFO] [1784124999.548026023] [lifecycle_manager_navigation]: [34m[1mActivating planner_server[0m[0m
[planner_server-7] [INFO] [1784124999.549579059] [planner_server]: Activating
[planner_server-7] [INFO] [1784124999.549645017] [global_costmap.global_costmap]: Activating
[planner_server-7] [INFO] [1784124999.549665538] [global_costmap.global_costmap]: Checking transform
[planner_server-7] [INFO] [1784124999.549813064] [global_costmap.global_costmap]: start
[rviz2-5] [INFO] [1784124999.564298476] [rviz2]: Trying to create a map of size 125 x 89 using 1 swatches
[planner_server-7] [INFO] [1784124999.599956235] [planner_server]: Activating plugin GridBased of type NavfnPlanner
[planner_server-7] [INFO] [1784124999.607609964] [planner_server]: Creating bond (planner_server) to lifecycle manager.
[lifecycle_manager-11] [INFO] [1784124999.723941035] [lifecycle_manager_navigation]: Server planner_server connected with bond.
[lifecycle_manager-11] [INFO] [1784124999.724008189] [lifecycle_manager_navigation]: [34m[1mActivating behavior_server[0m[0m
[behavior_server-8] [INFO] [1784124999.724307902] [behavior_server]: Activating
[behavior_server-8] [INFO] [1784124999.724354988] [behavior_server]: Activating spin
[behavior_server-8] [INFO] [1784124999.724379839] [behavior_server]: Activating backup
[behavior_server-8] [INFO] [1784124999.724399498] [behavior_server]: Activating drive_on_heading
[behavior_server-8] [INFO] [1784124999.724641136] [behavior_server]: Activating wait
[behavior_server-8] [INFO] [1784124999.724682105] [behavior_server]: Creating bond (behavior_server) to lifecycle manager.
[lifecycle_manager-11] [INFO] [1784124999.834851634] [lifecycle_manager_navigation]: Server behavior_server connected with bond.
[lifecycle_manager-11] [INFO] [1784124999.834971299] [lifecycle_manager_navigation]: [34m[1mActivating bt_navigator[0m[0m
[bt_navigator-9] [INFO] [1784124999.839807986] [bt_navigator]: Activating
[bt_navigator-9] [INFO] [1784125000.064407936] [bt_navigator]: Creating bond (bt_navigator) to lifecycle manager.
[lifecycle_manager-11] [INFO] [1784125000.182985534] [lifecycle_manager_navigation]: Server bt_navigator connected with bond.
[lifecycle_manager-11] [INFO] [1784125000.183076207] [lifecycle_manager_navigation]: [34m[1mActivating waypoint_follower[0m[0m
[waypoint_follower-10] [INFO] [1784125000.185537452] [waypoint_follower]: Activating
[waypoint_follower-10] [INFO] [1784125000.185601384] [waypoint_follower]: Creating bond (waypoint_follower) to lifecycle manager.
[lifecycle_manager-11] [INFO] [1784125000.298274888] [lifecycle_manager_navigation]: Server waypoint_follower connected with bond.
[lifecycle_manager-11] [INFO] [1784125000.298329791] [lifecycle_manager_navigation]: [34m[1mManaged nodes are active[0m[0m
[lifecycle_manager-11] [INFO] [1784125000.298346843] [lifecycle_manager_navigation]: [34m[1mCreating bond timer...[0m[0m
[bt_navigator-9] [INFO] [1784125001.514505134] [bt_navigator]: Begin navigating from current location (0.57, 0.09) to (1.40, 0.00)
[controller_server-6] [INFO] [1784125001.535507972] [controller_server]: Received a goal, begin computing control effort.
[controller_server-6] [WARN] [1784125001.535581282] [controller_server]: No goal checker was specified in parameter 'current_goal_checker'. Server will use only plugin loaded goal_checker . This warning will appear once.
[controller_server-6] [INFO] [1784125002.585690577] [controller_server]: Passing new path to controller.
[controller_server-6] [INFO] [1784125003.636782483] [controller_server]: Passing new path to controller.
[controller_server-6] [INFO] [1784125003.987592432] [controller_server]: Reached the goal!
[bt_navigator-9] [INFO] [1784125004.024916426] [bt_navigator]: Goal succeeded
