[INFO] [launch]: All log files can be found below /home/hyper/program/2026_Gsing-second_ROS/logs/ros/2026-07-14-08-37-13-841817-hyper-Ubuntu-13334
[INFO] [launch]: Default logging verbosity is set to INFO
[INFO] [static_transform_publisher-1]: process started with pid [13444]
[INFO] [static_transform_publisher-2]: process started with pid [13445]
[INFO] [static_transform_publisher-3]: process started with pid [13446]
[INFO] [static_transform_publisher-4]: process started with pid [13447]
[INFO] [map_server-5]: process started with pid [13448]
[INFO] [rviz2-6]: process started with pid [13449]
[static_transform_publisher-4] [INFO] [1783989433.935864512] [static_tf_baselink_lidar]: Spinning until stopped - publishing transform
[static_transform_publisher-4] translation: ('0.000000', '0.000000', '0.000000')
[static_transform_publisher-4] rotation: ('0.000000', '0.000000', '0.000000', '1.000000')
[static_transform_publisher-4] from 'base_link' to 'unilidar_lidar'
[static_transform_publisher-3] [INFO] [1783989433.938808698] [static_tf_body_baselink]: Spinning until stopped - publishing transform
[static_transform_publisher-3] translation: ('0.000000', '0.000000', '0.000000')
[static_transform_publisher-3] rotation: ('0.000000', '0.000000', '0.000000', '1.000000')
[static_transform_publisher-3] from 'base_link' to 'body'
[static_transform_publisher-2] [INFO] [1783989433.940855970] [static_tf_camerainit_baselink]: Spinning until stopped - publishing transform
[static_transform_publisher-2] translation: ('0.000000', '0.000000', '0.000000')
[static_transform_publisher-2] rotation: ('0.000000', '0.000000', '0.000000', '1.000000')
[static_transform_publisher-2] from 'camera_init' to 'base_link'
[static_transform_publisher-1] [INFO] [1783989433.944095840] [static_tf_caminit_odom]: Spinning until stopped - publishing transform
[static_transform_publisher-1] translation: ('0.000000', '0.000000', '0.000000')
[static_transform_publisher-1] rotation: ('0.000000', '0.000000', '0.000000', '1.000000')
[static_transform_publisher-1] from 'camera_init' to 'odom'
[map_server-5] [INFO] [1783989433.953368199] [map_server]: 
[map_server-5] 	map_server lifecycle node launched. 
[map_server-5] 	Waiting on external lifecycle transitions to activate
[map_server-5] 	See https://design.ros2.org/articles/node_lifecycle.html for more information.
[map_server-5] [INFO] [1783989433.953429653] [map_server]: Creating
[rviz2-6] [INFO] [1783989434.981070253] [rviz2]: Stereo is NOT SUPPORTED
[rviz2-6] [INFO] [1783989434.981156646] [rviz2]: OpenGl version: 4.6 (GLSL 4.6)
[rviz2-6] [INFO] [1783989435.012903640] [rviz2]: Stereo is NOT SUPPORTED
[INFO] [controller_server-7]: process started with pid [13778]
[INFO] [planner_server-8]: process started with pid [13779]
[INFO] [behavior_server-9]: process started with pid [13780]
[INFO] [bt_navigator-10]: process started with pid [13781]
[INFO] [waypoint_follower-11]: process started with pid [13782]
[INFO] [lifecycle_manager-12]: process started with pid [13783]
[INFO] [goal_pose_to_nav2-13]: process started with pid [13784]
[INFO] [costmap_to_grid-14]: process started with pid [13785]
[behavior_server-9] 1783989438.963031 [0] behavior_s: Failed to find a free participant index for domain 0
[behavior_server-9] [ERROR] [1783989438.963131624] [rmw_cyclonedds_cpp]: rmw_create_node: failed to create domain, error Error
[behavior_server-9] terminate called after throwing an instance of 'rclcpp::exceptions::RCLError'
[behavior_server-9]   what():  failed to initialize rcl node: error not set, at ./src/rcl/node.c:252
[controller_server-7] 1783989438.967830 [0] controller: Failed to find a free participant index for domain 0
[controller_server-7] [ERROR] [1783989438.967923530] [rmw_cyclonedds_cpp]: rmw_create_node: failed to create domain, error Error
[controller_server-7] terminate called after throwing an instance of 'rclcpp::exceptions::RCLError'
[controller_server-7]   what():  failed to initialize rcl node: error not set, at ./src/rcl/node.c:252
[lifecycle_manager-12] [INFO] [1783989438.969506637] [lifecycle_manager_navigation]: Creating
[planner_server-8] [INFO] [1783989438.970532497] [planner_server]: 
[planner_server-8] 	planner_server lifecycle node launched. 
[planner_server-8] 	Waiting on external lifecycle transitions to activate
[planner_server-8] 	See https://design.ros2.org/articles/node_lifecycle.html for more information.
[planner_server-8] [INFO] [1783989438.971844048] [planner_server]: Creating
[planner_server-8] [INFO] [1783989438.976514444] [global_costmap.global_costmap]: 
[planner_server-8] 	global_costmap lifecycle node launched. 
[planner_server-8] 	Waiting on external lifecycle transitions to activate
[planner_server-8] 	See https://design.ros2.org/articles/node_lifecycle.html for more information.
[planner_server-8] [INFO] [1783989438.976945044] [global_costmap.global_costmap]: Creating Costmap
[lifecycle_manager-12] [INFO] [1783989438.979513376] [lifecycle_manager_navigation]: [34m[1mCreating and initializing lifecycle service clients[0m[0m
[waypoint_follower-11] [INFO] [1783989438.980104709] [waypoint_follower]: 
[waypoint_follower-11] 	waypoint_follower lifecycle node launched. 
[waypoint_follower-11] 	Waiting on external lifecycle transitions to activate
[waypoint_follower-11] 	See https://design.ros2.org/articles/node_lifecycle.html for more information.
[waypoint_follower-11] [INFO] [1783989438.980665151] [waypoint_follower]: Creating
[bt_navigator-10] [INFO] [1783989438.989657681] [bt_navigator]: 
[bt_navigator-10] 	bt_navigator lifecycle node launched. 
[bt_navigator-10] 	Waiting on external lifecycle transitions to activate
[bt_navigator-10] 	See https://design.ros2.org/articles/node_lifecycle.html for more information.
[bt_navigator-10] [INFO] [1783989438.991769576] [bt_navigator]: Creating
[costmap_to_grid-14] 1783989439.203213 [0]    python3: Failed to find a free participant index for domain 0
[costmap_to_grid-14] [ERROR] [1783989439.203317520] [rmw_cyclonedds_cpp]: rmw_create_node: failed to create domain, error Error
[costmap_to_grid-14] /opt/ros/jazzy/lib/python3.12/site-packages/rclpy/node.py:188: RuntimeWarning: Failed to fini rosout publisher: rcl node implementation is invalid, at ./src/rcl/node.c:390
[costmap_to_grid-14]   self.__node = _rclpy.Node(
[costmap_to_grid-14] Traceback (most recent call last):
[costmap_to_grid-14]   File "/home/hyper/program/2026_Gsing-second_ROS/nav2_ws1/install/dog_nav2_bringup/lib/dog_nav2_bringup/costmap_to_grid.py", line 77, in <module>
[costmap_to_grid-14]     main()
[costmap_to_grid-14]   File "/home/hyper/program/2026_Gsing-second_ROS/nav2_ws1/install/dog_nav2_bringup/lib/dog_nav2_bringup/costmap_to_grid.py", line 70, in main
[costmap_to_grid-14]     node = CostmapToGrid()
[costmap_to_grid-14]            ^^^^^^^^^^^^^^^
[costmap_to_grid-14]   File "/home/hyper/program/2026_Gsing-second_ROS/nav2_ws1/install/dog_nav2_bringup/lib/dog_nav2_bringup/costmap_to_grid.py", line 28, in __init__
[costmap_to_grid-14]     super().__init__("costmap_to_grid")
[costmap_to_grid-14]   File "/opt/ros/jazzy/lib/python3.12/site-packages/rclpy/node.py", line 188, in __init__
[costmap_to_grid-14]     self.__node = _rclpy.Node(
[costmap_to_grid-14]                   ^^^^^^^^^^^^
[costmap_to_grid-14] rclpy._rclpy_pybind11.RCLError: error creating node: error not set, at ./src/rcl/node.c:252
[ERROR] [costmap_to_grid-14]: process has died [pid 13785, exit code 1, cmd '/usr/bin/python3 /home/hyper/program/2026_Gsing-second_ROS/nav2_ws1/install/dog_nav2_bringup/lib/dog_nav2_bringup/costmap_to_grid.py'].
[goal_pose_to_nav2-13] 1783989439.442137 [0]    python3: Failed to find a free participant index for domain 0
[goal_pose_to_nav2-13] [ERROR] [1783989439.442202922] [rmw_cyclonedds_cpp]: rmw_create_node: failed to create domain, error Error
[goal_pose_to_nav2-13] /opt/ros/jazzy/lib/python3.12/site-packages/rclpy/node.py:188: RuntimeWarning: Failed to fini rosout publisher: rcl node implementation is invalid, at ./src/rcl/node.c:390
[goal_pose_to_nav2-13]   self.__node = _rclpy.Node(
[goal_pose_to_nav2-13] Traceback (most recent call last):
[goal_pose_to_nav2-13]   File "/home/hyper/program/2026_Gsing-second_ROS/nav2_ws1/install/dog_nav2_bringup/lib/dog_nav2_bringup/goal_pose_to_nav2.py", line 62, in <module>
[goal_pose_to_nav2-13]     main()
[goal_pose_to_nav2-13]   File "/home/hyper/program/2026_Gsing-second_ROS/nav2_ws1/install/dog_nav2_bringup/lib/dog_nav2_bringup/goal_pose_to_nav2.py", line 55, in main
[goal_pose_to_nav2-13]     node = GoalPoseToNav2()
[goal_pose_to_nav2-13]            ^^^^^^^^^^^^^^^^
[goal_pose_to_nav2-13]   File "/home/hyper/program/2026_Gsing-second_ROS/nav2_ws1/install/dog_nav2_bringup/lib/dog_nav2_bringup/goal_pose_to_nav2.py", line 29, in __init__
[goal_pose_to_nav2-13]     super().__init__("goal_pose_to_nav2")
[goal_pose_to_nav2-13]   File "/opt/ros/jazzy/lib/python3.12/site-packages/rclpy/node.py", line 188, in __init__
[goal_pose_to_nav2-13]     self.__node = _rclpy.Node(
[goal_pose_to_nav2-13]                   ^^^^^^^^^^^^
[goal_pose_to_nav2-13] rclpy._rclpy_pybind11.RCLError: error creating node: error not set, at ./src/rcl/node.c:252
[ERROR] [goal_pose_to_nav2-13]: process has died [pid 13784, exit code 1, cmd '/usr/bin/python3 /home/hyper/program/2026_Gsing-second_ROS/nav2_ws1/install/dog_nav2_bringup/lib/dog_nav2_bringup/goal_pose_to_nav2.py'].
[ERROR] [controller_server-7]: process has died [pid 13778, exit code -6, cmd '/opt/ros/jazzy/lib/nav2_controller/controller_server --ros-args -r __node:=controller_server --params-file /home/hyper/program/2026_Gsing-second_ROS/nav2_ws1/install/dog_nav2_bringup/share/dog_nav2_bringup/params/nav2_fastlio_static_map_params.yaml --params-file /tmp/launch_params_1ixel23r'].
[lifecycle_manager-12] [INFO] [1783989440.983820505] [lifecycle_manager_navigation]: Waiting for service controller_server/get_state...
[lifecycle_manager-12] [INFO] [1783989442.984042361] [lifecycle_manager_navigation]: Waiting for service controller_server/get_state...
[ERROR] [behavior_server-9]: process has died [pid 13780, exit code -6, cmd '/opt/ros/jazzy/lib/nav2_behaviors/behavior_server --ros-args -r __node:=behavior_server --params-file /home/hyper/program/2026_Gsing-second_ROS/nav2_ws1/install/dog_nav2_bringup/share/dog_nav2_bringup/params/nav2_fastlio_static_map_params.yaml --params-file /tmp/launch_params_pugoiffv'].
[lifecycle_manager-12] [INFO] [1783989444.984339051] [lifecycle_manager_navigation]: Waiting for service controller_server/get_state...
[lifecycle_manager-12] [INFO] [1783989446.984521229] [lifecycle_manager_navigation]: Waiting for service controller_server/get_state...
[lifecycle_manager-12] [INFO] [1783989448.984719320] [lifecycle_manager_navigation]: Waiting for service controller_server/get_state...
[lifecycle_manager-12] [INFO] [1783989450.984912219] [lifecycle_manager_navigation]: Waiting for service controller_server/get_state...
[lifecycle_manager-12] [INFO] [1783989452.985846802] [lifecycle_manager_navigation]: Waiting for service controller_server/get_state...
[lifecycle_manager-12] [INFO] [1783989454.986058601] [lifecycle_manager_navigation]: Waiting for service controller_server/get_state...
[lifecycle_manager-12] [INFO] [1783989456.986249098] [lifecycle_manager_navigation]: Waiting for service controller_server/get_state...
[lifecycle_manager-12] [INFO] [1783989458.986440478] [lifecycle_manager_navigation]: Waiting for service controller_server/get_state...
[lifecycle_manager-12] [INFO] [1783989460.986674568] [lifecycle_manager_navigation]: Waiting for service controller_server/get_state...
[lifecycle_manager-12] [INFO] [1783989462.986876666] [lifecycle_manager_navigation]: Waiting for service controller_server/get_state...
[lifecycle_manager-12] [INFO] [1783989464.987105449] [lifecycle_manager_navigation]: Waiting for service controller_server/get_state...
[lifecycle_manager-12] [INFO] [1783989466.987310533] [lifecycle_manager_navigation]: Waiting for service controller_server/get_state...
[lifecycle_manager-12] [INFO] [1783989468.987503074] [lifecycle_manager_navigation]: Waiting for service controller_server/get_state...
[lifecycle_manager-12] [INFO] [1783989470.987662694] [lifecycle_manager_navigation]: Waiting for service controller_server/get_state...
[lifecycle_manager-12] [INFO] [1783989472.987852900] [lifecycle_manager_navigation]: Waiting for service controller_server/get_state...
[lifecycle_manager-12] [INFO] [1783989474.988049236] [lifecycle_manager_navigation]: Waiting for service controller_server/get_state...
[lifecycle_manager-12] [INFO] [1783989476.988264445] [lifecycle_manager_navigation]: Waiting for service controller_server/get_state...
[lifecycle_manager-12] [INFO] [1783989478.988504289] [lifecycle_manager_navigation]: Waiting for service controller_server/get_state...
[rviz2-6] [INFO] [1783989479.637639059] [rviz2]: Setting goal pose: Frame:map, Position(0.347884, 0.0539925, 0), Orientation(0, 0, -0.044807, 0.998996) = Angle: -0.089644
[lifecycle_manager-12] [INFO] [1783989480.988669258] [lifecycle_manager_navigation]: Waiting for service controller_server/get_state...
[lifecycle_manager-12] [INFO] [1783989482.988806632] [lifecycle_manager_navigation]: Waiting for service controller_server/get_state...
[lifecycle_manager-12] [INFO] [1783989484.989010295] [lifecycle_manager_navigation]: Waiting for service controller_server/get_state...
