[INFO] [launch]: All log files can be found below /home/gsing/2026_Gsing-second_ROS/logs/ros/2026-07-16-00-17-55-147118-gsing-KPADLU4-3714
[INFO] [launch]: Default logging verbosity is set to INFO
[INFO] [static_transform_publisher-1]: process started with pid [3815]
[INFO] [static_transform_publisher-2]: process started with pid [3817]
[INFO] [static_transform_publisher-3]: process started with pid [3819]
[INFO] [map_server-4]: process started with pid [3821]
[INFO] [rviz2-5]: process started with pid [3823]
[static_transform_publisher-2] [INFO] [1784132275.303376181] [static_tf_body_baselink]: Spinning until stopped - publishing transform
[static_transform_publisher-2] translation: ('0.000000', '0.000000', '0.000000')
[static_transform_publisher-2] rotation: ('0.000000', '0.000000', '0.000000', '1.000000')
[static_transform_publisher-2] from 'base_link' to 'body'
[static_transform_publisher-1] [INFO] [1784132275.340402194] [static_tf_caminit_odom]: Spinning until stopped - publishing transform
[static_transform_publisher-1] translation: ('0.000000', '0.000000', '0.000000')
[static_transform_publisher-1] rotation: ('0.000000', '0.000000', '0.000000', '1.000000')
[static_transform_publisher-1] from 'camera_init' to 'odom'
[static_transform_publisher-3] [INFO] [1784132275.355837583] [static_tf_baselink_lidar]: Spinning until stopped - publishing transform
[static_transform_publisher-3] translation: ('0.000000', '0.000000', '0.000000')
[static_transform_publisher-3] rotation: ('0.000000', '0.000000', '0.000000', '1.000000')
[static_transform_publisher-3] from 'base_link' to 'unilidar_lidar'
[map_server-4] [INFO] [1784132275.392931840] [map_server]: 
[map_server-4] 	map_server lifecycle node launched. 
[map_server-4] 	Waiting on external lifecycle transitions to activate
[map_server-4] 	See https://design.ros2.org/articles/node_lifecycle.html for more information.
[map_server-4] [INFO] [1784132275.393575333] [map_server]: Creating
[rviz2-5] Warning: Ignoring XDG_SESSION_TYPE=wayland on Gnome. Use QT_QPA_PLATFORM=wayland to run on Wayland anyway.
[rviz2-5] [INFO] [1784132276.129471357] [rviz2]: Stereo is NOT SUPPORTED
[rviz2-5] [INFO] [1784132276.129625077] [rviz2]: OpenGl version: 4.6 (GLSL 4.6)
[rviz2-5] [INFO] [1784132276.185085535] [rviz2]: Stereo is NOT SUPPORTED
[INFO] [controller_server-6]: process started with pid [3996]
[INFO] [planner_server-7]: process started with pid [3998]
[INFO] [behavior_server-8]: process started with pid [4000]
[INFO] [bt_navigator-9]: process started with pid [4002]
[INFO] [waypoint_follower-10]: process started with pid [4004]
[INFO] [lifecycle_manager-11]: process started with pid [4006]
[INFO] [costmap_to_grid-12]: process started with pid [4008]
[controller_server-6] [INFO] [1784132280.491119930] [controller_server]: 
[controller_server-6] 	controller_server lifecycle node launched. 
[controller_server-6] 	Waiting on external lifecycle transitions to activate
[controller_server-6] 	See https://design.ros2.org/articles/node_lifecycle.html for more information.
[bt_navigator-9] [INFO] [1784132280.524659856] [bt_navigator]: 
[bt_navigator-9] 	bt_navigator lifecycle node launched. 
[bt_navigator-9] 	Waiting on external lifecycle transitions to activate
[bt_navigator-9] 	See https://design.ros2.org/articles/node_lifecycle.html for more information.
[bt_navigator-9] [INFO] [1784132280.524815835] [bt_navigator]: Creating
[planner_server-7] [INFO] [1784132280.558836875] [planner_server]: 
[planner_server-7] 	planner_server lifecycle node launched. 
[planner_server-7] 	Waiting on external lifecycle transitions to activate
[planner_server-7] 	See https://design.ros2.org/articles/node_lifecycle.html for more information.
[planner_server-7] [INFO] [1784132280.602791261] [planner_server]: Creating
[planner_server-7] [INFO] [1784132280.660561519] [global_costmap.global_costmap]: 
[planner_server-7] 	global_costmap lifecycle node launched. 
[planner_server-7] 	Waiting on external lifecycle transitions to activate
[planner_server-7] 	See https://design.ros2.org/articles/node_lifecycle.html for more information.
[controller_server-6] [INFO] [1784132280.668259085] [controller_server]: Creating controller server
[planner_server-7] [INFO] [1784132280.672654398] [global_costmap.global_costmap]: Creating Costmap
[lifecycle_manager-11] [INFO] [1784132280.675731004] [lifecycle_manager_navigation]: Creating
[behavior_server-8] [INFO] [1784132280.677198413] [behavior_server]: 
[behavior_server-8] 	behavior_server lifecycle node launched. 
[behavior_server-8] 	Waiting on external lifecycle transitions to activate
[behavior_server-8] 	See https://design.ros2.org/articles/node_lifecycle.html for more information.
[waypoint_follower-10] [INFO] [1784132280.690505742] [waypoint_follower]: 
[waypoint_follower-10] 	waypoint_follower lifecycle node launched. 
[waypoint_follower-10] 	Waiting on external lifecycle transitions to activate
[waypoint_follower-10] 	See https://design.ros2.org/articles/node_lifecycle.html for more information.
[waypoint_follower-10] [INFO] [1784132280.699066498] [waypoint_follower]: Creating
[lifecycle_manager-11] [INFO] [1784132280.766705689] [lifecycle_manager_navigation]: [34m[1mCreating and initializing lifecycle service clients[0m[0m
[controller_server-6] [INFO] [1784132280.804442202] [local_costmap.local_costmap]: 
[controller_server-6] 	local_costmap lifecycle node launched. 
[controller_server-6] 	Waiting on external lifecycle transitions to activate
[controller_server-6] 	See https://design.ros2.org/articles/node_lifecycle.html for more information.
[controller_server-6] [INFO] [1784132280.807389994] [local_costmap.local_costmap]: Creating Costmap
[lifecycle_manager-11] [INFO] [1784132280.825524629] [lifecycle_manager_navigation]: [34m[1mStarting managed nodes bringup...[0m[0m
[lifecycle_manager-11] [INFO] [1784132280.825602046] [lifecycle_manager_navigation]: [34m[1mConfiguring map_server[0m[0m
[map_server-4] [INFO] [1784132280.828805731] [map_server]: Configuring
[map_server-4] [INFO] [1784132280.828907527] [map_io]: Loading yaml file: /home/gsing/2026_Gsing-second_ROS/map/map.yaml
[map_server-4] [INFO] [1784132280.832521084] [map_io]: resolution: 0.05
[map_server-4] [INFO] [1784132280.833782670] [map_io]: origin[0]: -0.131
[map_server-4] [INFO] [1784132280.833794936] [map_io]: origin[1]: -2.121
[map_server-4] [INFO] [1784132280.833802525] [map_io]: origin[2]: 0
[map_server-4] [INFO] [1784132280.833809967] [map_io]: free_thresh: 0.196
[map_server-4] [INFO] [1784132280.833817226] [map_io]: occupied_thresh: 0.65
[map_server-4] [INFO] [1784132280.833829304] [map_io]: mode: trinary
[map_server-4] [INFO] [1784132280.833838430] [map_io]: negate: 0
[map_server-4] [INFO] [1784132280.843417051] [map_io]: Loading image_file: /home/gsing/2026_Gsing-second_ROS/map/map.pgm
[map_server-4] [INFO] [1784132280.851663449] [map_io]: Read map /home/gsing/2026_Gsing-second_ROS/map/map.pgm: 125 X 89 map @ 0.05 m/cell
[lifecycle_manager-11] [INFO] [1784132280.887484944] [lifecycle_manager_navigation]: [34m[1mConfiguring controller_server[0m[0m
[controller_server-6] [INFO] [1784132280.888574388] [controller_server]: Configuring controller interface
[controller_server-6] [INFO] [1784132280.890605886] [controller_server]: getting goal checker plugins..
[controller_server-6] [INFO] [1784132280.893305140] [controller_server]: Controller frequency set to 20.0000Hz
[controller_server-6] [INFO] [1784132280.893395757] [local_costmap.local_costmap]: Configuring
[controller_server-6] [INFO] [1784132280.905201376] [local_costmap.local_costmap]: Using plugin "static_layer"
[controller_server-6] [INFO] [1784132280.919843300] [local_costmap.local_costmap]: Subscribing to the map topic (/map) with transient local durability
[controller_server-6] [INFO] [1784132280.930890982] [local_costmap.local_costmap]: Initialized plugin "static_layer"
[controller_server-6] [INFO] [1784132280.980407903] [controller_server]: Created progress_checker : progress_checker of type nav2_controller::SimpleProgressChecker
[controller_server-6] [INFO] [1784132280.992864211] [controller_server]: Created goal checker : goal_checker of type nav2_controller::SimpleGoalChecker
[controller_server-6] [INFO] [1784132280.994138619] [controller_server]: Controller Server has goal_checker  goal checkers available.
[controller_server-6] [INFO] [1784132280.998671308] [controller_server]: Created controller : FollowPath of type nav2_regulated_pure_pursuit_controller::RegulatedPurePursuitController
[controller_server-6] [INFO] [1784132281.016573647] [controller_server]: Controller Server has FollowPath  controllers available.
[lifecycle_manager-11] [INFO] [1784132281.056247854] [lifecycle_manager_navigation]: [34m[1mConfiguring planner_server[0m[0m
[planner_server-7] [INFO] [1784132281.057142024] [planner_server]: Configuring
[planner_server-7] [INFO] [1784132281.057221282] [global_costmap.global_costmap]: Configuring
[planner_server-7] [INFO] [1784132281.077791383] [global_costmap.global_costmap]: Using plugin "static_layer"
[planner_server-7] [INFO] [1784132281.097605998] [global_costmap.global_costmap]: Subscribing to the map topic (/map) with transient local durability
[planner_server-7] [INFO] [1784132281.102050898] [global_costmap.global_costmap]: Initialized plugin "static_layer"
[planner_server-7] [INFO] [1784132281.150351328] [planner_server]: Created global planner plugin GridBased of type nav2_navfn_planner/NavfnPlanner
[planner_server-7] [INFO] [1784132281.150421460] [planner_server]: Configuring plugin GridBased of type NavfnPlanner
[planner_server-7] [INFO] [1784132281.158027933] [planner_server]: Planner Server has GridBased  planners available.
[lifecycle_manager-11] [INFO] [1784132281.209908298] [lifecycle_manager_navigation]: [34m[1mConfiguring behavior_server[0m[0m
[behavior_server-8] [INFO] [1784132281.217426525] [behavior_server]: Configuring
[behavior_server-8] [INFO] [1784132281.244430906] [behavior_server]: Creating behavior plugin spin of type nav2_behaviors/Spin
[behavior_server-8] [INFO] [1784132281.247724551] [behavior_server]: Configuring spin
[behavior_server-8] [INFO] [1784132281.271834298] [behavior_server]: Creating behavior plugin backup of type nav2_behaviors/BackUp
[behavior_server-8] [INFO] [1784132281.275147555] [behavior_server]: Configuring backup
[behavior_server-8] [INFO] [1784132281.299522602] [behavior_server]: Creating behavior plugin drive_on_heading of type nav2_behaviors/DriveOnHeading
[behavior_server-8] [INFO] [1784132281.302550931] [behavior_server]: Configuring drive_on_heading
[behavior_server-8] [INFO] [1784132281.316694552] [behavior_server]: Creating behavior plugin wait of type nav2_behaviors/Wait
[behavior_server-8] [INFO] [1784132281.319448423] [behavior_server]: Configuring wait
[lifecycle_manager-11] [INFO] [1784132281.341721139] [lifecycle_manager_navigation]: [34m[1mConfiguring bt_navigator[0m[0m
[bt_navigator-9] [INFO] [1784132281.345726803] [bt_navigator]: Configuring
[lifecycle_manager-11] [INFO] [1784132281.646964039] [lifecycle_manager_navigation]: [34m[1mConfiguring waypoint_follower[0m[0m
[waypoint_follower-10] [INFO] [1784132281.650400030] [waypoint_follower]: Configuring
[waypoint_follower-10] [INFO] [1784132281.730748076] [waypoint_follower]: Created waypoint_task_executor : wait_at_waypoint of type nav2_waypoint_follower::WaitAtWaypoint
[waypoint_follower-10] [INFO] [1784132281.734454724] [waypoint_follower]: Waypoint pause duration is set to zero, disabling task executor plugin.
[lifecycle_manager-11] [INFO] [1784132281.741065790] [lifecycle_manager_navigation]: [34m[1mActivating map_server[0m[0m
[map_server-4] [INFO] [1784132281.742105097] [map_server]: Activating
[map_server-4] [INFO] [1784132281.744362482] [map_server]: Creating bond (map_server) to lifecycle manager.
[planner_server-7] [INFO] [1784132281.747678993] [global_costmap.global_costmap]: StaticLayer: Resizing costmap to 125 X 89 at 0.050000 m/pix
[controller_server-6] [INFO] [1784132281.749379629] [local_costmap.local_costmap]: StaticLayer: Resizing static layer to 125 X 89 at 0.050000 m/pix
[rviz2-5] [INFO] [1784132281.764371527] [rviz2]: Trying to create a map of size 125 x 89 using 1 swatches
[rviz2-5] [ERROR] [1784132281.786294319] [rviz2]: Vertex Program:rviz/glsl120/indexed_8bit_image.vert Fragment Program:rviz/glsl120/indexed_8bit_image.frag GLSL link result : 
[rviz2-5] active samplers with a different type refer to the same texture image unit
[lifecycle_manager-11] [INFO] [1784132281.864615134] [lifecycle_manager_navigation]: Server map_server connected with bond.
[lifecycle_manager-11] [INFO] [1784132281.864679995] [lifecycle_manager_navigation]: [34m[1mActivating controller_server[0m[0m
[controller_server-6] [INFO] [1784132281.868201527] [controller_server]: Activating
[controller_server-6] [INFO] [1784132281.868274686] [local_costmap.local_costmap]: Activating
[controller_server-6] [INFO] [1784132281.868300040] [local_costmap.local_costmap]: Checking transform
[controller_server-6] [INFO] [1784132281.868458009] [local_costmap.local_costmap]: start
[costmap_to_grid-12] [INFO] [1784132281.881442446] [costmap_to_grid]: Publishing /global_costmap_grid and /local_costmap_grid for RViz
[controller_server-6] [INFO] [1784132281.919502903] [controller_server]: Activating controller: FollowPath of type regulated_pure_pursuit_controller::RegulatedPurePursuitController
[controller_server-6] [INFO] [1784132281.919601680] [controller_server]: Creating bond (controller_server) to lifecycle manager.
[lifecycle_manager-11] [INFO] [1784132282.039273345] [lifecycle_manager_navigation]: Server controller_server connected with bond.
[lifecycle_manager-11] [INFO] [1784132282.039363369] [lifecycle_manager_navigation]: [34m[1mActivating planner_server[0m[0m
[planner_server-7] [INFO] [1784132282.040037604] [planner_server]: Activating
[planner_server-7] [INFO] [1784132282.040112167] [global_costmap.global_costmap]: Activating
[planner_server-7] [INFO] [1784132282.040136974] [global_costmap.global_costmap]: Checking transform
[planner_server-7] [INFO] [1784132282.040299312] [global_costmap.global_costmap]: start
[rviz2-5] [INFO] [1784132282.070040544] [rviz2]: Trying to create a map of size 125 x 89 using 1 swatches
[planner_server-7] [INFO] [1784132282.091125004] [planner_server]: Activating plugin GridBased of type NavfnPlanner
[planner_server-7] [INFO] [1784132282.091692854] [planner_server]: Creating bond (planner_server) to lifecycle manager.
[lifecycle_manager-11] [INFO] [1784132282.206926560] [lifecycle_manager_navigation]: Server planner_server connected with bond.
[lifecycle_manager-11] [INFO] [1784132282.207004751] [lifecycle_manager_navigation]: [34m[1mActivating behavior_server[0m[0m
[behavior_server-8] [INFO] [1784132282.208031483] [behavior_server]: Activating
[behavior_server-8] [INFO] [1784132282.208081641] [behavior_server]: Activating spin
[behavior_server-8] [INFO] [1784132282.208103374] [behavior_server]: Activating backup
[behavior_server-8] [INFO] [1784132282.208119906] [behavior_server]: Activating drive_on_heading
[behavior_server-8] [INFO] [1784132282.208136119] [behavior_server]: Activating wait
[behavior_server-8] [INFO] [1784132282.208156367] [behavior_server]: Creating bond (behavior_server) to lifecycle manager.
[lifecycle_manager-11] [INFO] [1784132282.321747622] [lifecycle_manager_navigation]: Server behavior_server connected with bond.
[lifecycle_manager-11] [INFO] [1784132282.321811626] [lifecycle_manager_navigation]: [34m[1mActivating bt_navigator[0m[0m
[bt_navigator-9] [INFO] [1784132282.322701949] [bt_navigator]: Activating
[bt_navigator-9] [INFO] [1784132282.627318410] [bt_navigator]: Creating bond (bt_navigator) to lifecycle manager.
[lifecycle_manager-11] [INFO] [1784132282.741171218] [lifecycle_manager_navigation]: Server bt_navigator connected with bond.
[lifecycle_manager-11] [INFO] [1784132282.741261503] [lifecycle_manager_navigation]: [34m[1mActivating waypoint_follower[0m[0m
[waypoint_follower-10] [INFO] [1784132282.743497577] [waypoint_follower]: Activating
[waypoint_follower-10] [INFO] [1784132282.743578006] [waypoint_follower]: Creating bond (waypoint_follower) to lifecycle manager.
[lifecycle_manager-11] [INFO] [1784132282.882463429] [lifecycle_manager_navigation]: Server waypoint_follower connected with bond.
[lifecycle_manager-11] [INFO] [1784132282.882581211] [lifecycle_manager_navigation]: [34m[1mManaged nodes are active[0m[0m
[lifecycle_manager-11] [INFO] [1784132282.882604978] [lifecycle_manager_navigation]: [34m[1mCreating bond timer...[0m[0m
[bt_navigator-9] [INFO] [1784132283.982115703] [bt_navigator]: Begin navigating from current location (0.44, -0.13) to (1.40, 0.00)
[controller_server-6] [INFO] [1784132284.004464993] [controller_server]: Received a goal, begin computing control effort.
[controller_server-6] [WARN] [1784132284.004548898] [controller_server]: No goal checker was specified in parameter 'current_goal_checker'. Server will use only plugin loaded goal_checker . This warning will appear once.
[controller_server-6] [INFO] [1784132285.054678376] [controller_server]: Passing new path to controller.
[controller_server-6] [INFO] [1784132286.054662433] [controller_server]: Passing new path to controller.
[controller_server-6] [INFO] [1784132287.104674299] [controller_server]: Passing new path to controller.
[controller_server-6] [INFO] [1784132288.105492056] [controller_server]: Passing new path to controller.
[controller_server-6] [INFO] [1784132288.456458218] [controller_server]: Reached the goal!
[bt_navigator-9] [INFO] [1784132288.493543876] [bt_navigator]: Goal succeeded
