1784039161.9699869 [INFO] [launch]: All log files can be found below /home/gsing/2026Gsing/2026_Gsing-second_ROS/logs/ros/2026-07-14-22-26-01-960294-gsing-4878
1784039161.9725101 [INFO] [launch]: Default logging verbosity is set to INFO
1784039163.1770015 [INFO] [static_transform_publisher-1]: process started with pid [5042]
1784039163.1776829 [INFO] [static_transform_publisher-2]: process started with pid [5044]
1784039163.1781473 [INFO] [static_transform_publisher-3]: process started with pid [5045]
1784039163.1972613 [INFO] [static_transform_publisher-4]: process started with pid [5047]
1784039163.1981323 [INFO] [map_server-5]: process started with pid [5048]
1784039163.1987367 [INFO] [rviz2-6]: process started with pid [5049]
1784039168.5290668 [INFO] [controller_server-7]: process started with pid [5227]
1784039168.5502198 [INFO] [planner_server-8]: process started with pid [5228]
1784039168.5507879 [INFO] [behavior_server-9]: process started with pid [5229]
1784039168.5512011 [INFO] [bt_navigator-10]: process started with pid [5230]
1784039168.5735857 [INFO] [waypoint_follower-11]: process started with pid [5231]
1784039168.5741968 [INFO] [lifecycle_manager-12]: process started with pid [5232]
1784039168.5747278 [INFO] [goal_pose_to_nav2-13]: process started with pid [5233]
1784039168.5752120 [INFO] [costmap_to_grid-14]: process started with pid [5234]
1784039222.9290755 [INFO] [controller_server-7]: process has finished cleanly [pid 5227]
1784039223.4619813 [INFO] [rviz2-6]: process has finished cleanly [pid 5049]
1784039223.7293022 [INFO] [planner_server-8]: process has finished cleanly [pid 5228]
1784039223.8699279 [INFO] [bt_navigator-10]: process has finished cleanly [pid 5230]
