1784043416.7617378 [INFO] [launch]: All log files can be found below /home/gsing/2026Gsing/2026_Gsing-second_ROS/logs/ros/2026-07-14-23-36-56-755564-gsing-7111
1784043416.7628982 [INFO] [launch]: Default logging verbosity is set to INFO
1784043417.3319244 [INFO] [fastlio_mapping-1]: process started with pid [7304]
1784043417.3329513 [INFO] [env-2]: process started with pid [7305]
1784043417.3337269 [INFO] [env-3]: process started with pid [7306]
1784043417.3343608 [INFO] [pcd_to_pointcloud-4]: process started with pid [7307]
1784043451.2564113 [INFO] [fastlio_mapping-1]: process has finished cleanly [pid 7304]
1784043454.5687079 [ERROR] [env-3]: process has died [pid 7306, exit code 1, cmd 'env PATH=/usr/bin:/bin:/usr/sbin:/sbin /home/gsing/2026Gsing/2026_Gsing-second_ROS/fastlio2_v2/install/fast_lio_localization/lib/fast_lio_localization/transform_fusion --ros-args -r __node:=transform_fusion'].
1784043455.3595846 [ERROR] [env-2]: process has died [pid 7305, exit code 1, cmd 'env PATH=/usr/bin:/bin:/usr/sbin:/sbin /home/gsing/2026Gsing/2026_Gsing-second_ROS/fastlio2_v2/install/fast_lio_localization/lib/fast_lio_localization/global_localization --ros-args -r __node:=global_localization -p map_voxel_size:=0.01
...
 -p scan_voxel_size:=0.03
...
 -p freq_localization:=2.0
...
 -p freq_global_map:=0.25
...
 -p localization_threshold:=0.9
...
 -p fov:=6.28319
...
 -p fov_far:=300
...
 --params-file /tmp/launch_params_0ny3bbga --params-file /tmp/launch_params_55loz9_u'].
