1784052735.6240840 [INFO] [launch]: All log files can be found below /home/gsing/2026Gsing/2026_Gsing-second_ROS/logs/ros/2026-07-15-02-12-15-615995-gsing-7139
1784052735.6260617 [INFO] [launch]: Default logging verbosity is set to INFO
1784052737.1173496 [INFO] [static_transform_publisher-1]: process started with pid [7298]
1784052737.1179972 [INFO] [static_transform_publisher-2]: process started with pid [7299]
1784052737.1184366 [INFO] [static_transform_publisher-3]: process started with pid [7306]
1784052737.1310873 [INFO] [static_transform_publisher-4]: process started with pid [7308]
1784052737.1316085 [INFO] [map_server-5]: process started with pid [7309]
1784052737.1321533 [INFO] [rviz2-6]: process started with pid [7310]
1784052742.3283651 [INFO] [controller_server-7]: process started with pid [7472]
1784052742.3415985 [INFO] [planner_server-8]: process started with pid [7473]
1784052742.3422279 [INFO] [behavior_server-9]: process started with pid [7474]
1784052742.3427393 [INFO] [bt_navigator-10]: process started with pid [7475]
1784052742.3431742 [INFO] [waypoint_follower-11]: process started with pid [7476]
1784052742.3725693 [INFO] [lifecycle_manager-12]: process started with pid [7477]
1784052742.3732343 [INFO] [costmap_to_grid-13]: process started with pid [7478]
1784052814.1245141 [INFO] [controller_server-7]: process has finished cleanly [pid 7472]
1784052814.6104245 [INFO] [planner_server-8]: process has finished cleanly [pid 7473]
1784052815.1239748 [INFO] [rviz2-6]: process has finished cleanly [pid 7310]
1784052815.2114153 [INFO] [bt_navigator-10]: process has finished cleanly [pid 7475]
1784052816.4524460 [INFO] [lifecycle_manager-12]: process has finished cleanly [pid 7477]
