1784041075.2363236 [INFO] [launch]: All log files can be found below /home/gsing/2026Gsing/2026_Gsing-second_ROS/logs/ros/2026-07-14-22-57-55-224892-gsing-5628
1784041075.2383420 [INFO] [launch]: Default logging verbosity is set to INFO
1784041076.1436839 [INFO] [fastlio_mapping-1]: process started with pid [5849]
1784041076.1496658 [INFO] [env-2]: process started with pid [5850]
1784041076.1526747 [INFO] [env-3]: process started with pid [5851]
1784041076.1531594 [INFO] [pcd_to_pointcloud-4]: process started with pid [5852]
1784041130.2471640 [INFO] [fastlio_mapping-1]: process has finished cleanly [pid 5849]
1784041133.5486133 [ERROR] [env-3]: process has died [pid 5851, exit code 1, cmd 'env PATH=/usr/bin:/bin:/usr/sbin:/sbin /home/gsing/2026Gsing/2026_Gsing-second_ROS/fastlio2_v2/install/fast_lio_localization/lib/fast_lio_localization/transform_fusion --ros-args -r __node:=transform_fusion'].
1784041134.6777165 [ERROR] [env-2]: process has died [pid 5850, exit code 1, cmd 'env PATH=/usr/bin:/bin:/usr/sbin:/sbin /home/gsing/2026Gsing/2026_Gsing-second_ROS/fastlio2_v2/install/fast_lio_localization/lib/fast_lio_localization/global_localization --ros-args -r __node:=global_localization -p map_voxel_size:=0.01
...
 -p scan_voxel_size:=0.03
...
 -p freq_localization:=2.0
...
 -p freq_global_map:=0.25
...
 -p localization_threshold:=0.9
...
 -p fov:=6.28319
...
 -p fov_far:=300
...
 --params-file /tmp/launch_params_44itewor --params-file /tmp/launch_params_9f5t6rtl'].
