[INFO] [1783985555.788992145] [cube_detector]: ============================================================
[INFO] [1783985555.789439036] [cube_detector]: 3D OBB 立方体检测已启动
[INFO] [1783985555.789751724] [cube_detector]: 算法: 3D PCA → OBB包围盒 → 均值边长
[INFO] [1783985555.790018975] [cube_detector]: ============================================================
[INFO] [1783985556.595321865] [cube_detector]: [累积] 10帧合并为 50058 点
[INFO] [1783985556.633892312] [cube_detector]: [DBG] 原始50058→ROI2220→去地面2018→滤波1148点 → 1聚类(31噪点)
[INFO] [1783985556.636503339] [cube_detector]:   [淘汰] 聚类中心(0.277,0.197,0.252) 长宽比 5.41 > 3.0 dims=[0.053,0.200,0.285]
[INFO] [1783985557.424691866] [cube_detector]: [累积] 10帧合并为 50036 点
[INFO] [1783985557.448906267] [cube_detector]: [DBG] 原始50036→ROI2308→去地面2093→滤波1245点 → 1聚类(16噪点)
[INFO] [1783985557.450543008] [cube_detector]:   [淘汰] 聚类中心(0.278,0.195,0.254) 长宽比 4.62 > 3.0 dims=[0.064,0.197,0.298]
[INFO] [1783985558.262375552] [cube_detector]: [累积] 10帧合并为 50142 点
[INFO] [1783985558.294216028] [cube_detector]: [DBG] 原始50142→ROI2517→去地面2285→滤波1370点 → 1聚类(0噪点)
[INFO] [1783985558.296057439] [cube_detector]:   [淘汰] 聚类中心(0.279,0.197,0.254) 长宽比 4.36 > 3.0 dims=[0.068,0.199,0.299]
[INFO] [1783985559.091430670] [cube_detector]: [累积] 10帧合并为 50230 点
[INFO] [1783985559.115310403] [cube_detector]: [DBG] 原始50230→ROI2242→去地面2036→滤波1247点 → 1聚类(6噪点)
[INFO] [1783985559.117021357] [cube_detector]:   [淘汰] 聚类中心(0.278,0.195,0.252) 长宽比 4.73 > 3.0 dims=[0.062,0.200,0.296]
[INFO] [1783985559.932162030] [cube_detector]: [累积] 10帧合并为 50183 点
[INFO] [1783985559.959344135] [cube_detector]: [DBG] 原始50183→ROI2244→去地面2038→滤波1201点 → 2聚类(20噪点)
[INFO] [1783985559.961186451] [cube_detector]:   [淘汰] 聚类中心(0.277,0.193,0.250) 长宽比 5.19 > 3.0 dims=[0.055,0.200,0.286]
[INFO] [1783985560.768123298] [cube_detector]: [累积] 10帧合并为 50105 点
[INFO] [1783985560.800512521] [cube_detector]: [DBG] 原始50105→ROI2449→去地面2222→滤波1393点 → 1聚类(14噪点)
[INFO] [1783985560.802394752] [cube_detector]:   [淘汰] 聚类中心(0.278,0.187,0.254) 长宽比 4.49 > 3.0 dims=[0.065,0.200,0.291]
[INFO] [1783985561.599369246] [cube_detector]: [累积] 10帧合并为 50021 点
[INFO] [1783985561.626404012] [cube_detector]: [DBG] 原始50021→ROI2392→去地面2167→滤波1254点 → 1聚类(5噪点)
[INFO] [1783985561.628083266] [cube_detector]:   [淘汰] 聚类中心(0.278,0.203,0.254) 长宽比 5.57 > 3.0 dims=[0.055,0.198,0.307]
[INFO] [1783985562.437652392] [cube_detector]: [累积] 10帧合并为 50214 点
[INFO] [1783985562.464761669] [cube_detector]: [DBG] 原始50214→ROI2266→去地面2063→滤波1205点 → 1聚类(3噪点)
[INFO] [1783985562.466640464] [cube_detector]:   [淘汰] 聚类中心(0.278,0.200,0.255) 长宽比 5.67 > 3.0 dims=[0.053,0.200,0.300]
[INFO] [1783985563.267268501] [cube_detector]: [累积] 10帧合并为 50100 点
[INFO] [1783985563.285885805] [cube_detector]: [DBG] 原始50100→ROI2286→去地面2080→滤波1166点 → 1聚类(15噪点)
[INFO] [1783985563.287150273] [cube_detector]:   [淘汰] 聚类中心(0.279,0.202,0.254) 长宽比 5.85 > 3.0 dims=[0.052,0.199,0.306]
[INFO] [1783985564.102374686] [cube_detector]: [累积] 10帧合并为 49857 点
[INFO] [1783985564.130783097] [cube_detector]: [DBG] 原始49857→ROI2565→去地面2332→滤波1409点 → 1聚类(0噪点)
[INFO] [1783985564.132859380] [cube_detector]:   [淘汰] 聚类中心(0.281,0.195,0.253) 长宽比 4.77 > 3.0 dims=[0.065,0.199,0.311]
[INFO] [1783985564.946137125] [cube_detector]: [累积] 10帧合并为 50116 点
[INFO] [1783985564.982236972] [cube_detector]: [DBG] 原始50116→ROI2335→去地面2115→滤波1459点 → 1聚类(0噪点)
[INFO] [1783985564.984548294] [cube_detector]:   [淘汰] 聚类中心(0.281,0.201,0.253) 长宽比 4.60 > 3.0 dims=[0.067,0.197,0.308]
[INFO] [1783985565.773199574] [cube_detector]: [累积] 10帧合并为 50155 点
[INFO] [1783985565.794059591] [cube_detector]: [DBG] 原始50155→ROI2222→去地面2013→滤波1338点 → 1聚类(15噪点)
[INFO] [1783985565.795455639] [cube_detector]:   [淘汰] 聚类中心(0.279,0.195,0.253) 长宽比 4.54 > 3.0 dims=[0.065,0.199,0.294]
[INFO] [1783985566.608620265] [cube_detector]: [累积] 10帧合并为 50112 点
[INFO] [1783985566.635355704] [cube_detector]: [DBG] 原始50112→ROI2275→去地面2062→滤波1201点 → 1聚类(39噪点)
[INFO] [1783985566.637230902] [cube_detector]:   [淘汰] 聚类中心(0.277,0.198,0.251) 长宽比 5.93 > 3.0 dims=[0.050,0.199,0.299]
[INFO] [1783985567.446375866] [cube_detector]: [累积] 10帧合并为 50196 点
[INFO] [1783985567.476403373] [cube_detector]: [DBG] 原始50196→ROI2584→去地面2355→滤波1311点 → 1聚类(5噪点)
[INFO] [1783985567.478199671] [cube_detector]:   [淘汰] 聚类中心(0.279,0.201,0.254) 长宽比 5.60 > 3.0 dims=[0.054,0.200,0.303]
[INFO] [1783985568.285490146] [cube_detector]: [累积] 10帧合并为 50063 点
[INFO] [1783985568.324390131] [cube_detector]: [DBG] 原始50063→ROI2238→去地面2036→滤波1367点 → 1聚类(0噪点)
[INFO] [1783985568.326617486] [cube_detector]:   [淘汰] 聚类中心(0.281,0.199,0.251) 长宽比 4.94 > 3.0 dims=[0.062,0.198,0.305]
[INFO] [1783985569.130549919] [cube_detector]: [累积] 10帧合并为 50201 点
[INFO] [1783985569.166695824] [cube_detector]: [DBG] 原始50201→ROI2242→去地面2039→滤波1167点 → 1聚类(2噪点)
[INFO] [1783985569.169367803] [cube_detector]:   [淘汰] 聚类中心(0.280,0.193,0.254) 长宽比 4.28 > 3.0 dims=[0.070,0.201,0.299]
Traceback (most recent call last):
  File "/home/hyper/program/2026_Gsing-second_ROS/py/control/cube_detector.py", line 364, in <module>
    main()
  File "/home/hyper/program/2026_Gsing-second_ROS/py/control/cube_detector.py", line 360, in main
    rclpy.shutdown()
  File "/opt/ros/jazzy/lib/python3.12/site-packages/rclpy/__init__.py", line 134, in shutdown
    _shutdown(context=context)
  File "/opt/ros/jazzy/lib/python3.12/site-packages/rclpy/utilities.py", line 82, in shutdown
    context.shutdown()
  File "/opt/ros/jazzy/lib/python3.12/site-packages/rclpy/context.py", line 129, in shutdown
    self.__context.shutdown()
rclpy._rclpy_pybind11.RCLError: failed to shutdown: rcl_shutdown already called on the given context, at ./src/rcl/init.c:333
