[INFO] [1783984063.861799718] [cube_detector]: ============================================================
[INFO] [1783984063.862148501] [cube_detector]: 3D OBB 立方体检测已启动
[INFO] [1783984063.862391664] [cube_detector]: 算法: 3D PCA → OBB包围盒 → 均值边长
[INFO] [1783984063.862621523] [cube_detector]: ============================================================
[INFO] [1783984065.693207738] [cube_detector]: [累积] 10帧合并为 49179 点
[INFO] [1783984065.724454389] [cube_detector]: [DBG] 原始49179→ROI3551→去地面3295→滤波2147点 → 1聚类(17噪点)
[INFO] [1783984065.725828908] [cube_detector]: 检测到 1 个立方体:
[INFO] [1783984065.726170432] [cube_detector]:   [0] pos=(0.177,0.240,0.229) edge=0.257 mode=三面 dims=[0.183,0.272,0.316] ratio=1.73 xy_dist=0.298
[INFO] [1783984065.726883277] [cube_detector]: 已发布: x=0.177 y=0.240 z=0.229 边长=0.257m xy距离=0.298m
[INFO] [1783984066.529599238] [cube_detector]: [累积] 10帧合并为 49212 点
[INFO] [1783984066.555202133] [cube_detector]: [DBG] 原始49212→ROI3840→去地面3567→滤波2253点 → 1聚类(5噪点)
[INFO] [1783984066.556187881] [cube_detector]: 检测到 1 个立方体:
[INFO] [1783984066.556438665] [cube_detector]:   [0] pos=(0.179,0.238,0.229) edge=0.244 mode=三面 dims=[0.169,0.266,0.296] ratio=1.75 xy_dist=0.298
[INFO] [1783984066.556962133] [cube_detector]: 已发布: x=0.179 y=0.238 z=0.229 边长=0.244m xy距离=0.298m
[INFO] [1783984067.367372991] [cube_detector]: [累积] 10帧合并为 49238 点
[INFO] [1783984067.389355244] [cube_detector]: [DBG] 原始49238→ROI3637→去地面3380→滤波2112点 → 1聚类(0噪点)
[INFO] [1783984067.390486290] [cube_detector]: 检测到 1 个立方体:
[INFO] [1783984067.390774663] [cube_detector]:   [0] pos=(0.174,0.246,0.226) edge=0.254 mode=三面 dims=[0.176,0.269,0.318] ratio=1.81 xy_dist=0.301
[INFO] [1783984067.391392956] [cube_detector]: 已发布: x=0.174 y=0.246 z=0.226 边长=0.254m xy距离=0.301m
[INFO] [1783984068.196266471] [cube_detector]: [累积] 10帧合并为 49171 点
[INFO] [1783984068.220534863] [cube_detector]: [DBG] 原始49171→ROI3500→去地面3239→滤波2076点 → 1聚类(3噪点)
[INFO] [1783984068.221510537] [cube_detector]: 检测到 1 个立方体:
[INFO] [1783984068.221775382] [cube_detector]:   [0] pos=(0.177,0.240,0.229) edge=0.248 mode=三面 dims=[0.171,0.269,0.304] ratio=1.77 xy_dist=0.298
[INFO] [1783984068.222315545] [cube_detector]: 已发布: x=0.177 y=0.240 z=0.229 边长=0.248m xy距离=0.298m
[INFO] [1783984069.034559040] [cube_detector]: [累积] 10帧合并为 49208 点
[INFO] [1783984069.062293238] [cube_detector]: [DBG] 原始49208→ROI3573→去地面3308→滤波1914点 → 2聚类(2噪点)
[INFO] [1783984069.063499643] [cube_detector]:   [淘汰] 聚类中心(0.079,0.262,0.322) 长宽比 23.63 > 3.0 dims=[0.003,0.032,0.074]
[INFO] [1783984069.063742038] [cube_detector]: 检测到 1 个立方体:
[INFO] [1783984069.063966209] [cube_detector]:   [0] pos=(0.178,0.245,0.227) edge=0.262 mode=三面 dims=[0.186,0.271,0.328] ratio=1.77 xy_dist=0.303
[INFO] [1783984069.064470289] [cube_detector]: 已发布: x=0.178 y=0.245 z=0.227 边长=0.262m xy距离=0.303m
[INFO] [1783984069.874719324] [cube_detector]: [累积] 10帧合并为 49279 点
[INFO] [1783984069.902103888] [cube_detector]: [DBG] 原始49279→ROI3903→去地面3625→滤波1847点 → 2聚类(2噪点)
[INFO] [1783984069.903654474] [cube_detector]:   [淘汰] 聚类中心(0.079,0.262,0.325) 长宽比 27.19 > 3.0 dims=[0.003,0.030,0.080]
[INFO] [1783984069.903940662] [cube_detector]: 检测到 1 个立方体:
[INFO] [1783984069.904222252] [cube_detector]:   [0] pos=(0.176,0.246,0.228) edge=0.249 mode=三面 dims=[0.181,0.267,0.301] ratio=1.66 xy_dist=0.302
[INFO] [1783984069.904800662] [cube_detector]: 已发布: x=0.176 y=0.246 z=0.228 边长=0.249m xy距离=0.302m
[INFO] [1783984070.703361152] [cube_detector]: [累积] 10帧合并为 49400 点
[INFO] [1783984070.722565718] [cube_detector]: [DBG] 原始49400→ROI3531→去地面3274→滤波1872点 → 1聚类(8噪点)
[INFO] [1783984070.723645314] [cube_detector]: 检测到 1 个立方体:
[INFO] [1783984070.723924561] [cube_detector]:   [0] pos=(0.176,0.248,0.230) edge=0.260 mode=三面 dims=[0.187,0.274,0.319] ratio=1.71 xy_dist=0.305
[INFO] [1783984070.724560377] [cube_detector]: 已发布: x=0.176 y=0.248 z=0.230 边长=0.260m xy距离=0.305m
[INFO] [1783984071.540361434] [cube_detector]: [累积] 10帧合并为 49262 点
[INFO] [1783984071.556972094] [cube_detector]: [DBG] 原始49262→ROI3457→去地面3205→滤波1790点 → 1聚类(1噪点)
[INFO] [1783984071.557918784] [cube_detector]: 检测到 1 个立方体:
[INFO] [1783984071.558187188] [cube_detector]:   [0] pos=(0.175,0.244,0.227) edge=0.245 mode=三面 dims=[0.170,0.267,0.298] ratio=1.75 xy_dist=0.300
[INFO] [1783984071.558728734] [cube_detector]: 已发布: x=0.175 y=0.244 z=0.227 边长=0.245m xy距离=0.300m
[INFO] [1783984072.375883206] [cube_detector]: [累积] 10帧合并为 49211 点
[INFO] [1783984072.403176617] [cube_detector]: [DBG] 原始49211→ROI3664→去地面3386→滤波2046点 → 2聚类(26噪点)
[INFO] [1783984072.404778859] [cube_detector]:   [淘汰] 聚类中心(0.079,0.266,0.321) 长宽比 22.03 > 3.0 dims=[0.004,0.042,0.085]
[INFO] [1783984072.405079970] [cube_detector]: 检测到 1 个立方体:
[INFO] [1783984072.405363974] [cube_detector]:   [0] pos=(0.182,0.239,0.228) edge=0.252 mode=三面 dims=[0.170,0.274,0.313] ratio=1.84 xy_dist=0.301
[INFO] [1783984072.406095424] [cube_detector]: 已发布: x=0.182 y=0.239 z=0.228 边长=0.252m xy距离=0.301m
[INFO] [1783984073.212066572] [cube_detector]: [累积] 10帧合并为 49541 点
[INFO] [1783984073.236791238] [cube_detector]: [DBG] 原始49541→ROI3783→去地面3519→滤波2024点 → 1聚类(1噪点)
[INFO] [1783984073.237902240] [cube_detector]: 检测到 1 个立方体:
[INFO] [1783984073.238207527] [cube_detector]:   [0] pos=(0.173,0.245,0.227) edge=0.244 mode=三面 dims=[0.172,0.264,0.297] ratio=1.73 xy_dist=0.300
[INFO] [1783984073.238847799] [cube_detector]: 已发布: x=0.173 y=0.245 z=0.227 边长=0.244m xy距离=0.300m
[INFO] [1783984074.050442641] [cube_detector]: [累积] 10帧合并为 49410 点
[INFO] [1783984074.067759741] [cube_detector]: [DBG] 原始49410→ROI3433→去地面3184→滤波1820点 → 1聚类(8噪点)
[INFO] [1783984074.068709004] [cube_detector]: 检测到 1 个立方体:
[INFO] [1783984074.068975061] [cube_detector]:   [0] pos=(0.175,0.243,0.227) edge=0.244 mode=三面 dims=[0.169,0.266,0.296] ratio=1.75 xy_dist=0.300
[INFO] [1783984074.069544895] [cube_detector]: 已发布: x=0.175 y=0.243 z=0.227 边长=0.244m xy距离=0.300m
[INFO] [1783984074.883846527] [cube_detector]: [累积] 10帧合并为 49281 点
[INFO] [1783984074.909079140] [cube_detector]: [DBG] 原始49281→ROI3473→去地面3225→滤波2051点 → 1聚类(2噪点)
[INFO] [1783984074.910083078] [cube_detector]: 检测到 1 个立方体:
[INFO] [1783984074.910362762] [cube_detector]:   [0] pos=(0.177,0.241,0.227) edge=0.247 mode=三面 dims=[0.172,0.266,0.304] ratio=1.76 xy_dist=0.299
[INFO] [1783984074.910940253] [cube_detector]: 已发布: x=0.177 y=0.241 z=0.227 边长=0.247m xy距离=0.299m
[INFO] [1783984075.714218293] [cube_detector]: [累积] 10帧合并为 49354 点
[INFO] [1783984075.750108254] [cube_detector]: [DBG] 原始49354→ROI3929→去地面3654→滤波1790点 → 1聚类(43噪点)
[INFO] [1783984075.751474417] [cube_detector]: 检测到 1 个立方体:
[INFO] [1783984075.751870892] [cube_detector]:   [0] pos=(0.181,0.240,0.227) edge=0.244 mode=三面 dims=[0.167,0.269,0.295] ratio=1.77 xy_dist=0.300
[INFO] [1783984075.752625536] [cube_detector]: 已发布: x=0.181 y=0.240 z=0.227 边长=0.244m xy距离=0.300m
[INFO] [1783984076.549729493] [cube_detector]: [累积] 10帧合并为 49466 点
[INFO] [1783984076.577192722] [cube_detector]: [DBG] 原始49466→ROI3645→去地面3382→滤波1968点 → 1聚类(2噪点)
[INFO] [1783984076.578488223] [cube_detector]: 检测到 1 个立方体:
[INFO] [1783984076.578863603] [cube_detector]:   [0] pos=(0.173,0.252,0.229) edge=0.269 mode=三面 dims=[0.193,0.277,0.337] ratio=1.74 xy_dist=0.305
[INFO] [1783984076.579657706] [cube_detector]: 已发布: x=0.173 y=0.252 z=0.229 边长=0.269m xy距离=0.305m
[INFO] [1783984077.382289396] [cube_detector]: [累积] 10帧合并为 49407 点
[INFO] [1783984077.400381285] [cube_detector]: [DBG] 原始49407→ROI3492→去地面3242→滤波1858点 → 1聚类(2噪点)
[INFO] [1783984077.401350152] [cube_detector]: 检测到 1 个立方体:
[INFO] [1783984077.401619147] [cube_detector]:   [0] pos=(0.175,0.242,0.223) edge=0.245 mode=三面 dims=[0.173,0.267,0.295] ratio=1.71 xy_dist=0.298
[INFO] [1783984077.402186637] [cube_detector]: 已发布: x=0.175 y=0.242 z=0.223 边长=0.245m xy距离=0.298m
[INFO] [1783984078.217742278] [cube_detector]: [累积] 10帧合并为 49390 点
[INFO] [1783984078.243567750] [cube_detector]: [DBG] 原始49390→ROI3669→去地面3406→滤波2153点 → 1聚类(2噪点)
[INFO] [1783984078.244814710] [cube_detector]: 检测到 1 个立方体:
[INFO] [1783984078.245150413] [cube_detector]:   [0] pos=(0.178,0.243,0.226) edge=0.262 mode=三面 dims=[0.188,0.274,0.326] ratio=1.73 xy_dist=0.301
[INFO] [1783984078.245799905] [cube_detector]: 已发布: x=0.178 y=0.243 z=0.226 边长=0.262m xy距离=0.301m
[INFO] [1783984079.055168694] [cube_detector]: [累积] 10帧合并为 49400 点
[INFO] [1783984079.088197016] [cube_detector]: [DBG] 原始49400→ROI3967→去地面3673→滤波1706点 → 2聚类(15噪点)
[INFO] [1783984079.089505604] [cube_detector]:   [淘汰] 聚类中心(0.078,0.260,0.323) 长宽比 30.07 > 3.0 dims=[0.002,0.026,0.065]
[INFO] [1783984079.089830857] [cube_detector]: 检测到 1 个立方体:
[INFO] [1783984079.090093223] [cube_detector]:   [0] pos=(0.175,0.241,0.223) edge=0.248 mode=三面 dims=[0.177,0.267,0.301] ratio=1.70 xy_dist=0.298
[INFO] [1783984079.090674596] [cube_detector]: 已发布: x=0.175 y=0.241 z=0.223 边长=0.248m xy距离=0.298m
[INFO] [1783984079.891718676] [cube_detector]: [累积] 10帧合并为 49608 点
[INFO] [1783984079.912152867] [cube_detector]: [DBG] 原始49608→ROI3593→去地面3336→滤波1765点 → 1聚类(5噪点)
[INFO] [1783984079.913312260] [cube_detector]: 检测到 1 个立方体:
[INFO] [1783984079.913654037] [cube_detector]:   [0] pos=(0.173,0.246,0.227) edge=0.267 mode=三面 dims=[0.192,0.274,0.335] ratio=1.74 xy_dist=0.301
[INFO] [1783984079.914330047] [cube_detector]: 已发布: x=0.173 y=0.246 z=0.227 边长=0.267m xy距离=0.301m
[INFO] [1783984080.720721256] [cube_detector]: [累积] 10帧合并为 49400 点
[INFO] [1783984080.739605421] [cube_detector]: [DBG] 原始49400→ROI3527→去地面3273→滤波1916点 → 1聚类(16噪点)
[INFO] [1783984080.740492316] [cube_detector]: 检测到 1 个立方体:
[INFO] [1783984080.740738924] [cube_detector]:   [0] pos=(0.176,0.239,0.224) edge=0.239 mode=三面 dims=[0.166,0.258,0.294] ratio=1.78 xy_dist=0.297
[INFO] [1783984080.741248313] [cube_detector]: 已发布: x=0.176 y=0.239 z=0.224 边长=0.239m xy距离=0.297m
[INFO] [1783984081.553584136] [cube_detector]: [累积] 10帧合并为 49091 点
[INFO] [1783984081.578427581] [cube_detector]: [DBG] 原始49091→ROI3789→去地面3523→滤波1955点 → 3聚类(42噪点)
[INFO] [1783984081.579748748] [cube_detector]:   [淘汰] 聚类中心(0.079,0.277,0.319) 长宽比 21.80 > 3.0 dims=[0.004,0.038,0.078]
[INFO] [1783984081.580342817] [cube_detector]:   [淘汰] 聚类中心(0.201,0.320,0.069) 长宽比 3.03 > 3.0 dims=[0.025,0.055,0.075]
[INFO] [1783984081.580607525] [cube_detector]: 检测到 1 个立方体:
[INFO] [1783984081.580919307] [cube_detector]:   [0] pos=(0.181,0.238,0.224) edge=0.245 mode=三面 dims=[0.170,0.266,0.300] ratio=1.76 xy_dist=0.298
[INFO] [1783984081.581518874] [cube_detector]: 已发布: x=0.181 y=0.238 z=0.224 边长=0.245m xy距离=0.298m
[INFO] [1783984082.393672423] [cube_detector]: [累积] 10帧合并为 49102 点
[INFO] [1783984082.421133802] [cube_detector]: [DBG] 原始49102→ROI3740→去地面3470→滤波2193点 → 1聚类(47噪点)
[INFO] [1783984082.422010060] [cube_detector]: 检测到 1 个立方体:
[INFO] [1783984082.422247608] [cube_detector]:   [0] pos=(0.172,0.236,0.228) edge=0.247 mode=三面 dims=[0.177,0.262,0.301] ratio=1.71 xy_dist=0.292
[INFO] [1783984082.422758070] [cube_detector]: 已发布: x=0.172 y=0.236 z=0.228 边长=0.247m xy距离=0.292m
[INFO] [1783984083.225453209] [cube_detector]: [累积] 10帧合并为 49125 点
[INFO] [1783984083.251114547] [cube_detector]: [DBG] 原始49125→ROI2880→去地面2653→滤波1880点 → 1聚类(29噪点)
[INFO] [1783984083.252337358] [cube_detector]: 检测到 1 个立方体:
[INFO] [1783984083.252691977] [cube_detector]:   [0] pos=(0.188,0.254,0.235) edge=0.236 mode=三面 dims=[0.171,0.236,0.302] ratio=1.77 xy_dist=0.316
[INFO] [1783984083.253384686] [cube_detector]: 已发布: x=0.188 y=0.254 z=0.235 边长=0.236m xy距离=0.316m
[INFO] [1783984084.062148540] [cube_detector]: [累积] 10帧合并为 48978 点
[INFO] [1783984084.083172190] [cube_detector]: [DBG] 原始48978→ROI2855→去地面2633→滤波1774点 → 1聚类(7噪点)
[INFO] [1783984084.096512692] [cube_detector]: 检测到 1 个立方体:
[INFO] [1783984084.096923486] [cube_detector]:   [0] pos=(0.192,0.259,0.234) edge=0.235 mode=三面 dims=[0.168,0.245,0.293] ratio=1.75 xy_dist=0.322
[INFO] [1783984084.097978305] [cube_detector]: 已发布: x=0.192 y=0.259 z=0.234 边长=0.235m xy距离=0.322m
[INFO] [1783984084.898353753] [cube_detector]: [累积] 10帧合并为 49202 点
[INFO] [1783984084.921271420] [cube_detector]: [DBG] 原始49202→ROI3129→去地面2884→滤波1639点 → 1聚类(15噪点)
[INFO] [1783984084.922370218] [cube_detector]: 检测到 1 个立方体:
[INFO] [1783984084.922691985] [cube_detector]:   [0] pos=(0.194,0.266,0.231) edge=0.237 mode=三面 dims=[0.171,0.249,0.291] ratio=1.70 xy_dist=0.330
[INFO] [1783984084.923316433] [cube_detector]: 已发布: x=0.194 y=0.266 z=0.231 边长=0.237m xy距离=0.330m
[INFO] [1783984085.733233965] [cube_detector]: [累积] 10帧合并为 49149 点
[INFO] [1783984085.753218398] [cube_detector]: [DBG] 原始49149→ROI2794→去地面2574→滤波1782点 → 1聚类(14噪点)
[INFO] [1783984085.754322315] [cube_detector]: 检测到 1 个立方体:
[INFO] [1783984085.754637116] [cube_detector]:   [0] pos=(0.215,0.259,0.233) edge=0.235 mode=三面 dims=[0.167,0.243,0.294] ratio=1.76 xy_dist=0.337
[INFO] [1783984085.755257511] [cube_detector]: 已发布: x=0.215 y=0.259 z=0.233 边长=0.235m xy距离=0.337m
[INFO] [1783984086.566846879] [cube_detector]: [累积] 10帧合并为 49231 点
[INFO] [1783984086.586693521] [cube_detector]: [DBG] 原始49231→ROI2525→去地面2312→滤波1641点 → 1聚类(1噪点)
[INFO] [1783984086.587866011] [cube_detector]: 检测到 1 个立方体:
[INFO] [1783984086.588271750] [cube_detector]:   [0] pos=(0.232,0.252,0.233) edge=0.228 mode=三面 dims=[0.164,0.233,0.289] ratio=1.76 xy_dist=0.342
[INFO] [1783984086.589034786] [cube_detector]: 已发布: x=0.232 y=0.252 z=0.233 边长=0.228m xy距离=0.342m
[INFO] [1783984087.405592496] [cube_detector]: [累积] 10帧合并为 49278 点
[INFO] [1783984087.418287820] [cube_detector]: [DBG] 原始49278→ROI2493→去地面2284→滤波1502点 → 1聚类(10噪点)
[INFO] [1783984087.419193292] [cube_detector]: 检测到 1 个立方体:
[INFO] [1783984087.419453901] [cube_detector]:   [0] pos=(0.242,0.257,0.229) edge=0.227 mode=三面 dims=[0.162,0.233,0.285] ratio=1.76 xy_dist=0.353
[INFO] [1783984087.419983342] [cube_detector]: 已发布: x=0.242 y=0.257 z=0.229 边长=0.227m xy距离=0.353m
[INFO] [1783984088.235960269] [cube_detector]: [累积] 10帧合并为 49101 点
[INFO] [1783984088.255730578] [cube_detector]: [DBG] 原始49101→ROI2710→去地面2484→滤波1558点 → 1聚类(10噪点)
[INFO] [1783984088.256894423] [cube_detector]: 检测到 1 个立方体:
[INFO] [1783984088.257236263] [cube_detector]:   [0] pos=(0.239,0.255,0.228) edge=0.227 mode=三面 dims=[0.159,0.238,0.284] ratio=1.79 xy_dist=0.350
[INFO] [1783984088.257910484] [cube_detector]: 已发布: x=0.239 y=0.255 z=0.228 边长=0.227m xy距离=0.350m
Traceback (most recent call last):
  File "/home/hyper/program/2026_Gsing-second_ROS/py/control/cube_detector.py", line 364, in <module>
    main()
  File "/home/hyper/program/2026_Gsing-second_ROS/py/control/cube_detector.py", line 360, in main
    rclpy.shutdown()
  File "/opt/ros/jazzy/lib/python3.12/site-packages/rclpy/__init__.py", line 134, in shutdown
    _shutdown(context=context)
  File "/opt/ros/jazzy/lib/python3.12/site-packages/rclpy/utilities.py", line 82, in shutdown
    context.shutdown()
  File "/opt/ros/jazzy/lib/python3.12/site-packages/rclpy/context.py", line 129, in shutdown
    self.__context.shutdown()
rclpy._rclpy_pybind11.RCLError: failed to shutdown: rcl_shutdown already called on the given context, at ./src/rcl/init.c:333
