Traceback (most recent call last):
  File "/home/gsing/2026Gsing/2026_Gsing-second_ROS/py/control/cube_detector.py", line 36, in <module>
    from sklearn.cluster import DBSCAN
  File "/home/gsing/.local/lib/python3.12/site-packages/sklearn/__init__.py", line 70, in <module>
    from sklearn.base import clone  # noqa: E402
    ^^^^^^^^^^^^^^^^^^^^^^^^^^^^^^
  File "/home/gsing/.local/lib/python3.12/site-packages/sklearn/base.py", line 20, in <module>
    from sklearn.utils._metadata_requests import _MetadataRequester, _routing_enabled
  File "/home/gsing/.local/lib/python3.12/site-packages/sklearn/utils/__init__.py", line 9, in <module>
    from sklearn.utils._chunking import gen_batches, gen_even_slices
  File "/home/gsing/.local/lib/python3.12/site-packages/sklearn/utils/_chunking.py", line 11, in <module>
    from sklearn.utils._param_validation import Interval, validate_params
  File "/home/gsing/.local/lib/python3.12/site-packages/sklearn/utils/_param_validation.py", line 14, in <module>
    from scipy.sparse import csr_array, issparse
  File "/usr/lib/python3/dist-packages/scipy/sparse/__init__.py", line 275, in <module>
    from ._csc import *
  File "<frozen importlib._bootstrap>", line 1360, in _find_and_load
  File "<frozen importlib._bootstrap>", line 1331, in _find_and_load_unlocked
  File "<frozen importlib._bootstrap>", line 915, in _load_unlocked
KeyboardInterrupt
