1784033211.6505907 [INFO] [launch]: All log files can be found below /home/gsing/2026Gsing/2026_Gsing-second_ROS/logs/ros/2026-07-14-20-46-51-644592-gsing-4681
1784033211.6517420 [INFO] [launch]: Default logging verbosity is set to INFO
1784033212.6649418 [INFO] [static_transform_publisher-1]: process started with pid [4841]
1784033212.6772676 [INFO] [static_transform_publisher-2]: process started with pid [4842]
1784033212.6818175 [INFO] [static_transform_publisher-3]: process started with pid [4843]
1784033212.6827149 [INFO] [static_transform_publisher-4]: process started with pid [4844]
1784033212.6943178 [INFO] [map_server-5]: process started with pid [4845]
1784033212.6951668 [INFO] [rviz2-6]: process started with pid [4846]
1784033217.9501958 [INFO] [controller_server-7]: process started with pid [4994]
1784033217.9509282 [INFO] [planner_server-8]: process started with pid [4995]
1784033217.9544375 [INFO] [behavior_server-9]: process started with pid [4996]
1784033217.9720206 [INFO] [bt_navigator-10]: process started with pid [4999]
1784033217.9731994 [INFO] [waypoint_follower-11]: process started with pid [5006]
1784033217.9737356 [INFO] [lifecycle_manager-12]: process started with pid [5008]
1784033217.9741995 [INFO] [goal_pose_to_nav2-13]: process started with pid [5009]
1784033217.9926057 [INFO] [costmap_to_grid-14]: process started with pid [5010]
1784033262.4055459 [INFO] [controller_server-7]: process has finished cleanly [pid 4994]
1784033263.2539163 [INFO] [rviz2-6]: process has finished cleanly [pid 4846]
1784033263.3538573 [INFO] [planner_server-8]: process has finished cleanly [pid 4995]
1784033264.0317309 [INFO] [bt_navigator-10]: process has finished cleanly [pid 4999]
