1784043332.6278322 [INFO] [launch]: All log files can be found below /home/gsing/2026Gsing/2026_Gsing-second_ROS/logs/ros/2026-07-14-23-35-32-622982-gsing-5887
1784043332.6309981 [INFO] [launch]: Default logging verbosity is set to INFO
1784043333.5058799 [INFO] [static_transform_publisher-1]: process started with pid [6005]
1784043333.5065308 [INFO] [static_transform_publisher-2]: process started with pid [6006]
1784043333.5070393 [INFO] [static_transform_publisher-3]: process started with pid [6007]
1784043333.5074182 [INFO] [static_transform_publisher-4]: process started with pid [6008]
1784043333.5142336 [INFO] [map_server-5]: process started with pid [6009]
1784043333.5147781 [INFO] [rviz2-6]: process started with pid [6010]
1784043338.7457886 [INFO] [controller_server-7]: process started with pid [6179]
1784043338.7661901 [INFO] [planner_server-8]: process started with pid [6180]
1784043338.7666848 [INFO] [behavior_server-9]: process started with pid [6181]
1784043338.7670996 [INFO] [bt_navigator-10]: process started with pid [6182]
1784043338.7675734 [INFO] [waypoint_follower-11]: process started with pid [6183]
1784043338.7680681 [INFO] [lifecycle_manager-12]: process started with pid [6184]
1784043338.7684851 [INFO] [goal_pose_to_nav2-13]: process started with pid [6185]
1784043338.7841375 [INFO] [costmap_to_grid-14]: process started with pid [6186]
1784043394.2926013 [INFO] [controller_server-7]: process has finished cleanly [pid 6179]
1784043394.8625624 [INFO] [planner_server-8]: process has finished cleanly [pid 6180]
1784043395.0694382 [INFO] [rviz2-6]: process has finished cleanly [pid 6010]
1784043395.4532444 [INFO] [bt_navigator-10]: process has finished cleanly [pid 6182]
