1784062733.8828304 [INFO] [launch]: All log files can be found below /home/gsing/2026Gsing/2026_Gsing-second_ROS/logs/ros/2026-07-15-04-58-53-877172-gsing-6509
1784062733.8839633 [INFO] [launch]: Default logging verbosity is set to INFO
1784062734.3987784 [INFO] [fastlio_mapping-1]: process started with pid [6614]
1784062734.3995099 [INFO] [env-2]: process started with pid [6615]
1784062734.3999603 [INFO] [env-3]: process started with pid [6616]
1784062734.4004121 [INFO] [pcd_to_pointcloud-4]: process started with pid [6617]
1784062813.6099792 [ERROR] [env-2]: process has died [pid 6615, exit code 1, cmd 'env PATH=/usr/bin:/bin:/usr/sbin:/sbin /home/gsing/2026Gsing/2026_Gsing-second_ROS/fastlio2_v2/install/fast_lio_localization/lib/fast_lio_localization/global_localization --ros-args -r __node:=global_localization -p map_voxel_size:=0.08
...
 -p scan_voxel_size:=0.08
...
 -p freq_localization:=2.0
...
 -p freq_global_map:=0.25
...
 -p localization_threshold:=0.85
...
 -p fov:=6.28319
...
 -p fov_far:=300
...
 --params-file /tmp/launch_params_wnwn31ye --params-file /tmp/launch_params_2gegsjob'].
1784062814.7909799 [ERROR] [env-3]: process has died [pid 6616, exit code 1, cmd 'env PATH=/usr/bin:/bin:/usr/sbin:/sbin /home/gsing/2026Gsing/2026_Gsing-second_ROS/fastlio2_v2/install/fast_lio_localization/lib/fast_lio_localization/transform_fusion --ros-args -r __node:=transform_fusion'].
