1784030362.1017344 [INFO] [launch]: All log files can be found below /home/gsing/2026Gsing/2026_Gsing-second_ROS/logs/ros/2026-07-14-19-59-22-084446-gsing-7690
1784030362.1108849 [INFO] [launch]: Default logging verbosity is set to INFO
1784030363.4781163 [INFO] [fastlio_mapping-1]: process started with pid [7900]
1784030363.4824071 [INFO] [env-2]: process started with pid [7901]
1784030363.4861462 [INFO] [env-3]: process started with pid [7902]
1784030363.4867342 [INFO] [pcd_to_pointcloud-4]: process started with pid [7903]
1784030420.5461626 [INFO] [fastlio_mapping-1]: process has finished cleanly [pid 7900]
1784030422.7411935 [ERROR] [env-2]: process has died [pid 7901, exit code 1, cmd 'env PATH=/usr/bin:/bin:/usr/sbin:/sbin /home/gsing/2026Gsing/2026_Gsing-second_ROS/fastlio2_v2/install/fast_lio_localization/lib/fast_lio_localization/global_localization --ros-args -r __node:=global_localization -p map_voxel_size:=0.01
...
 -p scan_voxel_size:=0.03
...
 -p freq_localization:=2.0
...
 -p freq_global_map:=0.25
...
 -p localization_threshold:=0.9
...
 -p fov:=6.28319
...
 -p fov_far:=300
...
 --params-file /tmp/launch_params_tkzdblw2 --params-file /tmp/launch_params_fbc48r2l'].
1784030424.0939164 [ERROR] [env-3]: process has died [pid 7902, exit code 1, cmd 'env PATH=/usr/bin:/bin:/usr/sbin:/sbin /home/gsing/2026Gsing/2026_Gsing-second_ROS/fastlio2_v2/install/fast_lio_localization/lib/fast_lio_localization/transform_fusion --ros-args -r __node:=transform_fusion'].
