[INFO] [1783974405.822363693] [laser_mapping]: p_pre->lidar_type 5
Multi thread started 
~~~~/home/hyper/program/2026_Gsing-second_ROS/fastlio2_v2/src/unilidar_fastlio_ros2-ros2/ file opened
[INFO] [1783974405.825266855] [laser_mapping]: Node init finished.
[INFO] [1783974405.906830025] [pointcloud_x_filter]: 点云过滤器已启动，仅保留 x > 0.0, 半径 > 0.0 的点
IMU Initial Done
[WARN] [1783974406.075178599] [laser_mapping]: No point, skip this scan!

[INFO] [1783974406.165873034] [laser_mapping]: Initialize the map kdtree
[INFO] [1783974406.249333513] [laser_mapping]: publish_map: frame pts=2916, total=0
[INFO] [1783974406.328681730] [laser_mapping]: publish_map: frame pts=2501, total=2916
[INFO] [1783974406.408765146] [laser_mapping]: publish_map: frame pts=2703, total=5417
[INFO] [1783974406.488755842] [laser_mapping]: publish_map: frame pts=2810, total=8120
[INFO] [1783974406.578902017] [laser_mapping]: publish_map: frame pts=2599, total=10930
[INFO] [1783974406.658860175] [laser_mapping]: publish_map: frame pts=2891, total=13529
[INFO] [1783974406.749182780] [laser_mapping]: publish_map: frame pts=2721, total=16420
[INFO] [1783974406.825061760] [laser_mapping]: publish_map: frame pts=2721, total=19141
[INFO] [1783974406.831384310] [laser_mapping]: publish_map: frame pts=2479, total=21862
[INFO] [1783974406.907803645] [laser_mapping]: publish_map: frame pts=2907, total=24341
[INFO] [1783974406.999174855] [laser_mapping]: publish_map: frame pts=2593, total=27248
[INFO] [1783974407.078367297] [laser_mapping]: publish_map: frame pts=2658, total=29841
[INFO] [1783974407.158181212] [laser_mapping]: publish_map: frame pts=2808, total=32499
[INFO] [1783974407.247532626] [laser_mapping]: publish_map: frame pts=2614, total=35307
[INFO] [1783974407.329227004] [laser_mapping]: publish_map: frame pts=2693, total=37921
[INFO] [1783974407.418742695] [laser_mapping]: publish_map: frame pts=2785, total=40614
[INFO] [1783974407.498003856] [laser_mapping]: publish_map: frame pts=2601, total=43399
[INFO] [1783974407.578293032] [laser_mapping]: publish_map: frame pts=2769, total=46000
[INFO] [1783974407.668611501] [laser_mapping]: publish_map: frame pts=2730, total=48769
[INFO] [1783974407.750391858] [laser_mapping]: publish_map: frame pts=2595, total=51499
[INFO] [1783974407.825076107] [laser_mapping]: publish_map: frame pts=2595, total=54094
[INFO] [1783974407.832938887] [laser_mapping]: publish_map: frame pts=2793, total=56689
[INFO] [1783974407.918944845] [laser_mapping]: publish_map: frame pts=2539, total=59482
[INFO] [1783974407.998339722] [laser_mapping]: publish_map: frame pts=2643, total=62021
[INFO] [1783974408.078410357] [laser_mapping]: publish_map: frame pts=2914, total=64664
[INFO] [1783974408.168852955] [laser_mapping]: publish_map: frame pts=2560, total=67578
[INFO] [1783974408.248491991] [laser_mapping]: publish_map: frame pts=2683, total=70138
[INFO] [1783974408.328581510] [laser_mapping]: publish_map: frame pts=2790, total=72821
[INFO] [1783974408.418364342] [laser_mapping]: publish_map: frame pts=2488, total=75611
[INFO] [1783974408.498575806] [laser_mapping]: publish_map: frame pts=2876, total=78099
[INFO] [1783974408.579181812] [laser_mapping]: publish_map: frame pts=2732, total=80975
[INFO] [1783974408.668059575] [laser_mapping]: publish_map: frame pts=2477, total=83707
[INFO] [1783974408.748116758] [laser_mapping]: publish_map: frame pts=2819, total=86184
[INFO] [1783974408.825077413] [laser_mapping]: publish_map: frame pts=2819, total=89003
[INFO] [1783974408.833151899] [laser_mapping]: publish_map: frame pts=2691, total=91822
[INFO] [1783974408.917692410] [laser_mapping]: publish_map: frame pts=2600, total=94513
[INFO] [1783974408.998280362] [laser_mapping]: publish_map: frame pts=2792, total=97113
[INFO] [1783974409.078137533] [laser_mapping]: publish_map: frame pts=2627, total=99905
[INFO] [1783974409.168767389] [laser_mapping]: publish_map: frame pts=2677, total=102532
[INFO] [1783974409.251548231] [laser_mapping]: publish_map: frame pts=2799, total=105209
[INFO] [1783974409.338442855] [laser_mapping]: publish_map: frame pts=2508, total=108008
[INFO] [1783974409.418909878] [laser_mapping]: publish_map: frame pts=2867, total=110516
[INFO] [1783974409.498449587] [laser_mapping]: publish_map: frame pts=2740, total=113383
[INFO] [1783974409.578383647] [laser_mapping]: publish_map: frame pts=2477, total=116123
[INFO] [1783974409.668456291] [laser_mapping]: publish_map: frame pts=2792, total=118600
[INFO] [1783974409.748733305] [laser_mapping]: publish_map: frame pts=2707, total=121392
[INFO] [1783974409.825087122] [laser_mapping]: publish_map: frame pts=2707, total=124099
[INFO] [1783974409.833737671] [laser_mapping]: publish_map: frame pts=2605, total=126806
[INFO] [1783974409.918479011] [laser_mapping]: publish_map: frame pts=2908, total=129411
[INFO] [1783974409.998441509] [laser_mapping]: publish_map: frame pts=2518, total=132319
[INFO] [1783974410.078606847] [laser_mapping]: publish_map: frame pts=2668, total=134837
[INFO] [1783974410.168418454] [laser_mapping]: publish_map: frame pts=2816, total=137505
[INFO] [1783974410.248481967] [laser_mapping]: publish_map: frame pts=2597, total=140321
[INFO] [1783974410.338629784] [laser_mapping]: publish_map: frame pts=2867, total=142918
[INFO] [1783974410.419065460] [laser_mapping]: publish_map: frame pts=2739, total=145785
[INFO] [1783974410.498568544] [laser_mapping]: publish_map: frame pts=2580, total=148524
[INFO] [1783974410.578673806] [laser_mapping]: publish_map: frame pts=2782, total=151104
[INFO] [1783974410.668840694] [laser_mapping]: publish_map: frame pts=2695, total=153886
[INFO] [1783974410.748414922] [laser_mapping]: publish_map: frame pts=2491, total=156581
[INFO] [1783974410.825059479] [laser_mapping]: publish_map: frame pts=2491, total=159072
[INFO] [1783974410.837057112] [laser_mapping]: publish_map: frame pts=2911, total=161563
[INFO] [1783974410.918350481] [laser_mapping]: publish_map: frame pts=2514, total=164474
[INFO] [1783974410.998047176] [laser_mapping]: publish_map: frame pts=2670, total=166988
[INFO] [1783974411.088119298] [laser_mapping]: publish_map: frame pts=2811, total=169658
[INFO] [1783974411.168108050] [laser_mapping]: publish_map: frame pts=2607, total=172469
[INFO] [1783974411.249106147] [laser_mapping]: publish_map: frame pts=2867, total=175076
[INFO] [1783974411.339181789] [laser_mapping]: publish_map: frame pts=2741, total=177943
[INFO] [1783974411.418673036] [laser_mapping]: publish_map: frame pts=2478, total=180684
[INFO] [1783974411.498801094] [laser_mapping]: publish_map: frame pts=2792, total=183162
[INFO] [1783974411.588988155] [laser_mapping]: publish_map: frame pts=2706, total=185954
[INFO] [1783974411.668467061] [laser_mapping]: publish_map: frame pts=2602, total=188660
[INFO] [1783974411.746993092] [laser_mapping]: publish_map: frame pts=2911, total=191262
[INFO] [1783974411.825060321] [laser_mapping]: publish_map: frame pts=2911, total=194173
[INFO] [1783974411.837079157] [laser_mapping]: publish_map: frame pts=2583, total=197084
[INFO] [1783974411.918584596] [laser_mapping]: publish_map: frame pts=2677, total=199667
[INFO] [1783974411.998861565] [laser_mapping]: publish_map: frame pts=2796, total=202344
[INFO] [1783974412.088375605] [laser_mapping]: publish_map: frame pts=2496, total=205140
[INFO] [1783974412.172144420] [laser_mapping]: publish_map: frame pts=2790, total=207636
[INFO] [1783974412.258475739] [laser_mapping]: publish_map: frame pts=2737, total=210426
[INFO] [1783974412.338165919] [laser_mapping]: publish_map: frame pts=2594, total=213163
[INFO] [1783974412.418505202] [laser_mapping]: publish_map: frame pts=2898, total=215757
[INFO] [1783974412.498579116] [laser_mapping]: publish_map: frame pts=2691, total=218655
[INFO] [1783974412.588225217] [laser_mapping]: publish_map: frame pts=2604, total=221346
[INFO] [1783974412.668638384] [laser_mapping]: publish_map: frame pts=2812, total=223950
[INFO] [1783974412.748200091] [laser_mapping]: publish_map: frame pts=2511, total=226762
[INFO] [1783974412.825060022] [laser_mapping]: publish_map: frame pts=2511, total=229273
[INFO] [1783974412.847343597] [laser_mapping]: publish_map: frame pts=2676, total=231784
[INFO] [1783974412.918447620] [laser_mapping]: publish_map: frame pts=2795, total=234460
[INFO] [1783974412.997757597] [laser_mapping]: publish_map: frame pts=2563, total=237255
[INFO] [1783974413.089555116] [laser_mapping]: publish_map: frame pts=2877, total=239818
[INFO] [1783974413.169049543] [laser_mapping]: publish_map: frame pts=2732, total=242695
[INFO] [1783974413.248724657] [laser_mapping]: publish_map: frame pts=2536, total=245427
[INFO] [1783974413.338476019] [laser_mapping]: publish_map: frame pts=2787, total=247963
[INFO] [1783974413.418393174] [laser_mapping]: publish_map: frame pts=2650, total=250750
[INFO] [1783974413.497833828] [laser_mapping]: publish_map: frame pts=2637, total=253400
[INFO] [1783974413.588845727] [laser_mapping]: publish_map: frame pts=2917, total=256037
[INFO] [1783974413.669168291] [laser_mapping]: publish_map: frame pts=2511, total=258954
[INFO] [1783974413.758696683] [laser_mapping]: publish_map: frame pts=2673, total=261465
[INFO] [1783974413.825063645] [laser_mapping]: publish_map: frame pts=2673, total=264138
[INFO] [1783974413.847178439] [laser_mapping]: publish_map: frame pts=2916, total=266811
[INFO] [1783974413.918564799] [laser_mapping]: publish_map: frame pts=2491, total=269727
[INFO] [1783974413.998589605] [laser_mapping]: publish_map: frame pts=2756, total=272218
[INFO] [1783974414.088646496] [laser_mapping]: publish_map: frame pts=2727, total=274974
[INFO] [1783974414.168407352] [laser_mapping]: publish_map: frame pts=2591, total=277701
[INFO] [1783974414.259036860] [laser_mapping]: publish_map: frame pts=2899, total=280292
[INFO] [1783974414.339091711] [laser_mapping]: publish_map: frame pts=2695, total=283191
[INFO] [1783974414.418619915] [laser_mapping]: publish_map: frame pts=2500, total=285886
[INFO] [1783974414.498620956] [laser_mapping]: publish_map: frame pts=2790, total=288386
[INFO] [1783974414.588927993] [laser_mapping]: publish_map: frame pts=2509, total=291176
[INFO] [1783974414.669258093] [laser_mapping]: publish_map: frame pts=2679, total=293685
[INFO] [1783974414.758968070] [laser_mapping]: publish_map: frame pts=2914, total=296364
[INFO] [1783974414.825080672] [laser_mapping]: publish_map: frame pts=2914, total=299278
[INFO] [1783974414.847141862] [laser_mapping]: publish_map: frame pts=2590, total=302192
[INFO] [1783974414.919289208] [laser_mapping]: publish_map: frame pts=2765, total=304782
[INFO] [1783974415.009356482] [laser_mapping]: publish_map: frame pts=2725, total=307547
[INFO] [1783974415.088297186] [laser_mapping]: publish_map: frame pts=2478, total=310272
[INFO] [1783974415.168598935] [laser_mapping]: publish_map: frame pts=2901, total=312750
[INFO] [1783974415.258734378] [laser_mapping]: publish_map: frame pts=2679, total=315651
[INFO] [1783974415.338932029] [laser_mapping]: publish_map: frame pts=2630, total=318330
[INFO] [1783974415.419364212] [laser_mapping]: publish_map: frame pts=2914, total=320960
[INFO] [1783974415.508670718] [laser_mapping]: publish_map: frame pts=2509, total=323874
[INFO] [1783974415.589381974] [laser_mapping]: publish_map: frame pts=2678, total=326383
[INFO] [1783974415.669327128] [laser_mapping]: publish_map: frame pts=2789, total=329061
[INFO] [1783974415.758506434] [laser_mapping]: publish_map: frame pts=2489, total=331850
[INFO] [1783974415.825085352] [laser_mapping]: publish_map: frame pts=2489, total=334339
[INFO] [1783974415.847733188] [laser_mapping]: publish_map: frame pts=2879, total=336828
[INFO] [1783974415.919232571] [laser_mapping]: publish_map: frame pts=2731, total=339707
[INFO] [1783974416.008355869] [laser_mapping]: publish_map: frame pts=2595, total=342438
[INFO] [1783974416.088663080] [laser_mapping]: publish_map: frame pts=2799, total=345033
[INFO] [1783974416.168760000] [laser_mapping]: publish_map: frame pts=2540, total=347832
[INFO] [1783974416.258081962] [laser_mapping]: publish_map: frame pts=2639, total=350372
[INFO] [1783974416.338164735] [laser_mapping]: publish_map: frame pts=2916, total=353011
[INFO] [1783974416.418498412] [laser_mapping]: publish_map: frame pts=2620, total=355927
[INFO] [1783974416.508013623] [laser_mapping]: publish_map: frame pts=2685, total=358547
[INFO] [1783974416.587952259] [laser_mapping]: publish_map: frame pts=2915, total=361232
[INFO] [1783974416.667729245] [laser_mapping]: publish_map: frame pts=2492, total=364147
[INFO] [1783974416.757965720] [laser_mapping]: publish_map: frame pts=2770, total=366639
[INFO] [1783974416.825074767] [laser_mapping]: publish_map: frame pts=2770, total=369409
[INFO] [1783974416.847602582] [laser_mapping]: publish_map: frame pts=2730, total=372179
[INFO] [1783974416.928044427] [laser_mapping]: publish_map: frame pts=2592, total=374909
[INFO] [1783974417.007911368] [laser_mapping]: publish_map: frame pts=2903, total=377501
[INFO] [1783974417.088203487] [laser_mapping]: publish_map: frame pts=2544, total=380404
[INFO] [1783974417.178367538] [laser_mapping]: publish_map: frame pts=2645, total=382948
[INFO] [1783974417.258227705] [laser_mapping]: publish_map: frame pts=2791, total=385593
[INFO] [1783974417.337945590] [laser_mapping]: publish_map: frame pts=2549, total=388384
[INFO] [1783974417.428082366] [laser_mapping]: publish_map: frame pts=2686, total=390933
[INFO] [1783974417.507846056] [laser_mapping]: publish_map: frame pts=2912, total=393619
[INFO] [1783974417.587434983] [laser_mapping]: publish_map: frame pts=2513, total=396531
[INFO] [1783974417.678391561] [laser_mapping]: publish_map: frame pts=2766, total=399044
[INFO] [1783974417.757827382] [laser_mapping]: publish_map: frame pts=2720, total=401810
[INFO] [1783974417.825076097] [laser_mapping]: publish_map: frame pts=2720, total=404530
[INFO] [1783974417.847421234] [laser_mapping]: publish_map: frame pts=2573, total=407250
[INFO] [1783974417.927956166] [laser_mapping]: publish_map: frame pts=2903, total=409823
[INFO] [1783974418.014705701] [laser_mapping]: publish_map: frame pts=2544, total=412726
[INFO] [1783974418.087944944] [laser_mapping]: publish_map: frame pts=2645, total=415270
[INFO] [1783974418.178236432] [laser_mapping]: publish_map: frame pts=2796, total=417915
[INFO] [1783974418.258298471] [laser_mapping]: publish_map: frame pts=2616, total=420711
[INFO] [1783974418.338843442] [laser_mapping]: publish_map: frame pts=2686, total=423327
[INFO] [1783974418.428238301] [laser_mapping]: publish_map: frame pts=2912, total=426013
[INFO] [1783974418.507749149] [laser_mapping]: publish_map: frame pts=2489, total=428925
[INFO] [1783974418.588072429] [laser_mapping]: publish_map: frame pts=2760, total=431414
[INFO] [1783974418.679259668] [laser_mapping]: publish_map: frame pts=2720, total=434174
[INFO] [1783974418.758005830] [laser_mapping]: publish_map: frame pts=2482, total=436894
[INFO] [1783974418.825073894] [laser_mapping]: publish_map: frame pts=2482, total=439376
[INFO] [1783974418.856961893] [laser_mapping]: publish_map: frame pts=2903, total=441858
[INFO] [1783974418.928364115] [laser_mapping]: publish_map: frame pts=2652, total=444761
[INFO] [1783974419.007849646] [laser_mapping]: publish_map: frame pts=2654, total=447413
[INFO] [1783974419.098344221] [laser_mapping]: publish_map: frame pts=2897, total=450067
[INFO] [1783974419.177986565] [laser_mapping]: publish_map: frame pts=2506, total=452964
[INFO] [1783974419.258402857] [laser_mapping]: publish_map: frame pts=2687, total=455470
[INFO] [1783974419.338336055] [laser_mapping]: publish_map: frame pts=2783, total=458157
[INFO] [1783974419.428012026] [laser_mapping]: publish_map: frame pts=2487, total=460940
[INFO] [1783974419.507222011] [laser_mapping]: publish_map: frame pts=2886, total=463427
[INFO] [1783974419.588398404] [laser_mapping]: publish_map: frame pts=2724, total=466313
[INFO] [1783974419.677758204] [laser_mapping]: publish_map: frame pts=2599, total=469037
[INFO] [1783974419.758269353] [laser_mapping]: publish_map: frame pts=2906, total=471636
[INFO] [1783974419.825064728] [laser_mapping]: publish_map: frame pts=2906, total=474542
[INFO] [1783974419.857641869] [laser_mapping]: publish_map: frame pts=2531, total=477448
[INFO] [1783974419.928744177] [laser_mapping]: publish_map: frame pts=2656, total=479979
[INFO] [1783974420.008314243] [laser_mapping]: publish_map: frame pts=2793, total=482635
[INFO] [1783974420.087997386] [laser_mapping]: publish_map: frame pts=2555, total=485428
[INFO] [1783974420.177951618] [laser_mapping]: publish_map: frame pts=2700, total=487983
[INFO] [1783974420.241473947] [laser_mapping]: Saving map to /home/hyper/program/2026_Gsing-second_ROS/map/PCD14.pcd...
[INFO] [1783974421.073804613] [laser_mapping]: publish_map: frame pts=2700, total=490683
[INFO] [1783974421.087735142] [laser_mapping]: publish_map: frame pts=2908, total=493383
[INFO] [1783974421.104663013] [laser_mapping]: publish_map: frame pts=2908, total=496291
[INFO] [1783974421.116537820] [laser_mapping]: publish_map: frame pts=2908, total=499199
[INFO] [1783974421.128562594] [laser_mapping]: publish_map: frame pts=2908, total=502107
[INFO] [1783974421.140614701] [laser_mapping]: publish_map: frame pts=2908, total=505015
[INFO] [1783974421.152911846] [laser_mapping]: publish_map: frame pts=2908, total=507923
[INFO] [1783974421.176482050] [laser_mapping]: publish_map: frame pts=2770, total=510831
[INFO] [1783974421.258051692] [laser_mapping]: publish_map: frame pts=2588, total=513601
[INFO] [1783974421.337326693] [laser_mapping]: publish_map: frame pts=2889, total=516189
[INFO] [1783974421.428619325] [laser_mapping]: publish_map: frame pts=2719, total=519078
[INFO] [1783974421.508328352] [laser_mapping]: publish_map: frame pts=2563, total=521797
[INFO] [1783974421.598225894] [laser_mapping]: publish_map: frame pts=2794, total=524360
[INFO] [1783974421.678392796] [laser_mapping]: publish_map: frame pts=2514, total=527154
[INFO] [1783974421.758126819] [laser_mapping]: publish_map: frame pts=2666, total=529668
[INFO] [1783974421.825071303] [laser_mapping]: publish_map: frame pts=2666, total=532334
[INFO] [1783974421.847376041] [laser_mapping]: publish_map: frame pts=2917, total=535000
[INFO] [1783974421.928232279] [laser_mapping]: publish_map: frame pts=2613, total=537917
[INFO] [1783974422.008615638] [laser_mapping]: publish_map: frame pts=2849, total=540530
[INFO] [1783974422.098708587] [laser_mapping]: publish_map: frame pts=2757, total=543379
[INFO] [1783974422.178059676] [laser_mapping]: publish_map: frame pts=2480, total=546136
[INFO] [1783974422.258237670] [laser_mapping]: publish_map: frame pts=2781, total=548616
[INFO] [1783974422.310697512] [rclcpp]: signal_handler(SIGINT/SIGTERM)
Traceback (most recent call last):
  File "/home/hyper/program/2026_Gsing-second_ROS/py/tools/pointcloud_x_filter.py", line 88, in main
    rclpy.spin(node)
  File "/opt/ros/jazzy/lib/python3.12/site-packages/rclpy/__init__.py", line 247, in spin
    executor.spin_once()
  File "/opt/ros/jazzy/lib/python3.12/site-packages/rclpy/executors.py", line 926, in spin_once
    self._spin_once_impl(timeout_sec)
  File "/opt/ros/jazzy/lib/python3.12/site-packages/rclpy/executors.py", line 907, in _spin_once_impl
    handler, entity, node = self.wait_for_ready_callbacks(
                            ^^^^^^^^^^^^^^^^^^^^^^^^^^^^^^
  File "/opt/ros/jazzy/lib/python3.12/site-packages/rclpy/executors.py", line 877, in wait_for_ready_callbacks
    return next(self._cb_iter)
           ^^^^^^^^^^^^^^^^^^^
  File "/opt/ros/jazzy/lib/python3.12/site-packages/rclpy/executors.py", line 785, in _wait_for_ready_callbacks
    raise ExternalShutdownException()
rclpy.executors.ExternalShutdownException

During handling of the above exception, another exception occurred:

Traceback (most recent call last):
  File "/home/hyper/program/2026_Gsing-second_ROS/py/tools/pointcloud_x_filter.py", line 97, in <module>
    main()
  File "/home/hyper/program/2026_Gsing-second_ROS/py/tools/pointcloud_x_filter.py", line 93, in main
    rclpy.shutdown()
  File "/opt/ros/jazzy/lib/python3.12/site-packages/rclpy/__init__.py", line 134, in shutdown
    _shutdown(context=context)
  File "/opt/ros/jazzy/lib/python3.12/site-packages/rclpy/utilities.py", line 82, in shutdown
    context.shutdown()
  File "/opt/ros/jazzy/lib/python3.12/site-packages/rclpy/context.py", line 129, in shutdown
    self.__context.shutdown()
rclpy._rclpy_pybind11.RCLError: failed to shutdown: rcl_shutdown already called on the given context, at ./src/rcl/init.c:333
current scan saved to /PCD/map.pcd
terminate called after throwing an instance of 'pcl::IOException'
  what():  : [pcl::PCDWriter::writeBinary] Error during open!
