[INFO] [launch]: All log files can be found below /home/hyper/.ros/log/2026-07-14-04-14-50-140225-hyper-Ubuntu-39991
[INFO] [launch]: Default logging verbosity is set to INFO
[INFO] [fastlio_mapping-1]: process started with pid [40097]
[INFO] [rviz2-2]: process started with pid [40098]
[INFO] [env-3]: process started with pid [40099]
[INFO] [env-4]: process started with pid [40100]
[INFO] [pcd_to_pointcloud-5]: process started with pid [40101]
[pcd_to_pointcloud-5] [INFO] [1783973690.230778047] [map_publisher]: Publishing data with 633023 points (x y z normal_x normal_y normal_z intensity curvature) on topic /cloud_pcd in frame map.
[fastlio_mapping-1] [INFO] [1783973690.248225427] [fastlio_mapping]: p_pre->lidar_type 5
[fastlio_mapping-1] Multi thread started 
[fastlio_mapping-1] ~~~~/home/hyper/program/2026_Gsing-second_ROS/fastlio2_v2/src/unilidar_fastlio_ros2-ros2/ file opened
[fastlio_mapping-1] [INFO] [1783973690.252213874] [fastlio_mapping]: Node init finished.
[rviz2-2] [INFO] [1783973691.162139831] [rviz2]: Stereo is NOT SUPPORTED
[rviz2-2] [INFO] [1783973691.162195643] [rviz2]: OpenGl version: 4.6 (GLSL 4.6)
[rviz2-2] [INFO] [1783973691.184263557] [rviz2]: Stereo is NOT SUPPORTED
[rviz2-2] [INFO] [1783973691.217264804] [rviz]: Subscribing to: /cur_scan_in_map
[rviz2-2] 
[rviz2-2] [INFO] [1783973691.217483968] [rviz]: Subscribing to: /cloud_pcd
[rviz2-2] 
[rviz2-2] [INFO] [1783973691.217686641] [rviz]: Subscribing to: /cloud_pcd
[rviz2-2] 
[rviz2-2] [INFO] [1783973691.217821247] [rviz]: Subscribing to: /submap
[rviz2-2] 
[rviz2-2] [INFO] [1783973691.229250979] [rviz]: Subscribing to: /cur_scan_in_map
[rviz2-2] 
[rviz2-2] [INFO] [1783973691.229454749] [rviz]: Subscribing to: /cloud_pcd
[rviz2-2] 
[rviz2-2] [INFO] [1783973691.229684086] [rviz]: Subscribing to: /submap
[rviz2-2] 
[env-3] [INFO] [1783973691.360970463] [global_localization]: Waiting for global map...
[env-3] [INFO] [1783973691.361156803] [global_localization]: Loading map: /home/hyper/program/2026_Gsing-second_ROS/map/map.pcd, voxel_size=0.01
[env-3] [INFO] [1783973691.560902916] [global_localization]: Map loaded: raw=633023 pts, downsampled=136947 pts
[env-3] [INFO] [1783973691.561089657] [global_localization]: Global map received.
[env-3] [INFO] [1783973692.062799534] [global_localization]: Waiting for initial pose...
[env-3] [INFO] [1783973692.562696789] [global_localization]: Waiting for initial pose...
[env-3] [INFO] [1783973693.062816861] [global_localization]: Waiting for initial pose...
[env-3] [INFO] [1783973693.562960462] [global_localization]: Waiting for initial pose...
[env-3] [INFO] [1783973694.062684205] [global_localization]: Waiting for initial pose...
[env-3] [INFO] [1783973694.562806079] [global_localization]: Waiting for initial pose...
[env-3] [INFO] [1783973695.062893744] [global_localization]: Waiting for initial pose...
[env-3] [INFO] [1783973695.562713056] [global_localization]: Waiting for initial pose...
[env-3] [INFO] [1783973696.062783436] [global_localization]: Waiting for initial pose...
[env-3] [INFO] [1783973696.563020614] [global_localization]: Waiting for initial pose...
[env-3] [INFO] [1783973697.062649030] [global_localization]: Waiting for initial pose...
[env-3] [INFO] [1783973697.562740945] [global_localization]: Waiting for initial pose...
[env-3] [INFO] [1783973698.062918302] [global_localization]: Waiting for initial pose...
[env-3] [WARN] [1783973698.384892173] [global_localization]: No odometry yet, using map→base_link as map→odom (approximate)
[env-3] [WARN] [1783973698.385677468] [global_localization]: No odometry yet, skip odom transform in crop
[env-3] [INFO] [1783973698.392141458] [global_localization]: ICP input: scan=48934 pts, map_FOV=136947 pts
[env-3] [INFO] [1783973698.554012613] [global_localization]: ICP fitness: coarse=1.000, fine=0.985, threshold=0.9
[env-3] [INFO] [1783973698.554205724] [global_localization]: map→odom: x=0.236 y=0.203 z=-0.066
[env-3] [WARN] [1783973698.562680966] [global_localization]: No odometry yet, skip odom transform in crop
[env-3] [INFO] [1783973698.566284835] [global_localization]: ICP input: scan=9691 pts, map_FOV=136947 pts
[env-3] [INFO] [1783973698.697963392] [global_localization]: ICP fitness: coarse=1.000, fine=0.989, threshold=0.9
[env-3] [INFO] [1783973698.698192301] [global_localization]: map→odom: x=0.213 y=0.227 z=-0.059
[env-3] [WARN] [1783973699.063049874] [global_localization]: No odometry yet, skip odom transform in crop
[env-3] [INFO] [1783973699.067271545] [global_localization]: ICP input: scan=29554 pts, map_FOV=136947 pts
[env-3] [INFO] [1783973699.242579604] [global_localization]: ICP fitness: coarse=1.000, fine=0.988, threshold=0.9
[env-3] [INFO] [1783973699.242844097] [global_localization]: map→odom: x=0.254 y=0.203 z=-0.065
[env-3] [WARN] [1783973699.563382734] [global_localization]: No odometry yet, skip odom transform in crop
[env-3] [INFO] [1783973699.568466126] [global_localization]: ICP input: scan=29317 pts, map_FOV=136947 pts
[env-3] [INFO] [1783973699.726809385] [global_localization]: ICP fitness: coarse=1.000, fine=0.991, threshold=0.9
[env-3] [INFO] [1783973699.727007026] [global_localization]: map→odom: x=0.235 y=0.216 z=-0.065
[env-3] [WARN] [1783973700.063230742] [global_localization]: No odometry yet, skip odom transform in crop
[env-3] [INFO] [1783973700.067628265] [global_localization]: ICP input: scan=29320 pts, map_FOV=136947 pts
[env-3] [INFO] [1783973700.228770596] [global_localization]: ICP fitness: coarse=1.000, fine=0.989, threshold=0.9
[env-3] [INFO] [1783973700.229004484] [global_localization]: map→odom: x=0.251 y=0.201 z=-0.066
[env-3] [WARN] [1783973700.563535555] [global_localization]: No odometry yet, skip odom transform in crop
[env-3] [INFO] [1783973700.569672088] [global_localization]: ICP input: scan=29413 pts, map_FOV=136947 pts
[env-3] [INFO] [1783973700.728150675] [global_localization]: ICP fitness: coarse=1.000, fine=0.988, threshold=0.9
[env-3] [INFO] [1783973700.728384821] [global_localization]: map→odom: x=0.251 y=0.197 z=-0.069
[env-3] [WARN] [1783973701.063146701] [global_localization]: No odometry yet, skip odom transform in crop
[env-3] [INFO] [1783973701.067994009] [global_localization]: ICP input: scan=29239 pts, map_FOV=136947 pts
[env-3] [INFO] [1783973701.238667281] [global_localization]: ICP fitness: coarse=1.000, fine=0.984, threshold=0.9
[env-3] [INFO] [1783973701.238882304] [global_localization]: map→odom: x=0.250 y=0.215 z=-0.068
[env-3] [WARN] [1783973701.563034516] [global_localization]: No odometry yet, skip odom transform in crop
[env-3] [INFO] [1783973701.568412282] [global_localization]: ICP input: scan=29405 pts, map_FOV=136947 pts
[env-3] [INFO] [1783973701.723715979] [global_localization]: ICP fitness: coarse=1.000, fine=0.990, threshold=0.9
[env-3] [INFO] [1783973701.723908528] [global_localization]: map→odom: x=0.225 y=0.203 z=-0.066
[env-3] [WARN] [1783973702.063587313] [global_localization]: No odometry yet, skip odom transform in crop
[env-3] [INFO] [1783973702.070598920] [global_localization]: ICP input: scan=29409 pts, map_FOV=136947 pts
[env-3] [INFO] [1783973702.227000004] [global_localization]: ICP fitness: coarse=1.000, fine=0.988, threshold=0.9
[env-3] [INFO] [1783973702.227208973] [global_localization]: map→odom: x=0.241 y=0.209 z=-0.065
[env-3] [WARN] [1783973702.563385171] [global_localization]: No odometry yet, skip odom transform in crop
[env-3] [INFO] [1783973702.568863534] [global_localization]: ICP input: scan=29293 pts, map_FOV=136947 pts
[env-3] [INFO] [1783973702.724982338] [global_localization]: ICP fitness: coarse=1.000, fine=0.988, threshold=0.9
[env-3] [INFO] [1783973702.725176658] [global_localization]: map→odom: x=0.227 y=0.200 z=-0.063
[env-3] [WARN] [1783973703.063286397] [global_localization]: No odometry yet, skip odom transform in crop
[env-3] [INFO] [1783973703.067488171] [global_localization]: ICP input: scan=29442 pts, map_FOV=136947 pts
[env-3] [INFO] [1783973703.220489726] [global_localization]: ICP fitness: coarse=1.000, fine=0.988, threshold=0.9
[env-3] [INFO] [1783973703.220685887] [global_localization]: map→odom: x=0.226 y=0.203 z=-0.063
[env-3] [WARN] [1783973703.563397937] [global_localization]: No odometry yet, skip odom transform in crop
[env-3] [INFO] [1783973703.568601836] [global_localization]: ICP input: scan=29313 pts, map_FOV=136947 pts
[env-3] [INFO] [1783973703.719516518] [global_localization]: ICP fitness: coarse=1.000, fine=0.988, threshold=0.9
[env-3] [INFO] [1783973703.719738374] [global_localization]: map→odom: x=0.246 y=0.205 z=-0.064
[env-3] [WARN] [1783973704.063403993] [global_localization]: No odometry yet, skip odom transform in crop
[env-3] [INFO] [1783973704.068868541] [global_localization]: ICP input: scan=29219 pts, map_FOV=136947 pts
[env-3] [INFO] [1783973704.220548508] [global_localization]: ICP fitness: coarse=1.000, fine=0.986, threshold=0.9
[env-3] [INFO] [1783973704.220762067] [global_localization]: map→odom: x=0.259 y=0.193 z=-0.063
[env-3] [WARN] [1783973704.563508566] [global_localization]: No odometry yet, skip odom transform in crop
[env-3] [INFO] [1783973704.569260685] [global_localization]: ICP input: scan=29411 pts, map_FOV=136947 pts
[env-3] [INFO] [1783973704.727707939] [global_localization]: ICP fitness: coarse=1.000, fine=0.990, threshold=0.9
[env-3] [INFO] [1783973704.727916484] [global_localization]: map→odom: x=0.243 y=0.195 z=-0.068
[env-3] [WARN] [1783973705.063351644] [global_localization]: No odometry yet, skip odom transform in crop
[env-3] [INFO] [1783973705.068138830] [global_localization]: ICP input: scan=29379 pts, map_FOV=136947 pts
[env-3] [INFO] [1783973705.215648167] [global_localization]: ICP fitness: coarse=1.000, fine=0.985, threshold=0.9
[env-3] [INFO] [1783973705.215878229] [global_localization]: map→odom: x=0.236 y=0.211 z=-0.066
[env-3] [WARN] [1783973705.563038841] [global_localization]: No odometry yet, skip odom transform in crop
[env-3] [INFO] [1783973705.566625389] [global_localization]: ICP input: scan=29239 pts, map_FOV=136947 pts
[env-3] [INFO] [1783973705.721400242] [global_localization]: ICP fitness: coarse=1.000, fine=0.986, threshold=0.9
[env-3] [INFO] [1783973705.721590496] [global_localization]: map→odom: x=0.248 y=0.204 z=-0.067
[env-3] [WARN] [1783973706.063517677] [global_localization]: No odometry yet, skip odom transform in crop
[env-3] [INFO] [1783973706.069557665] [global_localization]: ICP input: scan=29409 pts, map_FOV=136947 pts
[env-3] [INFO] [1783973706.243904015] [global_localization]: ICP fitness: coarse=1.000, fine=0.989, threshold=0.9
[env-3] [INFO] [1783973706.244123398] [global_localization]: map→odom: x=0.290 y=0.196 z=-0.074
[env-3] [WARN] [1783973706.563062395] [global_localization]: No odometry yet, skip odom transform in crop
[env-3] [INFO] [1783973706.567978994] [global_localization]: ICP input: scan=29255 pts, map_FOV=136947 pts
[env-3] [INFO] [1783973706.723822355] [global_localization]: ICP fitness: coarse=1.000, fine=0.987, threshold=0.9
[env-3] [INFO] [1783973706.724053948] [global_localization]: map→odom: x=0.228 y=0.205 z=-0.063
[env-3] [WARN] [1783973707.063086728] [global_localization]: No odometry yet, skip odom transform in crop
[env-3] [INFO] [1783973707.067323064] [global_localization]: ICP input: scan=29253 pts, map_FOV=136947 pts
[env-3] [INFO] [1783973707.216528356] [global_localization]: ICP fitness: coarse=1.000, fine=0.988, threshold=0.9
[env-3] [INFO] [1783973707.216795065] [global_localization]: map→odom: x=0.251 y=0.212 z=-0.065
[env-3] [WARN] [1783973707.563037068] [global_localization]: No odometry yet, skip odom transform in crop
[env-3] [INFO] [1783973707.567358807] [global_localization]: ICP input: scan=29507 pts, map_FOV=136947 pts
[env-3] [INFO] [1783973707.722245048] [global_localization]: ICP fitness: coarse=1.000, fine=0.989, threshold=0.9
[env-3] [INFO] [1783973707.722440770] [global_localization]: map→odom: x=0.260 y=0.196 z=-0.069
[env-3] [WARN] [1783973708.063148389] [global_localization]: No odometry yet, skip odom transform in crop
[env-3] [INFO] [1783973708.067577031] [global_localization]: ICP input: scan=29274 pts, map_FOV=136947 pts
[env-3] [INFO] [1783973708.240841566] [global_localization]: ICP fitness: coarse=1.000, fine=0.988, threshold=0.9
[env-3] [INFO] [1783973708.241061467] [global_localization]: map→odom: x=0.218 y=0.207 z=-0.063
[env-3] [WARN] [1783973708.563107467] [global_localization]: No odometry yet, skip odom transform in crop
[env-3] [INFO] [1783973708.567172716] [global_localization]: ICP input: scan=29324 pts, map_FOV=136947 pts
[env-3] [INFO] [1783973708.718126558] [global_localization]: ICP fitness: coarse=1.000, fine=0.988, threshold=0.9
[env-3] [INFO] [1783973708.718334921] [global_localization]: map→odom: x=0.250 y=0.200 z=-0.067
[env-3] [WARN] [1783973709.063395501] [global_localization]: No odometry yet, skip odom transform in crop
[env-3] [INFO] [1783973709.068937734] [global_localization]: ICP input: scan=29414 pts, map_FOV=136947 pts
[env-3] [INFO] [1783973709.225060261] [global_localization]: ICP fitness: coarse=1.000, fine=0.989, threshold=0.9
[env-3] [INFO] [1783973709.225272153] [global_localization]: map→odom: x=0.236 y=0.207 z=-0.065
[env-3] [WARN] [1783973709.563054894] [global_localization]: No odometry yet, skip odom transform in crop
[env-3] [INFO] [1783973709.566694430] [global_localization]: ICP input: scan=29224 pts, map_FOV=136947 pts
[env-3] [INFO] [1783973709.715817312] [global_localization]: ICP fitness: coarse=1.000, fine=0.986, threshold=0.9
[env-3] [INFO] [1783973709.716016698] [global_localization]: map→odom: x=0.234 y=0.207 z=-0.065
[env-3] [WARN] [1783973710.063531797] [global_localization]: No odometry yet, skip odom transform in crop
[env-3] [INFO] [1783973710.069190194] [global_localization]: ICP input: scan=29400 pts, map_FOV=136947 pts
[env-3] [INFO] [1783973710.214472832] [global_localization]: ICP fitness: coarse=1.000, fine=0.990, threshold=0.9
[env-3] [INFO] [1783973710.214669642] [global_localization]: map→odom: x=0.249 y=0.205 z=-0.067
[env-3] [WARN] [1783973710.563445612] [global_localization]: No odometry yet, skip odom transform in crop
[env-3] [INFO] [1783973710.569127257] [global_localization]: ICP input: scan=29269 pts, map_FOV=136947 pts
[env-3] [INFO] [1783973710.722414621] [global_localization]: ICP fitness: coarse=1.000, fine=0.989, threshold=0.9
[env-3] [INFO] [1783973710.722611340] [global_localization]: map→odom: x=0.244 y=0.208 z=-0.064
[env-3] [WARN] [1783973711.063108979] [global_localization]: No odometry yet, skip odom transform in crop
[env-3] [INFO] [1783973711.067135186] [global_localization]: ICP input: scan=29187 pts, map_FOV=136947 pts
[env-3] [INFO] [1783973711.222087683] [global_localization]: ICP fitness: coarse=1.000, fine=0.990, threshold=0.9
[env-3] [INFO] [1783973711.222293760] [global_localization]: map→odom: x=0.232 y=0.215 z=-0.064
[env-3] [WARN] [1783973711.563539546] [global_localization]: No odometry yet, skip odom transform in crop
[env-3] [INFO] [1783973711.568986316] [global_localization]: ICP input: scan=29447 pts, map_FOV=136947 pts
[env-3] [INFO] [1783973711.740997626] [global_localization]: ICP fitness: coarse=1.000, fine=0.988, threshold=0.9
[env-3] [INFO] [1783973711.741200047] [global_localization]: map→odom: x=0.288 y=0.194 z=-0.070
[env-3] [WARN] [1783973712.063374319] [global_localization]: No odometry yet, skip odom transform in crop
[env-3] [INFO] [1783973712.067941496] [global_localization]: ICP input: scan=29267 pts, map_FOV=136947 pts
[env-3] [INFO] [1783973712.221935317] [global_localization]: ICP fitness: coarse=1.000, fine=0.988, threshold=0.9
[env-3] [INFO] [1783973712.222124224] [global_localization]: map→odom: x=0.250 y=0.208 z=-0.068
[env-3] [WARN] [1783973712.563359181] [global_localization]: No odometry yet, skip odom transform in crop
[env-3] [INFO] [1783973712.568657058] [global_localization]: ICP input: scan=29279 pts, map_FOV=136947 pts
[env-3] [INFO] [1783973712.720366270] [global_localization]: ICP fitness: coarse=1.000, fine=0.987, threshold=0.9
[env-3] [INFO] [1783973712.720568613] [global_localization]: map→odom: x=0.264 y=0.199 z=-0.067
[env-3] [WARN] [1783973713.063081875] [global_localization]: No odometry yet, skip odom transform in crop
[env-3] [INFO] [1783973713.067250304] [global_localization]: ICP input: scan=29465 pts, map_FOV=136947 pts
[env-3] [INFO] [1783973713.218289762] [global_localization]: ICP fitness: coarse=1.000, fine=0.990, threshold=0.9
[env-3] [INFO] [1783973713.218493445] [global_localization]: map→odom: x=0.257 y=0.209 z=-0.065
[env-3] [WARN] [1783973713.563062681] [global_localization]: No odometry yet, skip odom transform in crop
[env-3] [INFO] [1783973713.567132175] [global_localization]: ICP input: scan=29311 pts, map_FOV=136947 pts
[env-3] [INFO] [1783973713.735606584] [global_localization]: ICP fitness: coarse=1.000, fine=0.986, threshold=0.9
[env-3] [INFO] [1783973713.735815941] [global_localization]: map→odom: x=0.257 y=0.210 z=-0.068
[env-3] [WARN] [1783973714.063102035] [global_localization]: No odometry yet, skip odom transform in crop
[env-3] [INFO] [1783973714.067891165] [global_localization]: ICP input: scan=29290 pts, map_FOV=136947 pts
[env-3] [INFO] [1783973714.208929822] [global_localization]: ICP fitness: coarse=1.000, fine=0.990, threshold=0.9
[env-3] [INFO] [1783973714.209177042] [global_localization]: map→odom: x=0.237 y=0.198 z=-0.065
[env-3] [WARN] [1783973714.563204606] [global_localization]: No odometry yet, skip odom transform in crop
[env-3] [INFO] [1783973714.567927111] [global_localization]: ICP input: scan=29405 pts, map_FOV=136947 pts
[env-3] [INFO] [1783973714.725645210] [global_localization]: ICP fitness: coarse=1.000, fine=0.988, threshold=0.9
[env-3] [INFO] [1783973714.725881879] [global_localization]: map→odom: x=0.258 y=0.211 z=-0.066
[env-3] [WARN] [1783973715.063030070] [global_localization]: No odometry yet, skip odom transform in crop
[env-3] [INFO] [1783973715.066634383] [global_localization]: ICP input: scan=29219 pts, map_FOV=136947 pts
[env-3] [INFO] [1783973715.220825979] [global_localization]: ICP fitness: coarse=1.000, fine=0.988, threshold=0.9
[env-3] [INFO] [1783973715.221019138] [global_localization]: map→odom: x=0.231 y=0.208 z=-0.061
[env-3] [WARN] [1783973715.563284646] [global_localization]: No odometry yet, skip odom transform in crop
[env-3] [INFO] [1783973715.567518862] [global_localization]: ICP input: scan=29216 pts, map_FOV=136947 pts
[env-3] [INFO] [1783973715.715968136] [global_localization]: ICP fitness: coarse=1.000, fine=0.988, threshold=0.9
[env-3] [INFO] [1783973715.716192879] [global_localization]: map→odom: x=0.248 y=0.182 z=-0.064
[env-3] [WARN] [1783973716.063148764] [global_localization]: No odometry yet, skip odom transform in crop
[env-3] [INFO] [1783973716.067365552] [global_localization]: ICP input: scan=29494 pts, map_FOV=136947 pts
[env-3] [INFO] [1783973716.242528281] [global_localization]: ICP fitness: coarse=1.000, fine=0.988, threshold=0.9
[env-3] [INFO] [1783973716.242754093] [global_localization]: map→odom: x=0.249 y=0.200 z=-0.067
[env-3] [WARN] [1783973716.563157474] [global_localization]: No odometry yet, skip odom transform in crop
[env-3] [INFO] [1783973716.567425991] [global_localization]: ICP input: scan=29277 pts, map_FOV=136947 pts
[env-3] [INFO] [1783973716.716990074] [global_localization]: ICP fitness: coarse=1.000, fine=0.985, threshold=0.9
[env-3] [INFO] [1783973716.717188348] [global_localization]: map→odom: x=0.235 y=0.207 z=-0.066
[env-3] [WARN] [1783973717.063273553] [global_localization]: No odometry yet, skip odom transform in crop
[env-3] [INFO] [1783973717.068081385] [global_localization]: ICP input: scan=29291 pts, map_FOV=136947 pts
[env-3] [INFO] [1783973717.216272822] [global_localization]: ICP fitness: coarse=1.000, fine=0.990, threshold=0.9
[env-3] [INFO] [1783973717.216513512] [global_localization]: map→odom: x=0.244 y=0.193 z=-0.064
[env-3] [WARN] [1783973717.563089061] [global_localization]: No odometry yet, skip odom transform in crop
[env-3] [INFO] [1783973717.567099974] [global_localization]: ICP input: scan=29381 pts, map_FOV=136947 pts
[env-3] [INFO] [1783973717.715176621] [global_localization]: ICP fitness: coarse=1.000, fine=0.989, threshold=0.9
[env-3] [INFO] [1783973717.715367265] [global_localization]: map→odom: x=0.256 y=0.209 z=-0.068
[env-3] [WARN] [1783973718.063499667] [global_localization]: No odometry yet, skip odom transform in crop
[env-3] [INFO] [1783973718.068864206] [global_localization]: ICP input: scan=29264 pts, map_FOV=136947 pts
[env-3] [INFO] [1783973718.216403370] [global_localization]: ICP fitness: coarse=1.000, fine=0.987, threshold=0.9
[env-3] [INFO] [1783973718.216597556] [global_localization]: map→odom: x=0.253 y=0.203 z=-0.065
[env-3] [WARN] [1783973718.563080505] [global_localization]: No odometry yet, skip odom transform in crop
[env-3] [INFO] [1783973718.567354166] [global_localization]: ICP input: scan=29435 pts, map_FOV=136947 pts
[env-3] [INFO] [1783973718.712631738] [global_localization]: ICP fitness: coarse=1.000, fine=0.991, threshold=0.9
[env-3] [INFO] [1783973718.712831455] [global_localization]: map→odom: x=0.250 y=0.209 z=-0.066
[env-3] [WARN] [1783973719.063104616] [global_localization]: No odometry yet, skip odom transform in crop
[env-3] [INFO] [1783973719.067191741] [global_localization]: ICP input: scan=29319 pts, map_FOV=136947 pts
[env-3] [INFO] [1783973719.221248967] [global_localization]: ICP fitness: coarse=1.000, fine=0.989, threshold=0.9
[env-3] [INFO] [1783973719.221452835] [global_localization]: map→odom: x=0.247 y=0.204 z=-0.064
[env-3] [WARN] [1783973719.563151495] [global_localization]: No odometry yet, skip odom transform in crop
[env-3] [INFO] [1783973719.568627906] [global_localization]: ICP input: scan=29258 pts, map_FOV=136947 pts
[env-3] [INFO] [1783973719.734675622] [global_localization]: ICP fitness: coarse=1.000, fine=0.989, threshold=0.9
[env-3] [INFO] [1783973719.734894941] [global_localization]: map→odom: x=0.241 y=0.205 z=-0.066
[env-3] [WARN] [1783973720.063513419] [global_localization]: No odometry yet, skip odom transform in crop
[env-3] [INFO] [1783973720.070089936] [global_localization]: ICP input: scan=29458 pts, map_FOV=136947 pts
[env-3] [INFO] [1783973720.212959515] [global_localization]: ICP fitness: coarse=1.000, fine=0.990, threshold=0.9
[env-3] [INFO] [1783973720.213154275] [global_localization]: map→odom: x=0.249 y=0.205 z=-0.063
[env-3] [WARN] [1783973720.563060773] [global_localization]: No odometry yet, skip odom transform in crop
[env-3] [INFO] [1783973720.570458693] [global_localization]: ICP input: scan=29292 pts, map_FOV=136947 pts
[env-3] [INFO] [1783973720.745225309] [global_localization]: ICP fitness: coarse=1.000, fine=0.984, threshold=0.9
[env-3] [INFO] [1783973720.745427438] [global_localization]: map→odom: x=0.266 y=0.193 z=-0.069
[env-3] [WARN] [1783973721.063136219] [global_localization]: No odometry yet, skip odom transform in crop
[env-3] [INFO] [1783973721.067887551] [global_localization]: ICP input: scan=29229 pts, map_FOV=136947 pts
[env-3] [INFO] [1783973721.215881322] [global_localization]: ICP fitness: coarse=1.000, fine=0.988, threshold=0.9
[env-3] [INFO] [1783973721.216086034] [global_localization]: map→odom: x=0.267 y=0.202 z=-0.067
[env-3] [WARN] [1783973721.563050496] [global_localization]: No odometry yet, skip odom transform in crop
[env-3] [INFO] [1783973721.567341765] [global_localization]: ICP input: scan=29342 pts, map_FOV=136947 pts
[env-3] [INFO] [1783973721.722443675] [global_localization]: ICP fitness: coarse=1.000, fine=0.990, threshold=0.9
[env-3] [INFO] [1783973721.722639260] [global_localization]: map→odom: x=0.234 y=0.201 z=-0.067
[env-3] [WARN] [1783973722.063245636] [global_localization]: No odometry yet, skip odom transform in crop
[env-3] [INFO] [1783973722.067295136] [global_localization]: ICP input: scan=29260 pts, map_FOV=136947 pts
[env-3] [INFO] [1783973722.214787374] [global_localization]: ICP fitness: coarse=1.000, fine=0.987, threshold=0.9
[env-3] [INFO] [1783973722.215021626] [global_localization]: map→odom: x=0.238 y=0.208 z=-0.066
[env-3] [WARN] [1783973722.563303615] [global_localization]: No odometry yet, skip odom transform in crop
[env-3] [INFO] [1783973722.568249825] [global_localization]: ICP input: scan=29485 pts, map_FOV=136947 pts
[env-3] [INFO] [1783973722.725596052] [global_localization]: ICP fitness: coarse=1.000, fine=0.990, threshold=0.9
[env-3] [INFO] [1783973722.725796935] [global_localization]: map→odom: x=0.261 y=0.204 z=-0.066
[env-3] [WARN] [1783973723.063135665] [global_localization]: No odometry yet, skip odom transform in crop
[env-3] [INFO] [1783973723.067032173] [global_localization]: ICP input: scan=29249 pts, map_FOV=136947 pts
[env-3] [INFO] [1783973723.211650180] [global_localization]: ICP fitness: coarse=1.000, fine=0.989, threshold=0.9
[env-3] [INFO] [1783973723.211858009] [global_localization]: map→odom: x=0.235 y=0.206 z=-0.065
[env-3] [WARN] [1783973723.563663158] [global_localization]: No odometry yet, skip odom transform in crop
[env-3] [INFO] [1783973723.571016606] [global_localization]: ICP input: scan=29298 pts, map_FOV=136947 pts
[env-3] [INFO] [1783973723.719134547] [global_localization]: ICP fitness: coarse=1.000, fine=0.990, threshold=0.9
[env-3] [INFO] [1783973723.719339109] [global_localization]: map→odom: x=0.262 y=0.196 z=-0.065
[env-3] [WARN] [1783973724.063062116] [global_localization]: No odometry yet, skip odom transform in crop
[env-3] [INFO] [1783973724.066804011] [global_localization]: ICP input: scan=29486 pts, map_FOV=136947 pts
[env-3] [INFO] [1783973724.224652773] [global_localization]: ICP fitness: coarse=1.000, fine=0.991, threshold=0.9
[env-3] [INFO] [1783973724.224895638] [global_localization]: map→odom: x=0.254 y=0.204 z=-0.067
[env-3] [WARN] [1783973724.563113892] [global_localization]: No odometry yet, skip odom transform in crop
[env-3] [INFO] [1783973724.567686286] [global_localization]: ICP input: scan=29274 pts, map_FOV=136947 pts
[env-3] [INFO] [1783973724.715172648] [global_localization]: ICP fitness: coarse=1.000, fine=0.989, threshold=0.9
[env-3] [INFO] [1783973724.715380646] [global_localization]: map→odom: x=0.228 y=0.203 z=-0.062
[env-3] [WARN] [1783973725.063333422] [global_localization]: No odometry yet, skip odom transform in crop
[env-3] [INFO] [1783973725.068564009] [global_localization]: ICP input: scan=29311 pts, map_FOV=136947 pts
[env-3] [INFO] [1783973725.213723116] [global_localization]: ICP fitness: coarse=1.000, fine=0.987, threshold=0.9
[env-3] [INFO] [1783973725.213914354] [global_localization]: map→odom: x=0.235 y=0.205 z=-0.060
[env-3] [WARN] [1783973725.563057407] [global_localization]: No odometry yet, skip odom transform in crop
[env-3] [INFO] [1783973725.567615824] [global_localization]: ICP input: scan=29463 pts, map_FOV=136947 pts
[env-3] [INFO] [1783973725.730380088] [global_localization]: ICP fitness: coarse=1.000, fine=0.992, threshold=0.9
[env-3] [INFO] [1783973725.730604805] [global_localization]: map→odom: x=0.227 y=0.204 z=-0.065
[env-3] [WARN] [1783973726.062913952] [global_localization]: No odometry yet, skip odom transform in crop
[env-3] [INFO] [1783973726.069185640] [global_localization]: ICP input: scan=29178 pts, map_FOV=136947 pts
[env-3] [INFO] [1783973726.213677642] [global_localization]: ICP fitness: coarse=1.000, fine=0.987, threshold=0.9
[env-3] [INFO] [1783973726.213889052] [global_localization]: map→odom: x=0.241 y=0.205 z=-0.062
[env-3] [WARN] [1783973726.563110625] [global_localization]: No odometry yet, skip odom transform in crop
[env-3] [INFO] [1783973726.567267402] [global_localization]: ICP input: scan=29455 pts, map_FOV=136947 pts
[env-3] [INFO] [1783973726.722210897] [global_localization]: ICP fitness: coarse=1.000, fine=0.990, threshold=0.9
[env-3] [INFO] [1783973726.722429942] [global_localization]: map→odom: x=0.239 y=0.196 z=-0.062
[env-3] [WARN] [1783973727.063295190] [global_localization]: No odometry yet, skip odom transform in crop
[env-3] [INFO] [1783973727.067724525] [global_localization]: ICP input: scan=29361 pts, map_FOV=136947 pts
[env-3] [INFO] [1783973727.227526028] [global_localization]: ICP fitness: coarse=1.000, fine=0.991, threshold=0.9
[env-3] [INFO] [1783973727.227772801] [global_localization]: map→odom: x=0.241 y=0.204 z=-0.063
[env-3] [WARN] [1783973727.563003206] [global_localization]: No odometry yet, skip odom transform in crop
[env-3] [INFO] [1783973727.567277708] [global_localization]: ICP input: scan=29240 pts, map_FOV=136947 pts
[env-3] [INFO] [1783973727.728439860] [global_localization]: ICP fitness: coarse=1.000, fine=0.990, threshold=0.9
[env-3] [INFO] [1783973727.728707820] [global_localization]: map→odom: x=0.230 y=0.209 z=-0.063
[env-3] [WARN] [1783973728.063061126] [global_localization]: No odometry yet, skip odom transform in crop
[env-3] [INFO] [1783973728.067372061] [global_localization]: ICP input: scan=29400 pts, map_FOV=136947 pts
[env-3] [INFO] [1783973728.237426604] [global_localization]: ICP fitness: coarse=1.000, fine=0.990, threshold=0.9
[env-3] [INFO] [1783973728.237635052] [global_localization]: map→odom: x=0.237 y=0.205 z=-0.064
[env-3] [WARN] [1783973728.563086925] [global_localization]: No odometry yet, skip odom transform in crop
[env-3] [INFO] [1783973728.567328528] [global_localization]: ICP input: scan=29288 pts, map_FOV=136947 pts
[env-3] [INFO] [1783973728.746958817] [global_localization]: ICP fitness: coarse=1.000, fine=0.989, threshold=0.9
[env-3] [INFO] [1783973728.747149502] [global_localization]: map→odom: x=0.238 y=0.193 z=-0.064
[env-3] [WARN] [1783973729.063932459] [global_localization]: No odometry yet, skip odom transform in crop
[env-3] [INFO] [1783973729.069919875] [global_localization]: ICP input: scan=29305 pts, map_FOV=136947 pts
[env-3] [INFO] [1783973729.231846205] [global_localization]: ICP fitness: coarse=1.000, fine=0.989, threshold=0.9
[env-3] [INFO] [1783973729.232064911] [global_localization]: map→odom: x=0.234 y=0.207 z=-0.065
[env-3] [WARN] [1783973729.563163910] [global_localization]: No odometry yet, skip odom transform in crop
[env-3] [INFO] [1783973729.567185107] [global_localization]: ICP input: scan=29526 pts, map_FOV=136947 pts
[env-3] [INFO] [1783973729.734224455] [global_localization]: ICP fitness: coarse=1.000, fine=0.992, threshold=0.9
[env-3] [INFO] [1783973729.734460738] [global_localization]: map→odom: x=0.251 y=0.195 z=-0.068
[env-3] [WARN] [1783973730.063212361] [global_localization]: No odometry yet, skip odom transform in crop
[env-3] [INFO] [1783973730.068425428] [global_localization]: ICP input: scan=29250 pts, map_FOV=136947 pts
[env-3] [INFO] [1783973730.229128638] [global_localization]: ICP fitness: coarse=1.000, fine=0.989, threshold=0.9
[env-3] [INFO] [1783973730.229397287] [global_localization]: map→odom: x=0.244 y=0.205 z=-0.065
[env-3] [WARN] [1783973730.563052269] [global_localization]: No odometry yet, skip odom transform in crop
[env-3] [INFO] [1783973730.567401406] [global_localization]: ICP input: scan=29309 pts, map_FOV=136947 pts
[env-3] [INFO] [1783973730.726401004] [global_localization]: ICP fitness: coarse=1.000, fine=0.990, threshold=0.9
[env-3] [INFO] [1783973730.726633768] [global_localization]: map→odom: x=0.246 y=0.194 z=-0.066
[env-3] [WARN] [1783973731.063514698] [global_localization]: No odometry yet, skip odom transform in crop
[env-3] [INFO] [1783973731.070293468] [global_localization]: ICP input: scan=29421 pts, map_FOV=136947 pts
[env-3] [INFO] [1783973731.245954472] [global_localization]: ICP fitness: coarse=1.000, fine=0.990, threshold=0.9
[env-3] [INFO] [1783973731.246144569] [global_localization]: map→odom: x=0.237 y=0.207 z=-0.063
[env-3] [WARN] [1783973731.563048508] [global_localization]: No odometry yet, skip odom transform in crop
[env-3] [INFO] [1783973731.567189878] [global_localization]: ICP input: scan=29210 pts, map_FOV=136947 pts
[env-3] [INFO] [1783973731.734048455] [global_localization]: ICP fitness: coarse=1.000, fine=0.987, threshold=0.9
[env-3] [INFO] [1783973731.734235233] [global_localization]: map→odom: x=0.240 y=0.209 z=-0.062
[env-3] [WARN] [1783973732.063493022] [global_localization]: No odometry yet, skip odom transform in crop
[env-3] [INFO] [1783973732.069135269] [global_localization]: ICP input: scan=29279 pts, map_FOV=136947 pts
[env-3] [INFO] [1783973732.242001691] [global_localization]: ICP fitness: coarse=1.000, fine=0.990, threshold=0.9
[env-3] [INFO] [1783973732.242303536] [global_localization]: map→odom: x=0.265 y=0.203 z=-0.066
[env-3] [WARN] [1783973732.563138499] [global_localization]: No odometry yet, skip odom transform in crop
[env-3] [INFO] [1783973732.567945595] [global_localization]: ICP input: scan=29421 pts, map_FOV=136947 pts
[env-3] [INFO] [1783973732.695531678] [global_localization]: ICP fitness: coarse=1.000, fine=0.991, threshold=0.9
[env-3] [INFO] [1783973732.695789817] [global_localization]: map→odom: x=0.241 y=0.210 z=-0.062
[env-3] [WARN] [1783973733.063098005] [global_localization]: No odometry yet, skip odom transform in crop
[env-3] [INFO] [1783973733.068323414] [global_localization]: ICP input: scan=29237 pts, map_FOV=136947 pts
[env-3] [INFO] [1783973733.232513831] [global_localization]: ICP fitness: coarse=1.000, fine=0.988, threshold=0.9
[env-3] [INFO] [1783973733.232711243] [global_localization]: map→odom: x=0.245 y=0.197 z=-0.065
[env-3] [WARN] [1783973733.562995832] [global_localization]: No odometry yet, skip odom transform in crop
[env-3] [INFO] [1783973733.567215723] [global_localization]: ICP input: scan=29399 pts, map_FOV=136947 pts
[env-3] [INFO] [1783973733.740079602] [global_localization]: ICP fitness: coarse=1.000, fine=0.989, threshold=0.9
[env-3] [INFO] [1783973733.740275935] [global_localization]: map→odom: x=0.256 y=0.200 z=-0.066
[env-3] [WARN] [1783973734.063231200] [global_localization]: No odometry yet, skip odom transform in crop
[env-3] [INFO] [1783973734.068655849] [global_localization]: ICP input: scan=29325 pts, map_FOV=136947 pts
[env-3] [INFO] [1783973734.235519719] [global_localization]: ICP fitness: coarse=1.000, fine=0.989, threshold=0.9
[env-3] [INFO] [1783973734.235721919] [global_localization]: map→odom: x=0.244 y=0.199 z=-0.062
[env-3] [WARN] [1783973734.563107225] [global_localization]: No odometry yet, skip odom transform in crop
[env-3] [INFO] [1783973734.567611368] [global_localization]: ICP input: scan=29221 pts, map_FOV=136947 pts
[env-3] [INFO] [1783973734.751670551] [global_localization]: ICP fitness: coarse=1.000, fine=0.987, threshold=0.9
[env-3] [INFO] [1783973734.751865634] [global_localization]: map→odom: x=0.247 y=0.201 z=-0.063
[env-3] [WARN] [1783973735.063455296] [global_localization]: No odometry yet, skip odom transform in crop
[env-3] [INFO] [1783973735.068885074] [global_localization]: ICP input: scan=29551 pts, map_FOV=136947 pts
[env-3] [INFO] [1783973735.233996678] [global_localization]: ICP fitness: coarse=1.000, fine=0.993, threshold=0.9
[env-3] [INFO] [1783973735.234239884] [global_localization]: map→odom: x=0.257 y=0.205 z=-0.067
[env-3] [WARN] [1783973735.563462809] [global_localization]: No odometry yet, skip odom transform in crop
[env-3] [INFO] [1783973735.569320611] [global_localization]: ICP input: scan=29333 pts, map_FOV=136947 pts
[env-3] [INFO] [1783973735.739983426] [global_localization]: ICP fitness: coarse=1.000, fine=0.990, threshold=0.9
[env-3] [INFO] [1783973735.740176652] [global_localization]: map→odom: x=0.238 y=0.206 z=-0.068
[env-3] [WARN] [1783973736.063361361] [global_localization]: No odometry yet, skip odom transform in crop
[env-3] [INFO] [1783973736.068298780] [global_localization]: ICP input: scan=29288 pts, map_FOV=136947 pts
[env-3] [INFO] [1783973736.233959124] [global_localization]: ICP fitness: coarse=1.000, fine=0.991, threshold=0.9
[env-3] [INFO] [1783973736.234200950] [global_localization]: map→odom: x=0.232 y=0.211 z=-0.065
[env-3] [WARN] [1783973736.563209642] [global_localization]: No odometry yet, skip odom transform in crop
[env-3] [INFO] [1783973736.567708158] [global_localization]: ICP input: scan=29504 pts, map_FOV=136947 pts
[env-3] [INFO] [1783973736.714025522] [global_localization]: ICP fitness: coarse=1.000, fine=0.992, threshold=0.9
[env-3] [INFO] [1783973736.714302716] [global_localization]: map→odom: x=0.205 y=0.192 z=-0.019
[env-3] [WARN] [1783973737.063165915] [global_localization]: No odometry yet, skip odom transform in crop
[env-3] [INFO] [1783973737.067199530] [global_localization]: ICP input: scan=29252 pts, map_FOV=136947 pts
[env-3] [INFO] [1783973737.226607442] [global_localization]: ICP fitness: coarse=1.000, fine=0.983, threshold=0.9
[env-3] [INFO] [1783973737.226883921] [global_localization]: map→odom: x=0.160 y=0.148 z=0.082
[env-3] [WARN] [1783973737.563040499] [global_localization]: No odometry yet, skip odom transform in crop
[env-3] [INFO] [1783973737.566994086] [global_localization]: ICP input: scan=29290 pts, map_FOV=136947 pts
[env-3] [INFO] [1783973737.727890806] [global_localization]: ICP fitness: coarse=1.000, fine=0.960, threshold=0.9
[env-3] [INFO] [1783973737.728158820] [global_localization]: map→odom: x=0.151 y=0.119 z=0.127
[env-3] [WARN] [1783973738.063381735] [global_localization]: No odometry yet, skip odom transform in crop
[env-3] [INFO] [1783973738.070414503] [global_localization]: ICP input: scan=24472 pts, map_FOV=136947 pts
[env-3] [INFO] [1783973738.248922653] [global_localization]: ICP fitness: coarse=1.000, fine=0.964, threshold=0.9
[env-3] [INFO] [1783973738.249215575] [global_localization]: map→odom: x=0.149 y=0.089 z=0.124
[env-3] [WARN] [1783973738.562907008] [global_localization]: Skipping ICP: only 4941 pts, need >= 5000
[env-3] [WARN] [1783973739.063440327] [global_localization]: Skipping ICP: only 4941 pts, need >= 5000
[env-3] [WARN] [1783973739.563337028] [global_localization]: Skipping ICP: only 4941 pts, need >= 5000
[env-3] [WARN] [1783973740.063303954] [global_localization]: Skipping ICP: only 4941 pts, need >= 5000
[env-3] [WARN] [1783973740.563458857] [global_localization]: Skipping ICP: only 4941 pts, need >= 5000
[env-3] [WARN] [1783973741.062960770] [global_localization]: Skipping ICP: only 4941 pts, need >= 5000
[env-3] [WARN] [1783973741.562921440] [global_localization]: Skipping ICP: only 4941 pts, need >= 5000
[env-3] [WARN] [1783973742.063370039] [global_localization]: Skipping ICP: only 4941 pts, need >= 5000
[env-3] [WARN] [1783973742.562744735] [global_localization]: Skipping ICP: only 4941 pts, need >= 5000
[env-3] [WARN] [1783973743.063320213] [global_localization]: Skipping ICP: only 4941 pts, need >= 5000
[env-3] [WARN] [1783973743.563149985] [global_localization]: Skipping ICP: only 4941 pts, need >= 5000
[env-3] [WARN] [1783973744.062866670] [global_localization]: Skipping ICP: only 4941 pts, need >= 5000
[env-3] [WARN] [1783973744.563119454] [global_localization]: Skipping ICP: only 4941 pts, need >= 5000
[env-3] [WARN] [1783973745.063378807] [global_localization]: Skipping ICP: only 4941 pts, need >= 5000
[env-3] [WARN] [1783973745.563463376] [global_localization]: Skipping ICP: only 4941 pts, need >= 5000
[env-3] [WARN] [1783973746.063218086] [global_localization]: Skipping ICP: only 4941 pts, need >= 5000
[env-3] [WARN] [1783973746.563387882] [global_localization]: Skipping ICP: only 4941 pts, need >= 5000
[env-3] [WARN] [1783973747.063171063] [global_localization]: Skipping ICP: only 4941 pts, need >= 5000
[env-3] [WARN] [1783973747.563042809] [global_localization]: Skipping ICP: only 4941 pts, need >= 5000
[env-3] [WARN] [1783973748.062885690] [global_localization]: Skipping ICP: only 4941 pts, need >= 5000
[env-3] [WARN] [1783973748.563243459] [global_localization]: Skipping ICP: only 4941 pts, need >= 5000
[env-3] [WARN] [1783973749.063171498] [global_localization]: Skipping ICP: only 4941 pts, need >= 5000
[env-3] [WARN] [1783973749.563364056] [global_localization]: Skipping ICP: only 4941 pts, need >= 5000
[env-3] [WARN] [1783973750.063479335] [global_localization]: Skipping ICP: only 4941 pts, need >= 5000
[env-3] [WARN] [1783973750.562986468] [global_localization]: Skipping ICP: only 4941 pts, need >= 5000
[env-3] [WARN] [1783973751.063337956] [global_localization]: Skipping ICP: only 4941 pts, need >= 5000
[env-3] [WARN] [1783973751.563499996] [global_localization]: Skipping ICP: only 4941 pts, need >= 5000
[env-3] [WARN] [1783973752.063482095] [global_localization]: Skipping ICP: only 4941 pts, need >= 5000
[env-3] [WARN] [1783973752.563392103] [global_localization]: Skipping ICP: only 4941 pts, need >= 5000
