[INFO] [launch]: All log files can be found below /home/hyper/.ros/log/2026-07-14-04-26-09-700687-hyper-Ubuntu-41500
[INFO] [launch]: Default logging verbosity is set to INFO
[INFO] [fastlio_mapping-1]: process started with pid [41608]
[INFO] [rviz2-2]: process started with pid [41609]
[INFO] [env-3]: process started with pid [41610]
[INFO] [env-4]: process started with pid [41611]
[INFO] [pcd_to_pointcloud-5]: process started with pid [41612]
[pcd_to_pointcloud-5] [INFO] [1783974369.782022353] [map_publisher]: Publishing data with 633023 points (x y z normal_x normal_y normal_z intensity curvature) on topic /cloud_pcd in frame map.
[fastlio_mapping-1] [INFO] [1783974369.802915789] [fastlio_mapping]: p_pre->lidar_type 5
[fastlio_mapping-1] Multi thread started 
[fastlio_mapping-1] ~~~~/home/hyper/program/2026_Gsing-second_ROS/fastlio2_v2/src/unilidar_fastlio_ros2-ros2/ file opened
[fastlio_mapping-1] [INFO] [1783974369.807023489] [fastlio_mapping]: Node init finished.
[rviz2-2] [INFO] [1783974370.754235951] [rviz2]: Stereo is NOT SUPPORTED
[rviz2-2] [INFO] [1783974370.754289107] [rviz2]: OpenGl version: 4.6 (GLSL 4.6)
[rviz2-2] [INFO] [1783974370.794202386] [rviz2]: Stereo is NOT SUPPORTED
[rviz2-2] [INFO] [1783974370.848559300] [rviz]: Subscribing to: /cur_scan_in_map
[rviz2-2] 
[rviz2-2] [INFO] [1783974370.848762547] [rviz]: Subscribing to: /submap
[rviz2-2] 
[rviz2-2] [INFO] [1783974370.848906573] [rviz]: Subscribing to: /cloud_pcd
[rviz2-2] 
[rviz2-2] [INFO] [1783974370.849131655] [rviz]: Subscribing to: /cloud_pcd
[rviz2-2] 
[rviz2-2] [INFO] [1783974370.861458824] [rviz]: Subscribing to: /cur_scan_in_map
[rviz2-2] 
[rviz2-2] [INFO] [1783974370.861658947] [rviz]: Subscribing to: /submap
[rviz2-2] 
[rviz2-2] [INFO] [1783974370.862788923] [rviz]: Subscribing to: /cloud_pcd
[rviz2-2] 
[env-3] [INFO] [1783974370.917530534] [global_localization]: Waiting for global map...
[env-3] [INFO] [1783974370.917721401] [global_localization]: Loading map: /home/hyper/program/2026_Gsing-second_ROS/map/map.pcd, voxel_size=0.01
[env-3] [INFO] [1783974371.099261753] [global_localization]: Map loaded: raw=633023 pts, downsampled=136947 pts
[env-3] [INFO] [1783974371.099454294] [global_localization]: Global map received.
[env-3] [INFO] [1783974371.600845977] [global_localization]: Waiting for initial pose...
[env-3] [INFO] [1783974372.100765065] [global_localization]: Waiting for initial pose...
[env-3] [INFO] [1783974372.600841913] [global_localization]: Waiting for initial pose...
[env-3] [INFO] [1783974373.101022428] [global_localization]: Waiting for initial pose...
[env-3] [INFO] [1783974373.601172346] [global_localization]: Waiting for initial pose...
[env-3] [INFO] [1783974374.100871008] [global_localization]: Waiting for initial pose...
[env-3] [INFO] [1783974374.601128884] [global_localization]: Waiting for initial pose...
[env-3] [INFO] [1783974375.101086807] [global_localization]: Waiting for initial pose...
[env-3] [INFO] [1783974375.601143758] [global_localization]: Waiting for initial pose...
[env-3] [INFO] [1783974376.100842162] [global_localization]: Waiting for initial pose...
[env-3] [INFO] [1783974376.601120754] [global_localization]: Waiting for initial pose...
[env-3] [INFO] [1783974377.100934485] [global_localization]: Waiting for initial pose...
[env-3] [INFO] [1783974377.600821370] [global_localization]: Waiting for initial pose...
[env-3] [WARN] [1783974377.967442390] [global_localization]: No odometry yet, using map→base_link as map→odom (approximate)
[env-3] [WARN] [1783974377.968410455] [global_localization]: No odometry yet, skip odom transform in crop
[env-3] [INFO] [1783974377.973740598] [global_localization]: ICP input: scan=48992 pts, map_FOV=136947 pts
[env-3] [INFO] [1783974378.141256372] [global_localization]: ICP fitness: coarse=1.000, fine=0.987, threshold=0.9
[env-3] [INFO] [1783974378.141450234] [global_localization]: map→odom: x=0.248 y=0.216 z=-0.064
[env-3] [WARN] [1783974378.142503988] [global_localization]: Skipping ICP: only 4753 pts, need >= 5000
[env-3] [WARN] [1783974378.601683996] [global_localization]: No odometry yet, skip odom transform in crop
[env-3] [INFO] [1783974378.607444708] [global_localization]: ICP input: scan=39190 pts, map_FOV=136947 pts
[env-3] [INFO] [1783974378.762288729] [global_localization]: ICP fitness: coarse=1.000, fine=0.986, threshold=0.9
[env-3] [INFO] [1783974378.762493467] [global_localization]: map→odom: x=0.251 y=0.203 z=-0.064
[env-3] [WARN] [1783974379.101462529] [global_localization]: No odometry yet, skip odom transform in crop
[env-3] [INFO] [1783974379.106553923] [global_localization]: ICP input: scan=29474 pts, map_FOV=136947 pts
[env-3] [INFO] [1783974379.248099304] [global_localization]: ICP fitness: coarse=1.000, fine=0.989, threshold=0.9
[env-3] [INFO] [1783974379.248345196] [global_localization]: map→odom: x=0.228 y=0.222 z=-0.059
[env-3] [WARN] [1783974379.602029017] [global_localization]: No odometry yet, skip odom transform in crop
[env-3] [INFO] [1783974379.609842476] [global_localization]: ICP input: scan=29560 pts, map_FOV=136947 pts
[env-3] [INFO] [1783974379.763512564] [global_localization]: ICP fitness: coarse=1.000, fine=0.983, threshold=0.9
[env-3] [INFO] [1783974379.763717769] [global_localization]: map→odom: x=0.236 y=0.216 z=-0.057
[env-3] [WARN] [1783974380.101376497] [global_localization]: No odometry yet, skip odom transform in crop
[env-3] [INFO] [1783974380.105450916] [global_localization]: ICP input: scan=29262 pts, map_FOV=136947 pts
[env-3] [INFO] [1783974380.255572746] [global_localization]: ICP fitness: coarse=1.000, fine=0.987, threshold=0.9
[env-3] [INFO] [1783974380.255798239] [global_localization]: map→odom: x=0.204 y=0.229 z=-0.054
[env-3] [WARN] [1783974380.601045535] [global_localization]: No odometry yet, skip odom transform in crop
[env-3] [INFO] [1783974380.604951563] [global_localization]: ICP input: scan=29515 pts, map_FOV=136947 pts
[env-3] [INFO] [1783974380.765450981] [global_localization]: ICP fitness: coarse=1.000, fine=0.989, threshold=0.9
[env-3] [INFO] [1783974380.765651134] [global_localization]: map→odom: x=0.226 y=0.220 z=-0.059
[env-3] [WARN] [1783974381.101551184] [global_localization]: No odometry yet, skip odom transform in crop
[env-3] [INFO] [1783974381.106113826] [global_localization]: ICP input: scan=29394 pts, map_FOV=136947 pts
[env-3] [INFO] [1783974381.260148698] [global_localization]: ICP fitness: coarse=1.000, fine=0.988, threshold=0.9
[env-3] [INFO] [1783974381.260341328] [global_localization]: map→odom: x=0.232 y=0.221 z=-0.059
[env-3] [WARN] [1783974381.601315393] [global_localization]: No odometry yet, skip odom transform in crop
[env-3] [INFO] [1783974381.607016336] [global_localization]: ICP input: scan=29284 pts, map_FOV=136947 pts
[env-3] [INFO] [1783974381.755913279] [global_localization]: ICP fitness: coarse=1.000, fine=0.989, threshold=0.9
[env-3] [INFO] [1783974381.756122552] [global_localization]: map→odom: x=0.236 y=0.225 z=-0.058
[env-3] [WARN] [1783974382.101035793] [global_localization]: No odometry yet, skip odom transform in crop
[env-3] [INFO] [1783974382.104851995] [global_localization]: ICP input: scan=29621 pts, map_FOV=136947 pts
[env-3] [INFO] [1783974382.254200044] [global_localization]: ICP fitness: coarse=1.000, fine=0.987, threshold=0.9
[env-3] [INFO] [1783974382.254407040] [global_localization]: map→odom: x=0.253 y=0.217 z=-0.060
[env-3] [WARN] [1783974382.601123306] [global_localization]: No odometry yet, skip odom transform in crop
[env-3] [INFO] [1783974382.605290989] [global_localization]: ICP input: scan=29423 pts, map_FOV=136947 pts
[env-3] [INFO] [1783974382.758379832] [global_localization]: ICP fitness: coarse=1.000, fine=0.985, threshold=0.9
[env-3] [INFO] [1783974382.758583314] [global_localization]: map→odom: x=0.258 y=0.212 z=-0.062
[env-3] [WARN] [1783974383.101520003] [global_localization]: No odometry yet, skip odom transform in crop
[env-3] [INFO] [1783974383.106987744] [global_localization]: ICP input: scan=29301 pts, map_FOV=136947 pts
[env-3] [INFO] [1783974383.262129626] [global_localization]: ICP fitness: coarse=1.000, fine=0.990, threshold=0.9
[env-3] [INFO] [1783974383.262328072] [global_localization]: map→odom: x=0.228 y=0.218 z=-0.060
[env-3] [WARN] [1783974383.601121061] [global_localization]: No odometry yet, skip odom transform in crop
[env-3] [INFO] [1783974383.605249971] [global_localization]: ICP input: scan=29587 pts, map_FOV=136947 pts
[env-3] [INFO] [1783974383.757300510] [global_localization]: ICP fitness: coarse=1.000, fine=0.987, threshold=0.9
[env-3] [INFO] [1783974383.757505279] [global_localization]: map→odom: x=0.231 y=0.222 z=-0.060
[env-3] [WARN] [1783974384.101111894] [global_localization]: No odometry yet, skip odom transform in crop
[env-3] [INFO] [1783974384.105078039] [global_localization]: ICP input: scan=29343 pts, map_FOV=136947 pts
[env-3] [INFO] [1783974384.250494646] [global_localization]: ICP fitness: coarse=1.000, fine=0.985, threshold=0.9
[env-3] [INFO] [1783974384.250738083] [global_localization]: map→odom: x=0.233 y=0.236 z=-0.058
[env-3] [WARN] [1783974384.601773485] [global_localization]: No odometry yet, skip odom transform in crop
[env-3] [INFO] [1783974384.607152229] [global_localization]: ICP input: scan=29476 pts, map_FOV=136947 pts
[env-3] [INFO] [1783974384.767908343] [global_localization]: ICP fitness: coarse=1.000, fine=0.988, threshold=0.9
[env-3] [INFO] [1783974384.768114943] [global_localization]: map→odom: x=0.257 y=0.208 z=-0.063
[env-3] [WARN] [1783974385.101061432] [global_localization]: No odometry yet, skip odom transform in crop
[env-3] [INFO] [1783974385.104921623] [global_localization]: ICP input: scan=29487 pts, map_FOV=136947 pts
[env-3] [INFO] [1783974385.256258615] [global_localization]: ICP fitness: coarse=1.000, fine=0.988, threshold=0.9
[env-3] [INFO] [1783974385.256468784] [global_localization]: map→odom: x=0.229 y=0.226 z=-0.059
[env-3] [WARN] [1783974385.601062040] [global_localization]: No odometry yet, skip odom transform in crop
[env-3] [INFO] [1783974385.604620109] [global_localization]: ICP input: scan=29398 pts, map_FOV=136947 pts
[env-3] [INFO] [1783974385.757535397] [global_localization]: ICP fitness: coarse=1.000, fine=0.985, threshold=0.9
[env-3] [INFO] [1783974385.757764235] [global_localization]: map→odom: x=0.255 y=0.220 z=-0.061
[env-3] [WARN] [1783974386.101286676] [global_localization]: No odometry yet, skip odom transform in crop
[env-3] [INFO] [1783974386.105676088] [global_localization]: ICP input: scan=29428 pts, map_FOV=136947 pts
[env-3] [INFO] [1783974386.258957011] [global_localization]: ICP fitness: coarse=1.000, fine=0.990, threshold=0.9
[env-3] [INFO] [1783974386.259186248] [global_localization]: map→odom: x=0.233 y=0.219 z=-0.061
[env-3] [WARN] [1783974386.601626182] [global_localization]: No odometry yet, skip odom transform in crop
[env-3] [INFO] [1783974386.606149039] [global_localization]: ICP input: scan=29461 pts, map_FOV=136947 pts
[env-3] [INFO] [1783974386.761400974] [global_localization]: ICP fitness: coarse=1.000, fine=0.988, threshold=0.9
[env-3] [INFO] [1783974386.761634348] [global_localization]: map→odom: x=0.262 y=0.222 z=-0.063
[env-3] [WARN] [1783974387.101039388] [global_localization]: No odometry yet, skip odom transform in crop
[env-3] [INFO] [1783974387.105022398] [global_localization]: ICP input: scan=29307 pts, map_FOV=136947 pts
[env-3] [INFO] [1783974387.264253923] [global_localization]: ICP fitness: coarse=1.000, fine=0.986, threshold=0.9
[env-3] [INFO] [1783974387.264502419] [global_localization]: map→odom: x=0.233 y=0.218 z=-0.057
[env-3] [WARN] [1783974387.601521433] [global_localization]: No odometry yet, skip odom transform in crop
[env-3] [INFO] [1783974387.606769940] [global_localization]: ICP input: scan=29646 pts, map_FOV=136947 pts
[env-3] [INFO] [1783974387.755298525] [global_localization]: ICP fitness: coarse=1.000, fine=0.986, threshold=0.9
[env-3] [INFO] [1783974387.755492617] [global_localization]: map→odom: x=0.256 y=0.226 z=-0.060
[env-3] [WARN] [1783974388.101394727] [global_localization]: No odometry yet, skip odom transform in crop
[env-3] [INFO] [1783974388.105878415] [global_localization]: ICP input: scan=29346 pts, map_FOV=136947 pts
[env-3] [INFO] [1783974388.255209609] [global_localization]: ICP fitness: coarse=1.000, fine=0.988, threshold=0.9
[env-3] [INFO] [1783974388.255424703] [global_localization]: map→odom: x=0.238 y=0.221 z=-0.059
[env-3] [WARN] [1783974388.601117705] [global_localization]: No odometry yet, skip odom transform in crop
[env-3] [INFO] [1783974388.605038817] [global_localization]: ICP input: scan=29404 pts, map_FOV=136947 pts
[env-3] [INFO] [1783974388.769813858] [global_localization]: ICP fitness: coarse=1.000, fine=0.986, threshold=0.9
[env-3] [INFO] [1783974388.770021868] [global_localization]: map→odom: x=0.279 y=0.208 z=-0.065
[env-3] [WARN] [1783974389.101329007] [global_localization]: No odometry yet, skip odom transform in crop
[env-3] [INFO] [1783974389.106703735] [global_localization]: ICP input: scan=29491 pts, map_FOV=136947 pts
[env-3] [INFO] [1783974389.256360955] [global_localization]: ICP fitness: coarse=1.000, fine=0.991, threshold=0.9
[env-3] [INFO] [1783974389.256592735] [global_localization]: map→odom: x=0.232 y=0.223 z=-0.059
[env-3] [WARN] [1783974389.601328217] [global_localization]: No odometry yet, skip odom transform in crop
[env-3] [INFO] [1783974389.607475254] [global_localization]: ICP input: scan=29350 pts, map_FOV=136947 pts
[env-3] [INFO] [1783974389.762940214] [global_localization]: ICP fitness: coarse=1.000, fine=0.986, threshold=0.9
[env-3] [INFO] [1783974389.763134015] [global_localization]: map→odom: x=0.249 y=0.230 z=-0.059
[env-3] [WARN] [1783974390.101354688] [global_localization]: No odometry yet, skip odom transform in crop
[env-3] [INFO] [1783974390.105334910] [global_localization]: ICP input: scan=29442 pts, map_FOV=136947 pts
[env-3] [INFO] [1783974390.259775439] [global_localization]: ICP fitness: coarse=1.000, fine=0.987, threshold=0.9
[env-3] [INFO] [1783974390.259991909] [global_localization]: map→odom: x=0.254 y=0.210 z=-0.059
[env-3] [WARN] [1783974390.601568349] [global_localization]: No odometry yet, skip odom transform in crop
[env-3] [INFO] [1783974390.608472960] [global_localization]: ICP input: scan=29630 pts, map_FOV=136947 pts
[env-3] [INFO] [1783974390.761852919] [global_localization]: ICP fitness: coarse=1.000, fine=0.989, threshold=0.9
[env-3] [INFO] [1783974390.762057795] [global_localization]: map→odom: x=0.244 y=0.227 z=-0.059
[env-3] [WARN] [1783974391.101040588] [global_localization]: No odometry yet, skip odom transform in crop
[env-3] [INFO] [1783974391.104919726] [global_localization]: ICP input: scan=29350 pts, map_FOV=136947 pts
[env-3] [INFO] [1783974391.269672591] [global_localization]: ICP fitness: coarse=1.000, fine=0.989, threshold=0.9
[env-3] [INFO] [1783974391.269865726] [global_localization]: map→odom: x=0.227 y=0.230 z=-0.058
[env-3] [WARN] [1783974391.601285029] [global_localization]: No odometry yet, skip odom transform in crop
[env-3] [INFO] [1783974391.606172489] [global_localization]: ICP input: scan=29366 pts, map_FOV=136947 pts
[env-3] [INFO] [1783974391.755452905] [global_localization]: ICP fitness: coarse=1.000, fine=0.987, threshold=0.9
[env-3] [INFO] [1783974391.755701744] [global_localization]: map→odom: x=0.247 y=0.207 z=-0.060
[env-3] [WARN] [1783974392.101235826] [global_localization]: No odometry yet, skip odom transform in crop
[env-3] [INFO] [1783974392.105888995] [global_localization]: ICP input: scan=29442 pts, map_FOV=136947 pts
[env-3] [INFO] [1783974392.268010990] [global_localization]: ICP fitness: coarse=1.000, fine=0.990, threshold=0.9
[env-3] [INFO] [1783974392.268207156] [global_localization]: map→odom: x=0.246 y=0.213 z=-0.061
[env-3] [WARN] [1783974392.601499310] [global_localization]: No odometry yet, skip odom transform in crop
[env-3] [INFO] [1783974392.607661586] [global_localization]: ICP input: scan=29366 pts, map_FOV=136947 pts
[env-3] [INFO] [1783974392.757964393] [global_localization]: ICP fitness: coarse=1.000, fine=0.987, threshold=0.9
[env-3] [INFO] [1783974392.758166803] [global_localization]: map→odom: x=0.241 y=0.229 z=-0.058
[env-3] [WARN] [1783974393.101705632] [global_localization]: No odometry yet, skip odom transform in crop
[env-3] [INFO] [1783974393.106827196] [global_localization]: ICP input: scan=29505 pts, map_FOV=136947 pts
[env-3] [INFO] [1783974393.263378850] [global_localization]: ICP fitness: coarse=1.000, fine=0.989, threshold=0.9
[env-3] [INFO] [1783974393.263585992] [global_localization]: map→odom: x=0.227 y=0.222 z=-0.059
[env-3] [WARN] [1783974393.601208231] [global_localization]: No odometry yet, skip odom transform in crop
[env-3] [INFO] [1783974393.605135473] [global_localization]: ICP input: scan=29422 pts, map_FOV=136947 pts
[env-3] [INFO] [1783974393.764868171] [global_localization]: ICP fitness: coarse=1.000, fine=0.987, threshold=0.9
[env-3] [INFO] [1783974393.765069997] [global_localization]: map→odom: x=0.232 y=0.212 z=-0.058
[env-3] [WARN] [1783974394.101327447] [global_localization]: No odometry yet, skip odom transform in crop
[env-3] [INFO] [1783974394.105551965] [global_localization]: ICP input: scan=29304 pts, map_FOV=136947 pts
[env-3] [INFO] [1783974394.250372264] [global_localization]: ICP fitness: coarse=1.000, fine=0.988, threshold=0.9
[env-3] [INFO] [1783974394.250578305] [global_localization]: map→odom: x=0.248 y=0.223 z=-0.060
