1784044413.0376389 [INFO] [launch]: All log files can be found below /home/gsing/2026Gsing/2026_Gsing-second_ROS/logs/ros/2026-07-14-23-53-33-031228-gsing-5791
1784044413.0397580 [INFO] [launch]: Default logging verbosity is set to INFO
1784044413.8629074 [INFO] [static_transform_publisher-1]: process started with pid [5938]
1784044413.8635597 [INFO] [static_transform_publisher-2]: process started with pid [5939]
1784044413.8642468 [INFO] [static_transform_publisher-3]: process started with pid [5940]
1784044413.8646967 [INFO] [static_transform_publisher-4]: process started with pid [5941]
1784044413.8713264 [INFO] [map_server-5]: process started with pid [5942]
1784044413.8742046 [INFO] [rviz2-6]: process started with pid [5943]
1784044419.0717542 [INFO] [controller_server-7]: process started with pid [6114]
1784044419.0853136 [INFO] [planner_server-8]: process started with pid [6115]
1784044419.0857451 [INFO] [behavior_server-9]: process started with pid [6116]
1784044419.0862815 [INFO] [bt_navigator-10]: process started with pid [6117]
1784044419.0868089 [INFO] [waypoint_follower-11]: process started with pid [6118]
1784044419.0872405 [INFO] [lifecycle_manager-12]: process started with pid [6119]
1784044419.0876603 [INFO] [goal_pose_to_nav2-13]: process started with pid [6120]
1784044419.1093445 [INFO] [costmap_to_grid-14]: process started with pid [6121]
1784044474.2254887 [INFO] [controller_server-7]: process has finished cleanly [pid 6114]
1784044474.9687028 [INFO] [rviz2-6]: process has finished cleanly [pid 5943]
1784044475.1126149 [INFO] [planner_server-8]: process has finished cleanly [pid 6115]
1784044475.8177314 [INFO] [bt_navigator-10]: process has finished cleanly [pid 6117]
1784044476.4427335 [INFO] [lifecycle_manager-12]: process has finished cleanly [pid 6119]
