1784023902.4926355 [INFO] [launch]: All log files can be found below /home/gsing/2026Gsing/2026_Gsing-second_ROS/logs/ros/2026-07-14-18-11-42-480840-gsing-5652
1784023902.4932146 [INFO] [launch]: Default logging verbosity is set to INFO
1784023903.3300776 [INFO] [fastlio_mapping-1]: process started with pid [5762]
1784023903.3463790 [INFO] [env-2]: process started with pid [5763]
1784023903.3496070 [INFO] [env-3]: process started with pid [5764]
1784023903.3606951 [INFO] [pcd_to_pointcloud-4]: process started with pid [5765]
1784023905.8752375 [ERROR] [env-2]: process has died [pid 5763, exit code -4, cmd 'env PATH=/usr/bin:/bin:/usr/sbin:/sbin /home/gsing/2026Gsing/2026_Gsing-second_ROS/fastlio2_v2/install/fast_lio_localization/lib/fast_lio_localization/global_localization --ros-args -r __node:=global_localization -p map_voxel_size:=0.01
...
 -p scan_voxel_size:=0.03
...
 -p freq_localization:=2.0
...
 -p freq_global_map:=0.25
...
 -p localization_threshold:=0.9
...
 -p fov:=6.28319
...
 -p fov_far:=300
...
 --params-file /tmp/launch_params_xg2ht6s5 --params-file /tmp/launch_params_5x39_hdt'].
