[INFO] [launch]: All log files can be found below /home/gsing/2026Gsing/2026_Gsing-second_ROS/logs/ros/2026-07-14-19-53-37-548668-gsing-6315
[INFO] [launch]: Default logging verbosity is set to INFO
[INFO] [fastlio_mapping-1]: process started with pid [6448]
[INFO] [env-2]: process started with pid [6449]
[INFO] [env-3]: process started with pid [6450]
[INFO] [pcd_to_pointcloud-4]: process started with pid [6451]
[pcd_to_pointcloud-4] [INFO] [1784030019.658780389] [map_publisher]: Publishing data with 368664 points (x y z normal_x normal_y normal_z intensity curvature) on topic /cloud_pcd in frame map.
[fastlio_mapping-1] [INFO] [1784030019.811683537] [fastlio_mapping]: p_pre->lidar_type 5
[fastlio_mapping-1] Multi thread started 
[fastlio_mapping-1] ~~~~/home/gsing/2026Gsing/2026_Gsing-second_ROS/fastlio2_v2/src/unilidar_fastlio_ros2-ros2/ file opened
[fastlio_mapping-1] [INFO] [1784030019.982616325] [fastlio_mapping]: Node init finished.
[env-2] [INFO] [1784030026.818904055] [global_localization]: Waiting for global map...
[env-2] [INFO] [1784030026.829937927] [global_localization]: Loading map: /home/gsing/2026Gsing/2026_Gsing-second_ROS/map/PCD20.pcd, voxel_size=0.01
[env-2] [INFO] [1784030026.981702347] [global_localization]: Map loaded: raw=368664 pts
[env-2] [INFO] [1784030028.120171472] [global_localization]: Map downsampled: 103490 pts
[env-2] [INFO] [1784030028.127251605] [global_localization]: Global map received.
[env-2] [INFO] [1784030028.717676027] [global_localization]: Waiting for initial pose...
[env-2] [INFO] [1784030029.192516680] [global_localization]: Waiting for initial pose...
[env-2] [INFO] [1784030029.690158778] [global_localization]: Waiting for initial pose...
[env-2] [INFO] [1784030030.202673423] [global_localization]: Waiting for initial pose...
[env-2] [INFO] [1784030030.732872238] [global_localization]: Waiting for initial pose...
[env-2] [INFO] [1784030031.202125516] [global_localization]: Waiting for initial pose...
[env-2] [INFO] [1784030031.712859049] [global_localization]: Waiting for initial pose...
[env-2] [INFO] [1784030032.208050575] [global_localization]: Waiting for initial pose...
[env-2] [INFO] [1784030032.719797158] [global_localization]: Waiting for initial pose...
[env-2] [INFO] [1784030033.204058273] [global_localization]: Waiting for initial pose...
[env-2] [INFO] [1784030033.706887196] [global_localization]: Waiting for initial pose...
[env-2] [INFO] [1784030034.242588907] [global_localization]: Waiting for initial pose...
[env-2] [INFO] [1784030034.744552673] [global_localization]: Waiting for initial pose...
[env-2] [INFO] [1784030035.241459138] [global_localization]: Waiting for initial pose...
[env-2] [INFO] [1784030035.730537134] [global_localization]: Waiting for initial pose...
[env-2] [INFO] [1784030036.187085119] [global_localization]: Waiting for initial pose...
[env-2] [INFO] [1784030036.691610228] [global_localization]: Waiting for initial pose...
[env-2] [INFO] [1784030037.187485043] [global_localization]: Waiting for initial pose...
[env-2] [INFO] [1784030037.693779301] [global_localization]: Waiting for initial pose...
[env-2] [INFO] [1784030038.195797449] [global_localization]: Waiting for initial pose...
[env-2] [INFO] [1784030038.679147858] [global_localization]: Waiting for initial pose...
[env-2] [INFO] [1784030039.185587861] [global_localization]: Waiting for initial pose...
[env-2] [INFO] [1784030039.680041332] [global_localization]: Waiting for initial pose...
[env-2] [INFO] [1784030040.179865114] [global_localization]: Waiting for initial pose...
[env-2] [INFO] [1784030040.682717912] [global_localization]: Waiting for initial pose...
[env-2] [INFO] [1784030041.187674596] [global_localization]: Waiting for initial pose...
[env-2] [INFO] [1784030041.688408919] [global_localization]: Waiting for initial pose...
[env-2] [INFO] [1784030042.190697763] [global_localization]: Waiting for initial pose...
[env-2] [INFO] [1784030042.680244155] [global_localization]: Waiting for initial pose...
[env-2] [INFO] [1784030043.183322393] [global_localization]: Waiting for initial pose...
[env-2] [INFO] [1784030043.679643058] [global_localization]: Waiting for initial pose...
[env-2] [INFO] [1784030044.186566845] [global_localization]: Waiting for initial pose...
[env-2] [INFO] [1784030044.685350902] [global_localization]: Waiting for initial pose...
[env-2] [INFO] [1784030045.189726113] [global_localization]: Waiting for initial pose...
[env-2] [INFO] [1784030045.679791267] [global_localization]: Waiting for initial pose...
[env-2] [INFO] [1784030046.184703315] [global_localization]: Waiting for initial pose...
[env-2] [INFO] [1784030046.683493366] [global_localization]: Waiting for initial pose...
[env-2] [INFO] [1784030047.184578056] [global_localization]: Waiting for initial pose...
[env-2] [INFO] [1784030047.681886281] [global_localization]: Waiting for initial pose...
[env-2] [INFO] [1784030048.188550112] [global_localization]: Waiting for initial pose...
[env-2] [INFO] [1784030048.688461095] [global_localization]: Waiting for initial pose...
[env-2] [INFO] [1784030049.201270140] [global_localization]: Waiting for initial pose...
[env-2] [INFO] [1784030049.719394283] [global_localization]: Waiting for initial pose...
[env-2] [INFO] [1784030050.230070658] [global_localization]: Waiting for initial pose...
[env-2] [INFO] [1784030050.702402269] [global_localization]: Waiting for initial pose...
[env-2] [INFO] [1784030051.182436412] [global_localization]: Waiting for initial pose...
[env-2] [INFO] [1784030051.696949288] [global_localization]: Waiting for initial pose...
[env-2] [INFO] [1784030052.213263810] [global_localization]: Waiting for initial pose...
[env-2] [INFO] [1784030052.680775110] [global_localization]: Waiting for initial pose...
[env-2] [INFO] [1784030053.201595478] [global_localization]: Waiting for initial pose...
[env-2] [INFO] [1784030053.692104252] [global_localization]: Waiting for initial pose...
[env-2] [INFO] [1784030054.183781932] [global_localization]: Waiting for initial pose...
[env-2] [INFO] [1784030054.693710626] [global_localization]: Waiting for initial pose...
[env-2] [INFO] [1784030055.210314065] [global_localization]: Waiting for initial pose...
[env-2] [INFO] [1784030055.694751561] [global_localization]: Waiting for initial pose...
[env-2] [INFO] [1784030056.197189894] [global_localization]: Waiting for initial pose...
[env-2] [INFO] [1784030056.706745429] [global_localization]: Waiting for initial pose...
[env-2] [INFO] [1784030057.179923023] [global_localization]: Waiting for initial pose...
[env-2] [INFO] [1784030057.695153724] [global_localization]: Waiting for initial pose...
[env-2] [INFO] [1784030058.187251978] [global_localization]: Waiting for initial pose...
[env-2] [INFO] [1784030058.693297054] [global_localization]: Waiting for initial pose...
[env-2] [INFO] [1784030059.192808469] [global_localization]: Waiting for initial pose...
[env-2] [INFO] [1784030059.678947723] [global_localization]: Waiting for initial pose...
[env-2] [INFO] [1784030060.181654616] [global_localization]: Waiting for initial pose...
[env-2] [INFO] [1784030060.685924724] [global_localization]: Waiting for initial pose...
[env-2] [INFO] [1784030061.212198489] [global_localization]: Waiting for initial pose...
[env-2] [INFO] [1784030061.701449423] [global_localization]: Waiting for initial pose...
[env-2] [INFO] [1784030062.215191509] [global_localization]: Waiting for initial pose...
[env-2] [INFO] [1784030062.686252536] [global_localization]: Waiting for initial pose...
[env-2] [INFO] [1784030063.179538174] [global_localization]: Waiting for initial pose...
[env-2] [INFO] [1784030063.679814278] [global_localization]: Waiting for initial pose...
[env-2] [INFO] [1784030064.180374000] [global_localization]: Waiting for initial pose...
[env-2] [INFO] [1784030064.696197882] [global_localization]: Waiting for initial pose...
[env-2] [INFO] [1784030065.191634726] [global_localization]: Waiting for initial pose...
[env-2] [INFO] [1784030065.679974559] [global_localization]: Waiting for initial pose...
[env-2] [INFO] [1784030066.196964098] [global_localization]: Waiting for initial pose...
[env-2] [INFO] [1784030066.688793710] [global_localization]: Waiting for initial pose...
[env-2] [INFO] [1784030067.183477678] [global_localization]: Waiting for initial pose...
[env-2] [INFO] [1784030067.681998468] [global_localization]: Waiting for initial pose...
[env-2] [INFO] [1784030068.179465307] [global_localization]: Waiting for initial pose...
[fastlio_mapping-1] [INFO] [1784030068.393733922] [rclcpp]: signal_handler(SIGINT/SIGTERM)
[env-2] [INFO] [1784030068.685612235] [global_localization]: Waiting for initial pose...
[fastlio_mapping-1] Rebuild thread terminated normally
[INFO] [fastlio_mapping-1]: process has finished cleanly [pid 6448]
[env-2] Traceback (most recent call last):
[env-2]   File "/home/gsing/2026Gsing/2026_Gsing-second_ROS/fastlio2_v2/install/fast_lio_localization/lib/fast_lio_localization/global_localization", line 33, in <module>
[env-2]     sys.exit(load_entry_point('fast-lio-localization', 'console_scripts', 'global_localization')())
[env-2]              ^^^^^^^^^^^^^^^^^^^^^^^^^^^^^^^^^^^^^^^^^^^^^^^^^^^^^^^^^^^^^^^^^^^^^^^^^^^^^^^^^^^^^
[env-2]   File "/home/gsing/2026Gsing/2026_Gsing-second_ROS/fastlio2_v2/build/fast_lio_localization/fast_lio_localization/global_localization.py", line 628, in main
[env-2]     rclpy.spin(node)
[env-2]   File "/opt/ros/jazzy/lib/python3.12/site-packages/rclpy/__init__.py", line 247, in spin
[env-2]     executor.spin_once()
[env-2]   File "/opt/ros/jazzy/lib/python3.12/site-packages/rclpy/executors.py", line 926, in spin_once
[env-2]     self._spin_once_impl(timeout_sec)
[env-2]   File "/opt/ros/jazzy/lib/python3.12/site-packages/rclpy/executors.py", line 907, in _spin_once_impl
[env-2]     handler, entity, node = self.wait_for_ready_callbacks(
[env-2]                             ^^^^^^^^^^^^^^^^^^^^^^^^^^^^^^
[env-2]   File "/opt/ros/jazzy/lib/python3.12/site-packages/rclpy/executors.py", line 877, in wait_for_ready_callbacks
[env-2]     return next(self._cb_iter)
[env-2]            ^^^^^^^^^^^^^^^^^^^
[env-2]   File "/opt/ros/jazzy/lib/python3.12/site-packages/rclpy/executors.py", line 785, in _wait_for_ready_callbacks
[env-2]     raise ExternalShutdownException()
[env-2] rclpy.executors.ExternalShutdownException
[env-3] Traceback (most recent call last):
[env-3]   File "/home/gsing/2026Gsing/2026_Gsing-second_ROS/fastlio2_v2/install/fast_lio_localization/lib/fast_lio_localization/transform_fusion", line 33, in <module>
[env-3]     sys.exit(load_entry_point('fast-lio-localization', 'console_scripts', 'transform_fusion')())
[env-3]              ^^^^^^^^^^^^^^^^^^^^^^^^^^^^^^^^^^^^^^^^^^^^^^^^^^^^^^^^^^^^^^^^^^^^^^^^^^^^^^^^^^
[env-3]   File "/home/gsing/2026Gsing/2026_Gsing-second_ROS/fastlio2_v2/build/fast_lio_localization/fast_lio_localization/transform_fusion.py", line 134, in main
[env-3]     rclpy.spin(node)
[env-3]   File "/opt/ros/jazzy/lib/python3.12/site-packages/rclpy/__init__.py", line 247, in spin
[env-3]     executor.spin_once()
[env-3]   File "/opt/ros/jazzy/lib/python3.12/site-packages/rclpy/executors.py", line 926, in spin_once
[env-3]     self._spin_once_impl(timeout_sec)
[env-3]   File "/opt/ros/jazzy/lib/python3.12/site-packages/rclpy/executors.py", line 918, in _spin_once_impl
[env-3]     raise handler.exception()
[env-3]   File "/opt/ros/jazzy/lib/python3.12/site-packages/rclpy/task.py", line 286, in _execute_coroutine_step
[env-3]     result = coro.send(None)
[env-3]              ^^^^^^^^^^^^^^^
[env-3]   File "/opt/ros/jazzy/lib/python3.12/site-packages/rclpy/executors.py", line 592, in handler
[env-3]     await call_coroutine()
[env-3]   File "/opt/ros/jazzy/lib/python3.12/site-packages/rclpy/executors.py", line 454, in _execute
[env-3]     await await_or_execute(tmr.callback)
[env-3]   File "/opt/ros/jazzy/lib/python3.12/site-packages/rclpy/executors.py", line 115, in await_or_execute
[env-3]     return callback(*args)
[env-3]            ^^^^^^^^^^^^^^^
[env-3]   File "/home/gsing/2026Gsing/2026_Gsing-second_ROS/fastlio2_v2/build/fast_lio_localization/fast_lio_localization/transform_fusion.py", line 100, in transform_fusion
[env-3]     self.tf_broadcaster.sendTransform(transform_stamped_msg)
[env-3]   File "/opt/ros/jazzy/lib/python3.12/site-packages/tf2_ros/transform_broadcaster.py", line 77, in sendTransform
[env-3]     self.pub_tf.publish(TFMessage(transforms=transform))
[env-3]   File "/opt/ros/jazzy/lib/python3.12/site-packages/rclpy/publisher.py", line 70, in publish
[env-3]     self.__publisher.publish(msg)
[env-3] rclpy._rclpy_pybind11.RCLError: Failed to publish: publisher's context is invalid, at ./src/rcl/publisher.c:423
[ERROR] [env-2]: process has died [pid 6449, exit code 1, cmd 'env PATH=/usr/bin:/bin:/usr/sbin:/sbin /home/gsing/2026Gsing/2026_Gsing-second_ROS/fastlio2_v2/install/fast_lio_localization/lib/fast_lio_localization/global_localization --ros-args -r __node:=global_localization -p map_voxel_size:=0.01
...
 -p scan_voxel_size:=0.03
...
 -p freq_localization:=2.0
...
 -p freq_global_map:=0.25
...
 -p localization_threshold:=0.9
...
 -p fov:=6.28319
...
 -p fov_far:=300
...
 --params-file /tmp/launch_params_tncfzc3j --params-file /tmp/launch_params_stwfu2p9'].
[ERROR] [env-3]: process has died [pid 6450, exit code 1, cmd 'env PATH=/usr/bin:/bin:/usr/sbin:/sbin /home/gsing/2026Gsing/2026_Gsing-second_ROS/fastlio2_v2/install/fast_lio_localization/lib/fast_lio_localization/transform_fusion --ros-args -r __node:=transform_fusion'].
