[INFO] [1783982870.001034919] [laser_mapping]: p_pre->lidar_type 5
Multi thread started 
~~~~/home/hyper/program/2026_Gsing-second_ROS/fastlio2_v2/src/unilidar_fastlio_ros2-ros2/ file opened
[INFO] [1783982870.004921555] [laser_mapping]: Node init finished.
[INFO] [1783982870.085450131] [pointcloud_x_filter]: 点云过滤器已启动，仅保留 x > 0.0, 半径 > 0.0 的点
[INFO] [1783982871.004848001] [laser_mapping]: publish_map: frame pts=0, total=0
[INFO] [1783982872.004826415] [laser_mapping]: publish_map: frame pts=0, total=0
IMU Initial Done
[WARN] [1783982872.425006943] [laser_mapping]: No point, skip this scan!

[INFO] [1783982872.515766904] [laser_mapping]: Initialize the map kdtree
[INFO] [1783982872.599020611] [laser_mapping]: publish_map: frame pts=2803, total=0
[INFO] [1783982872.677984000] [laser_mapping]: publish_map: frame pts=2490, total=2803
[INFO] [1783982872.769454929] [laser_mapping]: publish_map: frame pts=2868, total=5293
[INFO] [1783982872.849075444] [laser_mapping]: publish_map: frame pts=2739, total=8161
[INFO] [1783982872.928083883] [laser_mapping]: publish_map: frame pts=2508, total=10900
[INFO] [1783982873.004803787] [laser_mapping]: publish_map: frame pts=2508, total=13408
[INFO] [1783982873.017533077] [laser_mapping]: publish_map: frame pts=2782, total=15916
[INFO] [1783982873.099026315] [laser_mapping]: publish_map: frame pts=2705, total=18698
[INFO] [1783982873.177876627] [laser_mapping]: publish_map: frame pts=2552, total=21403
[INFO] [1783982873.268546392] [laser_mapping]: publish_map: frame pts=2913, total=23955
[INFO] [1783982873.347989112] [laser_mapping]: publish_map: frame pts=2512, total=26868
[INFO] [1783982873.428234582] [laser_mapping]: publish_map: frame pts=2675, total=29380
[INFO] [1783982873.519494403] [laser_mapping]: publish_map: frame pts=2861, total=32055
[INFO] [1783982873.598090831] [laser_mapping]: publish_map: frame pts=2605, total=34916
[INFO] [1783982873.678571114] [laser_mapping]: publish_map: frame pts=2752, total=37521
[INFO] [1783982873.768225207] [laser_mapping]: publish_map: frame pts=2743, total=40273
[INFO] [1783982873.848274882] [laser_mapping]: publish_map: frame pts=2480, total=43016
[INFO] [1783982873.927607183] [laser_mapping]: publish_map: frame pts=2895, total=45496
[INFO] [1783982874.004808700] [laser_mapping]: publish_map: frame pts=2895, total=48391
[INFO] [1783982874.017373631] [laser_mapping]: publish_map: frame pts=2710, total=51286
[INFO] [1783982874.097579006] [laser_mapping]: publish_map: frame pts=2487, total=53996
[INFO] [1783982874.177791147] [laser_mapping]: publish_map: frame pts=2816, total=56483
[INFO] [1783982874.268732512] [laser_mapping]: publish_map: frame pts=2631, total=59299
[INFO] [1783982874.349902742] [laser_mapping]: publish_map: frame pts=2668, total=61930
[INFO] [1783982874.428355958] [laser_mapping]: publish_map: frame pts=2813, total=64598
[INFO] [1783982874.507783437] [laser_mapping]: publish_map: frame pts=2495, total=67411
[INFO] [1783982874.598601223] [laser_mapping]: publish_map: frame pts=2853, total=69906
[INFO] [1783982874.678592695] [laser_mapping]: publish_map: frame pts=2752, total=72759
[INFO] [1783982874.757949414] [laser_mapping]: publish_map: frame pts=2484, total=75511
[INFO] [1783982874.846752719] [laser_mapping]: publish_map: frame pts=2895, total=77995
[INFO] [1783982874.928431743] [laser_mapping]: publish_map: frame pts=2717, total=80890
[INFO] [1783982875.004827626] [laser_mapping]: publish_map: frame pts=2717, total=83607
[INFO] [1783982875.011533242] [laser_mapping]: publish_map: frame pts=2592, total=86324
[INFO] [1783982875.098115878] [laser_mapping]: publish_map: frame pts=2796, total=88916
[INFO] [1783982875.178552489] [laser_mapping]: publish_map: frame pts=2604, total=91712
[INFO] [1783982875.257966187] [laser_mapping]: publish_map: frame pts=2664, total=94316
[INFO] [1783982875.348566791] [laser_mapping]: publish_map: frame pts=2919, total=96980
[INFO] [1783982875.427949371] [laser_mapping]: publish_map: frame pts=2497, total=99899
[INFO] [1783982875.508348624] [laser_mapping]: publish_map: frame pts=2707, total=102396
[INFO] [1783982875.599100382] [laser_mapping]: publish_map: frame pts=2900, total=105103
[INFO] [1783982875.678422491] [laser_mapping]: publish_map: frame pts=2595, total=108003
[INFO] [1783982875.758060467] [laser_mapping]: publish_map: frame pts=2776, total=110598
[INFO] [1783982875.848148535] [laser_mapping]: publish_map: frame pts=2720, total=113374
[INFO] [1783982875.928593555] [laser_mapping]: publish_map: frame pts=2480, total=116094
[INFO] [1783982876.004855628] [laser_mapping]: publish_map: frame pts=2480, total=118574
[INFO] [1783982876.015162443] [laser_mapping]: publish_map: frame pts=2908, total=121054
[INFO] [1783982876.098121702] [laser_mapping]: publish_map: frame pts=2526, total=123962
[INFO] [1783982876.178358110] [laser_mapping]: publish_map: frame pts=2661, total=126488
[INFO] [1783982876.267745000] [laser_mapping]: publish_map: frame pts=2819, total=129149
[INFO] [1783982876.337427505] [laser_mapping]: publish_map: frame pts=2614, total=131968
[INFO] [1783982876.428148142] [laser_mapping]: publish_map: frame pts=2692, total=134582
[INFO] [1783982876.518068249] [laser_mapping]: publish_map: frame pts=2826, total=137274
[INFO] [1783982876.597452338] [laser_mapping]: publish_map: frame pts=2486, total=140100
[INFO] [1783982876.678200437] [laser_mapping]: publish_map: frame pts=2884, total=142586
[INFO] [1783982876.758889197] [laser_mapping]: publish_map: frame pts=2725, total=145470
[INFO] [1783982876.848125499] [laser_mapping]: publish_map: frame pts=2482, total=148195
[INFO] [1783982876.927709982] [laser_mapping]: publish_map: frame pts=2819, total=150677
[INFO] [1783982877.004855902] [laser_mapping]: publish_map: frame pts=2819, total=153496
[INFO] [1783982877.015573652] [laser_mapping]: publish_map: frame pts=2651, total=156315
[INFO] [1783982877.098214174] [laser_mapping]: publish_map: frame pts=2652, total=158966
[INFO] [1783982877.178283373] [laser_mapping]: publish_map: frame pts=2808, total=161618
[INFO] [1783982877.257771785] [laser_mapping]: publish_map: frame pts=2498, total=164426
[INFO] [1783982877.348551775] [laser_mapping]: publish_map: frame pts=2687, total=166924
[INFO] [1783982877.427317344] [laser_mapping]: publish_map: frame pts=2911, total=169611
[INFO] [1783982877.507351717] [laser_mapping]: publish_map: frame pts=2491, total=172522
[INFO] [1783982877.598029376] [laser_mapping]: publish_map: frame pts=2882, total=175013
[INFO] [1783982877.678792999] [laser_mapping]: publish_map: frame pts=2731, total=177895
[INFO] [1783982877.757968731] [laser_mapping]: publish_map: frame pts=2575, total=180626
[INFO] [1783982877.847713521] [laser_mapping]: publish_map: frame pts=2787, total=183201
[INFO] [1783982877.928166329] [laser_mapping]: publish_map: frame pts=2670, total=185988
[INFO] [1783982878.004853057] [laser_mapping]: publish_map: frame pts=2670, total=188658
[INFO] [1783982878.015370934] [laser_mapping]: publish_map: frame pts=2633, total=191328
[INFO] [1783982878.098378235] [laser_mapping]: publish_map: frame pts=2850, total=193961
[INFO] [1783982878.177331908] [laser_mapping]: publish_map: frame pts=2505, total=196811
[INFO] [1783982878.257517982] [laser_mapping]: publish_map: frame pts=2679, total=199316
[INFO] [1783982878.337854659] [laser_mapping]: publish_map: frame pts=2915, total=201995
[INFO] [1783982878.427850741] [laser_mapping]: publish_map: frame pts=2491, total=204910
[INFO] [1783982878.507674844] [laser_mapping]: publish_map: frame pts=2769, total=207401
[INFO] [1783982878.598429016] [laser_mapping]: publish_map: frame pts=2737, total=210170
[INFO] [1783982878.677790643] [laser_mapping]: publish_map: frame pts=2595, total=212907
[INFO] [1783982878.757753221] [laser_mapping]: publish_map: frame pts=2882, total=215502
[INFO] [1783982878.838402723] [laser_mapping]: publish_map: frame pts=2696, total=218384
[INFO] [1783982878.928339073] [laser_mapping]: publish_map: frame pts=2498, total=221080
[INFO] [1783982879.004890020] [laser_mapping]: publish_map: frame pts=2498, total=223578
[INFO] [1783982879.014416421] [laser_mapping]: publish_map: frame pts=2916, total=226076
[INFO] [1783982879.088033085] [laser_mapping]: publish_map: frame pts=2622, total=228992
[INFO] [1783982879.178011497] [laser_mapping]: publish_map: frame pts=2675, total=231614
[INFO] [1783982879.258281871] [laser_mapping]: publish_map: frame pts=2806, total=234289
[INFO] [1783982879.342208633] [laser_mapping]: publish_map: frame pts=2492, total=237095
[INFO] [1783982879.418244414] [laser_mapping]: publish_map: frame pts=2868, total=239587
[INFO] [1783982879.508489900] [laser_mapping]: publish_map: frame pts=2740, total=242455
[INFO] [1783982879.587720574] [laser_mapping]: publish_map: frame pts=2482, total=245195
[INFO] [1783982879.667804371] [laser_mapping]: publish_map: frame pts=2790, total=247677
[INFO] [1783982879.757724038] [laser_mapping]: publish_map: frame pts=2706, total=250467
[INFO] [1783982879.837896169] [laser_mapping]: publish_map: frame pts=2599, total=253173
[INFO] [1783982879.918507329] [laser_mapping]: publish_map: frame pts=2915, total=255772
[INFO] [1783982880.004810164] [laser_mapping]: publish_map: frame pts=2915, total=258687
[INFO] [1783982880.018046951] [laser_mapping]: publish_map: frame pts=2512, total=261602
[INFO] [1783982880.087969930] [laser_mapping]: publish_map: frame pts=2674, total=264114
[INFO] [1783982880.168004248] [laser_mapping]: publish_map: frame pts=2919, total=266788
[INFO] [1783982880.257422076] [laser_mapping]: publish_map: frame pts=2586, total=269707
[INFO] [1783982880.337944804] [laser_mapping]: publish_map: frame pts=2747, total=272293
[INFO] [1783982880.418351212] [laser_mapping]: publish_map: frame pts=2747, total=275040
[INFO] [1783982880.498245744] [laser_mapping]: publish_map: frame pts=2588, total=277787
[INFO] [1783982880.587918483] [laser_mapping]: publish_map: frame pts=2898, total=280375
[INFO] [1783982880.668438787] [laser_mapping]: publish_map: frame pts=2710, total=283273
[INFO] [1783982880.758523794] [laser_mapping]: publish_map: frame pts=2487, total=285983
[INFO] [1783982880.837938382] [laser_mapping]: publish_map: frame pts=2911, total=288470
[INFO] [1783982880.918237580] [laser_mapping]: publish_map: frame pts=2564, total=291381
[INFO] [1783982880.998280372] [laser_mapping]: publish_map: frame pts=2667, total=293945
[INFO] [1783982881.009573169] [laser_mapping]: publish_map: frame pts=2667, total=296612
[INFO] [1783982881.088092877] [laser_mapping]: publish_map: frame pts=2807, total=299279
[INFO] [1783982881.168063839] [laser_mapping]: publish_map: frame pts=2606, total=302086
[INFO] [1783982881.258380798] [laser_mapping]: publish_map: frame pts=2848, total=304692
[INFO] [1783982881.339193619] [laser_mapping]: publish_map: frame pts=2757, total=307540
[INFO] [1783982881.417525442] [laser_mapping]: publish_map: frame pts=2486, total=310297
[INFO] [1783982881.507464113] [laser_mapping]: publish_map: frame pts=2892, total=312783
[INFO] [1783982881.587294883] [laser_mapping]: publish_map: frame pts=2717, total=315675
[INFO] [1783982881.667564759] [laser_mapping]: publish_map: frame pts=2583, total=318392
[INFO] [1783982881.758244964] [laser_mapping]: publish_map: frame pts=2796, total=320975
[INFO] [1783982881.838272221] [laser_mapping]: publish_map: frame pts=2559, total=323771
[INFO] [1783982881.918355882] [laser_mapping]: publish_map: frame pts=2666, total=326330
[INFO] [1783982882.004832385] [laser_mapping]: publish_map: frame pts=2666, total=328996
[INFO] [1783982882.021094641] [laser_mapping]: publish_map: frame pts=2917, total=331662
[INFO] [1783982882.087720624] [laser_mapping]: publish_map: frame pts=2497, total=334579
[INFO] [1783982882.167462357] [laser_mapping]: publish_map: frame pts=2709, total=337076
[INFO] [1783982882.258313457] [laser_mapping]: publish_map: frame pts=2793, total=339785
[INFO] [1783982882.337970924] [laser_mapping]: publish_map: frame pts=2597, total=342578
[INFO] [1783982882.417893071] [laser_mapping]: publish_map: frame pts=2851, total=345175
[INFO] [1783982882.508494486] [laser_mapping]: publish_map: frame pts=2720, total=348026
[INFO] [1783982882.588778675] [laser_mapping]: publish_map: frame pts=2484, total=350746
[INFO] [1783982882.667129988] [laser_mapping]: publish_map: frame pts=2908, total=353230
[INFO] [1783982882.747732381] [laser_mapping]: publish_map: frame pts=2621, total=356138
[INFO] [1783982882.838244773] [laser_mapping]: publish_map: frame pts=2662, total=358759
[INFO] [1783982882.918282622] [laser_mapping]: publish_map: frame pts=2803, total=361421
[INFO] [1783982882.997602402] [laser_mapping]: publish_map: frame pts=2605, total=364224
[INFO] [1783982883.011789980] [laser_mapping]: publish_map: frame pts=2605, total=366829
[INFO] [1783982883.087000104] [laser_mapping]: publish_map: frame pts=2695, total=369434
[INFO] [1783982883.167270580] [laser_mapping]: publish_map: frame pts=2905, total=372129
[INFO] [1783982883.247330076] [laser_mapping]: publish_map: frame pts=2487, total=375034
[INFO] [1783982883.337561420] [laser_mapping]: publish_map: frame pts=2886, total=377521
[INFO] [1783982883.417799795] [laser_mapping]: publish_map: frame pts=2725, total=380407
[INFO] [1783982883.497691876] [laser_mapping]: publish_map: frame pts=2582, total=383132
[INFO] [1783982883.587721530] [laser_mapping]: publish_map: frame pts=2792, total=385714
[INFO] [1783982883.667886260] [laser_mapping]: publish_map: frame pts=2531, total=388506
[INFO] [1783982883.748425787] [laser_mapping]: publish_map: frame pts=2657, total=391037
[INFO] [1783982883.838441919] [laser_mapping]: publish_map: frame pts=2917, total=393694
[INFO] [1783982883.918631601] [laser_mapping]: publish_map: frame pts=2502, total=396611
[INFO] [1783982883.998536049] [laser_mapping]: publish_map: frame pts=2691, total=399113
[INFO] [1783982884.013275939] [laser_mapping]: publish_map: frame pts=2691, total=401804
[INFO] [1783982884.078513546] [laser_mapping]: publish_map: frame pts=2802, total=404495
[INFO] [1783982884.166419006] [laser_mapping]: publish_map: frame pts=2598, total=407297
[INFO] [1783982884.247962288] [laser_mapping]: publish_map: frame pts=2886, total=409895
[INFO] [1783982884.328023248] [laser_mapping]: publish_map: frame pts=2724, total=412781
[INFO] [1783982884.417917519] [laser_mapping]: publish_map: frame pts=2483, total=415505
[INFO] [1783982884.498232143] [laser_mapping]: publish_map: frame pts=2905, total=417988
[INFO] [1783982884.588168373] [laser_mapping]: publish_map: frame pts=2646, total=420893
[INFO] [1783982884.668651654] [laser_mapping]: publish_map: frame pts=2650, total=423539
[INFO] [1783982884.748118202] [laser_mapping]: publish_map: frame pts=2809, total=426189
[INFO] [1783982884.837866684] [laser_mapping]: publish_map: frame pts=2496, total=428998
[INFO] [1783982884.918508838] [laser_mapping]: publish_map: frame pts=2700, total=431494
[INFO] [1783982885.004863790] [laser_mapping]: publish_map: frame pts=2700, total=434194
[INFO] [1783982885.023077730] [laser_mapping]: publish_map: frame pts=2902, total=436894
[INFO] [1783982885.087541480] [laser_mapping]: publish_map: frame pts=2486, total=439796
[INFO] [1783982885.167949231] [laser_mapping]: publish_map: frame pts=2780, total=442282
[INFO] [1783982885.258288845] [laser_mapping]: publish_map: frame pts=2723, total=445062
[INFO] [1783982885.337869023] [laser_mapping]: publish_map: frame pts=2592, total=447785
[INFO] [1783982885.418209816] [laser_mapping]: publish_map: frame pts=2908, total=450377
[INFO] [1783982885.497720537] [laser_mapping]: publish_map: frame pts=2529, total=453285
[INFO] [1783982885.588134645] [laser_mapping]: publish_map: frame pts=2660, total=455814
[INFO] [1783982885.668259625] [laser_mapping]: publish_map: frame pts=2918, total=458474
[INFO] [1783982885.748260124] [laser_mapping]: publish_map: frame pts=2604, total=461392
[INFO] [1783982885.838309429] [laser_mapping]: publish_map: frame pts=2692, total=463996
[INFO] [1783982885.917497972] [laser_mapping]: publish_map: frame pts=2795, total=466688
[INFO] [1783982886.004251339] [laser_mapping]: publish_map: frame pts=2569, total=469483
[INFO] [1783982886.018257514] [laser_mapping]: publish_map: frame pts=2569, total=472052
[INFO] [1783982886.087304036] [laser_mapping]: publish_map: frame pts=2884, total=474621
[INFO] [1783982886.167612002] [laser_mapping]: publish_map: frame pts=2725, total=477505
[INFO] [1783982886.246870379] [laser_mapping]: publish_map: frame pts=2484, total=480230
[INFO] [1783982886.318671092] [laser_mapping]: Saving map to /home/hyper/program/2026_Gsing-second_ROS/map/PCD17.pcd...
[INFO] [1783982887.158152658] [laser_mapping]: publish_map: frame pts=2484, total=482714
[INFO] [1783982887.178141400] [laser_mapping]: publish_map: frame pts=2912, total=485198
[INFO] [1783982887.193479746] [laser_mapping]: publish_map: frame pts=2912, total=488110
[INFO] [1783982887.206436980] [laser_mapping]: publish_map: frame pts=2912, total=491022
[INFO] [1783982887.218638420] [laser_mapping]: publish_map: frame pts=2912, total=493934
[INFO] [1783982887.230395488] [laser_mapping]: publish_map: frame pts=2912, total=496846
[INFO] [1783982887.246387759] [laser_mapping]: publish_map: frame pts=2905, total=499758
[INFO] [1783982887.338137341] [laser_mapping]: publish_map: frame pts=2544, total=502663
[INFO] [1783982887.418027645] [laser_mapping]: publish_map: frame pts=2649, total=505207
[INFO] [1783982887.497999419] [laser_mapping]: publish_map: frame pts=2870, total=507856
[INFO] [1783982887.587409722] [laser_mapping]: publish_map: frame pts=2620, total=510726
[INFO] [1783982887.668504811] [laser_mapping]: publish_map: frame pts=2682, total=513346
[INFO] [1783982887.757565819] [laser_mapping]: publish_map: frame pts=2845, total=516028
[INFO] [1783982887.827239926] [laser_mapping]: publish_map: frame pts=2490, total=518873
[INFO] [1783982887.917954574] [laser_mapping]: publish_map: frame pts=2878, total=521363
[INFO] [1783982887.997750913] [laser_mapping]: publish_map: frame pts=2731, total=524241
[INFO] [1783982888.012629876] [laser_mapping]: publish_map: frame pts=2731, total=526972
[INFO] [1783982888.077079862] [laser_mapping]: publish_map: frame pts=2561, total=529703
[INFO] [1783982888.167708667] [laser_mapping]: publish_map: frame pts=2787, total=532264
[INFO] [1783982888.247834259] [laser_mapping]: publish_map: frame pts=2651, total=535051
[INFO] [1783982888.337848141] [laser_mapping]: publish_map: frame pts=2638, total=537702
[INFO] [1783982888.394292524] [rclcpp]: signal_handler(SIGINT/SIGTERM)
Traceback (most recent call last):
  File "/home/hyper/program/2026_Gsing-second_ROS/py/tools/pointcloud_x_filter.py", line 108, in main
    rclpy.spin(node)
  File "/opt/ros/jazzy/lib/python3.12/site-packages/rclpy/__init__.py", line 247, in spin
    executor.spin_once()
  File "/opt/ros/jazzy/lib/python3.12/site-packages/rclpy/executors.py", line 926, in spin_once
    self._spin_once_impl(timeout_sec)
  File "/opt/ros/jazzy/lib/python3.12/site-packages/rclpy/executors.py", line 907, in _spin_once_impl
    handler, entity, node = self.wait_for_ready_callbacks(
                            ^^^^^^^^^^^^^^^^^^^^^^^^^^^^^^
  File "/opt/ros/jazzy/lib/python3.12/site-packages/rclpy/executors.py", line 877, in wait_for_ready_callbacks
    return next(self._cb_iter)
           ^^^^^^^^^^^^^^^^^^^
  File "/opt/ros/jazzy/lib/python3.12/site-packages/rclpy/executors.py", line 785, in _wait_for_ready_callbacks
    raise ExternalShutdownException()
rclpy.executors.ExternalShutdownException

During handling of the above exception, another exception occurred:

Traceback (most recent call last):
  File "/home/hyper/program/2026_Gsing-second_ROS/py/tools/pointcloud_x_filter.py", line 117, in <module>
    main()
  File "/home/hyper/program/2026_Gsing-second_ROS/py/tools/pointcloud_x_filter.py", line 113, in main
    rclpy.shutdown()
  File "/opt/ros/jazzy/lib/python3.12/site-packages/rclpy/__init__.py", line 134, in shutdown
    _shutdown(context=context)
  File "/opt/ros/jazzy/lib/python3.12/site-packages/rclpy/utilities.py", line 82, in shutdown
    context.shutdown()
  File "/opt/ros/jazzy/lib/python3.12/site-packages/rclpy/context.py", line 129, in shutdown
    self.__context.shutdown()
rclpy._rclpy_pybind11.RCLError: failed to shutdown: rcl_shutdown already called on the given context, at ./src/rcl/init.c:333
current scan saved to /PCD/map.pcd
terminate called after throwing an instance of 'pcl::IOException'
  what():  : [pcl::PCDWriter::writeBinary] Error during open!
