[INFO] [launch]: All log files can be found below /home/gsing/2026Gsing/2026_Gsing-second_ROS/logs/ros/2026-07-14-23-36-56-755564-gsing-7111
[INFO] [launch]: Default logging verbosity is set to INFO
[INFO] [fastlio_mapping-1]: process started with pid [7304]
[INFO] [env-2]: process started with pid [7305]
[INFO] [env-3]: process started with pid [7306]
[INFO] [pcd_to_pointcloud-4]: process started with pid [7307]
[pcd_to_pointcloud-4] [INFO] [1784043418.030048709] [map_publisher]: Publishing data with 329632 points (x y z normal_x normal_y normal_z intensity curvature) on topic /cloud_pcd in frame map.
[fastlio_mapping-1] [INFO] [1784043418.859945987] [fastlio_mapping]: p_pre->lidar_type 5
[fastlio_mapping-1] Multi thread started 
[fastlio_mapping-1] ~~~~/home/gsing/2026Gsing/2026_Gsing-second_ROS/fastlio2_v2/src/unilidar_fastlio_ros2-ros2/ file opened
[fastlio_mapping-1] [INFO] [1784043419.036565384] [fastlio_mapping]: Node init finished.
[env-2] [INFO] [1784043425.838740381] [global_localization]: Waiting for global map...
[env-2] [INFO] [1784043425.841945929] [global_localization]: Loading map: /home/gsing/2026Gsing/2026_Gsing-second_ROS/map/PCD25.pcd, voxel_size=0.01
[env-2] [INFO] [1784043425.903444829] [global_localization]: Map loaded: raw=329632 pts
[env-2] [INFO] [1784043426.207576820] [global_localization]: Map downsampled: 89134 pts
[env-2] [INFO] [1784043426.212024335] [global_localization]: Global map received.
[env-2] [INFO] [1784043426.733335280] [global_localization]: Waiting for initial pose...
[env-2] [INFO] [1784043427.228564294] [global_localization]: Waiting for initial pose...
[env-2] [INFO] [1784043427.747064786] [global_localization]: Waiting for initial pose...
[env-2] [INFO] [1784043428.228922704] [global_localization]: Waiting for initial pose...
[env-2] [INFO] [1784043428.729130384] [global_localization]: Waiting for initial pose...
[env-2] [INFO] [1784043429.265849116] [global_localization]: Waiting for initial pose...
[env-2] [INFO] [1784043429.756460788] [global_localization]: Waiting for initial pose...
[env-2] [INFO] [1784043430.317395190] [global_localization]: Waiting for initial pose...
[env-2] [INFO] [1784043430.735897440] [global_localization]: Waiting for initial pose...
[env-2] [INFO] [1784043431.239895370] [global_localization]: Waiting for initial pose...
[env-2] [INFO] [1784043431.264436767] [global_localization]: _auto_init_if_needed: initialized=False cur_scan=✓
[env-2] [WARN] [1784043431.300037022] [global_localization]: No /initialpose received within 5s — auto-initializing at (0, 0) facing X+
[env-2] [WARN] [1784043431.370956192] [global_localization]: No odometry yet, skip odom transform in crop
[env-2] [INFO] [1784043431.464528659] [global_localization]: ICP input: scan=47986 pts, map_FOV=89134 pts
[env-2] [INFO] [1784043435.219393448] [global_localization]: ICP fitness: coarse=1.000, fine=0.989, threshold=0.9
[env-2] [INFO] [1784043435.223242190] [global_localization]: map→odom: x=0.155 y=0.007 z=-0.036
[env-2] [WARN] [1784043435.242033472] [global_localization]: No odometry yet, skip odom transform in crop
[env-2] [INFO] [1784043435.305942504] [global_localization]: ICP input: scan=4798 pts, map_FOV=89134 pts
[env-2] [INFO] [1784043436.887241145] [global_localization]: ICP fitness: coarse=1.000, fine=0.995, threshold=0.9
[env-2] [INFO] [1784043436.893082284] [global_localization]: map→odom: x=0.201 y=-0.013 z=-0.033
[env-2] [WARN] [1784043436.915244425] [global_localization]: No odometry yet, skip odom transform in crop
[env-2] [INFO] [1784043436.973344655] [global_localization]: ICP input: scan=4660 pts, map_FOV=89134 pts
[env-2] [INFO] [1784043437.787471923] [global_localization]: ICP fitness: coarse=1.000, fine=0.999, threshold=0.9
[env-2] [INFO] [1784043437.792016576] [global_localization]: map→odom: x=0.183 y=-0.008 z=-0.046
[env-2] [INFO] [1784043437.803196430] [global_localization]: _auto_init_if_needed: initialized=True cur_scan=✓
[env-2] [WARN] [1784043437.815061669] [global_localization]: No odometry yet, skip odom transform in crop
[env-2] [INFO] [1784043437.844045502] [global_localization]: ICP input: scan=4802 pts, map_FOV=89134 pts
[env-2] [INFO] [1784043438.434196458] [global_localization]: ICP fitness: coarse=1.000, fine=1.000, threshold=0.9
[env-2] [INFO] [1784043438.446487968] [global_localization]: map→odom: x=0.195 y=-0.003 z=-0.039
[env-2] [WARN] [1784043438.464667373] [global_localization]: No odometry yet, skip odom transform in crop
[env-2] [INFO] [1784043438.514371050] [global_localization]: ICP input: scan=4721 pts, map_FOV=89134 pts
[env-2] [INFO] [1784043438.980564408] [global_localization]: ICP fitness: coarse=1.000, fine=0.987, threshold=0.9
[env-2] [INFO] [1784043438.999555600] [global_localization]: map→odom: x=0.249 y=-0.024 z=-0.032
[env-2] [WARN] [1784043439.033081356] [global_localization]: No odometry yet, skip odom transform in crop
[env-2] [INFO] [1784043439.091318374] [global_localization]: ICP input: scan=4744 pts, map_FOV=89134 pts
[env-2] [INFO] [1784043439.533026583] [global_localization]: ICP fitness: coarse=1.000, fine=0.993, threshold=0.9
[env-2] [INFO] [1784043439.536695104] [global_localization]: map→odom: x=0.256 y=-0.046 z=-0.034
[env-2] [WARN] [1784043439.549025377] [global_localization]: No odometry yet, skip odom transform in crop
[env-2] [INFO] [1784043439.579913001] [global_localization]: ICP input: scan=4813 pts, map_FOV=89134 pts
[env-2] [INFO] [1784043440.261055055] [global_localization]: ICP fitness: coarse=1.000, fine=0.991, threshold=0.9
[env-2] [INFO] [1784043440.275721853] [global_localization]: map→odom: x=0.244 y=-0.054 z=-0.026
[env-2] [WARN] [1784043440.310772326] [global_localization]: No odometry yet, skip odom transform in crop
[env-2] [INFO] [1784043440.369389958] [global_localization]: ICP input: scan=4723 pts, map_FOV=89134 pts
[env-2] [INFO] [1784043441.006136758] [global_localization]: ICP fitness: coarse=1.000, fine=0.995, threshold=0.9
[env-2] [INFO] [1784043441.014489740] [global_localization]: map→odom: x=0.229 y=-0.031 z=-0.041
[env-2] [WARN] [1784043441.044076286] [global_localization]: No odometry yet, skip odom transform in crop
[env-2] [INFO] [1784043441.087413477] [global_localization]: ICP input: scan=4792 pts, map_FOV=89134 pts
[env-2] [INFO] [1784043441.548155068] [global_localization]: ICP fitness: coarse=1.000, fine=0.992, threshold=0.9
[env-2] [INFO] [1784043441.559491006] [global_localization]: map→odom: x=0.236 y=-0.059 z=-0.027
[env-2] [WARN] [1784043441.597946772] [global_localization]: No odometry yet, skip odom transform in crop
[env-2] [INFO] [1784043441.643901791] [global_localization]: ICP input: scan=4667 pts, map_FOV=89134 pts
[env-2] [INFO] [1784043442.781973475] [global_localization]: ICP fitness: coarse=1.000, fine=0.989, threshold=0.9
[env-2] [INFO] [1784043442.790333010] [global_localization]: map→odom: x=0.262 y=-0.051 z=-0.044
[env-2] [WARN] [1784043442.962730522] [global_localization]: No odometry yet, skip odom transform in crop
[env-2] [INFO] [1784043443.081369972] [global_localization]: ICP input: scan=4820 pts, map_FOV=89134 pts
[env-2] [INFO] [1784043444.465679817] [global_localization]: ICP fitness: coarse=1.000, fine=0.992, threshold=0.9
[env-2] [INFO] [1784043444.472154984] [global_localization]: map→odom: x=0.262 y=-0.049 z=-0.030
[env-2] [WARN] [1784043444.491549320] [global_localization]: No odometry yet, skip odom transform in crop
[env-2] [INFO] [1784043444.527129485] [global_localization]: ICP input: scan=4811 pts, map_FOV=89134 pts
[env-2] [INFO] [1784043446.550882671] [global_localization]: ICP fitness: coarse=1.000, fine=0.993, threshold=0.9
[env-2] [INFO] [1784043446.555502403] [global_localization]: map→odom: x=0.287 y=-0.040 z=-0.035
[env-2] [WARN] [1784043446.572957518] [global_localization]: No odometry yet, skip odom transform in crop
[env-2] [INFO] [1784043446.605651025] [global_localization]: ICP input: scan=4654 pts, map_FOV=89134 pts
[env-2] [INFO] [1784043447.352980346] [global_localization]: ICP fitness: coarse=1.000, fine=1.000, threshold=0.9
[env-2] [INFO] [1784043447.357531003] [global_localization]: map→odom: x=0.222 y=-0.008 z=-0.049
[env-2] [WARN] [1784043447.381551352] [global_localization]: No odometry yet, skip odom transform in crop
[env-2] [INFO] [1784043447.415547554] [global_localization]: ICP input: scan=4670 pts, map_FOV=89134 pts
[env-2] [INFO] [1784043448.433096277] [global_localization]: ICP fitness: coarse=1.000, fine=0.991, threshold=0.9
[env-2] [INFO] [1784043448.445303147] [global_localization]: map→odom: x=0.244 y=-0.032 z=-0.049
[env-2] [WARN] [1784043448.468525176] [global_localization]: No odometry yet, skip odom transform in crop
[env-2] [INFO] [1784043448.519889844] [global_localization]: ICP input: scan=4787 pts, map_FOV=89134 pts
[env-2] [INFO] [1784043449.009518149] [global_localization]: ICP fitness: coarse=1.000, fine=0.988, threshold=0.9
[env-2] [INFO] [1784043449.039851845] [global_localization]: map→odom: x=0.254 y=-0.072 z=-0.029
[env-2] [WARN] [1784043449.169292264] [global_localization]: No odometry yet, skip odom transform in crop
[env-2] [INFO] [1784043449.266259341] [global_localization]: ICP input: scan=4820 pts, map_FOV=89134 pts
[fastlio_mapping-1] [INFO] [1784043450.401775038] [rclcpp]: signal_handler(SIGINT/SIGTERM)
[fastlio_mapping-1] Rebuild thread terminated normally
[INFO] [fastlio_mapping-1]: process has finished cleanly [pid 7304]
[env-2] [INFO] [1784043451.376664891] [global_localization]: ICP fitness: coarse=1.000, fine=0.992, threshold=0.9
[env-2] Failed to publish log message to rosout: publisher's context is invalid, at ./src/rcl/publisher.c:423
[env-2] [INFO] [1784043451.381509239] [global_localization]: map→odom: x=0.275 y=-0.045 z=-0.037
[env-2] Failed to publish log message to rosout: publisher's context is invalid, at ./src/rcl/publisher.c:423
[env-3] Traceback (most recent call last):
[env-3]   File "/home/gsing/2026Gsing/2026_Gsing-second_ROS/fastlio2_v2/install/fast_lio_localization/lib/fast_lio_localization/transform_fusion", line 33, in <module>
[env-3]     sys.exit(load_entry_point('fast-lio-localization', 'console_scripts', 'transform_fusion')())
[env-3]              ^^^^^^^^^^^^^^^^^^^^^^^^^^^^^^^^^^^^^^^^^^^^^^^^^^^^^^^^^^^^^^^^^^^^^^^^^^^^^^^^^^
[env-3]   File "/home/gsing/2026Gsing/2026_Gsing-second_ROS/fastlio2_v2/build/fast_lio_localization/fast_lio_localization/transform_fusion.py", line 134, in main
[env-3]     rclpy.spin(node)
[env-3]   File "/opt/ros/jazzy/lib/python3.12/site-packages/rclpy/__init__.py", line 247, in spin
[env-3]     executor.spin_once()
[env-3]   File "/opt/ros/jazzy/lib/python3.12/site-packages/rclpy/executors.py", line 926, in spin_once
[env-3]     self._spin_once_impl(timeout_sec)
[env-3]   File "/opt/ros/jazzy/lib/python3.12/site-packages/rclpy/executors.py", line 918, in _spin_once_impl
[env-3]     raise handler.exception()
[env-3]   File "/opt/ros/jazzy/lib/python3.12/site-packages/rclpy/task.py", line 286, in _execute_coroutine_step
[env-3]     result = coro.send(None)
[env-3]              ^^^^^^^^^^^^^^^
[env-3]   File "/opt/ros/jazzy/lib/python3.12/site-packages/rclpy/executors.py", line 592, in handler
[env-3]     await call_coroutine()
[env-3]   File "/opt/ros/jazzy/lib/python3.12/site-packages/rclpy/executors.py", line 454, in _execute
[env-3]     await await_or_execute(tmr.callback)
[env-3]   File "/opt/ros/jazzy/lib/python3.12/site-packages/rclpy/executors.py", line 115, in await_or_execute
[env-3]     return callback(*args)
[env-3]            ^^^^^^^^^^^^^^^
[env-3]   File "/home/gsing/2026Gsing/2026_Gsing-second_ROS/fastlio2_v2/build/fast_lio_localization/fast_lio_localization/transform_fusion.py", line 100, in transform_fusion
[env-3]     self.tf_broadcaster.sendTransform(transform_stamped_msg)
[env-3]   File "/opt/ros/jazzy/lib/python3.12/site-packages/tf2_ros/transform_broadcaster.py", line 77, in sendTransform
[env-3]     self.pub_tf.publish(TFMessage(transforms=transform))
[env-3]   File "/opt/ros/jazzy/lib/python3.12/site-packages/rclpy/publisher.py", line 70, in publish
[env-3]     self.__publisher.publish(msg)
[env-3] rclpy._rclpy_pybind11.RCLError: Failed to publish: publisher's context is invalid, at ./src/rcl/publisher.c:423
[env-2] Traceback (most recent call last):
[env-2]   File "/home/gsing/2026Gsing/2026_Gsing-second_ROS/fastlio2_v2/install/fast_lio_localization/lib/fast_lio_localization/global_localization", line 33, in <module>
[env-2]     sys.exit(load_entry_point('fast-lio-localization', 'console_scripts', 'global_localization')())
[env-2]              ^^^^^^^^^^^^^^^^^^^^^^^^^^^^^^^^^^^^^^^^^^^^^^^^^^^^^^^^^^^^^^^^^^^^^^^^^^^^^^^^^^^^^
[env-2]   File "/home/gsing/2026Gsing/2026_Gsing-second_ROS/fastlio2_v2/build/fast_lio_localization/fast_lio_localization/global_localization.py", line 626, in main
[env-2]     rclpy.spin(node)
[env-2]   File "/opt/ros/jazzy/lib/python3.12/site-packages/rclpy/__init__.py", line 247, in spin
[env-2]     executor.spin_once()
[env-2]   File "/opt/ros/jazzy/lib/python3.12/site-packages/rclpy/executors.py", line 926, in spin_once
[env-2]     self._spin_once_impl(timeout_sec)
[env-2]   File "/opt/ros/jazzy/lib/python3.12/site-packages/rclpy/executors.py", line 918, in _spin_once_impl
[env-2]     raise handler.exception()
[env-2]   File "/opt/ros/jazzy/lib/python3.12/site-packages/rclpy/task.py", line 286, in _execute_coroutine_step
[env-2]     result = coro.send(None)
[env-2]              ^^^^^^^^^^^^^^^
[env-2]   File "/opt/ros/jazzy/lib/python3.12/site-packages/rclpy/executors.py", line 592, in handler
[env-2]     await call_coroutine()
[env-2]   File "/opt/ros/jazzy/lib/python3.12/site-packages/rclpy/executors.py", line 454, in _execute
[env-2]     await await_or_execute(tmr.callback)
[env-2]   File "/opt/ros/jazzy/lib/python3.12/site-packages/rclpy/executors.py", line 115, in await_or_execute
[env-2]     return callback(*args)
[env-2]            ^^^^^^^^^^^^^^^
[env-2]   File "/home/gsing/2026Gsing/2026_Gsing-second_ROS/fastlio2_v2/build/fast_lio_localization/fast_lio_localization/global_localization.py", line 604, in localisation_timer_callback
[env-2]     self.global_localization(self.T_map_to_odom)
[env-2]   File "/home/gsing/2026Gsing/2026_Gsing-second_ROS/fastlio2_v2/build/fast_lio_localization/fast_lio_localization/global_localization.py", line 520, in global_localization
[env-2]     self.publish_odom(transformation)
[env-2]   File "/home/gsing/2026Gsing/2026_Gsing-second_ROS/fastlio2_v2/build/fast_lio_localization/fast_lio_localization/global_localization.py", line 595, in publish_odom
[env-2]     self.pub_map_to_odom.publish(odom_msg)
[env-2]   File "/opt/ros/jazzy/lib/python3.12/site-packages/rclpy/publisher.py", line 70, in publish
[env-2]     self.__publisher.publish(msg)
[env-2] rclpy._rclpy_pybind11.RCLError: Failed to publish: publisher's context is invalid, at ./src/rcl/publisher.c:423
[ERROR] [env-3]: process has died [pid 7306, exit code 1, cmd 'env PATH=/usr/bin:/bin:/usr/sbin:/sbin /home/gsing/2026Gsing/2026_Gsing-second_ROS/fastlio2_v2/install/fast_lio_localization/lib/fast_lio_localization/transform_fusion --ros-args -r __node:=transform_fusion'].
[ERROR] [env-2]: process has died [pid 7305, exit code 1, cmd 'env PATH=/usr/bin:/bin:/usr/sbin:/sbin /home/gsing/2026Gsing/2026_Gsing-second_ROS/fastlio2_v2/install/fast_lio_localization/lib/fast_lio_localization/global_localization --ros-args -r __node:=global_localization -p map_voxel_size:=0.01
...
 -p scan_voxel_size:=0.03
...
 -p freq_localization:=2.0
...
 -p freq_global_map:=0.25
...
 -p localization_threshold:=0.9
...
 -p fov:=6.28319
...
 -p fov_far:=300
...
 --params-file /tmp/launch_params_0ny3bbga --params-file /tmp/launch_params_55loz9_u'].
