[INFO] [launch]: All log files can be found below /home/gsing/2026Gsing/2026_Gsing-second_ROS/logs/ros/2026-07-14-20-09-51-700469-gsing-10729
[INFO] [launch]: Default logging verbosity is set to INFO
[INFO] [fastlio_mapping-1]: process started with pid [10856]
[INFO] [env-2]: process started with pid [10857]
[INFO] [env-3]: process started with pid [10858]
[INFO] [pcd_to_pointcloud-4]: process started with pid [10860]
[pcd_to_pointcloud-4] [INFO] [1784030993.117328234] [map_publisher]: Publishing data with 368664 points (x y z normal_x normal_y normal_z intensity curvature) on topic /cloud_pcd in frame map.
[fastlio_mapping-1] [INFO] [1784030993.579236418] [fastlio_mapping]: p_pre->lidar_type 5
[fastlio_mapping-1] Multi thread started 
[fastlio_mapping-1] ~~~~/home/gsing/2026Gsing/2026_Gsing-second_ROS/fastlio2_v2/src/unilidar_fastlio_ros2-ros2/ file opened
[fastlio_mapping-1] [INFO] [1784030993.674050513] [fastlio_mapping]: Node init finished.
[env-2] [INFO] [1784031003.716539569] [global_localization]: Waiting for global map...
[env-2] [INFO] [1784031003.745749552] [global_localization]: Loading map: /home/gsing/2026Gsing/2026_Gsing-second_ROS/map/PCD20.pcd, voxel_size=0.01
[env-2] [INFO] [1784031004.125412924] [global_localization]: Map loaded: raw=368664 pts
[env-2] [INFO] [1784031004.636876350] [global_localization]: Map downsampled: 103490 pts
[env-2] [INFO] [1784031004.640589447] [global_localization]: Global map received.
[env-2] [INFO] [1784031005.193279438] [global_localization]: Waiting for initial pose...
[env-2] [INFO] [1784031005.709177511] [global_localization]: Waiting for initial pose...
[env-2] [INFO] [1784031006.269660643] [global_localization]: Waiting for initial pose...
[env-2] [INFO] [1784031006.717816643] [global_localization]: Waiting for initial pose...
[env-2] [INFO] [1784031007.192792722] [global_localization]: Waiting for initial pose...
[env-2] [INFO] [1784031007.728327545] [global_localization]: Waiting for initial pose...
[env-2] [INFO] [1784031008.227791956] [global_localization]: Waiting for initial pose...
[env-2] [INFO] [1784031008.737420330] [global_localization]: Waiting for initial pose...
[env-2] [INFO] [1784031009.211514596] [global_localization]: Waiting for initial pose...
[env-2] [INFO] [1784031009.697945643] [global_localization]: Waiting for initial pose...
[env-2] [INFO] [1784031009.719481934] [global_localization]: _auto_init_if_needed: initialized=False cur_scan=✗
[env-2] [INFO] [1784031010.195727793] [global_localization]: Waiting for initial pose...
[env-2] [INFO] [1784031010.691086474] [global_localization]: Waiting for initial pose...
[env-2] [INFO] [1784031011.206321475] [global_localization]: Waiting for initial pose...
[env-2] [INFO] [1784031011.710264288] [global_localization]: Waiting for initial pose...
[env-2] [INFO] [1784031012.201317353] [global_localization]: Waiting for initial pose...
[env-2] [INFO] [1784031012.699002960] [global_localization]: Waiting for initial pose...
[env-2] [INFO] [1784031013.189260058] [global_localization]: Waiting for initial pose...
[env-2] [INFO] [1784031013.696517033] [global_localization]: Waiting for initial pose...
[env-2] [INFO] [1784031014.192109934] [global_localization]: Waiting for initial pose...
[env-2] [INFO] [1784031014.711437485] [global_localization]: Waiting for initial pose...
[env-2] [INFO] [1784031014.742874663] [global_localization]: _auto_init_if_needed: initialized=False cur_scan=✗
[env-2] [INFO] [1784031015.199478346] [global_localization]: Waiting for initial pose...
[env-2] [INFO] [1784031015.697437341] [global_localization]: Waiting for initial pose...
[env-2] [INFO] [1784031016.188923848] [global_localization]: Waiting for initial pose...
[env-2] [INFO] [1784031016.686789448] [global_localization]: Waiting for initial pose...
[env-2] [INFO] [1784031017.186857795] [global_localization]: Waiting for initial pose...
[env-2] [INFO] [1784031017.693840050] [global_localization]: Waiting for initial pose...
[env-2] [INFO] [1784031018.195794382] [global_localization]: Waiting for initial pose...
[env-2] [INFO] [1784031018.687401160] [global_localization]: Waiting for initial pose...
[env-2] [INFO] [1784031019.210266779] [global_localization]: Waiting for initial pose...
[env-2] [INFO] [1784031019.703686578] [global_localization]: Waiting for initial pose...
[env-2] [INFO] [1784031019.720999079] [global_localization]: _auto_init_if_needed: initialized=False cur_scan=✗
[env-2] [INFO] [1784031020.221874358] [global_localization]: Waiting for initial pose...
[env-2] [INFO] [1784031020.689745621] [global_localization]: Waiting for initial pose...
[env-2] [INFO] [1784031021.194465360] [global_localization]: Waiting for initial pose...
[env-2] [INFO] [1784031021.731395260] [global_localization]: Waiting for initial pose...
[env-2] [INFO] [1784031022.202275556] [global_localization]: Waiting for initial pose...
[env-2] [INFO] [1784031022.735309067] [global_localization]: Waiting for initial pose...
[env-2] [INFO] [1784031023.200840441] [global_localization]: Waiting for initial pose...
[env-2] [INFO] [1784031023.695956403] [global_localization]: Waiting for initial pose...
[env-2] [INFO] [1784031024.198604167] [global_localization]: Waiting for initial pose...
[env-2] [INFO] [1784031024.687814094] [global_localization]: Waiting for initial pose...
[env-2] [INFO] [1784031024.694180882] [global_localization]: _auto_init_if_needed: initialized=False cur_scan=✗
[env-2] [INFO] [1784031025.189795965] [global_localization]: Waiting for initial pose...
[env-2] [INFO] [1784031025.719532464] [global_localization]: Waiting for initial pose...
[env-2] [INFO] [1784031026.194380083] [global_localization]: Waiting for initial pose...
[env-2] [INFO] [1784031026.704649820] [global_localization]: Waiting for initial pose...
[env-2] [INFO] [1784031027.195393258] [global_localization]: Waiting for initial pose...
[env-2] [INFO] [1784031027.699833523] [global_localization]: Waiting for initial pose...
[env-2] [INFO] [1784031028.250695754] [global_localization]: Waiting for initial pose...
[env-2] [INFO] [1784031028.699790341] [global_localization]: Waiting for initial pose...
[env-2] [INFO] [1784031029.212237599] [global_localization]: Waiting for initial pose...
[env-2] [INFO] [1784031029.701002712] [global_localization]: Waiting for initial pose...
[env-2] [INFO] [1784031029.714797653] [global_localization]: _auto_init_if_needed: initialized=False cur_scan=✗
[env-2] [INFO] [1784031030.196371614] [global_localization]: Waiting for initial pose...
[env-2] [INFO] [1784031030.722512560] [global_localization]: Waiting for initial pose...
[env-2] [INFO] [1784031031.251130274] [global_localization]: Waiting for initial pose...
[env-2] [INFO] [1784031031.710097751] [global_localization]: Waiting for initial pose...
[env-2] [INFO] [1784031032.201029307] [global_localization]: Waiting for initial pose...
[env-2] [INFO] [1784031032.698568830] [global_localization]: Waiting for initial pose...
[env-2] [INFO] [1784031033.242775624] [global_localization]: Waiting for initial pose...
[env-2] [INFO] [1784031033.699577539] [global_localization]: Waiting for initial pose...
[env-2] [INFO] [1784031034.198875878] [global_localization]: Waiting for initial pose...
[env-2] [INFO] [1784031034.710355510] [global_localization]: Waiting for initial pose...
[env-2] [INFO] [1784031034.736337909] [global_localization]: _auto_init_if_needed: initialized=False cur_scan=✗
[env-2] [INFO] [1784031035.197818420] [global_localization]: Waiting for initial pose...
[env-2] [INFO] [1784031035.694064969] [global_localization]: Waiting for initial pose...
[env-2] [INFO] [1784031036.190874346] [global_localization]: Waiting for initial pose...
[env-2] [INFO] [1784031036.698410466] [global_localization]: Waiting for initial pose...
[env-2] [INFO] [1784031037.194797607] [global_localization]: Waiting for initial pose...
[env-2] [INFO] [1784031037.697563493] [global_localization]: Waiting for initial pose...
[env-2] [INFO] [1784031038.222560402] [global_localization]: Waiting for initial pose...
[env-2] [INFO] [1784031038.858761748] [global_localization]: Waiting for initial pose...
[env-2] [INFO] [1784031039.189125202] [global_localization]: Waiting for initial pose...
[env-2] [INFO] [1784031039.834114595] [global_localization]: Waiting for initial pose...
[env-2] [INFO] [1784031039.849468239] [global_localization]: _auto_init_if_needed: initialized=False cur_scan=✗
[env-2] [INFO] [1784031040.190922521] [global_localization]: Waiting for initial pose...
[env-2] [INFO] [1784031040.702439872] [global_localization]: Waiting for initial pose...
[env-2] [INFO] [1784031041.201162011] [global_localization]: Waiting for initial pose...
[env-2] [INFO] [1784031041.690339789] [global_localization]: Waiting for initial pose...
[env-2] [INFO] [1784031042.187270875] [global_localization]: Waiting for initial pose...
[env-2] [INFO] [1784031042.688599982] [global_localization]: Waiting for initial pose...
[env-2] [INFO] [1784031043.193858414] [global_localization]: Waiting for initial pose...
[env-2] [INFO] [1784031043.715504712] [global_localization]: Waiting for initial pose...
[env-2] [INFO] [1784031044.201547238] [global_localization]: Waiting for initial pose...
[env-2] [INFO] [1784031044.794949283] [global_localization]: Waiting for initial pose...
[env-2] [INFO] [1784031044.811657321] [global_localization]: _auto_init_if_needed: initialized=False cur_scan=✗
[env-2] [INFO] [1784031045.197074508] [global_localization]: Waiting for initial pose...
[env-2] [INFO] [1784031045.691151594] [global_localization]: Waiting for initial pose...
[env-2] [INFO] [1784031046.190567708] [global_localization]: Waiting for initial pose...
[env-2] [INFO] [1784031046.690170612] [global_localization]: Waiting for initial pose...
[env-2] [INFO] [1784031047.189038882] [global_localization]: Waiting for initial pose...
[env-2] [INFO] [1784031047.687185105] [global_localization]: Waiting for initial pose...
[env-2] [INFO] [1784031048.200318839] [global_localization]: Waiting for initial pose...
[env-2] [INFO] [1784031048.694504948] [global_localization]: Waiting for initial pose...
[env-2] [INFO] [1784031049.194984730] [global_localization]: Waiting for initial pose...
[env-2] [INFO] [1784031049.715180379] [global_localization]: Waiting for initial pose...
[env-2] [INFO] [1784031049.732861241] [global_localization]: _auto_init_if_needed: initialized=False cur_scan=✗
[env-2] [INFO] [1784031050.194174892] [global_localization]: Waiting for initial pose...
[env-2] [INFO] [1784031050.696391361] [global_localization]: Waiting for initial pose...
[env-2] [INFO] [1784031051.193351392] [global_localization]: Waiting for initial pose...
[env-2] [INFO] [1784031051.692651567] [global_localization]: Waiting for initial pose...
[env-2] [INFO] [1784031052.190114833] [global_localization]: Waiting for initial pose...
[env-2] [INFO] [1784031052.692560364] [global_localization]: Waiting for initial pose...
[env-2] [INFO] [1784031053.194676218] [global_localization]: Waiting for initial pose...
[env-2] [INFO] [1784031053.694316688] [global_localization]: Waiting for initial pose...
[env-2] [INFO] [1784031054.211907949] [global_localization]: Waiting for initial pose...
[env-2] [INFO] [1784031054.702269725] [global_localization]: Waiting for initial pose...
[env-2] [INFO] [1784031054.763227616] [global_localization]: _auto_init_if_needed: initialized=False cur_scan=✗
[env-2] [INFO] [1784031055.186978768] [global_localization]: Waiting for initial pose...
[env-2] [INFO] [1784031055.694235255] [global_localization]: Waiting for initial pose...
[env-2] [INFO] [1784031056.190491833] [global_localization]: Waiting for initial pose...
[env-2] [INFO] [1784031056.691407046] [global_localization]: Waiting for initial pose...
[env-2] [INFO] [1784031057.191208731] [global_localization]: Waiting for initial pose...
[env-2] [INFO] [1784031057.712647955] [global_localization]: Waiting for initial pose...
[env-2] [INFO] [1784031058.198148241] [global_localization]: Waiting for initial pose...
[env-2] [INFO] [1784031058.716283767] [global_localization]: Waiting for initial pose...
[env-2] [INFO] [1784031059.278420175] [global_localization]: Waiting for initial pose...
[env-2] [INFO] [1784031059.747715321] [global_localization]: Waiting for initial pose...
[env-2] [INFO] [1784031059.773482964] [global_localization]: _auto_init_if_needed: initialized=False cur_scan=✗
[env-2] [INFO] [1784031060.234906442] [global_localization]: Waiting for initial pose...
[env-2] [INFO] [1784031060.714313558] [global_localization]: Waiting for initial pose...
[env-2] [INFO] [1784031061.196258178] [global_localization]: Waiting for initial pose...
[env-2] [INFO] [1784031061.711727975] [global_localization]: Waiting for initial pose...
[env-2] [INFO] [1784031062.201514843] [global_localization]: Waiting for initial pose...
[fastlio_mapping-1] [INFO] [1784031062.498251979] [rclcpp]: signal_handler(SIGINT/SIGTERM)
[env-2] [INFO] [1784031062.747486477] [global_localization]: Waiting for initial pose...
[fastlio_mapping-1] Rebuild thread terminated normally
[INFO] [fastlio_mapping-1]: process has finished cleanly [pid 10856]
[env-2] Traceback (most recent call last):
[env-2]   File "/home/gsing/2026Gsing/2026_Gsing-second_ROS/fastlio2_v2/install/fast_lio_localization/lib/fast_lio_localization/global_localization", line 33, in <module>
[env-2]     sys.exit(load_entry_point('fast-lio-localization', 'console_scripts', 'global_localization')())
[env-2]              ^^^^^^^^^^^^^^^^^^^^^^^^^^^^^^^^^^^^^^^^^^^^^^^^^^^^^^^^^^^^^^^^^^^^^^^^^^^^^^^^^^^^^
[env-2]   File "/home/gsing/2026Gsing/2026_Gsing-second_ROS/fastlio2_v2/build/fast_lio_localization/fast_lio_localization/global_localization.py", line 626, in main
[env-2]     rclpy.spin(node)
[env-2]   File "/opt/ros/jazzy/lib/python3.12/site-packages/rclpy/__init__.py", line 247, in spin
[env-2]     executor.spin_once()
[env-2]   File "/opt/ros/jazzy/lib/python3.12/site-packages/rclpy/executors.py", line 926, in spin_once
[env-2]     self._spin_once_impl(timeout_sec)
[env-2]   File "/opt/ros/jazzy/lib/python3.12/site-packages/rclpy/executors.py", line 907, in _spin_once_impl
[env-2]     handler, entity, node = self.wait_for_ready_callbacks(
[env-2]                             ^^^^^^^^^^^^^^^^^^^^^^^^^^^^^^
[env-2]   File "/opt/ros/jazzy/lib/python3.12/site-packages/rclpy/executors.py", line 877, in wait_for_ready_callbacks
[env-2]     return next(self._cb_iter)
[env-2]            ^^^^^^^^^^^^^^^^^^^
[env-2]   File "/opt/ros/jazzy/lib/python3.12/site-packages/rclpy/executors.py", line 757, in _wait_for_ready_callbacks
[env-2]     wait_set = _rclpy.WaitSet(
[env-2]                ^^^^^^^^^^^^^^^
[env-2] rclpy._rclpy_pybind11.RCLError: failed to initialize wait set: the given context is not valid, either rcl_init() was not called or rcl_shutdown() was called., at ./src/rcl/wait.c:130
[env-3] Traceback (most recent call last):
[env-3]   File "/home/gsing/2026Gsing/2026_Gsing-second_ROS/fastlio2_v2/install/fast_lio_localization/lib/fast_lio_localization/transform_fusion", line 33, in <module>
[env-3]     sys.exit(load_entry_point('fast-lio-localization', 'console_scripts', 'transform_fusion')())
[env-3]              ^^^^^^^^^^^^^^^^^^^^^^^^^^^^^^^^^^^^^^^^^^^^^^^^^^^^^^^^^^^^^^^^^^^^^^^^^^^^^^^^^^
[env-3]   File "/home/gsing/2026Gsing/2026_Gsing-second_ROS/fastlio2_v2/build/fast_lio_localization/fast_lio_localization/transform_fusion.py", line 134, in main
[env-3]     rclpy.spin(node)
[env-3]   File "/opt/ros/jazzy/lib/python3.12/site-packages/rclpy/__init__.py", line 247, in spin
[env-3]     executor.spin_once()
[env-3]   File "/opt/ros/jazzy/lib/python3.12/site-packages/rclpy/executors.py", line 926, in spin_once
[env-3]     self._spin_once_impl(timeout_sec)
[env-3]   File "/opt/ros/jazzy/lib/python3.12/site-packages/rclpy/executors.py", line 918, in _spin_once_impl
[env-3]     raise handler.exception()
[env-3]   File "/opt/ros/jazzy/lib/python3.12/site-packages/rclpy/task.py", line 286, in _execute_coroutine_step
[env-3]     result = coro.send(None)
[env-3]              ^^^^^^^^^^^^^^^
[env-3]   File "/opt/ros/jazzy/lib/python3.12/site-packages/rclpy/executors.py", line 592, in handler
[env-3]     await call_coroutine()
[env-3]   File "/opt/ros/jazzy/lib/python3.12/site-packages/rclpy/executors.py", line 454, in _execute
[env-3]     await await_or_execute(tmr.callback)
[env-3]   File "/opt/ros/jazzy/lib/python3.12/site-packages/rclpy/executors.py", line 115, in await_or_execute
[env-3]     return callback(*args)
[env-3]            ^^^^^^^^^^^^^^^
[env-3]   File "/home/gsing/2026Gsing/2026_Gsing-second_ROS/fastlio2_v2/build/fast_lio_localization/fast_lio_localization/transform_fusion.py", line 119, in transform_fusion
[env-3]     self.pub_localization.publish(localization)
[env-3]   File "/opt/ros/jazzy/lib/python3.12/site-packages/rclpy/publisher.py", line 70, in publish
[env-3]     self.__publisher.publish(msg)
[env-3] rclpy._rclpy_pybind11.RCLError: Failed to publish: publisher's context is invalid, at ./src/rcl/publisher.c:423
[ERROR] [env-3]: process has died [pid 10858, exit code 1, cmd 'env PATH=/usr/bin:/bin:/usr/sbin:/sbin /home/gsing/2026Gsing/2026_Gsing-second_ROS/fastlio2_v2/install/fast_lio_localization/lib/fast_lio_localization/transform_fusion --ros-args -r __node:=transform_fusion'].
[ERROR] [env-2]: process has died [pid 10857, exit code 1, cmd 'env PATH=/usr/bin:/bin:/usr/sbin:/sbin /home/gsing/2026Gsing/2026_Gsing-second_ROS/fastlio2_v2/install/fast_lio_localization/lib/fast_lio_localization/global_localization --ros-args -r __node:=global_localization -p map_voxel_size:=0.01
...
 -p scan_voxel_size:=0.03
...
 -p freq_localization:=2.0
...
 -p freq_global_map:=0.25
...
 -p localization_threshold:=0.9
...
 -p fov:=6.28319
...
 -p fov_far:=300
...
 --params-file /tmp/launch_params_s6y6wiq9 --params-file /tmp/launch_params_caypm5oc'].
