[INFO] [launch]: All log files can be found below /home/gsing/2026Gsing/2026_Gsing-second_ROS/logs/ros/2026-07-14-19-33-33-989094-gsing-4481
[INFO] [launch]: Default logging verbosity is set to INFO
[INFO] [fastlio_mapping-1]: process started with pid [4637]
[INFO] [env-2]: process started with pid [4638]
[INFO] [env-3]: process started with pid [4643]
[INFO] [pcd_to_pointcloud-4]: process started with pid [4648]
[pcd_to_pointcloud-4] [INFO] [1784028815.917665298] [map_publisher]: Publishing data with 368664 points (x y z normal_x normal_y normal_z intensity curvature) on topic /cloud_pcd in frame map.
[fastlio_mapping-1] [INFO] [1784028816.411270865] [fastlio_mapping]: p_pre->lidar_type 5
[fastlio_mapping-1] Multi thread started 
[fastlio_mapping-1] ~~~~/home/gsing/2026Gsing/2026_Gsing-second_ROS/fastlio2_v2/src/unilidar_fastlio_ros2-ros2/ file opened
[fastlio_mapping-1] [INFO] [1784028816.500725327] [fastlio_mapping]: Node init finished.
[env-2] [INFO] [1784028819.812375476] [global_localization]: Waiting for global map...
[env-2] [INFO] [1784028819.815036986] [global_localization]: Loading map: /home/gsing/2026Gsing/2026_Gsing-second_ROS/map/PCD20.pcd, voxel_size=0.01
[env-2] [INFO] [1784028819.875346684] [global_localization]: Map loaded: raw=368664 pts
[env-2] [INFO] [1784028821.760113389] [global_localization]: Map downsampled: 103490 pts
[env-2] [INFO] [1784028821.765746052] [global_localization]: Global map received.
[env-2] [INFO] [1784028822.497492667] [global_localization]: Waiting for initial pose...
[env-2] [INFO] [1784028822.915054287] [global_localization]: Waiting for initial pose...
[env-2] [INFO] [1784028823.374750900] [global_localization]: Waiting for initial pose...
[env-2] [INFO] [1784028823.861788313] [global_localization]: Waiting for initial pose...
[env-2] [INFO] [1784028824.367018857] [global_localization]: Waiting for initial pose...
[env-2] [INFO] [1784028824.873946824] [global_localization]: Waiting for initial pose...
[env-2] [INFO] [1784028825.359124556] [global_localization]: Waiting for initial pose...
[env-2] [INFO] [1784028825.845352916] [global_localization]: Waiting for initial pose...
[env-2] [INFO] [1784028826.346116165] [global_localization]: Waiting for initial pose...
[env-2] [INFO] [1784028826.862522911] [global_localization]: Waiting for initial pose...
[env-2] [INFO] [1784028827.345194626] [global_localization]: Waiting for initial pose...
[env-2] [INFO] [1784028827.857050494] [global_localization]: Waiting for initial pose...
[env-2] [INFO] [1784028828.356703173] [global_localization]: Waiting for initial pose...
[env-2] [INFO] [1784028828.846123592] [global_localization]: Waiting for initial pose...
[env-2] [INFO] [1784028829.358367264] [global_localization]: Waiting for initial pose...
[env-2] [INFO] [1784028829.840166969] [global_localization]: Waiting for initial pose...
[env-2] [INFO] [1784028830.338371021] [global_localization]: Waiting for initial pose...
[env-2] [INFO] [1784028830.843954455] [global_localization]: Waiting for initial pose...
[env-2] [INFO] [1784028831.340149841] [global_localization]: Waiting for initial pose...
[env-2] [INFO] [1784028831.838340024] [global_localization]: Waiting for initial pose...
[env-2] [INFO] [1784028832.340648637] [global_localization]: Waiting for initial pose...
[env-2] [INFO] [1784028832.840418836] [global_localization]: Waiting for initial pose...
[env-2] [INFO] [1784028833.348925336] [global_localization]: Waiting for initial pose...
[env-2] [INFO] [1784028833.840962067] [global_localization]: Waiting for initial pose...
[env-2] [INFO] [1784028834.342549563] [global_localization]: Waiting for initial pose...
[env-2] [INFO] [1784028834.841331720] [global_localization]: Waiting for initial pose...
[env-2] [INFO] [1784028835.343849925] [global_localization]: Waiting for initial pose...
[env-2] [INFO] [1784028835.839109362] [global_localization]: Waiting for initial pose...
[env-2] [INFO] [1784028836.340317476] [global_localization]: Waiting for initial pose...
[env-2] [INFO] [1784028836.838674572] [global_localization]: Waiting for initial pose...
[env-2] [INFO] [1784028837.338793713] [global_localization]: Waiting for initial pose...
[env-2] [INFO] [1784028837.857395969] [global_localization]: Waiting for initial pose...
[env-2] [INFO] [1784028838.338454754] [global_localization]: Waiting for initial pose...
[env-2] [INFO] [1784028838.845303582] [global_localization]: Waiting for initial pose...
[env-2] [INFO] [1784028839.341849022] [global_localization]: Waiting for initial pose...
[env-2] [INFO] [1784028839.840078259] [global_localization]: Waiting for initial pose...
[env-2] [INFO] [1784028840.345881737] [global_localization]: Waiting for initial pose...
[env-2] [INFO] [1784028840.841941971] [global_localization]: Waiting for initial pose...
[env-2] [INFO] [1784028841.338473333] [global_localization]: Waiting for initial pose...
[env-2] [INFO] [1784028841.844373321] [global_localization]: Waiting for initial pose...
[env-2] [INFO] [1784028842.349144675] [global_localization]: Waiting for initial pose...
[env-2] [INFO] [1784028842.838592177] [global_localization]: Waiting for initial pose...
[env-2] [INFO] [1784028843.343274770] [global_localization]: Waiting for initial pose...
[env-2] [INFO] [1784028843.840345335] [global_localization]: Waiting for initial pose...
[env-2] [INFO] [1784028844.382374362] [global_localization]: Waiting for initial pose...
[env-2] [INFO] [1784028844.841769016] [global_localization]: Waiting for initial pose...
[env-2] [INFO] [1784028845.347425670] [global_localization]: Waiting for initial pose...
[env-2] [INFO] [1784028845.856587495] [global_localization]: Waiting for initial pose...
[env-2] [INFO] [1784028846.360737122] [global_localization]: Waiting for initial pose...
[env-2] [INFO] [1784028846.839123606] [global_localization]: Waiting for initial pose...
[env-2] [INFO] [1784028847.344212716] [global_localization]: Waiting for initial pose...
[env-2] [INFO] [1784028847.842673235] [global_localization]: Waiting for initial pose...
[env-2] [INFO] [1784028848.341093518] [global_localization]: Waiting for initial pose...
[env-2] [INFO] [1784028848.841414194] [global_localization]: Waiting for initial pose...
[env-2] [INFO] [1784028849.351454389] [global_localization]: Waiting for initial pose...
[env-2] [INFO] [1784028849.840696704] [global_localization]: Waiting for initial pose...
[env-2] [INFO] [1784028850.342396066] [global_localization]: Waiting for initial pose...
[env-2] [INFO] [1784028850.846671980] [global_localization]: Waiting for initial pose...
[env-2] [INFO] [1784028851.352835873] [global_localization]: Waiting for initial pose...
[env-2] [INFO] [1784028851.850172914] [global_localization]: Waiting for initial pose...
[env-2] [INFO] [1784028852.352587419] [global_localization]: Waiting for initial pose...
[env-2] [INFO] [1784028852.841541031] [global_localization]: Waiting for initial pose...
[env-2] [INFO] [1784028853.373581355] [global_localization]: Waiting for initial pose...
[env-2] [INFO] [1784028853.850661483] [global_localization]: Waiting for initial pose...
[env-2] [INFO] [1784028854.338760313] [global_localization]: Waiting for initial pose...
[env-2] [INFO] [1784028854.839093512] [global_localization]: Waiting for initial pose...
[env-2] [INFO] [1784028855.338994043] [global_localization]: Waiting for initial pose...
[env-2] [INFO] [1784028855.843963854] [global_localization]: Waiting for initial pose...
[env-2] [INFO] [1784028856.338502523] [global_localization]: Waiting for initial pose...
[env-2] [INFO] [1784028856.840902261] [global_localization]: Waiting for initial pose...
[env-2] [INFO] [1784028857.351056604] [global_localization]: Waiting for initial pose...
[env-2] [INFO] [1784028857.839753921] [global_localization]: Waiting for initial pose...
[env-2] [INFO] [1784028858.346033602] [global_localization]: Waiting for initial pose...
[env-2] [INFO] [1784028858.839510398] [global_localization]: Waiting for initial pose...
[env-2] [INFO] [1784028859.338450452] [global_localization]: Waiting for initial pose...
[env-2] [INFO] [1784028859.851929122] [global_localization]: Waiting for initial pose...
[env-2] [INFO] [1784028860.342094191] [global_localization]: Waiting for initial pose...
[env-2] [INFO] [1784028860.838760629] [global_localization]: Waiting for initial pose...
[env-2] [INFO] [1784028861.351836929] [global_localization]: Waiting for initial pose...
[env-2] [INFO] [1784028861.852115438] [global_localization]: Waiting for initial pose...
[env-2] [INFO] [1784028862.341165401] [global_localization]: Waiting for initial pose...
[env-2] [INFO] [1784028862.841862811] [global_localization]: Waiting for initial pose...
[env-2] [INFO] [1784028863.340371259] [global_localization]: Waiting for initial pose...
[env-2] [INFO] [1784028863.850191911] [global_localization]: Waiting for initial pose...
[env-2] [INFO] [1784028864.378691012] [global_localization]: Waiting for initial pose...
[env-2] [INFO] [1784028864.859691297] [global_localization]: Waiting for initial pose...
[env-2] [INFO] [1784028865.346196847] [global_localization]: Waiting for initial pose...
[env-2] [INFO] [1784028865.838557003] [global_localization]: Waiting for initial pose...
[env-2] [INFO] [1784028866.340005648] [global_localization]: Waiting for initial pose...
[env-2] [INFO] [1784028866.842908951] [global_localization]: Waiting for initial pose...
[env-2] [INFO] [1784028867.354611450] [global_localization]: Waiting for initial pose...
[env-2] [INFO] [1784028867.881955538] [global_localization]: Waiting for initial pose...
[env-2] [INFO] [1784028868.348587344] [global_localization]: Waiting for initial pose...
[env-2] [INFO] [1784028868.838521146] [global_localization]: Waiting for initial pose...
[env-2] [INFO] [1784028869.381953589] [global_localization]: Waiting for initial pose...
[env-2] [INFO] [1784028869.840109205] [global_localization]: Waiting for initial pose...
[env-2] [INFO] [1784028870.343542888] [global_localization]: Waiting for initial pose...
[env-2] [INFO] [1784028870.839302290] [global_localization]: Waiting for initial pose...
[env-2] [INFO] [1784028871.367735116] [global_localization]: Waiting for initial pose...
[env-2] [INFO] [1784028871.839332773] [global_localization]: Waiting for initial pose...
[env-2] [INFO] [1784028872.338951600] [global_localization]: Waiting for initial pose...
[env-2] [INFO] [1784028872.839549946] [global_localization]: Waiting for initial pose...
[env-2] [INFO] [1784028873.338419341] [global_localization]: Waiting for initial pose...
[env-2] [INFO] [1784028873.856596556] [global_localization]: Waiting for initial pose...
[env-2] [INFO] [1784028874.360821393] [global_localization]: Waiting for initial pose...
[env-2] [INFO] [1784028874.853515397] [global_localization]: Waiting for initial pose...
[env-2] [INFO] [1784028875.386379340] [global_localization]: Waiting for initial pose...
[env-2] [INFO] [1784028875.845529245] [global_localization]: Waiting for initial pose...
[env-2] [INFO] [1784028876.354370279] [global_localization]: Waiting for initial pose...
[env-2] [INFO] [1784028876.844663315] [global_localization]: Waiting for initial pose...
[env-2] [INFO] [1784028877.353946618] [global_localization]: Waiting for initial pose...
[env-2] [INFO] [1784028877.853532919] [global_localization]: Waiting for initial pose...
[env-2] [INFO] [1784028878.346919545] [global_localization]: Waiting for initial pose...
[env-2] [INFO] [1784028878.858088170] [global_localization]: Waiting for initial pose...
[env-2] [INFO] [1784028879.349604287] [global_localization]: Waiting for initial pose...
[env-2] [INFO] [1784028879.852283739] [global_localization]: Waiting for initial pose...
[env-2] [INFO] [1784028880.356826794] [global_localization]: Waiting for initial pose...
[env-2] [INFO] [1784028880.866024689] [global_localization]: Waiting for initial pose...
[env-2] [INFO] [1784028881.349144238] [global_localization]: Waiting for initial pose...
[env-2] [INFO] [1784028881.889745569] [global_localization]: Waiting for initial pose...
[env-2] [INFO] [1784028882.348688628] [global_localization]: Waiting for initial pose...
[env-2] [INFO] [1784028882.877123527] [global_localization]: Waiting for initial pose...
[env-2] [INFO] [1784028883.340779887] [global_localization]: Waiting for initial pose...
[env-2] [INFO] [1784028883.848781675] [global_localization]: Waiting for initial pose...
[env-2] [INFO] [1784028884.351856284] [global_localization]: Waiting for initial pose...
[env-2] [INFO] [1784028884.857780047] [global_localization]: Waiting for initial pose...
[env-2] [INFO] [1784028885.360005763] [global_localization]: Waiting for initial pose...
[env-2] [INFO] [1784028885.840501704] [global_localization]: Waiting for initial pose...
[env-2] [INFO] [1784028886.354601587] [global_localization]: Waiting for initial pose...
[env-2] [INFO] [1784028886.849076644] [global_localization]: Waiting for initial pose...
[env-2] [INFO] [1784028887.338498737] [global_localization]: Waiting for initial pose...
[env-2] [INFO] [1784028887.845750836] [global_localization]: Waiting for initial pose...
[env-2] [INFO] [1784028888.343074948] [global_localization]: Waiting for initial pose...
[env-2] [INFO] [1784028888.848884512] [global_localization]: Waiting for initial pose...
[env-2] [INFO] [1784028889.338638949] [global_localization]: Waiting for initial pose...
[env-2] [INFO] [1784028889.842310938] [global_localization]: Waiting for initial pose...
[env-2] [INFO] [1784028890.351726218] [global_localization]: Waiting for initial pose...
[env-2] [INFO] [1784028890.841792680] [global_localization]: Waiting for initial pose...
[env-2] [INFO] [1784028891.356462183] [global_localization]: Waiting for initial pose...
[env-2] [INFO] [1784028891.844998849] [global_localization]: Waiting for initial pose...
[env-2] [INFO] [1784028892.343745607] [global_localization]: Waiting for initial pose...
[env-2] [INFO] [1784028892.895273013] [global_localization]: Waiting for initial pose...
[env-2] [INFO] [1784028893.362067216] [global_localization]: Waiting for initial pose...
[env-2] [INFO] [1784028893.847478542] [global_localization]: Waiting for initial pose...
[env-2] [INFO] [1784028894.345379780] [global_localization]: Waiting for initial pose...
[env-2] [INFO] [1784028894.854709757] [global_localization]: Waiting for initial pose...
[env-2] [INFO] [1784028895.341378194] [global_localization]: Waiting for initial pose...
[env-2] [INFO] [1784028895.843531748] [global_localization]: Waiting for initial pose...
[env-2] [INFO] [1784028896.341479092] [global_localization]: Waiting for initial pose...
[env-2] [INFO] [1784028896.842958488] [global_localization]: Waiting for initial pose...
[env-2] [INFO] [1784028897.344098424] [global_localization]: Waiting for initial pose...
[env-2] [INFO] [1784028897.842756852] [global_localization]: Waiting for initial pose...
[env-2] [INFO] [1784028898.340079739] [global_localization]: Waiting for initial pose...
[env-2] [INFO] [1784028898.853600166] [global_localization]: Waiting for initial pose...
[env-2] [INFO] [1784028899.345217974] [global_localization]: Waiting for initial pose...
[env-2] [INFO] [1784028899.845577356] [global_localization]: Waiting for initial pose...
[env-2] [INFO] [1784028900.340696586] [global_localization]: Waiting for initial pose...
[env-2] [INFO] [1784028900.842015428] [global_localization]: Waiting for initial pose...
[env-2] [INFO] [1784028901.343515127] [global_localization]: Waiting for initial pose...
[env-2] [INFO] [1784028901.840120278] [global_localization]: Waiting for initial pose...
[env-2] [INFO] [1784028902.345994910] [global_localization]: Waiting for initial pose...
[env-2] [INFO] [1784028902.843977259] [global_localization]: Waiting for initial pose...
[env-2] [INFO] [1784028903.350168761] [global_localization]: Waiting for initial pose...
[env-2] [INFO] [1784028903.855965937] [global_localization]: Waiting for initial pose...
[env-2] [INFO] [1784028904.350420870] [global_localization]: Waiting for initial pose...
[env-2] [INFO] [1784028904.840154892] [global_localization]: Waiting for initial pose...
[env-2] [INFO] [1784028905.339527944] [global_localization]: Waiting for initial pose...
[env-2] [INFO] [1784028905.838357588] [global_localization]: Waiting for initial pose...
[env-2] [INFO] [1784028906.343137085] [global_localization]: Waiting for initial pose...
[env-2] [INFO] [1784028906.846651765] [global_localization]: Waiting for initial pose...
[env-2] [INFO] [1784028907.339188880] [global_localization]: Waiting for initial pose...
[env-2] [INFO] [1784028907.840866665] [global_localization]: Waiting for initial pose...
[env-2] [INFO] [1784028908.339406772] [global_localization]: Waiting for initial pose...
[env-2] [INFO] [1784028908.839477477] [global_localization]: Waiting for initial pose...
[env-2] [INFO] [1784028909.339598550] [global_localization]: Waiting for initial pose...
[env-2] [INFO] [1784028909.839215811] [global_localization]: Waiting for initial pose...
[env-2] [INFO] [1784028910.340314485] [global_localization]: Waiting for initial pose...
[env-2] [INFO] [1784028910.842876437] [global_localization]: Waiting for initial pose...
[env-2] [INFO] [1784028911.338771101] [global_localization]: Waiting for initial pose...
[env-2] [INFO] [1784028911.838563886] [global_localization]: Waiting for initial pose...
[env-2] [INFO] [1784028912.356981346] [global_localization]: Waiting for initial pose...
[env-2] [INFO] [1784028912.844680221] [global_localization]: Waiting for initial pose...
[env-2] [INFO] [1784028913.344452484] [global_localization]: Waiting for initial pose...
[env-2] [INFO] [1784028913.845097926] [global_localization]: Waiting for initial pose...
[env-2] [INFO] [1784028914.340221697] [global_localization]: Waiting for initial pose...
[env-2] [INFO] [1784028914.843034587] [global_localization]: Waiting for initial pose...
[env-2] [INFO] [1784028915.577749883] [global_localization]: Waiting for initial pose...
