[INFO] [launch]: All log files can be found below /home/gsing/2026Gsing/2026_Gsing-second_ROS/logs/ros/2026-07-14-20-52-13-679830-gsing-6568
[INFO] [launch]: Default logging verbosity is set to INFO
[INFO] [fastlio_mapping-1]: process started with pid [6703]
[INFO] [env-2]: process started with pid [6704]
[INFO] [env-3]: process started with pid [6705]
[INFO] [pcd_to_pointcloud-4]: process started with pid [6706]
[pcd_to_pointcloud-4] [INFO] [1784033535.144075123] [map_publisher]: Publishing data with 368664 points (x y z normal_x normal_y normal_z intensity curvature) on topic /cloud_pcd in frame map.
[fastlio_mapping-1] [INFO] [1784033535.798612343] [fastlio_mapping]: p_pre->lidar_type 5
[fastlio_mapping-1] Multi thread started 
[fastlio_mapping-1] ~~~~/home/gsing/2026Gsing/2026_Gsing-second_ROS/fastlio2_v2/src/unilidar_fastlio_ros2-ros2/ file opened
[fastlio_mapping-1] [INFO] [1784033535.902034920] [fastlio_mapping]: Node init finished.
[env-2] [INFO] [1784033544.658086695] [global_localization]: Waiting for global map...
[env-2] [INFO] [1784033544.674378370] [global_localization]: Loading map: /home/gsing/2026Gsing/2026_Gsing-second_ROS/map/PCD20.pcd, voxel_size=0.01
[env-2] [INFO] [1784033544.861743950] [global_localization]: Map loaded: raw=368664 pts
[env-2] [INFO] [1784033545.593884922] [global_localization]: Map downsampled: 103490 pts
[env-2] [INFO] [1784033545.597881215] [global_localization]: Global map received.
[env-2] [INFO] [1784033546.134170668] [global_localization]: Waiting for initial pose...
[env-2] [INFO] [1784033546.683890368] [global_localization]: Waiting for initial pose...
[env-2] [INFO] [1784033547.122802542] [global_localization]: Waiting for initial pose...
[env-2] [INFO] [1784033547.656823367] [global_localization]: Waiting for initial pose...
[env-2] [INFO] [1784033548.128858849] [global_localization]: Waiting for initial pose...
[env-2] [INFO] [1784033548.624071862] [global_localization]: Waiting for initial pose...
[env-2] [INFO] [1784033549.125593582] [global_localization]: Waiting for initial pose...
[env-2] [INFO] [1784033549.624805501] [global_localization]: Waiting for initial pose...
[env-2] [INFO] [1784033550.133726282] [global_localization]: Waiting for initial pose...
[env-2] [INFO] [1784033550.662306326] [global_localization]: Waiting for initial pose...
[env-2] [INFO] [1784033550.679857966] [global_localization]: _auto_init_if_needed: initialized=False cur_scan=✗
[env-2] [INFO] [1784033551.146776613] [global_localization]: Waiting for initial pose...
[env-2] [INFO] [1784033551.612567252] [global_localization]: Waiting for initial pose...
[env-2] [INFO] [1784033552.113760100] [global_localization]: Waiting for initial pose...
[env-2] [INFO] [1784033552.617919823] [global_localization]: Waiting for initial pose...
[env-2] [INFO] [1784033553.109232775] [global_localization]: Waiting for initial pose...
[env-2] [INFO] [1784033553.622862377] [global_localization]: Waiting for initial pose...
[env-2] [INFO] [1784033554.115034763] [global_localization]: Waiting for initial pose...
[env-2] [INFO] [1784033554.609723323] [global_localization]: Waiting for initial pose...
[env-2] [INFO] [1784033555.111505700] [global_localization]: Waiting for initial pose...
[env-2] [INFO] [1784033555.610067974] [global_localization]: Waiting for initial pose...
[env-2] [INFO] [1784033555.617044614] [global_localization]: _auto_init_if_needed: initialized=False cur_scan=✗
[env-2] [INFO] [1784033556.121591463] [global_localization]: Waiting for initial pose...
[env-2] [INFO] [1784033556.626504062] [global_localization]: Waiting for initial pose...
[env-2] [INFO] [1784033557.112699745] [global_localization]: Waiting for initial pose...
[env-2] [INFO] [1784033557.608742883] [global_localization]: Waiting for initial pose...
[env-2] [INFO] [1784033558.122473212] [global_localization]: Waiting for initial pose...
[env-2] [INFO] [1784033558.628562616] [global_localization]: Waiting for initial pose...
[env-2] [INFO] [1784033559.124274071] [global_localization]: Waiting for initial pose...
[env-2] [INFO] [1784033559.616632631] [global_localization]: Waiting for initial pose...
[env-2] [INFO] [1784033560.120989434] [global_localization]: Waiting for initial pose...
[env-2] [INFO] [1784033560.611998254] [global_localization]: Waiting for initial pose...
[env-2] [INFO] [1784033560.615379152] [global_localization]: _auto_init_if_needed: initialized=False cur_scan=✗
[env-2] [INFO] [1784033561.108519330] [global_localization]: Waiting for initial pose...
[env-2] [INFO] [1784033561.612763315] [global_localization]: Waiting for initial pose...
[env-2] [INFO] [1784033562.113563775] [global_localization]: Waiting for initial pose...
[env-2] [INFO] [1784033562.622906840] [global_localization]: Waiting for initial pose...
[env-2] [INFO] [1784033563.119776850] [global_localization]: Waiting for initial pose...
[env-2] [INFO] [1784033563.655135123] [global_localization]: Waiting for initial pose...
[env-2] [INFO] [1784033564.123098660] [global_localization]: Waiting for initial pose...
[env-2] [INFO] [1784033564.608415605] [global_localization]: Waiting for initial pose...
[env-2] [INFO] [1784033565.114979389] [global_localization]: Waiting for initial pose...
[env-2] [INFO] [1784033565.610254022] [global_localization]: Waiting for initial pose...
[env-2] [INFO] [1784033565.625932095] [global_localization]: _auto_init_if_needed: initialized=False cur_scan=✗
[env-2] [INFO] [1784033566.108108616] [global_localization]: Waiting for initial pose...
[env-2] [INFO] [1784033566.617797492] [global_localization]: Waiting for initial pose...
[env-2] [INFO] [1784033567.116048410] [global_localization]: Waiting for initial pose...
[env-2] [INFO] [1784033567.619741250] [global_localization]: Waiting for initial pose...
[env-2] [INFO] [1784033568.134441066] [global_localization]: Waiting for initial pose...
[env-2] [INFO] [1784033568.623716066] [global_localization]: Waiting for initial pose...
[env-2] [INFO] [1784033569.107519779] [global_localization]: Waiting for initial pose...
[env-2] [INFO] [1784033569.612937619] [global_localization]: Waiting for initial pose...
[env-2] [INFO] [1784033570.120095296] [global_localization]: Waiting for initial pose...
[env-2] [INFO] [1784033570.629490367] [global_localization]: Waiting for initial pose...
[env-2] [INFO] [1784033570.653277732] [global_localization]: _auto_init_if_needed: initialized=False cur_scan=✗
[env-2] [INFO] [1784033571.118576579] [global_localization]: Waiting for initial pose...
[env-2] [INFO] [1784033571.608716725] [global_localization]: Waiting for initial pose...
[env-2] [INFO] [1784033572.111740132] [global_localization]: Waiting for initial pose...
[env-2] [INFO] [1784033572.616638662] [global_localization]: Waiting for initial pose...
[env-2] [INFO] [1784033573.107204125] [global_localization]: Waiting for initial pose...
[env-2] [INFO] [1784033573.624550675] [global_localization]: Waiting for initial pose...
[env-2] [INFO] [1784033574.114177446] [global_localization]: Waiting for initial pose...
[env-2] [INFO] [1784033574.613579279] [global_localization]: Waiting for initial pose...
[env-2] [INFO] [1784033575.138793347] [global_localization]: Waiting for initial pose...
[env-2] [INFO] [1784033575.623397012] [global_localization]: Waiting for initial pose...
[env-2] [INFO] [1784033575.660311402] [global_localization]: _auto_init_if_needed: initialized=False cur_scan=✗
[env-2] [INFO] [1784033576.107996584] [global_localization]: Waiting for initial pose...
[env-2] [INFO] [1784033576.614864856] [global_localization]: Waiting for initial pose...
[env-2] [INFO] [1784033577.111212918] [global_localization]: Waiting for initial pose...
[env-2] [INFO] [1784033577.620767465] [global_localization]: Waiting for initial pose...
[env-2] [INFO] [1784033578.114657749] [global_localization]: Waiting for initial pose...
[env-2] [INFO] [1784033578.641853313] [global_localization]: Waiting for initial pose...
[env-2] [INFO] [1784033579.129575850] [global_localization]: Waiting for initial pose...
[env-2] [INFO] [1784033579.622094344] [global_localization]: Waiting for initial pose...
[env-2] [INFO] [1784033580.127177078] [global_localization]: Waiting for initial pose...
[env-2] [INFO] [1784033580.622356976] [global_localization]: Waiting for initial pose...
[env-2] [INFO] [1784033580.631017391] [global_localization]: _auto_init_if_needed: initialized=False cur_scan=✗
[env-2] [INFO] [1784033581.117004088] [global_localization]: Waiting for initial pose...
[env-2] [INFO] [1784033581.621626783] [global_localization]: Waiting for initial pose...
[env-2] [INFO] [1784033582.107178336] [global_localization]: Waiting for initial pose...
[env-2] [INFO] [1784033582.607051079] [global_localization]: Waiting for initial pose...
[env-2] [INFO] [1784033583.125227015] [global_localization]: Waiting for initial pose...
[fastlio_mapping-1] [INFO] [1784033583.210409722] [rclcpp]: signal_handler(SIGINT/SIGTERM)
[env-2] [INFO] [1784033583.631210722] [global_localization]: Waiting for initial pose...
[fastlio_mapping-1] Rebuild thread terminated normally
[INFO] [fastlio_mapping-1]: process has finished cleanly [pid 6703]
[env-3] Traceback (most recent call last):
[env-3]   File "/home/gsing/2026Gsing/2026_Gsing-second_ROS/fastlio2_v2/install/fast_lio_localization/lib/fast_lio_localization/transform_fusion", line 33, in <module>
[env-3]     sys.exit(load_entry_point('fast-lio-localization', 'console_scripts', 'transform_fusion')())
[env-3]              ^^^^^^^^^^^^^^^^^^^^^^^^^^^^^^^^^^^^^^^^^^^^^^^^^^^^^^^^^^^^^^^^^^^^^^^^^^^^^^^^^^
[env-3]   File "/home/gsing/2026Gsing/2026_Gsing-second_ROS/fastlio2_v2/build/fast_lio_localization/fast_lio_localization/transform_fusion.py", line 134, in main
[env-3]     rclpy.spin(node)
[env-3]   File "/opt/ros/jazzy/lib/python3.12/site-packages/rclpy/__init__.py", line 247, in spin
[env-3]     executor.spin_once()
[env-3]   File "/opt/ros/jazzy/lib/python3.12/site-packages/rclpy/executors.py", line 926, in spin_once
[env-3]     self._spin_once_impl(timeout_sec)
[env-3]   File "/opt/ros/jazzy/lib/python3.12/site-packages/rclpy/executors.py", line 918, in _spin_once_impl
[env-3]     raise handler.exception()
[env-3]   File "/opt/ros/jazzy/lib/python3.12/site-packages/rclpy/task.py", line 286, in _execute_coroutine_step
[env-3]     result = coro.send(None)
[env-3]              ^^^^^^^^^^^^^^^
[env-3]   File "/opt/ros/jazzy/lib/python3.12/site-packages/rclpy/executors.py", line 592, in handler
[env-3]     await call_coroutine()
[env-3]   File "/opt/ros/jazzy/lib/python3.12/site-packages/rclpy/executors.py", line 454, in _execute
[env-3]     await await_or_execute(tmr.callback)
[env-3]   File "/opt/ros/jazzy/lib/python3.12/site-packages/rclpy/executors.py", line 115, in await_or_execute
[env-3]     return callback(*args)
[env-3]            ^^^^^^^^^^^^^^^
[env-3]   File "/home/gsing/2026Gsing/2026_Gsing-second_ROS/fastlio2_v2/build/fast_lio_localization/fast_lio_localization/transform_fusion.py", line 100, in transform_fusion
[env-3]     self.tf_broadcaster.sendTransform(transform_stamped_msg)
[env-3]   File "/opt/ros/jazzy/lib/python3.12/site-packages/tf2_ros/transform_broadcaster.py", line 77, in sendTransform
[env-3]     self.pub_tf.publish(TFMessage(transforms=transform))
[env-3]   File "/opt/ros/jazzy/lib/python3.12/site-packages/rclpy/publisher.py", line 70, in publish
[env-3]     self.__publisher.publish(msg)
[env-3] rclpy._rclpy_pybind11.RCLError: Failed to publish: publisher's context is invalid, at ./src/rcl/publisher.c:423
[env-2] Traceback (most recent call last):
[env-2]   File "/home/gsing/2026Gsing/2026_Gsing-second_ROS/fastlio2_v2/install/fast_lio_localization/lib/fast_lio_localization/global_localization", line 33, in <module>
[env-2]     sys.exit(load_entry_point('fast-lio-localization', 'console_scripts', 'global_localization')())
[env-2]              ^^^^^^^^^^^^^^^^^^^^^^^^^^^^^^^^^^^^^^^^^^^^^^^^^^^^^^^^^^^^^^^^^^^^^^^^^^^^^^^^^^^^^
[env-2]   File "/home/gsing/2026Gsing/2026_Gsing-second_ROS/fastlio2_v2/build/fast_lio_localization/fast_lio_localization/global_localization.py", line 626, in main
[env-2]     rclpy.spin(node)
[env-2]   File "/opt/ros/jazzy/lib/python3.12/site-packages/rclpy/__init__.py", line 247, in spin
[env-2]     executor.spin_once()
[env-2]   File "/opt/ros/jazzy/lib/python3.12/site-packages/rclpy/executors.py", line 926, in spin_once
[env-2]     self._spin_once_impl(timeout_sec)
[env-2]   File "/opt/ros/jazzy/lib/python3.12/site-packages/rclpy/executors.py", line 907, in _spin_once_impl
[env-2]     handler, entity, node = self.wait_for_ready_callbacks(
[env-2]                             ^^^^^^^^^^^^^^^^^^^^^^^^^^^^^^
[env-2]   File "/opt/ros/jazzy/lib/python3.12/site-packages/rclpy/executors.py", line 877, in wait_for_ready_callbacks
[env-2]     return next(self._cb_iter)
[env-2]            ^^^^^^^^^^^^^^^^^^^
[env-2]   File "/opt/ros/jazzy/lib/python3.12/site-packages/rclpy/executors.py", line 757, in _wait_for_ready_callbacks
[env-2]     wait_set = _rclpy.WaitSet(
[env-2]                ^^^^^^^^^^^^^^^
[env-2] rclpy._rclpy_pybind11.RCLError: failed to initialize wait set: the given context is not valid, either rcl_init() was not called or rcl_shutdown() was called., at ./src/rcl/wait.c:130
