[INFO] [launch]: All log files can be found below /home/gsing/2026Gsing/2026_Gsing-second_ROS/logs/ros/2026-07-14-22-27-25-467219-gsing-5951
[INFO] [launch]: Default logging verbosity is set to INFO
[INFO] [fastlio_mapping-1]: process started with pid [6088]
[INFO] [env-2]: process started with pid [6089]
[INFO] [env-3]: process started with pid [6090]
[INFO] [pcd_to_pointcloud-4]: process started with pid [6091]
[pcd_to_pointcloud-4] [INFO] [1784039246.711424872] [map_publisher]: Publishing data with 320387 points (x y z normal_x normal_y normal_z intensity curvature) on topic /cloud_pcd in frame map.
[fastlio_mapping-1] [INFO] [1784039247.837615449] [fastlio_mapping]: p_pre->lidar_type 5
[fastlio_mapping-1] Multi thread started 
[fastlio_mapping-1] ~~~~/home/gsing/2026Gsing/2026_Gsing-second_ROS/fastlio2_v2/src/unilidar_fastlio_ros2-ros2/ file opened
[fastlio_mapping-1] [INFO] [1784039247.939886356] [fastlio_mapping]: Node init finished.
[env-2] [INFO] [1784039251.962265578] [global_localization]: Waiting for global map...
[env-2] [INFO] [1784039251.968331090] [global_localization]: Loading map: /home/gsing/2026Gsing/2026_Gsing-second_ROS/map/PCD23.pcd, voxel_size=0.01
[env-2] [INFO] [1784039252.255357861] [global_localization]: Map loaded: raw=320387 pts
[env-2] [INFO] [1784039253.973962356] [global_localization]: Map downsampled: 85434 pts
[env-2] [INFO] [1784039253.994686599] [global_localization]: Global map received.
[env-2] [INFO] [1784039254.539076655] [global_localization]: Waiting for initial pose...
[env-2] [INFO] [1784039255.057653498] [global_localization]: Waiting for initial pose...
[env-2] [INFO] [1784039255.587163657] [global_localization]: Waiting for initial pose...
[env-2] [INFO] [1784039256.074675423] [global_localization]: Waiting for initial pose...
[env-2] [INFO] [1784039256.585969052] [global_localization]: Waiting for initial pose...
[env-2] [INFO] [1784039257.195150906] [global_localization]: Waiting for initial pose...
[env-2] [INFO] [1784039257.605547430] [global_localization]: Waiting for initial pose...
[env-2] [INFO] [1784039258.051187582] [global_localization]: Waiting for initial pose...
[env-2] [INFO] [1784039258.539078601] [global_localization]: Waiting for initial pose...
[env-2] [INFO] [1784039259.074964461] [global_localization]: Waiting for initial pose...
[env-2] [INFO] [1784039259.111133951] [global_localization]: _auto_init_if_needed: initialized=False cur_scan=✓
[env-2] [WARN] [1784039259.162766939] [global_localization]: No /initialpose received within 5s — auto-initializing at (0, 0) facing X+
[env-2] [WARN] [1784039259.190983645] [global_localization]: No odometry yet, skip odom transform in crop
[env-2] [INFO] [1784039259.310393162] [global_localization]: ICP input: scan=47828 pts, map_FOV=85434 pts
[env-2] [INFO] [1784039263.263217264] [global_localization]: ICP fitness: coarse=1.000, fine=0.981, threshold=0.9
[env-2] [INFO] [1784039263.267207726] [global_localization]: map→odom: x=0.162 y=-0.019 z=-0.050
[env-2] [WARN] [1784039263.290428114] [global_localization]: No odometry yet, skip odom transform in crop
[env-2] [INFO] [1784039263.355219470] [global_localization]: ICP input: scan=4836 pts, map_FOV=85434 pts
[env-2] [INFO] [1784039264.586217165] [global_localization]: ICP fitness: coarse=1.000, fine=1.000, threshold=0.9
[env-2] [INFO] [1784039264.609975278] [global_localization]: map→odom: x=0.161 y=-0.014 z=-0.047
[env-2] [WARN] [1784039264.698996806] [global_localization]: No odometry yet, skip odom transform in crop
[env-2] [INFO] [1784039264.826665041] [global_localization]: ICP input: scan=4709 pts, map_FOV=85434 pts
[env-2] [INFO] [1784039266.702235299] [global_localization]: ICP fitness: coarse=1.000, fine=0.987, threshold=0.9
[env-2] [INFO] [1784039266.741240429] [global_localization]: map→odom: x=0.221 y=-0.034 z=-0.041
[env-2] [INFO] [1784039266.772833580] [global_localization]: _auto_init_if_needed: initialized=True cur_scan=✓
[env-2] [WARN] [1784039266.918357612] [global_localization]: No odometry yet, skip odom transform in crop
[env-2] [INFO] [1784039267.038328951] [global_localization]: ICP input: scan=4724 pts, map_FOV=85434 pts
[env-2] [INFO] [1784039268.981499301] [global_localization]: ICP fitness: coarse=1.000, fine=0.987, threshold=0.9
[env-2] [INFO] [1784039268.999802754] [global_localization]: map→odom: x=0.239 y=-0.043 z=-0.048
[env-2] [WARN] [1784039269.044650735] [global_localization]: No odometry yet, skip odom transform in crop
[env-2] [INFO] [1784039269.161912519] [global_localization]: ICP input: scan=4593 pts, map_FOV=85434 pts
[env-2] [INFO] [1784039270.669847036] [global_localization]: ICP fitness: coarse=1.000, fine=0.998, threshold=0.9
[env-2] [INFO] [1784039270.674463999] [global_localization]: map→odom: x=0.224 y=-0.009 z=-0.072
[env-2] [WARN] [1784039270.709142471] [global_localization]: No odometry yet, skip odom transform in crop
[env-2] [INFO] [1784039270.776890609] [global_localization]: ICP input: scan=4701 pts, map_FOV=85434 pts
[env-2] [INFO] [1784039271.721113652] [global_localization]: ICP fitness: coarse=1.000, fine=0.986, threshold=0.9
[env-2] [INFO] [1784039271.748759069] [global_localization]: map→odom: x=0.249 y=-0.035 z=-0.058
[env-2] [WARN] [1784039271.797914587] [global_localization]: No odometry yet, skip odom transform in crop
[env-2] [INFO] [1784039271.937316913] [global_localization]: ICP input: scan=4666 pts, map_FOV=85434 pts
[env-2] [INFO] [1784039273.677697786] [global_localization]: ICP fitness: coarse=1.000, fine=0.987, threshold=0.9
[env-2] [INFO] [1784039273.683051586] [global_localization]: map→odom: x=0.284 y=-0.069 z=-0.057
[env-2] [WARN] [1784039273.704110332] [global_localization]: No odometry yet, skip odom transform in crop
[env-2] [INFO] [1784039273.846018727] [global_localization]: ICP input: scan=4946 pts, map_FOV=85434 pts
[env-2] [INFO] [1784039274.320629493] [global_localization]: ICP fitness: coarse=1.000, fine=1.000, threshold=0.9
[env-2] [INFO] [1784039274.326257743] [global_localization]: map→odom: x=0.221 y=-0.043 z=-0.056
[env-2] [WARN] [1784039274.344869741] [global_localization]: No odometry yet, skip odom transform in crop
[env-2] [INFO] [1784039274.375880472] [global_localization]: ICP input: scan=4643 pts, map_FOV=85434 pts
[env-2] [INFO] [1784039274.788731769] [global_localization]: ICP fitness: coarse=1.000, fine=0.984, threshold=0.9
[env-2] [INFO] [1784039274.792876513] [global_localization]: map→odom: x=0.265 y=-0.032 z=-0.065
[env-2] [WARN] [1784039274.808139363] [global_localization]: No odometry yet, skip odom transform in crop
[env-2] [INFO] [1784039274.852376897] [global_localization]: ICP input: scan=4696 pts, map_FOV=85434 pts
[env-2] [INFO] [1784039275.204342937] [global_localization]: ICP fitness: coarse=1.000, fine=0.987, threshold=0.9
[env-2] [INFO] [1784039275.208011380] [global_localization]: map→odom: x=0.285 y=-0.063 z=-0.054
[env-2] [WARN] [1784039275.223654432] [global_localization]: No odometry yet, skip odom transform in crop
[env-2] [INFO] [1784039275.252765305] [global_localization]: ICP input: scan=4679 pts, map_FOV=85434 pts
[env-2] [INFO] [1784039275.626390235] [global_localization]: ICP fitness: coarse=1.000, fine=0.993, threshold=0.9
[env-2] [INFO] [1784039275.630376851] [global_localization]: map→odom: x=0.299 y=-0.012 z=-0.077
[env-2] [WARN] [1784039275.642746156] [global_localization]: No odometry yet, skip odom transform in crop
[env-2] [INFO] [1784039275.673067708] [global_localization]: ICP input: scan=4941 pts, map_FOV=85434 pts
[env-2] [INFO] [1784039276.233325569] [global_localization]: ICP fitness: coarse=1.000, fine=0.999, threshold=0.9
[env-2] [INFO] [1784039276.236393240] [global_localization]: map→odom: x=0.250 y=-0.016 z=-0.051
[env-2] [WARN] [1784039276.251637193] [global_localization]: No odometry yet, skip odom transform in crop
[env-2] [INFO] [1784039276.276776245] [global_localization]: ICP input: scan=4612 pts, map_FOV=85434 pts
[env-2] [INFO] [1784039277.653921967] [global_localization]: ICP fitness: coarse=1.000, fine=1.000, threshold=0.9
[env-2] [INFO] [1784039277.665243577] [global_localization]: map→odom: x=0.227 y=-0.013 z=-0.060
[env-2] [WARN] [1784039277.710975324] [global_localization]: No odometry yet, skip odom transform in crop
[env-2] [INFO] [1784039277.764826244] [global_localization]: ICP input: scan=4682 pts, map_FOV=85434 pts
[env-2] [INFO] [1784039278.712725017] [global_localization]: ICP fitness: coarse=1.000, fine=0.999, threshold=0.9
[env-2] [INFO] [1784039278.719537676] [global_localization]: map→odom: x=0.192 y=-0.057 z=-0.016
[env-2] [WARN] [1784039278.773228744] [global_localization]: No odometry yet, skip odom transform in crop
[env-2] [INFO] [1784039278.892301476] [global_localization]: ICP input: scan=4675 pts, map_FOV=85434 pts
[env-2] [INFO] [1784039281.532460752] [global_localization]: ICP fitness: coarse=1.000, fine=0.960, threshold=0.9
[env-2] [INFO] [1784039281.560372565] [global_localization]: map→odom: x=0.208 y=-0.166 z=0.068
[env-2] [WARN] [1784039281.616452623] [global_localization]: No odometry yet, skip odom transform in crop
[env-2] [INFO] [1784039281.710954361] [global_localization]: ICP input: scan=4621 pts, map_FOV=85434 pts
[env-2] [INFO] [1784039284.264439514] [global_localization]: ICP fitness: coarse=1.000, fine=0.981, threshold=0.9
[env-2] [INFO] [1784039284.267456190] [global_localization]: map→odom: x=0.202 y=-0.183 z=0.073
[env-2] [WARN] [1784039284.297021533] [global_localization]: No odometry yet, skip odom transform in crop
[env-2] [INFO] [1784039284.382149038] [global_localization]: ICP input: scan=4915 pts, map_FOV=85434 pts
[env-2] [INFO] [1784039286.005428146] [global_localization]: ICP fitness: coarse=1.000, fine=0.993, threshold=0.9
[env-2] [INFO] [1784039286.020162020] [global_localization]: map→odom: x=0.132 y=-0.214 z=0.139
[env-2] [WARN] [1784039286.042251305] [global_localization]: No odometry yet, skip odom transform in crop
[env-2] [INFO] [1784039286.074721585] [global_localization]: ICP input: scan=4801 pts, map_FOV=85434 pts
[env-2] [INFO] [1784039287.534136308] [global_localization]: ICP fitness: coarse=1.000, fine=0.995, threshold=0.9
[env-2] [INFO] [1784039287.537995028] [global_localization]: map→odom: x=0.127 y=-0.211 z=0.151
[env-2] [WARN] [1784039287.565166913] [global_localization]: No odometry yet, skip odom transform in crop
[env-2] [INFO] [1784039287.619276956] [global_localization]: ICP input: scan=4810 pts, map_FOV=85434 pts
[fastlio_mapping-1] [INFO] [1784039288.419958226] [rclcpp]: signal_handler(SIGINT/SIGTERM)
[fastlio_mapping-1] Rebuild thread terminated normally
[INFO] [fastlio_mapping-1]: process has finished cleanly [pid 6088]
[env-3] Traceback (most recent call last):
[env-3]   File "/home/gsing/2026Gsing/2026_Gsing-second_ROS/fastlio2_v2/install/fast_lio_localization/lib/fast_lio_localization/transform_fusion", line 33, in <module>
[env-3]     sys.exit(load_entry_point('fast-lio-localization', 'console_scripts', 'transform_fusion')())
[env-3]              ^^^^^^^^^^^^^^^^^^^^^^^^^^^^^^^^^^^^^^^^^^^^^^^^^^^^^^^^^^^^^^^^^^^^^^^^^^^^^^^^^^
[env-3]   File "/home/gsing/2026Gsing/2026_Gsing-second_ROS/fastlio2_v2/build/fast_lio_localization/fast_lio_localization/transform_fusion.py", line 134, in main
[env-3]     rclpy.spin(node)
[env-3]   File "/opt/ros/jazzy/lib/python3.12/site-packages/rclpy/__init__.py", line 247, in spin
[env-3]     executor.spin_once()
[env-3]   File "/opt/ros/jazzy/lib/python3.12/site-packages/rclpy/executors.py", line 926, in spin_once
[env-3]     self._spin_once_impl(timeout_sec)
[env-3]   File "/opt/ros/jazzy/lib/python3.12/site-packages/rclpy/executors.py", line 918, in _spin_once_impl
[env-3]     raise handler.exception()
[env-3]   File "/opt/ros/jazzy/lib/python3.12/site-packages/rclpy/task.py", line 286, in _execute_coroutine_step
[env-3]     result = coro.send(None)
[env-3]              ^^^^^^^^^^^^^^^
[env-3]   File "/opt/ros/jazzy/lib/python3.12/site-packages/rclpy/executors.py", line 592, in handler
[env-3]     await call_coroutine()
[env-3]   File "/opt/ros/jazzy/lib/python3.12/site-packages/rclpy/executors.py", line 454, in _execute
[env-3]     await await_or_execute(tmr.callback)
[env-3]   File "/opt/ros/jazzy/lib/python3.12/site-packages/rclpy/executors.py", line 115, in await_or_execute
[env-3]     return callback(*args)
[env-3]            ^^^^^^^^^^^^^^^
[env-3]   File "/home/gsing/2026Gsing/2026_Gsing-second_ROS/fastlio2_v2/build/fast_lio_localization/fast_lio_localization/transform_fusion.py", line 100, in transform_fusion
[env-3]     self.tf_broadcaster.sendTransform(transform_stamped_msg)
[env-3]   File "/opt/ros/jazzy/lib/python3.12/site-packages/tf2_ros/transform_broadcaster.py", line 77, in sendTransform
[env-3]     self.pub_tf.publish(TFMessage(transforms=transform))
[env-3]   File "/opt/ros/jazzy/lib/python3.12/site-packages/rclpy/publisher.py", line 70, in publish
[env-3]     self.__publisher.publish(msg)
[env-3] rclpy._rclpy_pybind11.RCLError: Failed to publish: publisher's context is invalid, at ./src/rcl/publisher.c:423
[env-2] [INFO] [1784039292.539407651] [global_localization]: ICP fitness: coarse=1.000, fine=0.940, threshold=0.9
[env-2] Failed to publish log message to rosout: publisher's context is invalid, at ./src/rcl/publisher.c:423
[env-2] [INFO] [1784039292.559298474] [global_localization]: map→odom: x=0.095 y=-0.146 z=0.199
[env-2] Failed to publish log message to rosout: publisher's context is invalid, at ./src/rcl/publisher.c:423
[ERROR] [env-3]: process has died [pid 6090, exit code 1, cmd 'env PATH=/usr/bin:/bin:/usr/sbin:/sbin /home/gsing/2026Gsing/2026_Gsing-second_ROS/fastlio2_v2/install/fast_lio_localization/lib/fast_lio_localization/transform_fusion --ros-args -r __node:=transform_fusion'].
[env-2] Traceback (most recent call last):
[env-2]   File "/home/gsing/2026Gsing/2026_Gsing-second_ROS/fastlio2_v2/install/fast_lio_localization/lib/fast_lio_localization/global_localization", line 33, in <module>
[env-2]     sys.exit(load_entry_point('fast-lio-localization', 'console_scripts', 'global_localization')())
[env-2]              ^^^^^^^^^^^^^^^^^^^^^^^^^^^^^^^^^^^^^^^^^^^^^^^^^^^^^^^^^^^^^^^^^^^^^^^^^^^^^^^^^^^^^
[env-2]   File "/home/gsing/2026Gsing/2026_Gsing-second_ROS/fastlio2_v2/build/fast_lio_localization/fast_lio_localization/global_localization.py", line 626, in main
[env-2]     rclpy.spin(node)
[env-2]   File "/opt/ros/jazzy/lib/python3.12/site-packages/rclpy/__init__.py", line 247, in spin
[env-2]     executor.spin_once()
[env-2]   File "/opt/ros/jazzy/lib/python3.12/site-packages/rclpy/executors.py", line 926, in spin_once
[env-2]     self._spin_once_impl(timeout_sec)
[env-2]   File "/opt/ros/jazzy/lib/python3.12/site-packages/rclpy/executors.py", line 918, in _spin_once_impl
[env-2]     raise handler.exception()
[env-2]   File "/opt/ros/jazzy/lib/python3.12/site-packages/rclpy/task.py", line 286, in _execute_coroutine_step
[env-2]     result = coro.send(None)
[env-2]              ^^^^^^^^^^^^^^^
[env-2]   File "/opt/ros/jazzy/lib/python3.12/site-packages/rclpy/executors.py", line 592, in handler
[env-2]     await call_coroutine()
[env-2]   File "/opt/ros/jazzy/lib/python3.12/site-packages/rclpy/executors.py", line 454, in _execute
[env-2]     await await_or_execute(tmr.callback)
[env-2]   File "/opt/ros/jazzy/lib/python3.12/site-packages/rclpy/executors.py", line 115, in await_or_execute
[env-2]     return callback(*args)
[env-2]            ^^^^^^^^^^^^^^^
[env-2]   File "/home/gsing/2026Gsing/2026_Gsing-second_ROS/fastlio2_v2/build/fast_lio_localization/fast_lio_localization/global_localization.py", line 604, in localisation_timer_callback
[env-2]     self.global_localization(self.T_map_to_odom)
[env-2]   File "/home/gsing/2026Gsing/2026_Gsing-second_ROS/fastlio2_v2/build/fast_lio_localization/fast_lio_localization/global_localization.py", line 520, in global_localization
[env-2]     self.publish_odom(transformation)
[env-2]   File "/home/gsing/2026Gsing/2026_Gsing-second_ROS/fastlio2_v2/build/fast_lio_localization/fast_lio_localization/global_localization.py", line 595, in publish_odom
[env-2]     self.pub_map_to_odom.publish(odom_msg)
[env-2]   File "/opt/ros/jazzy/lib/python3.12/site-packages/rclpy/publisher.py", line 70, in publish
[env-2]     self.__publisher.publish(msg)
[env-2] rclpy._rclpy_pybind11.RCLError: Failed to publish: publisher's context is invalid, at ./src/rcl/publisher.c:423
[ERROR] [env-2]: process has died [pid 6089, exit code 1, cmd 'env PATH=/usr/bin:/bin:/usr/sbin:/sbin /home/gsing/2026Gsing/2026_Gsing-second_ROS/fastlio2_v2/install/fast_lio_localization/lib/fast_lio_localization/global_localization --ros-args -r __node:=global_localization -p map_voxel_size:=0.01
...
 -p scan_voxel_size:=0.03
...
 -p freq_localization:=2.0
...
 -p freq_global_map:=0.25
...
 -p localization_threshold:=0.9
...
 -p fov:=6.28319
...
 -p fov_far:=300
...
 --params-file /tmp/launch_params_pz_ocprf --params-file /tmp/launch_params_d6l_7tww'].
