[INFO] [launch]: All log files can be found below /home/gsing/2026Gsing/2026_Gsing-second_ROS/logs/ros/2026-07-14-09-29-25-142594-gsing-11056
[INFO] [launch]: Default logging verbosity is set to INFO
[INFO] [fastlio_mapping-1]: process started with pid [11139]
[INFO] [rviz2-2]: process started with pid [11141]
[INFO] [env-3]: process started with pid [11143]
[INFO] [env-4]: process started with pid [11145]
[INFO] [pcd_to_pointcloud-5]: process started with pid [11146]
[pcd_to_pointcloud-5] [pcl::PCDReader::read] Could not find file '/home/gsing/2026Gsing/2026_Gsing-second_ROS/map/PCD24.pcd'.
[pcd_to_pointcloud-5] [ERROR] [1783992566.367375303] [map_publisher]: failed to open PCD file
[pcd_to_pointcloud-5] terminate called after throwing an instance of 'std::runtime_error'
[pcd_to_pointcloud-5]   what():  could not open pcd file
[fastlio_mapping-1] [INFO] [1783992566.640829829] [fastlio_mapping]: p_pre->lidar_type 5
[fastlio_mapping-1] Multi thread started 
[fastlio_mapping-1] ~~~~/home/gsing/2026Gsing/2026_Gsing-second_ROS/fastlio2_v2/src/unilidar_fastlio_ros2-ros2/ file opened
[fastlio_mapping-1] [INFO] [1783992566.881336776] [fastlio_mapping]: Node init finished.
[rviz2-2] [INFO] [1783992569.411061733] [rviz2]: Stereo is NOT SUPPORTED
[rviz2-2] [INFO] [1783992569.411318035] [rviz2]: OpenGl version: 4.2 (GLSL 4.2)
[rviz2-2] [INFO] [1783992569.661551678] [rviz2]: Stereo is NOT SUPPORTED
[rviz2-2] [INFO] [1783992571.281619634] [rviz]: Subscribing to: /cur_scan_in_map
[rviz2-2] 
[rviz2-2] [INFO] [1783992571.292070764] [rviz]: Subscribing to: /submap
[rviz2-2] 
[rviz2-2] [INFO] [1783992571.304725879] [rviz]: Subscribing to: /cloud_pcd
[rviz2-2] 
[rviz2-2] [INFO] [1783992571.324575884] [rviz]: Subscribing to: /cloud_pcd
[rviz2-2] 
[rviz2-2] [INFO] [1783992571.994097983] [rviz]: Subscribing to: /cur_scan_in_map
[rviz2-2] 
[rviz2-2] [INFO] [1783992572.042110286] [rviz]: Subscribing to: /submap
[rviz2-2] 
[rviz2-2] [INFO] [1783992572.093817236] [rviz]: Subscribing to: /cloud_pcd
[rviz2-2] 
[ERROR] [env-3]: process has died [pid 11143, exit code -4, cmd 'env PATH=/usr/bin:/bin:/usr/sbin:/sbin /home/gsing/2026Gsing/2026_Gsing-second_ROS/fastlio2_v2/install/fast_lio_localization/lib/fast_lio_localization/global_localization --ros-args -r __node:=global_localization -p map_voxel_size:=0.01
...
 -p scan_voxel_size:=0.03
...
 -p freq_localization:=2.0
...
 -p freq_global_map:=0.25
...
 -p localization_threshold:=0.9
...
 -p fov:=6.28319
...
 -p fov_far:=300
...
 --params-file /tmp/launch_params_me_lp_hy --params-file /tmp/launch_params_8c6jg7n7'].
[ERROR] [pcd_to_pointcloud-5]: process has died [pid 11146, exit code -6, cmd '/opt/ros/jazzy/lib/pcl_ros/pcd_to_pointcloud --ros-args -r __node:=map_publisher --params-file /tmp/launch_params_6jw_ufj7 -r cloud_pcd:=/cloud_pcd'].
