[INFO] [launch]: All log files can be found below /home/hyper/program/2026_Gsing-second_ROS/logs/ros/2026-07-14-08-24-06-156745-hyper-Ubuntu-8315
[INFO] [launch]: Default logging verbosity is set to INFO
[INFO] [fastlio_mapping-1]: process started with pid [8417]
[INFO] [rviz2-2]: process started with pid [8418]
[INFO] [env-3]: process started with pid [8419]
[INFO] [env-4]: process started with pid [8420]
[INFO] [pcd_to_pointcloud-5]: process started with pid [8421]
[pcd_to_pointcloud-5] [INFO] [1783988646.380083062] [map_publisher]: Publishing data with 342595 points (x y z normal_x normal_y normal_z intensity curvature) on topic /cloud_pcd in frame map.
[fastlio_mapping-1] [INFO] [1783988646.461456257] [fastlio_mapping]: p_pre->lidar_type 5
[fastlio_mapping-1] Multi thread started 
[fastlio_mapping-1] ~~~~/home/hyper/program/2026_Gsing-second_ROS/fastlio2_v2/src/unilidar_fastlio_ros2-ros2/ file opened
[fastlio_mapping-1] [INFO] [1783988646.478119159] [fastlio_mapping]: Node init finished.
[fastlio_mapping-1] IMU Initial Done
[fastlio_mapping-1] [WARN] [1783988646.636873587] [fastlio_mapping]: No point, skip this scan!
[fastlio_mapping-1] 
[fastlio_mapping-1] [INFO] [1783988646.717894444] [fastlio_mapping]: Initialize the map kdtree
[rviz2-2] [INFO] [1783988648.033953323] [rviz2]: Stereo is NOT SUPPORTED
[rviz2-2] [INFO] [1783988648.034082218] [rviz2]: OpenGl version: 4.6 (GLSL 4.6)
[rviz2-2] [INFO] [1783988648.087363158] [rviz2]: Stereo is NOT SUPPORTED
[rviz2-2] [INFO] [1783988648.197287822] [rviz]: Subscribing to: /cloud_pcd
[rviz2-2] 
[rviz2-2] [INFO] [1783988648.200014928] [rviz]: Subscribing to: /cloud_pcd
[rviz2-2] 
[rviz2-2] [INFO] [1783988648.201149790] [rviz]: Subscribing to: /cur_scan_in_map
[rviz2-2] 
[rviz2-2] [INFO] [1783988648.201856708] [rviz]: Subscribing to: /submap
[rviz2-2] 
[rviz2-2] [INFO] [1783988648.227843068] [rviz]: Subscribing to: /cloud_pcd
[rviz2-2] 
[rviz2-2] [INFO] [1783988648.229026150] [rviz]: Subscribing to: /cur_scan_in_map
[rviz2-2] 
[rviz2-2] [INFO] [1783988648.230850923] [rviz]: Subscribing to: /submap
[rviz2-2] 
[rviz2-2] [INFO] [1783988648.732457891] [rviz]: Message Filter dropping message: frame 'camera_init' at time 1783986927.814 for reason 'the timestamp on the message is earlier than all the data in the transform cache'
[env-3] [INFO] [1783988649.055320540] [global_localization]: Waiting for global map...
[env-3] [INFO] [1783988649.055742838] [global_localization]: Loading map: /home/hyper/program/2026_Gsing-second_ROS/map/PCD25.pcd, voxel_size=0.01
[env-3] [INFO] [1783988649.305659427] [global_localization]: Map loaded: raw=342595 pts, downsampled=71865 pts
[env-3] [INFO] [1783988649.306059816] [global_localization]: Global map received.
[env-3] [INFO] [1783988649.811056605] [global_localization]: Waiting for initial pose...
[env-3] [INFO] [1783988650.311935256] [global_localization]: Waiting for initial pose...
[env-3] [INFO] [1783988650.811422647] [global_localization]: Waiting for initial pose...
[rviz2-2] [INFO] [1783988651.307838830] [rviz]: Message Filter dropping message: frame 'camera_init' at time 1783986964.774 for reason 'the timestamp on the message is earlier than all the data in the transform cache'
[env-3] [INFO] [1783988651.311162952] [global_localization]: Waiting for initial pose...
[env-3] [INFO] [1783988651.811464878] [global_localization]: Waiting for initial pose...
[env-3] [INFO] [1783988652.311105275] [global_localization]: Waiting for initial pose...
[env-3] [INFO] [1783988652.811051544] [global_localization]: Waiting for initial pose...
[env-3] [INFO] [1783988653.311079605] [global_localization]: Waiting for initial pose...
[env-3] [INFO] [1783988653.811858958] [global_localization]: Waiting for initial pose...
[env-3] [INFO] [1783988654.311388456] [global_localization]: Waiting for initial pose...
[env-3] [INFO] [1783988654.810958623] [global_localization]: Waiting for initial pose...
[env-3] [INFO] [1783988655.311502456] [global_localization]: Waiting for initial pose...
[rviz2-2] [INFO] [1783988655.506162729] [rviz]: Message Filter dropping message: frame 'camera_init' at time 1783986964.774 for reason 'the timestamp on the message is earlier than all the data in the transform cache'
[env-3] [INFO] [1783988655.811382619] [global_localization]: Waiting for initial pose...
[env-3] [INFO] [1783988656.311869404] [global_localization]: Waiting for initial pose...
[env-3] [INFO] [1783988656.811108358] [global_localization]: Waiting for initial pose...
[env-3] [INFO] [1783988657.311488770] [global_localization]: Waiting for initial pose...
[env-3] [INFO] [1783988657.811684779] [global_localization]: Waiting for initial pose...
[env-3] [INFO] [1783988658.311798099] [global_localization]: Waiting for initial pose...
[rviz2-2] [INFO] [1783988658.424149894] [rviz]: Message Filter dropping message: frame 'camera_init' at time 1783988646.462 for reason 'the timestamp on the message is earlier than all the data in the transform cache'
[env-3] [INFO] [1783988658.811845581] [global_localization]: Waiting for initial pose...
[env-3] [INFO] [1783988659.311439415] [global_localization]: Waiting for initial pose...
[env-3] [INFO] [1783988659.811536768] [global_localization]: Waiting for initial pose...
[env-3] [INFO] [1783988660.311366274] [global_localization]: Waiting for initial pose...
[env-3] [INFO] [1783988660.811966469] [global_localization]: Waiting for initial pose...
[env-3] [INFO] [1783988661.311984631] [global_localization]: Waiting for initial pose...
[rviz2-2] [INFO] [1783988661.784428559] [rviz]: Message Filter dropping message: frame 'camera_init' at time 1783988646.462 for reason 'the timestamp on the message is earlier than all the data in the transform cache'
[env-3] [INFO] [1783988661.811504119] [global_localization]: Waiting for initial pose...
[env-3] [INFO] [1783988662.311660142] [global_localization]: Waiting for initial pose...
[env-3] [INFO] [1783988662.811550864] [global_localization]: Waiting for initial pose...
[env-3] [INFO] [1783988663.311025214] [global_localization]: Waiting for initial pose...
[env-3] [INFO] [1783988663.812177941] [global_localization]: Waiting for initial pose...
[env-3] [INFO] [1783988664.311425482] [global_localization]: Waiting for initial pose...
[rviz2-2] [INFO] [1783988664.608706557] [rviz]: Message Filter dropping message: frame 'camera_init' at time 1783986964.774 for reason 'the timestamp on the message is earlier than all the data in the transform cache'
[env-3] [INFO] [1783988664.811409092] [global_localization]: Waiting for initial pose...
[env-3] [INFO] [1783988665.311501409] [global_localization]: Waiting for initial pose...
[env-3] [INFO] [1783988665.811466257] [global_localization]: Waiting for initial pose...
[env-3] [INFO] [1783988666.312264392] [global_localization]: Waiting for initial pose...
[env-3] [INFO] [1783988666.811439087] [global_localization]: Waiting for initial pose...
[rviz2-2] [INFO] [1783988667.232592306] [rviz]: Message Filter dropping message: frame 'camera_init' at time 1783986964.774 for reason 'the timestamp on the message is earlier than all the data in the transform cache'
[env-3] [INFO] [1783988667.311453760] [global_localization]: Waiting for initial pose...
[env-3] [INFO] [1783988667.811067594] [global_localization]: Waiting for initial pose...
[env-3] [INFO] [1783988668.311430697] [global_localization]: Waiting for initial pose...
[env-3] [INFO] [1783988668.811607670] [global_localization]: Waiting for initial pose...
[env-3] [INFO] [1783988669.311405129] [global_localization]: Waiting for initial pose...
[env-3] [INFO] [1783988669.811619148] [global_localization]: Waiting for initial pose...
[rviz2-2] [INFO] [1783988670.112257531] [rviz]: Message Filter dropping message: frame 'camera_init' at time 1783988646.462 for reason 'the timestamp on the message is earlier than all the data in the transform cache'
[env-3] [INFO] [1783988670.311792137] [global_localization]: Waiting for initial pose...
[env-3] [INFO] [1783988670.811534757] [global_localization]: Waiting for initial pose...
[env-3] [INFO] [1783988671.311705366] [global_localization]: Waiting for initial pose...
[env-3] [INFO] [1783988671.811513832] [global_localization]: Waiting for initial pose...
[env-3] [INFO] [1783988672.311338715] [global_localization]: Waiting for initial pose...
[env-3] [INFO] [1783988672.811625511] [global_localization]: Waiting for initial pose...
[env-3] [INFO] [1783988673.311367295] [global_localization]: Waiting for initial pose...
[rviz2-2] [INFO] [1783988673.463660460] [rviz]: Message Filter dropping message: frame 'camera_init' at time 1783988646.462 for reason 'the timestamp on the message is earlier than all the data in the transform cache'
[env-3] [INFO] [1783988673.811538046] [global_localization]: Waiting for initial pose...
[env-3] [INFO] [1783988674.311626343] [global_localization]: Waiting for initial pose...
[env-3] [INFO] [1783988674.811849101] [global_localization]: Waiting for initial pose...
[env-3] [INFO] [1783988675.311527867] [global_localization]: Waiting for initial pose...
[env-3] [INFO] [1783988675.811549430] [global_localization]: Waiting for initial pose...
[env-3] [INFO] [1783988676.311569272] [global_localization]: Waiting for initial pose...
[rviz2-2] [INFO] [1783988676.776418063] [rviz]: Message Filter dropping message: frame 'camera_init' at time 1783988646.462 for reason 'the timestamp on the message is earlier than all the data in the transform cache'
[env-3] [INFO] [1783988676.811004834] [global_localization]: Waiting for initial pose...
[env-3] [INFO] [1783988677.311503262] [global_localization]: Waiting for initial pose...
[env-3] [INFO] [1783988677.811536794] [global_localization]: Waiting for initial pose...
[env-3] [INFO] [1783988678.311500666] [global_localization]: Waiting for initial pose...
[env-3] [INFO] [1783988678.811253427] [global_localization]: Waiting for initial pose...
[rviz2-2] [INFO] [1783988679.304461068] [rviz]: Message Filter dropping message: frame 'camera_init' at time 1783988646.462 for reason 'the timestamp on the message is earlier than all the data in the transform cache'
[env-3] [INFO] [1783988679.311425608] [global_localization]: Waiting for initial pose...
[env-3] [INFO] [1783988679.811630776] [global_localization]: Waiting for initial pose...
[env-3] [INFO] [1783988680.311527684] [global_localization]: Waiting for initial pose...
[env-3] [INFO] [1783988680.811784174] [global_localization]: Waiting for initial pose...
[env-3] [INFO] [1783988681.311074970] [global_localization]: Waiting for initial pose...
[env-3] [INFO] [1783988681.811540780] [global_localization]: Waiting for initial pose...
[env-3] [INFO] [1783988682.312301061] [global_localization]: Waiting for initial pose...
[rviz2-2] [INFO] [1783988682.632175392] [rviz]: Message Filter dropping message: frame 'camera_init' at time 1783988646.462 for reason 'the timestamp on the message is earlier than all the data in the transform cache'
[env-3] [INFO] [1783988682.811649075] [global_localization]: Waiting for initial pose...
[env-3] [INFO] [1783988683.311479378] [global_localization]: Waiting for initial pose...
[env-3] [INFO] [1783988683.811458573] [global_localization]: Waiting for initial pose...
[env-3] [INFO] [1783988684.311492141] [global_localization]: Waiting for initial pose...
[env-3] [INFO] [1783988684.811791480] [global_localization]: Waiting for initial pose...
[env-3] [INFO] [1783988685.311497403] [global_localization]: Waiting for initial pose...
[env-3] [INFO] [1783988685.811492500] [global_localization]: Waiting for initial pose...
[rviz2-2] [INFO] [1783988685.960210505] [rviz]: Message Filter dropping message: frame 'camera_init' at time 1783988646.462 for reason 'the timestamp on the message is earlier than all the data in the transform cache'
[env-3] [INFO] [1783988686.311927590] [global_localization]: Waiting for initial pose...
[env-3] [INFO] [1783988686.811013914] [global_localization]: Waiting for initial pose...
[env-3] [INFO] [1783988687.311132158] [global_localization]: Waiting for initial pose...
[env-3] [INFO] [1783988687.811462396] [global_localization]: Waiting for initial pose...
[env-3] [INFO] [1783988688.311653748] [global_localization]: Waiting for initial pose...
[rviz2-2] [INFO] [1783988688.475407021] [rviz]: Message Filter dropping message: frame 'camera_init' at time 1783988646.462 for reason 'the timestamp on the message is earlier than all the data in the transform cache'
[env-3] [INFO] [1783988688.812161590] [global_localization]: Waiting for initial pose...
[env-3] [INFO] [1783988689.311009253] [global_localization]: Waiting for initial pose...
[env-3] [INFO] [1783988689.811167274] [global_localization]: Waiting for initial pose...
[env-3] [INFO] [1783988690.311465343] [global_localization]: Waiting for initial pose...
[env-3] [INFO] [1783988690.811063405] [global_localization]: Waiting for initial pose...
[rviz2-2] [INFO] [1783988690.984354419] [rviz]: Message Filter dropping message: frame 'camera_init' at time 1783988646.462 for reason 'the timestamp on the message is earlier than all the data in the transform cache'
[env-3] [INFO] [1783988691.313065367] [global_localization]: Waiting for initial pose...
[env-3] [INFO] [1783988691.811514762] [global_localization]: Waiting for initial pose...
[env-3] [INFO] [1783988692.311026499] [global_localization]: Waiting for initial pose...
[env-3] [INFO] [1783988692.811663617] [global_localization]: Waiting for initial pose...
[env-3] [INFO] [1783988693.311724796] [global_localization]: Waiting for initial pose...
[env-3] [INFO] [1783988693.811468979] [global_localization]: Waiting for initial pose...
[env-3] [INFO] [1783988694.311434734] [global_localization]: Waiting for initial pose...
[rviz2-2] [INFO] [1783988694.312116743] [rviz]: Message Filter dropping message: frame 'camera_init' at time 1783988646.462 for reason 'the timestamp on the message is earlier than all the data in the transform cache'
[env-3] [INFO] [1783988694.811891565] [global_localization]: Waiting for initial pose...
[env-3] [INFO] [1783988695.311054696] [global_localization]: Waiting for initial pose...
[env-3] [INFO] [1783988695.811477690] [global_localization]: Waiting for initial pose...
[env-3] [INFO] [1783988696.311567289] [global_localization]: Waiting for initial pose...
[env-3] [INFO] [1783988696.811125130] [global_localization]: Waiting for initial pose...
[env-3] [INFO] [1783988697.311869771] [global_localization]: Waiting for initial pose...
[rviz2-2] [INFO] [1783988697.639806221] [rviz]: Message Filter dropping message: frame 'camera_init' at time 1783988646.462 for reason 'the timestamp on the message is earlier than all the data in the transform cache'
[env-3] [INFO] [1783988697.811497417] [global_localization]: Waiting for initial pose...
[env-3] [INFO] [1783988698.311631961] [global_localization]: Waiting for initial pose...
[env-3] [INFO] [1783988698.811528061] [global_localization]: Waiting for initial pose...
[env-3] [INFO] [1783988699.311639279] [global_localization]: Waiting for initial pose...
[env-3] [INFO] [1783988699.811718106] [global_localization]: Waiting for initial pose...
[env-3] [INFO] [1783988700.311596287] [global_localization]: Waiting for initial pose...
[env-3] [INFO] [1783988700.811553239] [global_localization]: Waiting for initial pose...
[env-3] [INFO] [1783988701.311288685] [global_localization]: Waiting for initial pose...
