[INFO] [launch]: All log files can be found below /home/gsing/2026Gsing/2026_Gsing-second_ROS/logs/ros/2026-07-15-10-57-19-790811-gsing-6123
[INFO] [launch]: Default logging verbosity is set to INFO
[INFO] [fastlio_mapping-1]: process started with pid [6255]
[INFO] [env-2]: process started with pid [6256]
[INFO] [env-3]: process started with pid [6257]
[INFO] [pcd_to_pointcloud-4]: process started with pid [6258]
[pcd_to_pointcloud-4] [INFO] [1784084241.037970250] [map_publisher]: Publishing data with 532258 points (x y z normal_x normal_y normal_z intensity curvature) on topic /cloud_pcd in frame map.
[fastlio_mapping-1] [INFO] [1784084241.520557432] [fastlio_mapping]: p_pre->lidar_type 5
[fastlio_mapping-1] Multi thread started 
[fastlio_mapping-1] ~~~~/home/gsing/2026Gsing/2026_Gsing-second_ROS/fastlio2_v2/src/unilidar_fastlio_ros2-ros2/ file opened
[fastlio_mapping-1] [INFO] [1784084241.603061575] [fastlio_mapping]: Node init finished.
[env-2] [INFO] [1784084243.761822487] [global_localization]: Waiting for global map...
[env-2] [INFO] [1784084243.770936583] [global_localization]: Loading map: /home/gsing/2026Gsing/2026_Gsing-second_ROS/map/PCD33.pcd, voxel_size=0.08
[env-2] [INFO] [1784084243.857704395] [global_localization]: Map loaded: raw=532258 pts
[env-2] [INFO] [1784084244.345328528] [global_localization]: Map downsampled: 1434 pts
[env-2] [INFO] [1784084244.349988467] [global_localization]: Global map received.
[env-2] [INFO] [1784084244.868760523] [global_localization]: Waiting for initial pose...
[env-2] [INFO] [1784084245.376607950] [global_localization]: Waiting for initial pose...
[env-2] [INFO] [1784084245.887843136] [global_localization]: Waiting for initial pose...
[env-2] [INFO] [1784084246.382006180] [global_localization]: Waiting for initial pose...
[env-2] [INFO] [1784084246.884667374] [global_localization]: Waiting for initial pose...
[env-2] [INFO] [1784084247.379553584] [global_localization]: Waiting for initial pose...
[env-2] [INFO] [1784084247.867806789] [global_localization]: Waiting for initial pose...
[env-2] [INFO] [1784084248.389903120] [global_localization]: Waiting for initial pose...
[env-2] [INFO] [1784084248.866329051] [global_localization]: Waiting for initial pose...
[env-2] [INFO] [1784084249.365514447] [global_localization]: Waiting for initial pose...
[env-2] [INFO] [1784084249.368710111] [global_localization]: _auto_init_if_needed: initialized=False cur_scan=✗
[env-2] [INFO] [1784084249.870304630] [global_localization]: Waiting for initial pose...
[env-2] [INFO] [1784084250.368923419] [global_localization]: Waiting for initial pose...
[env-2] [INFO] [1784084250.868689479] [global_localization]: Waiting for initial pose...
[env-2] [INFO] [1784084251.365546877] [global_localization]: Waiting for initial pose...
[env-2] [INFO] [1784084251.869206868] [global_localization]: Waiting for initial pose...
[env-2] [INFO] [1784084252.366987767] [global_localization]: Waiting for initial pose...
[env-2] [INFO] [1784084252.865411200] [global_localization]: Waiting for initial pose...
[env-2] [INFO] [1784084253.369116872] [global_localization]: Waiting for initial pose...
[env-2] [INFO] [1784084253.866563562] [global_localization]: Waiting for initial pose...
[env-2] [INFO] [1784084254.365473346] [global_localization]: Waiting for initial pose...
[env-2] [INFO] [1784084254.368354721] [global_localization]: _auto_init_if_needed: initialized=False cur_scan=✗
[env-2] [INFO] [1784084254.866125339] [global_localization]: Waiting for initial pose...
[env-2] [INFO] [1784084255.371040450] [global_localization]: Waiting for initial pose...
[env-2] [INFO] [1784084255.868165337] [global_localization]: Waiting for initial pose...
[env-2] [INFO] [1784084256.365379351] [global_localization]: Waiting for initial pose...
[env-2] [INFO] [1784084256.870696855] [global_localization]: Waiting for initial pose...
[env-2] [INFO] [1784084257.365971610] [global_localization]: Waiting for initial pose...
[env-2] [INFO] [1784084257.868684631] [global_localization]: Waiting for initial pose...
[env-2] [INFO] [1784084258.382879059] [global_localization]: Waiting for initial pose...
[env-2] [INFO] [1784084258.865320048] [global_localization]: Waiting for initial pose...
[env-2] [INFO] [1784084259.366784901] [global_localization]: Waiting for initial pose...
[env-2] [INFO] [1784084259.370279234] [global_localization]: _auto_init_if_needed: initialized=False cur_scan=✗
[env-2] [INFO] [1784084259.871445845] [global_localization]: Waiting for initial pose...
[env-2] [INFO] [1784084260.366946519] [global_localization]: Waiting for initial pose...
[env-2] [INFO] [1784084260.865075875] [global_localization]: Waiting for initial pose...
[env-2] [INFO] [1784084261.371269151] [global_localization]: Waiting for initial pose...
[env-2] [INFO] [1784084261.865948072] [global_localization]: Waiting for initial pose...
[env-2] [INFO] [1784084262.369137763] [global_localization]: Waiting for initial pose...
[env-2] [INFO] [1784084262.868992065] [global_localization]: Waiting for initial pose...
[env-2] [INFO] [1784084263.365881827] [global_localization]: Waiting for initial pose...
[env-2] [INFO] [1784084263.870084818] [global_localization]: Waiting for initial pose...
[env-2] [INFO] [1784084264.366812254] [global_localization]: Waiting for initial pose...
[env-2] [INFO] [1784084264.369707085] [global_localization]: _auto_init_if_needed: initialized=False cur_scan=✗
[env-2] [INFO] [1784084264.866266542] [global_localization]: Waiting for initial pose...
[env-2] [INFO] [1784084265.372297805] [global_localization]: Waiting for initial pose...
[env-2] [INFO] [1784084265.871959714] [global_localization]: Waiting for initial pose...
[env-2] [INFO] [1784084266.366020438] [global_localization]: Waiting for initial pose...
[env-2] [INFO] [1784084266.867250917] [global_localization]: Waiting for initial pose...
[env-2] [INFO] [1784084267.378937626] [global_localization]: Waiting for initial pose...
[env-2] [INFO] [1784084267.865401304] [global_localization]: Waiting for initial pose...
[env-2] [INFO] [1784084268.376568000] [global_localization]: Waiting for initial pose...
[env-2] [INFO] [1784084268.869490704] [global_localization]: Waiting for initial pose...
[env-2] [INFO] [1784084269.366112171] [global_localization]: Waiting for initial pose...
[env-2] [INFO] [1784084269.368734699] [global_localization]: _auto_init_if_needed: initialized=False cur_scan=✗
[env-2] [INFO] [1784084269.865993248] [global_localization]: Waiting for initial pose...
[env-2] [INFO] [1784084270.366598624] [global_localization]: Waiting for initial pose...
[env-2] [INFO] [1784084270.865591108] [global_localization]: Waiting for initial pose...
[env-2] [INFO] [1784084271.366093873] [global_localization]: Waiting for initial pose...
[env-2] [INFO] [1784084271.869749288] [global_localization]: Waiting for initial pose...
[env-2] [INFO] [1784084272.371791997] [global_localization]: Waiting for initial pose...
[env-2] [INFO] [1784084272.865797051] [global_localization]: Waiting for initial pose...
[env-2] [INFO] [1784084273.369844553] [global_localization]: Waiting for initial pose...
[env-2] [INFO] [1784084273.868409521] [global_localization]: Waiting for initial pose...
[env-2] [INFO] [1784084274.366107484] [global_localization]: Waiting for initial pose...
[env-2] [INFO] [1784084274.370371807] [global_localization]: _auto_init_if_needed: initialized=False cur_scan=✗
[env-2] [INFO] [1784084274.868202492] [global_localization]: Waiting for initial pose...
[env-2] [INFO] [1784084275.369557812] [global_localization]: Waiting for initial pose...
[env-2] [INFO] [1784084275.865852290] [global_localization]: Waiting for initial pose...
[env-2] [INFO] [1784084276.366167301] [global_localization]: Waiting for initial pose...
[env-2] [INFO] [1784084276.869673405] [global_localization]: Waiting for initial pose...
[env-2] [INFO] [1784084277.366529704] [global_localization]: Waiting for initial pose...
[env-2] [INFO] [1784084277.869266983] [global_localization]: Waiting for initial pose...
[env-2] [INFO] [1784084278.369838493] [global_localization]: Waiting for initial pose...
[env-2] [INFO] [1784084278.866376739] [global_localization]: Waiting for initial pose...
[env-2] [INFO] [1784084279.378114303] [global_localization]: Waiting for initial pose...
[env-2] [INFO] [1784084279.385359679] [global_localization]: _auto_init_if_needed: initialized=False cur_scan=✗
[env-2] [INFO] [1784084279.866004611] [global_localization]: Waiting for initial pose...
[env-2] [INFO] [1784084280.365682565] [global_localization]: Waiting for initial pose...
[env-2] [INFO] [1784084280.865346674] [global_localization]: Waiting for initial pose...
[env-2] [INFO] [1784084281.366057966] [global_localization]: Waiting for initial pose...
[env-2] [INFO] [1784084281.868754760] [global_localization]: Waiting for initial pose...
[env-2] [INFO] [1784084282.371925962] [global_localization]: Waiting for initial pose...
[env-2] [INFO] [1784084282.868452111] [global_localization]: Waiting for initial pose...
[env-2] [INFO] [1784084283.366729560] [global_localization]: Waiting for initial pose...
[env-2] [INFO] [1784084283.866093534] [global_localization]: Waiting for initial pose...
[env-2] [INFO] [1784084284.370800186] [global_localization]: Waiting for initial pose...
[env-2] [INFO] [1784084284.377189481] [global_localization]: _auto_init_if_needed: initialized=False cur_scan=✗
[env-2] [INFO] [1784084284.867640856] [global_localization]: Waiting for initial pose...
[env-2] [INFO] [1784084285.365305887] [global_localization]: Waiting for initial pose...
[env-2] [INFO] [1784084285.866016831] [global_localization]: Waiting for initial pose...
[env-2] [INFO] [1784084286.365911382] [global_localization]: Waiting for initial pose...
[env-2] [INFO] [1784084286.866543161] [global_localization]: Waiting for initial pose...
[env-2] [INFO] [1784084287.365261816] [global_localization]: Waiting for initial pose...
[env-2] [INFO] [1784084287.866841874] [global_localization]: Waiting for initial pose...
[env-2] [INFO] [1784084288.365969857] [global_localization]: Waiting for initial pose...
[env-2] [INFO] [1784084288.903369686] [global_localization]: Waiting for initial pose...
[env-2] [INFO] [1784084289.367038946] [global_localization]: Waiting for initial pose...
[env-2] [INFO] [1784084289.370046572] [global_localization]: _auto_init_if_needed: initialized=False cur_scan=✗
[env-2] [INFO] [1784084289.865177977] [global_localization]: Waiting for initial pose...
[env-2] [INFO] [1784084290.365727995] [global_localization]: Waiting for initial pose...
[env-2] [INFO] [1784084290.869773295] [global_localization]: Waiting for initial pose...
[env-2] [INFO] [1784084291.368225942] [global_localization]: Waiting for initial pose...
