Traceback (most recent call last):
  File "/home/gsing/2026Gsing/2026_Gsing-second_ROS/py/tools/pointcloud_x_filter.py", line 18, in <module>
    import rclpy
  File "/opt/ros/jazzy/lib/python3.12/site-packages/rclpy/__init__.py", line 49, in <module>
    from rclpy.signals import install_signal_handlers
  File "/opt/ros/jazzy/lib/python3.12/site-packages/rclpy/signals.py", line 15, in <module>
    from rclpy.exceptions import InvalidHandle
  File "/opt/ros/jazzy/lib/python3.12/site-packages/rclpy/exceptions.py", line 16, in <module>
    from rclpy.impl.implementation_singleton import rclpy_implementation as _rclpy
  File "/opt/ros/jazzy/lib/python3.12/site-packages/rclpy/impl/implementation_singleton.py", line 32, in <module>
    rclpy_implementation = import_c_library('._rclpy_pybind11', package)
  File "/opt/ros/jazzy/lib/python3.12/site-packages/rpyutils/import_c_library.py", line 39, in import_c_library
    return importlib.import_module(name, package=package)
           ~~~~~~~~~~~~~~~~~~~~~~~^^^^^^^^^^^^^^^^^^^^^^^
  File "/home/gsing/miniconda3/lib/python3.14/importlib/__init__.py", line 88, in import_module
    return _bootstrap._gcd_import(name[level:], package, level)
           ~~~~~~~~~~~~~~~~~~~~~~^^^^^^^^^^^^^^^^^^^^^^^^^^^^^^
ModuleNotFoundError: No module named 'rclpy._rclpy_pybind11'
The C extension '/opt/ros/jazzy/lib/python3.12/site-packages/_rclpy_pybind11.cpython-314-x86_64-linux-gnu.so' isn't present on the system. Please refer to 'https://docs.ros.org/en/jazzy/How-To-Guides/Installation-Troubleshooting.html#import-failing-without-library-present-on-the-system' for possible solutions
[INFO] [1784016949.234407599] [laser_mapping]: p_pre->lidar_type 5
Multi thread started 
~~~~/home/gsing/2026Gsing/2026_Gsing-second_ROS/fastlio2_v2/src/unilidar_fastlio_ros2-ros2/ file opened
[INFO] [1784016949.275084616] [laser_mapping]: Node init finished.
[INFO] [1784016950.271559759] [laser_mapping]: publish_map: frame pts=0, total=0
[INFO] [1784016951.271507735] [laser_mapping]: publish_map: frame pts=0, total=0
[INFO] [1784016952.271948908] [laser_mapping]: publish_map: frame pts=0, total=0
[INFO] [1784016953.271831726] [laser_mapping]: publish_map: frame pts=0, total=0
[INFO] [1784016954.271481123] [laser_mapping]: publish_map: frame pts=0, total=0
[INFO] [1784016955.272362916] [laser_mapping]: publish_map: frame pts=0, total=0
[INFO] [1784016956.271847067] [laser_mapping]: publish_map: frame pts=0, total=0
[INFO] [1784016957.272176222] [laser_mapping]: publish_map: frame pts=0, total=0
[INFO] [1784016958.271546753] [laser_mapping]: publish_map: frame pts=0, total=0
[INFO] [1784016959.273308419] [laser_mapping]: publish_map: frame pts=0, total=0
[INFO] [1784016960.271857480] [laser_mapping]: publish_map: frame pts=0, total=0
[INFO] [1784016961.271895903] [laser_mapping]: publish_map: frame pts=0, total=0
[INFO] [1784016962.271743127] [laser_mapping]: publish_map: frame pts=0, total=0
[INFO] [1784016963.272571182] [laser_mapping]: publish_map: frame pts=0, total=0
[INFO] [1784016964.271431123] [laser_mapping]: publish_map: frame pts=0, total=0
[INFO] [1784016965.271427452] [laser_mapping]: publish_map: frame pts=0, total=0
[INFO] [1784016966.271741461] [laser_mapping]: publish_map: frame pts=0, total=0
[INFO] [1784016966.654716654] [laser_mapping]: Saving map to /home/gsing/2026Gsing/2026_Gsing-second_ROS/map/PCD18.pcd...
[WARN] [1784016966.655192451] [laser_mapping]: Map cloud is empty, skip saving.
[INFO] [1784016967.272006147] [laser_mapping]: publish_map: frame pts=0, total=0
[INFO] [1784016968.271442689] [laser_mapping]: publish_map: frame pts=0, total=0
[INFO] [1784016968.404434680] [rclcpp]: signal_handler(SIGINT/SIGTERM)
Rebuild thread terminated normally
