[INFO] [launch]: All log files can be found below /home/gsing/2026_Gsing-second_ROS/logs/ros/2026-07-16-01-42-47-486281-gsing-KPADLU4-7770
[INFO] [launch]: Default logging verbosity is set to INFO
[INFO] [fastlio_mapping-1]: process started with pid [7833]
[INFO] [env-2]: process started with pid [7835]
[INFO] [env-3]: process started with pid [7837]
[INFO] [pcd_to_pointcloud-4]: process started with pid [7839]
[pcd_to_pointcloud-4] [INFO] [1784137367.954465429] [map_publisher]: Publishing data with 810074 points (x y z normal_x normal_y normal_z intensity curvature) on topic /cloud_pcd in frame map.
[fastlio_mapping-1] [INFO] [1784137367.996964386] [fastlio_mapping]: p_pre->lidar_type 5
[fastlio_mapping-1] Multi thread started 
[fastlio_mapping-1] ~~~~/home/gsing/2026_Gsing-second_ROS/fastlio2_v2/src/unilidar_fastlio_ros2-ros2/ file opened
[fastlio_mapping-1] [INFO] [1784137368.025890324] [fastlio_mapping]: Node init finished.
[env-2] [INFO] [1784137368.520170320] [global_localization]: Waiting for global map...
[env-2] [INFO] [1784137368.520861992] [global_localization]: Loading map: /home/gsing/2026_Gsing-second_ROS/map/map.pcd, voxel_size=0.08
[env-2] [INFO] [1784137368.555665967] [global_localization]: Map loaded: raw=810074 pts
[env-3] Traceback (most recent call last):
[env-3]   File "/home/gsing/2026_Gsing-second_ROS/fastlio2_v2/install/fast_lio_localization/lib/fast_lio_localization/transform_fusion", line 33, in <module>
[env-3]     sys.exit(load_entry_point('fast-lio-localization', 'console_scripts', 'transform_fusion')())
[env-3]   File "/home/gsing/2026_Gsing-second_ROS/fastlio2_v2/build/fast_lio_localization/fast_lio_localization/transform_fusion.py", line 146, in main
[env-3]     rclpy.spin(node)
[env-3]   File "/opt/ros/humble/local/lib/python3.10/dist-packages/rclpy/__init__.py", line 229, in spin
[env-3]     executor.spin_once()
[env-3]   File "/opt/ros/humble/local/lib/python3.10/dist-packages/rclpy/executors.py", line 773, in spin_once
[env-3]     self._spin_once_impl(timeout_sec)
[env-3]   File "/opt/ros/humble/local/lib/python3.10/dist-packages/rclpy/executors.py", line 770, in _spin_once_impl
[env-3]     raise handler.exception()
[env-3]   File "/opt/ros/humble/local/lib/python3.10/dist-packages/rclpy/task.py", line 254, in __call__
[env-3]     self._handler.send(None)
[env-3]   File "/opt/ros/humble/local/lib/python3.10/dist-packages/rclpy/executors.py", line 463, in handler
[env-3]     await call_coroutine(entity, arg)
[env-3]   File "/opt/ros/humble/local/lib/python3.10/dist-packages/rclpy/executors.py", line 371, in _execute_timer
[env-3]     await await_or_execute(tmr.callback)
[env-3]   File "/opt/ros/humble/local/lib/python3.10/dist-packages/rclpy/executors.py", line 107, in await_or_execute
[env-3]     return callback(*args)
[env-3]   File "/home/gsing/2026_Gsing-second_ROS/fastlio2_v2/build/fast_lio_localization/fast_lio_localization/transform_fusion.py", line 125, in transform_fusion
[env-3]     transform=Transform(
[env-3]   File "/opt/ros/humble/local/lib/python3.10/dist-packages/geometry_msgs/msg/_transform.py", line 85, in __init__
[env-3]     self.translation = kwargs.get('translation', Vector3())
[env-3]   File "/opt/ros/humble/local/lib/python3.10/dist-packages/geometry_msgs/msg/_transform.py", line 138, in translation
[env-3]     assert \
[env-3] AssertionError: The 'translation' field must be a sub message of type 'Vector3'
[ERROR] [env-3]: process has died [pid 7837, exit code 1, cmd 'env PATH=/usr/bin:/bin:/usr/sbin:/sbin /home/gsing/2026_Gsing-second_ROS/fastlio2_v2/install/fast_lio_localization/lib/fast_lio_localization/transform_fusion --ros-args -r __node:=transform_fusion'].
[env-2] [INFO] [1784137368.972918254] [global_localization]: Map downsampled: 5614 pts
[env-2] [INFO] [1784137368.973517492] [global_localization]: Global map received.
[env-2] [INFO] [1784137369.477090241] [global_localization]: Waiting for initial pose...
[env-2] [INFO] [1784137369.977167439] [global_localization]: Waiting for initial pose...
[env-2] [INFO] [1784137370.477154798] [global_localization]: Waiting for initial pose...
[env-2] [INFO] [1784137370.977069309] [global_localization]: Waiting for initial pose...
[env-2] [INFO] [1784137371.477086854] [global_localization]: Waiting for initial pose...
[env-2] [INFO] [1784137371.977066881] [global_localization]: Waiting for initial pose...
[env-2] [INFO] [1784137372.477209225] [global_localization]: Waiting for initial pose...
[env-2] [INFO] [1784137372.977167517] [global_localization]: Waiting for initial pose...
[env-2] [INFO] [1784137373.477069084] [global_localization]: Waiting for initial pose...
[env-2] [INFO] [1784137373.977147936] [global_localization]: Waiting for initial pose...
[env-2] [INFO] [1784137373.977673644] [global_localization]: _auto_init_if_needed: initialized=False cur_scan=✗
[env-2] [INFO] [1784137374.477297089] [global_localization]: Waiting for initial pose...
[env-2] [WARN] [1784137374.868878420] [global_localization]: No odometry yet, using map→base_link as map→odom (approximate)
[env-2] [INFO] [1784137378.977147811] [global_localization]: _auto_init_if_needed: initialized=True cur_scan=✗
