1784035544.5543923 [INFO] [launch]: All log files can be found below /home/gsing/2026Gsing/2026_Gsing-second_ROS/logs/ros/2026-07-14-21-25-44-549201-gsing-8246
1784035544.5554290 [INFO] [launch]: Default logging verbosity is set to INFO
1784035545.6371310 [INFO] [static_transform_publisher-1]: process started with pid [8406]
1784035545.6383693 [INFO] [static_transform_publisher-2]: process started with pid [8407]
1784035545.6388781 [INFO] [static_transform_publisher-3]: process started with pid [8408]
1784035545.6475704 [INFO] [static_transform_publisher-4]: process started with pid [8409]
1784035545.6485922 [INFO] [map_server-5]: process started with pid [8410]
1784035545.6519444 [INFO] [rviz2-6]: process started with pid [8411]
1784035550.8327541 [INFO] [controller_server-7]: process started with pid [8578]
1784035550.8494751 [INFO] [planner_server-8]: process started with pid [8579]
1784035550.8499200 [INFO] [behavior_server-9]: process started with pid [8581]
1784035550.8502114 [INFO] [bt_navigator-10]: process started with pid [8582]
1784035550.8630559 [INFO] [waypoint_follower-11]: process started with pid [8583]
1784035550.8760583 [INFO] [lifecycle_manager-12]: process started with pid [8584]
1784035550.8849757 [INFO] [goal_pose_to_nav2-13]: process started with pid [8585]
1784035550.8949847 [INFO] [costmap_to_grid-14]: process started with pid [8586]
1784035586.9615235 [INFO] [controller_server-7]: process has finished cleanly [pid 8578]
1784035587.5122151 [INFO] [planner_server-8]: process has finished cleanly [pid 8579]
1784035587.5975206 [INFO] [rviz2-6]: process has finished cleanly [pid 8411]
1784035588.0649831 [INFO] [bt_navigator-10]: process has finished cleanly [pid 8582]
