1784030629.0639310 [INFO] [launch]: All log files can be found below /home/gsing/2026Gsing/2026_Gsing-second_ROS/logs/ros/2026-07-14-20-03-49-058898-gsing-9086
1784030629.0647972 [INFO] [launch]: Default logging verbosity is set to INFO
1784030629.5693347 [INFO] [static_transform_publisher-1]: process started with pid [9227]
1784030629.5698884 [INFO] [static_transform_publisher-2]: process started with pid [9228]
1784030629.5703890 [INFO] [static_transform_publisher-3]: process started with pid [9229]
1784030629.5707903 [INFO] [static_transform_publisher-4]: process started with pid [9230]
1784030629.5763705 [INFO] [map_server-5]: process started with pid [9231]
1784030629.5768285 [INFO] [rviz2-6]: process started with pid [9232]
1784030634.9008563 [INFO] [controller_server-7]: process started with pid [9360]
1784030634.9049871 [INFO] [planner_server-8]: process started with pid [9361]
1784030634.9085672 [INFO] [behavior_server-9]: process started with pid [9362]
1784030634.9179111 [INFO] [bt_navigator-10]: process started with pid [9363]
1784030634.9234400 [INFO] [waypoint_follower-11]: process started with pid [9364]
1784030634.9301689 [INFO] [lifecycle_manager-12]: process started with pid [9365]
1784030634.9322016 [INFO] [goal_pose_to_nav2-13]: process started with pid [9366]
1784030634.9385748 [INFO] [costmap_to_grid-14]: process started with pid [9367]
1784030679.7931502 [INFO] [controller_server-7]: process has finished cleanly [pid 9360]
1784030680.5859179 [INFO] [planner_server-8]: process has finished cleanly [pid 9361]
1784030681.6870043 [INFO] [lifecycle_manager-12]: process has finished cleanly [pid 9365]
1784030681.8808057 [INFO] [bt_navigator-10]: process has finished cleanly [pid 9363]
