[INFO] [launch]: All log files can be found below /home/hyper/.ros/log/2026-07-14-08-36-55-808879-hyper-Ubuntu-12731
[INFO] [launch]: Default logging verbosity is set to INFO
rviz_config_file = /home/hyper/program/2026_Gsing-second_ROS/fastlio2_v2/install/unitree_lidar_ros2/share/unitree_lidar_ros2/view.rviz
[INFO] [unitree_lidar_ros2_node-1]: process started with pid [12770]
[INFO] [rviz2-2]: process started with pid [12771]
[unitree_lidar_ros2_node-1] initialize_type_ = 2
[rviz2-2] [INFO] [1783989416.474045746] [rviz2]: Stereo is NOT SUPPORTED
[rviz2-2] [INFO] [1783989416.474138551] [rviz2]: OpenGl version: 4.6 (GLSL 4.6)
[rviz2-2] [INFO] [1783989416.516381908] [rviz2]: Stereo is NOT SUPPORTED
[rviz2-2] [INFO] [1783989416.566594418] [rviz2]: Subscribing to: /unilidar/cloud
[rviz2-2] 
[rviz2-2] [INFO] [1783989416.577279704] [rviz2]: Subscribing to: /unilidar/cloud
[rviz2-2] 
[unitree_lidar_ros2_node-1] [UDPHandler] create udp socket success.
[unitree_lidar_ros2_node-1] [UDPHandler] bind udp port failed.
[unitree_lidar_ros2_node-1] [WARNING] Unilidar is not initialized!
[unitree_lidar_ros2_node-1] [WARNING] Unilidar is not initialized!
[unitree_lidar_ros2_node-1] [WARNING] Unilidar is not initialized!
[unitree_lidar_ros2_node-1] [WARNING] Unilidar is not initialized!
[unitree_lidar_ros2_node-1] [WARNING] Unilidar is not initialized!
