1784044415.1783197 [INFO] [launch]: All log files can be found below /home/gsing/2026Gsing/2026_Gsing-second_ROS/logs/ros/2026-07-14-23-53-35-159485-gsing-5799
1784044415.1833224 [INFO] [launch]: Default logging verbosity is set to INFO
1784044416.3108597 [INFO] [fastlio_mapping-1]: process started with pid [6024]
1784044416.3132198 [INFO] [env-2]: process started with pid [6025]
1784044416.3137476 [INFO] [env-3]: process started with pid [6026]
1784044416.3142090 [INFO] [pcd_to_pointcloud-4]: process started with pid [6027]
1784044470.4799223 [INFO] [fastlio_mapping-1]: process has finished cleanly [pid 6024]
1784044473.1484118 [ERROR] [env-2]: process has died [pid 6025, exit code 1, cmd 'env PATH=/usr/bin:/bin:/usr/sbin:/sbin /home/gsing/2026Gsing/2026_Gsing-second_ROS/fastlio2_v2/install/fast_lio_localization/lib/fast_lio_localization/global_localization --ros-args -r __node:=global_localization -p map_voxel_size:=0.01
...
 -p scan_voxel_size:=0.03
...
 -p freq_localization:=2.0
...
 -p freq_global_map:=0.25
...
 -p localization_threshold:=0.9
...
 -p fov:=6.28319
...
 -p fov_far:=300
...
 --params-file /tmp/launch_params_4lbs4xf8 --params-file /tmp/launch_params_ef1nx5_v'].
1784044474.7269270 [ERROR] [env-3]: process has died [pid 6026, exit code 1, cmd 'env PATH=/usr/bin:/bin:/usr/sbin:/sbin /home/gsing/2026Gsing/2026_Gsing-second_ROS/fastlio2_v2/install/fast_lio_localization/lib/fast_lio_localization/transform_fusion --ros-args -r __node:=transform_fusion'].
