1784030991.7095759 [INFO] [launch]: All log files can be found below /home/gsing/2026Gsing/2026_Gsing-second_ROS/logs/ros/2026-07-14-20-09-51-700469-gsing-10729
1784030991.7108564 [INFO] [launch]: Default logging verbosity is set to INFO
1784030992.5238898 [INFO] [fastlio_mapping-1]: process started with pid [10856]
1784030992.5336788 [INFO] [env-2]: process started with pid [10857]
1784030992.5342116 [INFO] [env-3]: process started with pid [10858]
1784030992.5346248 [INFO] [pcd_to_pointcloud-4]: process started with pid [10860]
1784031063.4488032 [INFO] [fastlio_mapping-1]: process has finished cleanly [pid 10856]
1784031065.7791708 [ERROR] [env-3]: process has died [pid 10858, exit code 1, cmd 'env PATH=/usr/bin:/bin:/usr/sbin:/sbin /home/gsing/2026Gsing/2026_Gsing-second_ROS/fastlio2_v2/install/fast_lio_localization/lib/fast_lio_localization/transform_fusion --ros-args -r __node:=transform_fusion'].
1784031065.9653032 [ERROR] [env-2]: process has died [pid 10857, exit code 1, cmd 'env PATH=/usr/bin:/bin:/usr/sbin:/sbin /home/gsing/2026Gsing/2026_Gsing-second_ROS/fastlio2_v2/install/fast_lio_localization/lib/fast_lio_localization/global_localization --ros-args -r __node:=global_localization -p map_voxel_size:=0.01
...
 -p scan_voxel_size:=0.03
...
 -p freq_localization:=2.0
...
 -p freq_global_map:=0.25
...
 -p localization_threshold:=0.9
...
 -p fov:=6.28319
...
 -p fov_far:=300
...
 --params-file /tmp/launch_params_s6y6wiq9 --params-file /tmp/launch_params_caypm5oc'].
