1784080901.9875140 [INFO] [launch]: All log files can be found below /home/gsing/2026Gsing/2026_Gsing-second_ROS/logs/ros/2026-07-15-10-01-41-983089-gsing-5398
1784080901.9880295 [INFO] [launch]: Default logging verbosity is set to INFO
1784080902.4492521 [INFO] [fastlio_mapping-1]: process started with pid [5568]
1784080902.4522305 [INFO] [env-2]: process started with pid [5569]
1784080902.4527810 [INFO] [env-3]: process started with pid [5570]
1784080902.4532254 [INFO] [pcd_to_pointcloud-4]: process started with pid [5571]
1784080991.8744113 [ERROR] [env-3]: process has died [pid 5570, exit code 1, cmd 'env PATH=/usr/bin:/bin:/usr/sbin:/sbin /home/gsing/2026Gsing/2026_Gsing-second_ROS/fastlio2_v2/install/fast_lio_localization/lib/fast_lio_localization/transform_fusion --ros-args -r __node:=transform_fusion'].
1784080992.0148804 [ERROR] [env-2]: process has died [pid 5569, exit code 1, cmd 'env PATH=/usr/bin:/bin:/usr/sbin:/sbin /home/gsing/2026Gsing/2026_Gsing-second_ROS/fastlio2_v2/install/fast_lio_localization/lib/fast_lio_localization/global_localization --ros-args -r __node:=global_localization -p map_voxel_size:=0.08
...
 -p scan_voxel_size:=0.08
...
 -p freq_localization:=2.0
...
 -p freq_global_map:=0.25
...
 -p localization_threshold:=0.85
...
 -p fov:=6.28319
...
 -p fov_far:=300
...
 --params-file /tmp/launch_params_nadhx59e --params-file /tmp/launch_params_m5km10ln'].
