1784062473.7251763 [INFO] [launch]: All log files can be found below /home/gsing/2026Gsing/2026_Gsing-second_ROS/logs/ros/2026-07-15-04-54-33-719848-gsing-5391
1784062473.7267520 [INFO] [launch]: Default logging verbosity is set to INFO
1784062474.4390297 [INFO] [fastlio_mapping-1]: process started with pid [5521]
1784062474.4477313 [INFO] [env-2]: process started with pid [5522]
1784062474.4527152 [INFO] [env-3]: process started with pid [5523]
1784062474.4532568 [INFO] [pcd_to_pointcloud-4]: process started with pid [5524]
1784062617.6021385 [ERROR] [env-2]: process has died [pid 5522, exit code 1, cmd 'env PATH=/usr/bin:/bin:/usr/sbin:/sbin /home/gsing/2026Gsing/2026_Gsing-second_ROS/fastlio2_v2/install/fast_lio_localization/lib/fast_lio_localization/global_localization --ros-args -r __node:=global_localization -p map_voxel_size:=0.08
...
 -p scan_voxel_size:=0.08
...
 -p freq_localization:=2.0
...
 -p freq_global_map:=0.25
...
 -p localization_threshold:=0.85
...
 -p fov:=6.28319
...
 -p fov_far:=300
...
 --params-file /tmp/launch_params_egt5r_m2 --params-file /tmp/launch_params_m397_fai'].
1784062619.5474260 [ERROR] [env-3]: process has died [pid 5523, exit code 1, cmd 'env PATH=/usr/bin:/bin:/usr/sbin:/sbin /home/gsing/2026Gsing/2026_Gsing-second_ROS/fastlio2_v2/install/fast_lio_localization/lib/fast_lio_localization/transform_fusion --ros-args -r __node:=transform_fusion'].
